# Heap Dump Analysis: `dump_7_gauss-mix.hprof`

*Generated by hprof-analyzer views — 2026-07-20T14:27:53.408460000Z*

----

## Contents

- [Summary](#summary)
- [OOM Triage](#oom-triage)
- [System Overview](#system-overview)
- [Leak Suspects](#leak-suspects)
- [Top Consumers](#top-consumers)
- [Dominator Analysis](#dominator-analysis)
- [Threads](#threads)
- [Top Components](#top-components)
- [Arrays by Size](#arrays-by-size)
- [Collections](#collections)
- [References](#references)
- [Unreachable Objects](#unreachable-objects)
- [Allocation Sites](#allocation-sites)
- [Retention Concentration](#retention-concentration)
- [Dominator-Depth Distribution](#dominator-depth-distribution)
- [Glossary](#glossary)

----

## Summary

_At-a-glance digest; see the sections below for full detail._

| Metric                 |   Value |
| ---------------------- | ------: |
| Total heap (reachable) | 33.1 MB |
| Objects                | 562,385 |
| Classes                |  12,484 |
| Class loaders          |       6 |
| Threads                |     262 |
| GC roots               |   3,236 |

**Top suspects by retained heap**

|  # | Suspect                                        | Retained | % Heap |
| -: | ---------------------------------------------- | -------: | -----: |
|  1 | `java.util.zip.ZipFile$Source` (181 instances) |  12.3 MB |  37.3% |
|  2 | `java.lang.Class` (5,007 instances)            |   5.4 MB |  16.4% |

**Likely problem:** retention is spread across several roots; no single object dominates.

## OOM Triage

_Where the reachable heap is concentrated, at a glance._

- **Headline retainer:** `java.util.zip.ZipFile$Source` (a class group) retains 12.3 MB (37.3% of reachable heap). See [Leak Suspects](#leak-suspects).
- **Concentration:** diffuse — retention is spread across multiple roots, so there is no single object to free. See [Leak Suspects](#leak-suspects).
- **Shape:** deep (retention flows through long dominator chains — often nested collections or linked structures) — 90% of objects within depth 7, max depth 967. See [Dominator-Depth Distribution](#dominator-depth-distribution).
- **One leak or many:** the single biggest object, `java.util.zip.ZipFile$Source`, retains 8.1% and the top 10 retain 43.5% of the heap; 15 object(s) each hold >=1%. See [Top Consumers](#top-consumers).

## System Overview

_Reachable-heap totals and the largest classes by retained heap._

### Heap Summary

| Property                         | Value                |
| -------------------------------- | -------------------- |
| HPROF format                     | JAVA PROFILE 1.0.2   |
| File size                        | 70.0 MB              |
| Identifier size                  | 64-bit               |
| Compressed OOPs                  | yes                  |
| Dump created                     | 2026-07-08T12:46:06Z |
| Total objects                    | 562,385              |
| Total shallow heap               | 33.1 MB              |
| GC roots                         | 3,236                |
| Classes loaded                   | 12,484               |
| Class loaders                    | 6                    |
| Unreachable objects (excluded)   | 60,900 (4.3 MB)      |
| Heap fragmentation               | 11.6%                |
| Top-class retained concentration | 44.4%                |

- **Class loaders (labels):** java/net/URLClassLoader, jdk/internal/loader/ClassLoaders$AppClassLoader, jdk/internal/loader/ClassLoaders$PlatformClassLoader, sun/reflect/misc/MethodUtil, jdk/internal/reflect/DelegatingClassLoader

### GC Roots by Type

| Root Type    | Count |
| ------------ | ----: |
| Sticky Class | 2,731 |
| Thread       |   265 |
| JNI Global   |   240 |

### Heap Composition

| Kind             | Objects | Shallow Heap |
| ---------------- | ------: | -----------: |
| Instances        | 442,261 |      11.1 MB |
| Object arrays    |  23,090 |       3.1 MB |
| Primitive arrays |  84,550 |      18.8 MB |
| Class objects    |  12,484 |     139.8 KB |

### HPROF Record Census

_Raw HPROF record-type composition of the dump (pass-1 counts); additive, not parity-compared._

| Record Type           |   Count |
| --------------------- | ------: |
| UTF8 strings          | 243,420 |
| Load class            |  12,936 |
| Unload class          |       0 |
| Stack frames          |   2,591 |
| Stack traces          |     266 |
| Heap dump segments    |      58 |
| Instance dumps        | 474,915 |
| Object-array dumps    |  30,616 |
| Primitive-array dumps | 104,817 |
| Class dumps           |  12,936 |

#### GC Root Records by Tag

| Root Tag     | Count |
| ------------ | ----: |
| Java Frame   | 4,942 |
| Sticky Class | 2,743 |
| Thread       |   265 |
| JNI Global   |   242 |

### Duplicate Strings (approximate)

_Duplicate-string analysis not run (pass `--dup-strings`)._

### Class Histogram (by Retained Heap)

_Top 50 classes ranked by retained heap; the full list is in the JSON output._

|  # | Class                                                            | Instances | Shallow Heap |  Largest | Retained Heap |
| -: | ---------------------------------------------------------------- | --------: | -----------: | -------: | ------------: |
|  1 | `byte[]`                                                         |    58,366 |      14.7 MB |   2.4 MB |       14.7 MB |
|  2 | `java.util.zip.ZipFile$Source`                                   |       181 |      14.1 KB |     80 B |       12.3 MB |
|  3 | `java.lang.Class`                                                |    12,493 |     140.4 KB |   5.5 KB |        7.0 MB |
|  4 | `java.lang.Object[]`                                             |    11,059 |       1.6 MB | 512.0 KB |        6.3 MB |
|  5 | `java.lang.String`                                               |    56,540 |       1.3 MB |     24 B |        4.4 MB |
|  6 | `java.util.concurrent.ConcurrentHashMap`                         |     1,128 |      70.5 KB |     64 B |        3.2 MB |
|  7 | `java.util.concurrent.ConcurrentHashMap$Node[]`                  |       444 |     412.4 KB |  64.0 KB |        3.1 MB |
|  8 | `java.util.LinkedHashMap`                                        |     6,104 |     381.5 KB |     64 B |        3.1 MB |
|  9 | `java.net.URLClassLoader`                                        |         2 |        176 B |     88 B |        2.7 MB |
| 10 | `java.util.concurrent.ConcurrentHashMap$Node`                    |    42,785 |       1.3 MB |     32 B |        2.6 MB |
| 11 | `scala.runtime.LazyVals$`                                        |         1 |         16 B |     16 B |        2.5 MB |
| 12 | `java.lang.Object`                                               |   154,653 |       2.4 MB |     16 B |        2.4 MB |
| 13 | `org.apache.spark.storage.memory.MemoryStore`                    |         1 |         56 B |     56 B |        2.3 MB |
| 14 | `java.util.HashMap`                                              |     1,089 |      51.0 KB |     48 B |        2.2 MB |
| 15 | `java.util.HashMap$Node[]`                                       |     1,053 |     180.8 KB |  16.0 KB |        2.2 MB |
| 16 | `java.util.ArrayList`                                            |       716 |      16.8 KB |     24 B |        2.1 MB |
| 17 | `java.util.HashMap$Node`                                         |    16,017 |     500.5 KB |     32 B |        2.0 MB |
| 18 | `int[]`                                                          |     9,056 |       2.0 MB | 229.8 KB |        2.0 MB |
| 19 | `java.lang.ref.SoftReference`                                    |     1,653 |      64.6 KB |     40 B |        1.5 MB |
| 20 | `double[]`                                                       |    16,101 |       1.5 MB |  11.7 KB |        1.5 MB |
| 21 | `java.util.jar.JarFile`                                          |       181 |      11.3 KB |     64 B |        1.4 MB |
| 22 | `java.util.jar.Manifest`                                         |        63 |       1.5 KB |     24 B |        1.3 MB |
| 23 | `java.util.LinkedHashMap$Entry`                                  |     2,792 |     109.1 KB |     40 B |        1.3 MB |
| 24 | `io.netty.buffer.PoolSubpage[]`                                  |       202 |      34.7 KB |    176 B |      957.9 KB |
| 25 | `org.apache.spark.storage.memory.DeserializedMemoryEntry`        |         7 |        224 B |     32 B |      937.9 KB |
| 26 | `io.netty.buffer.PoolSubpage`                                    |     7,878 |     553.9 KB |     72 B |      923.8 KB |
| 27 | `java.lang.Thread`                                               |       270 |      27.4 KB |    104 B |      913.2 KB |
| 28 | `java.lang.invoke.MethodType`                                    |     4,164 |     162.7 KB |     40 B |      885.4 KB |
| 29 | `io.netty.buffer.PoolArena$HeapArena`                            |       101 |      15.0 KB |    152 B |      695.2 KB |
| 30 | `io.netty.buffer.PoolArena$DirectArena`                          |       101 |      15.0 KB |    152 B |      695.2 KB |
| 31 | `java.util.jar.Attributes`                                       |     5,841 |      91.3 KB |     16 B |      652.9 KB |
| 32 | `breeze.linalg.Vector[]`                                         |         2 |      58.6 KB |  29.3 KB |      644.6 KB |
| 33 | `char[]`                                                         |       733 |     636.3 KB |  39.5 KB |      636.3 KB |
| 34 | `breeze.linalg.DenseVector$mcD$sp`                               |    15,006 |     586.2 KB |     40 B |      586.8 KB |
| 35 | `org.sparkproject.jetty.util.ArrayTernaryTrie`                   |       256 |       8.0 KB |     32 B |      556.5 KB |
| 36 | `org.sparkproject.jetty.http.pathmap.PathMappings`               |        84 |       2.6 KB |     32 B |      546.7 KB |
| 37 | `org.sparkproject.jetty.server.handler.ContextHandlerCollection` |         1 |         64 B |     64 B |      477.1 KB |
| 38 | `org.sparkproject.jetty.server.handler.gzip.GzipHandler`         |        28 |       2.8 KB |    104 B |      463.2 KB |
| 39 | `java.lang.invoke.MemberName`                                    |     5,801 |     226.6 KB |     40 B |      460.6 KB |
| 40 | `org.sparkproject.jetty.util.IncludeExclude`                     |       112 |       3.5 KB |     32 B |      446.7 KB |
| 41 | `jdk.internal.loader.ClassLoaders$AppClassLoader`                |         1 |         96 B |     96 B |      432.1 KB |
| 42 | `jdk.internal.loader.ClassLoaders$PlatformClassLoader`           |         1 |         96 B |     96 B |      402.4 KB |
| 43 | `java.lang.String[]`                                             |     1,528 |     208.6 KB |  18.5 KB |      393.4 KB |
| 44 | `java.util.concurrent.locks.ReentrantLock`                       |     8,514 |     133.0 KB |     16 B |      386.8 KB |
| 45 | `java.lang.invoke.DirectMethodHandle`                            |     2,436 |      95.2 KB |     40 B |      375.2 KB |
| 46 | `org.sparkproject.jetty.http.pathmap.PathSpecSet`                |        56 |        896 B |     16 B |      364.4 KB |
| 47 | `org.sparkproject.jetty.servlet.ServletContextHandler`           |        29 |       6.3 KB |    224 B |      307.1 KB |
| 48 | `org.apache.spark.status.ElementTrackingStore`                   |         1 |         40 B |     40 B |      303.3 KB |
| 49 | `jdk.internal.util.ReferencedKeyMap`                             |         1 |         24 B |     24 B |      302.6 KB |
| 50 | `jdk.internal.util.ReferencedKeySet`                             |         1 |         16 B |     16 B |      302.5 KB |

### Class Loaders

_Classes grouped by the loader that defined them; many loaders each holding heap can signal a class-loader leak._

| Loader                                               | Classes | Instances | Shallow Heap | Retained Heap |
| ---------------------------------------------------- | ------: | --------: | -----------: | ------------: |
| <boot>                                               |   3,568 |   493,627 |      30.6 MB |       95.2 MB |
| java/net/URLClassLoader                              |   8,580 |    68,336 |       2.5 MB |       21.3 MB |
| java/net/URLClassLoader                              |     575 |       330 |      18.0 KB |        2.6 MB |
| jdk/internal/loader/ClassLoaders$AppClassLoader      |     105 |        73 |       1.6 KB |      244.1 KB |
| jdk/internal/loader/ClassLoaders$PlatformClassLoader |      16 |        19 |        480 B |       11.6 KB |
| sun/reflect/misc/MethodUtil                          |       1 |         0 |          0 B |        1.5 KB |
| jdk/internal/reflect/DelegatingClassLoader           |       1 |         0 |          0 B |           0 B |
| jdk/internal/reflect/DelegatingClassLoader           |       1 |         0 |          0 B |           0 B |
| jdk/internal/reflect/DelegatingClassLoader           |       1 |         0 |          0 B |           0 B |
| jdk/internal/reflect/DelegatingClassLoader           |       1 |         0 |          0 B |           0 B |
| jdk/internal/reflect/DelegatingClassLoader           |       1 |         0 |          0 B |           0 B |
| jdk/internal/reflect/DelegatingClassLoader           |       1 |         0 |          0 B |           0 B |
| jdk/internal/reflect/DelegatingClassLoader           |       1 |         0 |          0 B |           0 B |
| jdk/internal/reflect/DelegatingClassLoader           |       1 |         0 |          0 B |           0 B |
| jdk/internal/reflect/DelegatingClassLoader           |       1 |         0 |          0 B |           0 B |
| jdk/internal/reflect/DelegatingClassLoader           |       1 |         0 |          0 B |           0 B |
| jdk/internal/reflect/DelegatingClassLoader           |       1 |         0 |          0 B |           0 B |
| jdk/internal/reflect/DelegatingClassLoader           |       1 |         0 |          0 B |           0 B |
| jdk/internal/reflect/DelegatingClassLoader           |       1 |         0 |          0 B |           0 B |
| jdk/internal/reflect/DelegatingClassLoader           |       1 |         0 |          0 B |           0 B |

### Duplicate Classes

_Class names loaded by more than one class loader — a classic class-loader-leak signature (the same class re-loaded repeatedly)._

| Class                                       | #Loaders | Instances | Retained Heap |
| ------------------------------------------- | -------: | --------: | ------------: |
| `scala.collection.mutable.HashMap`          |        2 |       539 |      132.7 KB |
| `scala.collection.immutable.$colon$colon`   |        2 |     1,900 |      119.6 KB |
| `scala.collection.mutable.HashMap$Node[]`   |        2 |       539 |      115.5 KB |
| `scala.collection.mutable.HashMap$Node`     |        2 |     1,323 |       73.5 KB |
| `scala.Tuple2`                              |        2 |     2,268 |       53.4 KB |
| `scala.Some`                                |        2 |       743 |       32.9 KB |
| `scala.math.BigInt$`                        |        2 |         2 |       16.3 KB |
| `scala.math.BigInt[]`                       |        2 |         2 |       16.0 KB |
| `scala.collection.immutable.HashMap`        |        2 |        12 |       12.8 KB |
| `scala.collection.mutable.ListBuffer`       |        2 |         4 |        7.9 KB |
| `scala.collection.mutable.ArrayBuffer`      |        2 |        37 |        5.8 KB |
| `scala.collection.immutable.ArraySeq$ofRef` |        2 |        69 |        3.5 KB |
| `scala.collection.immutable.LazyList$`      |        2 |         2 |        3.1 KB |
| `scala.collection.mutable.Buffer`           |        2 |         0 |        2.5 KB |
| `scala.collection.IterableOnceOps`          |        2 |         0 |        2.4 KB |
| `scala.collection.immutable.LazyList`       |        2 |         2 |        2.4 KB |
| `scala.collection.mutable.LinkedHashMap`    |        2 |         3 |        2.2 KB |
| `scala.Enumeration$Val`                     |        2 |        56 |        1.9 KB |
| `scala.collection.mutable.AbstractBuffer`   |        2 |         0 |        1.9 KB |
| `scala.collection.ArrayOps$`                |        2 |         2 |        1.8 KB |

**`scala.collection.mutable.HashMap`** — per loader:

| Loader                                | Instances | Shallow | Retained Heap |
| ------------------------------------- | --------: | ------: | ------------: |
| `java/net/URLClassLoader` @0x80f000a0 |       536 | 16.8 KB |      132.0 KB |
| `java/net/URLClassLoader` @0x80a17e90 |         3 |    96 B |         712 B |

**`scala.collection.immutable.$colon$colon`** — per loader:

| Loader                                | Instances | Shallow | Retained Heap |
| ------------------------------------- | --------: | ------: | ------------: |
| `java/net/URLClassLoader` @0x80f000a0 |     1,870 | 43.8 KB |      113.8 KB |
| `java/net/URLClassLoader` @0x80a17e90 |        30 |   720 B |        5.8 KB |

**`scala.collection.mutable.HashMap$Node[]`** — per loader:

| Loader                                | Instances | Shallow | Retained Heap |
| ------------------------------------- | --------: | ------: | ------------: |
| `java/net/URLClassLoader` @0x80f000a0 |       536 | 42.1 KB |      115.2 KB |
| `java/net/URLClassLoader` @0x80a17e90 |         3 |   240 B |         368 B |

**`scala.collection.mutable.HashMap$Node`** — per loader:

| Loader                                | Instances | Shallow | Retained Heap |
| ------------------------------------- | --------: | ------: | ------------: |
| `java/net/URLClassLoader` @0x80f000a0 |     1,319 | 41.2 KB |       73.3 KB |
| `java/net/URLClassLoader` @0x80a17e90 |         4 |   128 B |         168 B |

**`scala.Tuple2`** — per loader:

| Loader                                | Instances | Shallow | Retained Heap |
| ------------------------------------- | --------: | ------: | ------------: |
| `java/net/URLClassLoader` @0x80f000a0 |     2,266 | 53.1 KB |       53.3 KB |
| `java/net/URLClassLoader` @0x80a17e90 |         2 |    48 B |          96 B |

**`scala.Some`** — per loader:

| Loader                                | Instances | Shallow | Retained Heap |
| ------------------------------------- | --------: | ------: | ------------: |
| `java/net/URLClassLoader` @0x80f000a0 |       725 | 11.3 KB |       32.4 KB |
| `java/net/URLClassLoader` @0x80a17e90 |        18 |   288 B |         568 B |

**`scala.math.BigInt$`** — per loader:

| Loader                                | Instances | Shallow | Retained Heap |
| ------------------------------------- | --------: | ------: | ------------: |
| `java/net/URLClassLoader` @0x80a17e90 |         1 |    16 B |        8.2 KB |
| `java/net/URLClassLoader` @0x80f000a0 |         1 |    16 B |        8.2 KB |

**`scala.math.BigInt[]`** — per loader:

| Loader                                | Instances | Shallow | Retained Heap |
| ------------------------------------- | --------: | ------: | ------------: |
| `java/net/URLClassLoader` @0x80a17e90 |         1 |  8.0 KB |        8.0 KB |
| `java/net/URLClassLoader` @0x80f000a0 |         1 |  8.0 KB |        8.0 KB |

**`scala.collection.immutable.HashMap`** — per loader:

| Loader                                | Instances | Shallow | Retained Heap |
| ------------------------------------- | --------: | ------: | ------------: |
| `java/net/URLClassLoader` @0x80f000a0 |        12 |   192 B |       12.8 KB |
| `java/net/URLClassLoader` @0x80a17e90 |         0 |     0 B |          24 B |

**`scala.collection.mutable.ListBuffer`** — per loader:

| Loader                                | Instances | Shallow | Retained Heap |
| ------------------------------------- | --------: | ------: | ------------: |
| `java/net/URLClassLoader` @0x80a17e90 |         1 |    32 B |        6.3 KB |
| `java/net/URLClassLoader` @0x80f000a0 |         3 |    96 B |        1.5 KB |

**`scala.collection.mutable.ArrayBuffer`** — per loader:

| Loader                                | Instances | Shallow | Retained Heap |
| ------------------------------------- | --------: | ------: | ------------: |
| `java/net/URLClassLoader` @0x80f000a0 |        34 |   816 B |        5.0 KB |
| `java/net/URLClassLoader` @0x80a17e90 |         3 |    72 B |         784 B |

**`scala.collection.immutable.ArraySeq$ofRef`** — per loader:

| Loader                                | Instances | Shallow | Retained Heap |
| ------------------------------------- | --------: | ------: | ------------: |
| `java/net/URLClassLoader` @0x80f000a0 |        68 |  1.1 KB |        3.5 KB |
| `java/net/URLClassLoader` @0x80a17e90 |         1 |    16 B |          40 B |

**`scala.collection.immutable.LazyList$`** — per loader:

| Loader                                | Instances | Shallow | Retained Heap |
| ------------------------------------- | --------: | ------: | ------------: |
| `java/net/URLClassLoader` @0x80f000a0 |         1 |    16 B |        2.1 KB |
| `java/net/URLClassLoader` @0x80a17e90 |         1 |    16 B |        1.0 KB |

**`scala.collection.mutable.Buffer`** — per loader:

| Loader                                | Instances | Shallow | Retained Heap |
| ------------------------------------- | --------: | ------: | ------------: |
| `java/net/URLClassLoader` @0x80f000a0 |         0 |     0 B |        2.3 KB |
| `java/net/URLClassLoader` @0x80a17e90 |         0 |     0 B |         192 B |

**`scala.collection.IterableOnceOps`** — per loader:

| Loader                                | Instances | Shallow | Retained Heap |
| ------------------------------------- | --------: | ------: | ------------: |
| `java/net/URLClassLoader` @0x80f000a0 |         0 |     0 B |        2.2 KB |
| `java/net/URLClassLoader` @0x80a17e90 |         0 |     0 B |         224 B |

**`scala.collection.immutable.LazyList`** — per loader:

| Loader                                | Instances | Shallow | Retained Heap |
| ------------------------------------- | --------: | ------: | ------------: |
| `java/net/URLClassLoader` @0x80f000a0 |         1 |    24 B |        1.7 KB |
| `java/net/URLClassLoader` @0x80a17e90 |         1 |    24 B |         744 B |

**`scala.collection.mutable.LinkedHashMap`** — per loader:

| Loader                                | Instances | Shallow | Retained Heap |
| ------------------------------------- | --------: | ------: | ------------: |
| `java/net/URLClassLoader` @0x80f000a0 |         2 |    64 B |        2.1 KB |
| `java/net/URLClassLoader` @0x80a17e90 |         1 |    32 B |         160 B |

**`scala.Enumeration$Val`** — per loader:

| Loader                                | Instances | Shallow | Retained Heap |
| ------------------------------------- | --------: | ------: | ------------: |
| `java/net/URLClassLoader` @0x80f000a0 |        52 |  1.6 KB |        1.7 KB |
| `java/net/URLClassLoader` @0x80a17e90 |         4 |   128 B |         176 B |

**`scala.collection.mutable.AbstractBuffer`** — per loader:

| Loader                                | Instances | Shallow | Retained Heap |
| ------------------------------------- | --------: | ------: | ------------: |
| `java/net/URLClassLoader` @0x80f000a0 |         0 |     0 B |        1.8 KB |
| `java/net/URLClassLoader` @0x80a17e90 |         0 |     0 B |          80 B |

**`scala.collection.ArrayOps$`** — per loader:

| Loader                                | Instances | Shallow | Retained Heap |
| ------------------------------------- | --------: | ------: | ------------: |
| `java/net/URLClassLoader` @0x80f000a0 |         1 |    16 B |        1.2 KB |
| `java/net/URLClassLoader` @0x80a17e90 |         1 |    16 B |         680 B |

## Leak Suspects

_Objects and class groups whose retained heap is large enough to be a likely OOM cause, ranked by retained heap._

### 1. `java.util.zip.ZipFile$Source` — retains 12.3 MB (37.3% of reachable heap)

181 instances of `java.util.zip.ZipFile$Source` together retain this heap (combined shallow 14.1 KB).

#### Merged Paths to GC Roots

- `java.util.zip.ZipFile$Source` (181 objects, retained 12.3 MB)
  - `java.util.zip.ZipFile$Source` (181 objects, retained 12.3 MB)

### 2. `java.lang.Class` — retains 5.4 MB (16.4% of reachable heap)

5,007 instances of `java.lang.Class` together retain this heap (combined shallow 63.3 KB).

#### Merged Paths to GC Roots

- `java.lang.Class` (5,007 objects, retained 5.4 MB)
  - `jdk.internal.reflect.AccessorGenerator` (1 objects, retained 2.5 KB) — GC root: Sticky Class
  - `java.io.ObjectStreamClass` (1 objects, retained 2.5 KB) — GC root: Sticky Class
  - `java.io.ObjectOutputStream` (1 objects, retained 1.2 KB) — GC root: Sticky Class
  - `org.apache.spark.rdd.MapPartitionsRDD` (1 objects, retained 512 B)
  - `java.io.ObjectStreamClass$Caches` (1 objects, retained 472 B) — GC root: Sticky Class
  - `jdk.internal.reflect.MethodAccessorGenerator` (1 objects, retained 320 B) — GC root: Sticky Class
  - `java.util.logging.SimpleFormatter` (1 objects, retained 280 B) — GC root: Sticky Class
  - `java.io.SerialCallbackContext` (1 objects, retained 256 B) — GC root: Sticky Class
  - `java.io.ObjectStreamClass$FieldReflector` (1 objects, retained 232 B) — GC root: Sticky Class
  - `java.util.zip.Deflater` (1 objects, retained 216 B) — GC root: Sticky Class
  - `java.time.ZonedDateTime` (1 objects, retained 136 B) — GC root: Sticky Class
  - `jdk.internal.reflect.UTF8` (1 objects, retained 120 B) — GC root: Sticky Class
  - `java.util.zip.DeflaterOutputStream` (1 objects, retained 112 B) — GC root: Sticky Class
  - `jdk.internal.reflect.ClassFileAssembler` (1 objects, retained 112 B) — GC root: Sticky Class
  - `jdk.internal.reflect.ClassFileConstants` (1 objects, retained 104 B) — GC root: Sticky Class
  - `java.time.chrono.ChronoZonedDateTime` (1 objects, retained 96 B) — GC root: Sticky Class
  - `jdk.internal.reflect.ClassDefiner` (1 objects, retained 88 B) — GC root: Sticky Class
  - `java.io.ObjectStreamClass$2` (1 objects, retained 48 B) — GC root: Sticky Class
  - `org.apache.spark.SparkContext$$Lambda+0x00007b0ac06ed830` (1 objects, retained 48 B)
  - `java.util.logging.StreamHandler` (1 objects, retained 40 B) — GC root: Sticky Class
  - `java.lang.reflect.InvocationTargetException` (1 objects, retained 32 B) — GC root: Sticky Class
  - `java.util.logging.Formatter` (1 objects, retained 32 B) — GC root: Sticky Class
  - `java.io.ObjectOutput` (1 objects, retained 24 B) — GC root: Sticky Class
  - `jdk.internal.reflect.ByteVector` (1 objects, retained 24 B) — GC root: Sticky Class
  - `java.io.ObjectOutputStream$BlockDataOutputStream` (1 objects, retained 16 B) — GC root: Sticky Class
  - `java.util.zip.GZIPOutputStream` (1 objects, retained 16 B) — GC root: Sticky Class
  - `java.io.IOException` (1 objects, retained 8 B) — GC root: Sticky Class
  - `java.io.ClassCache` (1 objects, retained 0 B) — GC root: Sticky Class
  - `java.io.ClassCache$1` (1 objects, retained 0 B) — GC root: Sticky Class
  - `java.io.ClassCache$CacheRef` (1 objects, retained 0 B) — GC root: Sticky Class
  - `java.io.ObjectOutputStream$HandleTable` (1 objects, retained 0 B) — GC root: Sticky Class
  - `java.io.ObjectOutputStream$ReplaceTable` (1 objects, retained 0 B) — GC root: Sticky Class
  - `java.io.ObjectStreamClass$1` (1 objects, retained 0 B) — GC root: Sticky Class
  - `java.io.ObjectStreamClass$3` (1 objects, retained 0 B) — GC root: Sticky Class
  - `java.io.ObjectStreamClass$4` (1 objects, retained 0 B) — GC root: Sticky Class
  - `java.io.ObjectStreamClass$5` (1 objects, retained 0 B) — GC root: Sticky Class
  - `java.io.ObjectStreamClass$Caches$1` (1 objects, retained 0 B) — GC root: Sticky Class
  - `java.io.ObjectStreamClass$Caches$2` (1 objects, retained 0 B) — GC root: Sticky Class
  - `java.io.ObjectStreamClass$ClassDataSlot` (1 objects, retained 0 B) — GC root: Sticky Class
  - `java.io.ObjectStreamClass$ExceptionInfo` (1 objects, retained 0 B) — GC root: Sticky Class
  - `java.io.ObjectStreamClass$FieldReflectorKey` (1 objects, retained 0 B) — GC root: Sticky Class
  - `java.io.ObjectStreamClass$MemberSignature` (1 objects, retained 0 B) — GC root: Sticky Class
  - `java.lang.Module$$Lambda+0x00007b0ac0041e98` (1 objects, retained 0 B) — GC root: Sticky Class
  - `java.lang.ThreadLocal$ThreadLocalMap$Entry[]` (1 objects, retained 0 B)
  - `java.lang.WeakPairMap$Pair$Weak` (1 objects, retained 0 B) — GC root: Sticky Class
  - `java.lang.WeakPairMap$Pair$Weak$1` (1 objects, retained 0 B) — GC root: Sticky Class
  - `java.lang.WeakPairMap$WeakRefPeer` (1 objects, retained 0 B) — GC root: Sticky Class
  - `java.nio.file.LinkOption[]` (1 objects, retained 0 B)
  - `java.security.ProtectionDomain[]` (1 objects, retained 0 B)
  - `java.util.logging.Level[]` (1 objects, retained 0 B)
  - `jdk.internal.reflect.ByteVectorFactory` (1 objects, retained 0 B) — GC root: Sticky Class
  - `jdk.internal.reflect.ByteVectorImpl` (1 objects, retained 0 B) — GC root: Sticky Class
  - `jdk.internal.reflect.ClassDefiner$1` (1 objects, retained 0 B) — GC root: Sticky Class
  - `jdk.internal.reflect.Label` (1 objects, retained 0 B) — GC root: Sticky Class
  - `jdk.internal.reflect.Label$PatchInfo` (1 objects, retained 0 B) — GC root: Sticky Class
  - `jdk.internal.reflect.MethodAccessorGenerator$1` (1 objects, retained 0 B) — GC root: Sticky Class
  - `jdk.internal.reflect.SerializationConstructorAccessorImpl` (1 objects, retained 0 B) — GC root: Sticky Class
  - `sun.nio.cs.UTF_8$Encoder` (1 objects, retained 0 B) — GC root: Sticky Class
  - `sun.nio.fs.NativeBuffer[]` (1 objects, retained 0 B)

## Top Consumers

### Biggest Objects (Top-Level Dominators)

_Individual objects retaining the most heap; `% Heap` is the share of total reachable heap._

|  # | Class                                                            | Shallow | Retained | % Heap |
| -: | ---------------------------------------------------------------- | ------: | -------: | -----: |
|  1 | `java.util.zip.ZipFile$Source`                                   |    80 B |   2.7 MB |   8.1% |
|  2 | `java.net.URLClassLoader`                                        |    88 B |   2.6 MB |   8.0% |
|  3 | `scala.runtime.LazyVals$`                                        |    32 B |   2.5 MB |   7.6% |
|  4 | `org.apache.spark.storage.memory.MemoryStore`                    |    56 B |   2.3 MB |   7.1% |
|  5 | `java.util.zip.ZipFile$Source`                                   |    80 B |   1.2 MB |   3.5% |
|  6 | `java.lang.Thread`                                               |   104 B | 787.2 KB |   2.3% |
|  7 | `java.util.zip.ZipFile$Source`                                   |    80 B | 602.0 KB |   1.8% |
|  8 | `java.util.zip.ZipFile$Source`                                   |    80 B | 588.3 KB |   1.7% |
|  9 | `java.util.jar.JarFile`                                          |    64 B | 584.6 KB |   1.7% |
| 10 | `java.util.jar.JarFile`                                          |    64 B | 584.5 KB |   1.7% |
| 11 | `java.util.zip.ZipFile$Source`                                   |    80 B | 533.4 KB |   1.6% |
| 12 | `org.sparkproject.jetty.server.handler.ContextHandlerCollection` |    64 B | 477.1 KB |   1.4% |
| 13 | `jdk.internal.loader.ClassLoaders$AppClassLoader`                |    96 B | 432.0 KB |   1.3% |
| 14 | `jdk.internal.loader.ClassLoaders$PlatformClassLoader`           |    96 B | 402.4 KB |   1.2% |
| 15 | `java.util.zip.ZipFile$Source`                                   |    80 B | 374.5 KB |   1.1% |
| 16 | `java.lang.invoke.MethodType`                                    |    48 B | 302.8 KB |   0.9% |
| 17 | `org.apache.spark.status.ElementTrackingStore`                   |    40 B | 301.7 KB |   0.9% |
| 18 | `java.util.zip.ZipFile$Source`                                   |    80 B | 295.2 KB |   0.9% |
| 19 | `java.util.zip.ZipFile$Source`                                   |    80 B | 295.2 KB |   0.9% |
| 20 | `java.util.zip.ZipFile$Source`                                   |    80 B | 281.2 KB |   0.8% |

### Biggest Classes by Retained Heap

_Classes whose instances together retain the most heap._

|  # | Class                                                            | Instances | Retained Heap |
| -: | ---------------------------------------------------------------- | --------: | ------------: |
|  1 | `java.util.zip.ZipFile$Source`                                   |       181 |       12.3 MB |
|  2 | `java.lang.Class`                                                |     5,016 |        5.4 MB |
|  3 | `java.net.URLClassLoader`                                        |         2 |        2.7 MB |
|  4 | `org.apache.spark.storage.memory.MemoryStore`                    |         1 |        2.3 MB |
|  5 | `java.lang.String`                                               |    20,520 |        1.5 MB |
|  6 | `java.util.jar.JarFile`                                          |       181 |        1.4 MB |
|  7 | `java.lang.Thread`                                               |       268 |      912.6 KB |
|  8 | `io.netty.buffer.PoolArena$HeapArena`                            |       101 |      695.2 KB |
|  9 | `io.netty.buffer.PoolArena$DirectArena`                          |       101 |      695.2 KB |
| 10 | `java.lang.invoke.MethodType`                                    |     3,989 |      582.6 KB |
| 11 | `org.sparkproject.jetty.server.handler.ContextHandlerCollection` |         1 |      477.1 KB |
| 12 | `jdk.internal.loader.ClassLoaders$AppClassLoader`                |         1 |      432.0 KB |
| 13 | `jdk.internal.loader.ClassLoaders$PlatformClassLoader`           |         1 |      402.4 KB |
| 14 | `org.sparkproject.jetty.servlet.ServletContextHandler`           |        28 |      303.0 KB |
| 15 | `org.apache.spark.status.ElementTrackingStore`                   |         1 |      301.7 KB |
| 16 | `com.codahale.metrics.Timer`                                     |         7 |      243.8 KB |
| 17 | `java.lang.invoke.LambdaForm`                                    |       417 |      214.1 KB |
| 18 | `org.apache.hadoop.conf.Configuration`                           |         6 |      193.1 KB |
| 19 | `java.lang.invoke.MethodTypeForm`                                |       477 |      125.6 KB |
| 20 | `io.netty.channel.nio.NioEventLoopGroup`                         |         4 |      114.7 KB |

### Top-Dominator Size Distribution

_Retained-size spread across all 39316 top-level dominators (the biggest memory contributors)._

- Dominators: 39,316
- Smallest / largest retained: 0 B / 2.7 MB
- Median retained: 72 B
- Total retained (top-level): 33.1 MB

|   Size ≤ |  Count |
| -------: | -----: |
|      1 B |  1,356 |
|      8 B |    242 |
|     16 B |    636 |
|     32 B |  4,429 |
|     64 B | 12,514 |
|    128 B | 13,801 |
|    256 B |  3,279 |
|    512 B |  1,541 |
|   1.0 KB |    601 |
|   2.0 KB |    219 |
|   4.0 KB |    159 |
|   8.0 KB |    293 |
|  16.0 KB |     98 |
|  32.0 KB |     39 |
|  64.0 KB |     45 |
| 128.0 KB |     28 |
| 256.0 KB |     16 |
| 512.0 KB |      9 |
|   1.0 MB |      6 |
|   2.0 MB |      1 |
|   4.0 MB |      4 |

### Biggest Packages by Retained Heap

_Retained heap aggregated by package prefix (rows retaining <1% of the total are pruned)._

| Package                                 | Objects |  Shallow | Retained |
| --------------------------------------- | ------: | -------: | -------: |
| `java`                                  |  31,861 | 937.1 KB |  21.3 MB |
| `java.util`                             |   2,570 |  88.9 KB |  14.2 MB |
| `java.util.zip`                         |     970 |  41.5 KB |  12.5 MB |
| `java.util.jar`                         |     208 |  11.9 KB |   1.4 MB |
| `java.lang`                             |  27,966 | 804.0 KB |   4.1 MB |
| `java.lang.invoke`                      |   5,663 | 214.1 KB |   1.3 MB |
| `java.net`                              |     163 |   7.8 KB |   2.7 MB |
| `org`                                   |   2,606 |  59.7 KB |   5.1 MB |
| `org.apache`                            |   1,991 |  39.6 KB |   4.0 MB |
| `org.apache.spark`                      |     807 |  14.7 KB |   3.5 MB |
| `org.apache.spark.storage`              |      88 |   1.8 KB |   2.5 MB |
| `org.apache.spark.storage.memory`       |       5 |     88 B |   2.3 MB |
| `org.apache.spark.status`               |      68 |    824 B | 341.7 KB |
| `org.apache.hadoop`                     |     211 |   4.0 KB | 359.2 KB |
| `org.sparkproject`                      |     523 |  19.1 KB |   1.1 MB |
| `org.sparkproject.jetty`                |     432 |  18.3 KB |   1.1 MB |
| `org.sparkproject.jetty.server`         |      48 |   1.0 KB | 504.5 KB |
| `org.sparkproject.jetty.server.handler` |      21 |    416 B | 480.6 KB |
| `scala`                                 |     469 |   5.6 KB |   2.5 MB |
| `scala.runtime`                         |      37 |    232 B |   2.5 MB |
| `io`                                    |     368 |  32.8 KB |   1.5 MB |
| `io.netty`                              |     368 |  32.8 KB |   1.5 MB |
| `io.netty.buffer`                       |     222 |  30.4 KB |   1.4 MB |
| `jdk`                                   |     963 |  31.7 KB |   1.1 MB |
| `jdk.internal`                          |     817 |  29.3 KB | 936.4 KB |
| `jdk.internal.loader`                   |      45 |    664 B | 856.0 KB |
| `sun`                                   |   1,567 |  45.0 KB | 713.8 KB |
| `sun.util`                              |   1,153 |  34.6 KB | 484.8 KB |
| `com`                                   |     779 |  13.6 KB | 642.6 KB |

## Dominator Analysis

### Big Drops

_Dominators where retained heap concentrates: retained heap minus the largest single child. Threshold 0.3 MB (1% of reachable shallow)._

| Object                                                           |    Retained | Largest Child                                            | Child Retained |        Drop |
| ---------------------------------------------------------------- | ----------: | -------------------------------------------------------- | -------------: | ----------: |
| `java.lang.Object[]`                                             |      2.5 MB | `java.lang.Object`                                       |           16 B |      2.5 MB |
| `byte[]`                                                         |      2.4 MB | —                                                        |            0 B |      2.4 MB |
| `java.util.LinkedHashMap`                                        |      2.3 MB | `java.util.LinkedHashMap$Entry`                          |       322.4 KB |      2.0 MB |
| `java.lang.Object[]`                                             |      2.0 MB | `java.lang.Class`                                        |       178.9 KB |      1.8 MB |
| `byte[]`                                                         |      1.0 MB | —                                                        |            0 B |      1.0 MB |
| `java.net.URLClassLoader`                                        |      2.6 MB | `java.util.ArrayList`                                    |         2.0 MB |    693.4 KB |
| `java.lang.Thread`                                               |    787.2 KB | `org.apache.xbean.asm9.ClassReader`                      |       200.4 KB |    586.8 KB |
| `java.util.HashMap$Node[]`                                       |    577.2 KB | `java.util.HashMap$Node`                                 |         1000 B |    576.2 KB |
| `java.util.HashMap$Node[]`                                       |    577.2 KB | `java.util.HashMap$Node`                                 |         1000 B |    576.2 KB |
| `byte[]`                                                         |    530.7 KB | —                                                        |            0 B |    530.7 KB |
| `byte[]`                                                         |    513.3 KB | —                                                        |            0 B |    513.3 KB |
| `byte[]`                                                         |    474.9 KB | —                                                        |            0 B |    474.9 KB |
| `org.sparkproject.jetty.server.handler.ContextHandlerCollection` |    477.1 KB | `org.sparkproject.jetty.server.handler.gzip.GzipHandler` |        16.5 KB |    460.6 KB |
| `java.util.concurrent.ConcurrentHashMap$Node[]`                  |    436.8 KB | `java.util.concurrent.ConcurrentHashMap$Node`            |          352 B |    436.5 KB |
| `java.util.concurrent.ConcurrentHashMap$Node[]`                  |    409.2 KB | `java.util.concurrent.ConcurrentHashMap$Node`            |          256 B |    409.0 KB |
| `java.util.concurrent.ConcurrentHashMap$Node[]`                  |    385.7 KB | `java.util.concurrent.ConcurrentHashMap$Node`            |          240 B |    385.4 KB |
| `java.util.zip.ZipFile$Source`                                   |      2.7 MB | `byte[]`                                                 |         2.4 MB |    268.2 KB |
| `java.util.zip.ZipFile$Source`                                   |      1.2 MB | `byte[]`                                                 |         1.0 MB |    127.7 KB |
| `java.util.zip.ZipFile$Source`                                   |    588.3 KB | `byte[]`                                                 |       513.3 KB |     75.1 KB |
| `java.util.zip.ZipFile$Source`                                   |    602.0 KB | `byte[]`                                                 |       530.7 KB |     71.3 KB |
| `java.util.zip.ZipFile$Source`                                   |    533.4 KB | `byte[]`                                                 |       474.9 KB |     58.6 KB |
| `java.util.zip.ZipFile$Source`                                   |    374.5 KB | `byte[]`                                                 |       334.2 KB |     40.3 KB |
| `jdk.internal.loader.ClassLoaders$AppClassLoader`                |    432.0 KB | `java.util.concurrent.ConcurrentHashMap`                 |       409.3 KB |     22.8 KB |
| `jdk.internal.loader.ClassLoaders$PlatformClassLoader`           |    402.4 KB | `java.util.concurrent.ConcurrentHashMap`                 |       385.7 KB |     16.6 KB |
| `java.util.jar.Manifest`                                         |    584.2 KB | `java.util.HashMap`                                      |       577.2 KB |      6.9 KB |
| **Total**                                                        | **25.2 MB** |                                                          |     **9.3 MB** | **15.9 MB** |

### Immediate Dominators

_Objects immediately dominated, rolled up by the dominator's class; a heavy dominated shallow heap under one class flags a retention hub._

| Dominator Class                                                            | #Dominators |  #Dominated | Dominator Shallow | Dominated Shallow |
| -------------------------------------------------------------------------- | ----------: | ----------: | ----------------: | ----------------: |
| `java.util.zip.ZipFile$Source`                                             |         181 |         563 |           14.1 KB |           12.3 MB |
| `java.lang.String`                                                         |      56,320 |      56,320 |            1.3 MB |            3.2 MB |
| `java.lang.Object[]`                                                       |       1,558 |     152,842 |          748.8 KB |            2.6 MB |
| `java.lang.Class`                                                          |       8,886 |      19,244 |          131.4 KB |            1.6 MB |
| `java.util.LinkedHashMap`                                                  |         302 |      18,039 |           18.9 KB |            1.5 MB |
| `java.util.concurrent.ConcurrentHashMap$Node[]`                            |         431 |      35,015 |          411.5 KB |            1.1 MB |
| `java.util.concurrent.ConcurrentHashMap$Node`                              |      33,138 |      41,685 |            1.0 MB |            1.0 MB |
| `breeze.linalg.Vector[]`                                                   |           2 |      15,000 |           58.6 KB |          585.9 KB |
| `io.netty.buffer.PoolSubpage[]`                                            |         202 |       7,878 |           34.7 KB |          553.9 KB |
| `org.sparkproject.jetty.util.ArrayTernaryTrie`                             |         256 |         768 |            8.0 KB |          541.8 KB |
| `java.util.HashMap$Node`                                                   |      10,400 |      19,583 |          325.0 KB |          448.1 KB |
| `java.util.concurrent.ConcurrentHashMap`                                   |         418 |         464 |           26.1 KB |          409.6 KB |
| `java.util.HashMap$Node[]`                                                 |         713 |      12,235 |          147.1 KB |          382.4 KB |
| `java.util.jar.Attributes`                                                 |       5,841 |       5,841 |           91.3 KB |          365.1 KB |
| `java.util.concurrent.locks.ReentrantLock`                                 |       8,119 |       8,119 |          126.9 KB |          253.7 KB |
| `java.lang.Thread`                                                         |         270 |       1,442 |           27.4 KB |          251.1 KB |
| `org.apache.spark.mllib.linalg.Vector[]`                                   |           2 |      15,000 |           58.6 KB |          234.4 KB |
| `io.netty.buffer.PoolArena$HeapArena`                                      |         101 |       1,717 |           15.0 KB |          209.1 KB |
| `io.netty.buffer.PoolArena$DirectArena`                                    |         101 |       1,717 |           15.0 KB |          209.1 KB |
| `java.util.concurrent.ConcurrentSkipListMap$Node`                          |       2,685 |       7,363 |           62.9 KB |          193.4 KB |
| `org.sparkproject.jetty.util.ArrayTrie`                                    |           9 |          33 |             360 B |          189.3 KB |
| `java.util.HashMap`                                                        |         720 |         823 |           33.8 KB |          148.9 KB |
| `java.lang.invoke.MethodType`                                              |       3,466 |       5,348 |          135.4 KB |          145.5 KB |
| `io.netty.util.internal.shaded.org.jctools.queues.MpscUnboundedArrayQueue` |          36 |          36 |           20.2 KB |          144.8 KB |
| `int[][]`                                                                  |         176 |       4,397 |           20.3 KB |          139.2 KB |
| `io.netty.buffer.PoolSubpage`                                              |       7,878 |       7,878 |          553.9 KB |          123.1 KB |
| `org.apache.spark.storage.memory.DeserializedMemoryEntry`                  |           7 |           7 |             224 B |          117.3 KB |
| `java.lang.invoke.MemberName`                                              |       3,477 |       6,301 |          135.8 KB |          115.9 KB |
| `java.lang.invoke.DirectMethodHandle$Constructor`                          |       1,071 |       4,064 |           50.2 KB |          106.8 KB |
| `byte[][]`                                                                 |          25 |         372 |            1.9 KB |           94.2 KB |
| **Total**                                                                  | **146,791** | **450,094** |        **5.5 MB** |       **29.1 MB** |

## Threads

### Thread Overview

_One row per resolved thread; columns mirror Eclipse MAT's Thread Overview._

| Name                                                                                                       | Shallow | Retained | Max. Locals' Retained | Context Class Loader                                           | Daemon | Priority | State                                                  |
| ---------------------------------------------------------------------------------------------------------- | ------: | -------: | --------------------: | -------------------------------------------------------------- | ------ | -------: | ------------------------------------------------------ |
| [main](#thread-1)                                                                                          |   104 B | 787.2 KB |                2.6 MB | `java/net/URLClassLoader @ 0x80f000a0`                         | no     |        5 | [alive, runnable]                                      |
| [Reference Handler](#thread-2)                                                                             |   104 B |    200 B |                   0 B | `—`                                                            | yes    |       10 | [alive, runnable]                                      |
| [Finalizer](#thread-3)                                                                                     |   112 B |    208 B |                  40 B | `—`                                                            | yes    |        8 | [alive, waiting, waiting indefinitely, in Object.wait] |
| [Common-Cleaner](#thread-6)                                                                                |   112 B |    168 B |                 128 B | `—`                                                            | yes    |        8 | [alive, waiting, waiting with timeout, parked]         |
| [process reaper](#thread-7)                                                                                |   112 B |    168 B |                 368 B | `—`                                                            | yes    |       10 | [alive, waiting, waiting with timeout, parked]         |
| [rpc-boss-3-1](#thread-8)                                                                                  |   112 B |   1.9 KB |                9.7 KB | `java/net/URLClassLoader @ 0x80f000a0`                         | yes    |        5 | [alive, runnable]                                      |
| [dispatcher-event-loop-0](#thread-9)                                                                       |   104 B |    600 B |                 896 B | `java/net/URLClassLoader @ 0x80f000a0`                         | yes    |        5 | [alive, waiting, waiting indefinitely, parked]         |
| [dispatcher-event-loop-1](#thread-10)                                                                      |   104 B |    568 B |                 896 B | `java/net/URLClassLoader @ 0x80f000a0`                         | yes    |        5 | [alive, waiting, waiting indefinitely, parked]         |
| [dispatcher-event-loop-2](#thread-11)                                                                      |   104 B |    568 B |                 896 B | `java/net/URLClassLoader @ 0x80f000a0`                         | yes    |        5 | [alive, waiting, waiting indefinitely, parked]         |
| [dispatcher-event-loop-3](#thread-12)                                                                      |   104 B |    664 B |                 896 B | `java/net/URLClassLoader @ 0x80f000a0`                         | yes    |        5 | [alive, waiting, waiting indefinitely, parked]         |
| [map-output-dispatcher-0](#thread-13)                                                                      |   104 B |    472 B |                1.0 KB | `java/net/URLClassLoader @ 0x80f000a0`                         | yes    |        5 | [alive, waiting, waiting indefinitely, parked]         |
| [map-output-dispatcher-1](#thread-14)                                                                      |   104 B |    472 B |                1.0 KB | `java/net/URLClassLoader @ 0x80f000a0`                         | yes    |        5 | [alive, waiting, waiting indefinitely, parked]         |
| [map-output-dispatcher-2](#thread-15)                                                                      |   104 B |    472 B |                1.0 KB | `java/net/URLClassLoader @ 0x80f000a0`                         | yes    |        5 | [alive, waiting, waiting indefinitely, parked]         |
| [map-output-dispatcher-3](#thread-16)                                                                      |   104 B |    472 B |                1.0 KB | `java/net/URLClassLoader @ 0x80f000a0`                         | yes    |        5 | [alive, waiting, waiting indefinitely, parked]         |
| [map-output-dispatcher-4](#thread-17)                                                                      |   104 B |    472 B |                1.0 KB | `java/net/URLClassLoader @ 0x80f000a0`                         | yes    |        5 | [alive, waiting, waiting indefinitely, parked]         |
| [map-output-dispatcher-5](#thread-18)                                                                      |   104 B |    472 B |                1.0 KB | `java/net/URLClassLoader @ 0x80f000a0`                         | yes    |        5 | [alive, waiting, waiting indefinitely, parked]         |
| [map-output-dispatcher-6](#thread-19)                                                                      |   104 B |    472 B |                1.0 KB | `java/net/URLClassLoader @ 0x80f000a0`                         | yes    |        5 | [alive, waiting, waiting indefinitely, parked]         |
| [map-output-dispatcher-7](#thread-20)                                                                      |   104 B |    472 B |                1.0 KB | `java/net/URLClassLoader @ 0x80f000a0`                         | yes    |        5 | [alive, waiting, waiting indefinitely, parked]         |
| [dispatcher-BlockManagerMaster](#thread-21)                                                                |   104 B |    600 B |                 808 B | `java/net/URLClassLoader @ 0x80f000a0`                         | yes    |        5 | [alive, waiting, waiting indefinitely, parked]         |
| [dispatcher-BlockManagerEndpoint1](#thread-22)                                                             |   104 B |    368 B |                 808 B | `java/net/URLClassLoader @ 0x80f000a0`                         | yes    |        5 | [alive, waiting, waiting indefinitely, parked]         |
| [RemoteBlock-temp-file-clean-thread](#thread-23)                                                           |   112 B |    392 B |                 160 B | `java/net/URLClassLoader @ 0x80f000a0`                         | yes    |        5 | [alive, waiting, waiting with timeout, parked]         |
| [SparkUI-95](#thread-24)                                                                                   |   104 B |    568 B |               33.5 KB | `java/net/URLClassLoader @ 0x80f000a0`                         | yes    |        5 | [alive, runnable]                                      |
| [SparkUI-96](#thread-25)                                                                                   |   104 B |    568 B |               33.5 KB | `java/net/URLClassLoader @ 0x80f000a0`                         | yes    |        5 | [alive, runnable]                                      |
| [SparkUI-97](#thread-26)                                                                                   |   104 B |    568 B |               33.5 KB | `java/net/URLClassLoader @ 0x80f000a0`                         | yes    |        5 | [alive, runnable]                                      |
| [SparkUI-98](#thread-27)                                                                                   |   104 B |    568 B |               33.5 KB | `java/net/URLClassLoader @ 0x80f000a0`                         | yes    |        5 | [alive, runnable]                                      |
| [SparkUI-99](#thread-28)                                                                                   |   104 B |    568 B |               33.5 KB | `java/net/URLClassLoader @ 0x80f000a0`                         | yes    |        5 | [alive, runnable]                                      |
| [SparkUI-100](#thread-29)                                                                                  |   104 B |    568 B |               33.5 KB | `java/net/URLClassLoader @ 0x80f000a0`                         | yes    |        5 | [alive, runnable]                                      |
| [SparkUI-101](#thread-30)                                                                                  |   104 B |    568 B |               33.5 KB | `java/net/URLClassLoader @ 0x80f000a0`                         | yes    |        5 | [alive, runnable]                                      |
| [SparkUI-102](#thread-31)                                                                                  |   104 B |    568 B |               33.5 KB | `java/net/URLClassLoader @ 0x80f000a0`                         | yes    |        5 | [alive, runnable]                                      |
| [SparkUI-103](#thread-32)                                                                                  |   104 B |    568 B |               33.5 KB | `java/net/URLClassLoader @ 0x80f000a0`                         | yes    |        5 | [alive, runnable]                                      |
| [SparkUI-104](#thread-33)                                                                                  |   104 B |    568 B |               33.5 KB | `java/net/URLClassLoader @ 0x80f000a0`                         | yes    |        5 | [alive, runnable]                                      |
| [SparkUI-105](#thread-34)                                                                                  |   104 B |    568 B |               33.5 KB | `java/net/URLClassLoader @ 0x80f000a0`                         | yes    |        5 | [alive, runnable]                                      |
| [SparkUI-106](#thread-35)                                                                                  |   104 B |    568 B |               33.5 KB | `java/net/URLClassLoader @ 0x80f000a0`                         | yes    |        5 | [alive, runnable]                                      |
| [SparkUI-107-acceptor-0@20ce74ae-ServerConnector@2e098ec7{HTTP/1.1, (http/1.1)}{0.0.0.0:4040}](#thread-36) |   104 B |    480 B |               33.5 KB | `java/net/URLClassLoader @ 0x80f000a0`                         | yes    |        3 | [alive, waiting, waiting indefinitely, parked]         |
| [SparkUI-108-acceptor-1@3c6edbbe-ServerConnector@2e098ec7{HTTP/1.1, (http/1.1)}{0.0.0.0:4040}](#thread-37) |   104 B |    504 B |               33.5 KB | `java/net/URLClassLoader @ 0x80f000a0`                         | yes    |        3 | [alive, runnable]                                      |
| [SparkUI-109-acceptor-2@57a9bcb1-ServerConnector@2e098ec7{HTTP/1.1, (http/1.1)}{0.0.0.0:4040}](#thread-38) |   104 B |    480 B |               33.5 KB | `java/net/URLClassLoader @ 0x80f000a0`                         | yes    |        3 | [alive, waiting, waiting indefinitely, parked]         |
| [SparkUI-110-acceptor-3@7af09392-Spark@2e098ec7{HTTP/1.1, (http/1.1)}{0.0.0.0:4040}](#thread-39)           |   104 B |    480 B |               33.5 KB | `java/net/URLClassLoader @ 0x80f000a0`                         | yes    |        3 | [alive, waiting, waiting indefinitely, parked]         |
| [dispatcher-HeartbeatReceiver](#thread-40)                                                                 |   104 B |    368 B |                 808 B | `java/net/URLClassLoader @ 0x80f000a0`                         | yes    |        5 | [alive, waiting, waiting indefinitely, parked]         |
| [heartbeat-receiver-event-loop-thread](#thread-41)                                                         |   104 B |    512 B |                 504 B | `java/net/URLClassLoader @ 0x80f000a0`                         | yes    |        5 | [alive, waiting, waiting with timeout, parked]         |
| [netty-rpc-env-timeout](#thread-42)                                                                        |   104 B |    360 B |                 504 B | `java/net/URLClassLoader @ 0x80f000a0`                         | yes    |        5 | [alive, waiting, waiting with timeout, parked]         |
| [task-starvation-timer](#thread-43)                                                                        |   112 B |    392 B |                 552 B | `java/net/URLClassLoader @ 0x80f000a0`                         | yes    |        5 | [alive, waiting, waiting indefinitely, in Object.wait] |
| [task-abort-timer](#thread-44)                                                                             |   112 B |    392 B |                 552 B | `java/net/URLClassLoader @ 0x80f000a0`                         | yes    |        5 | [alive, waiting, waiting indefinitely, in Object.wait] |
| [dag-scheduler-event-loop](#thread-45)                                                                     |   112 B |    968 B |                  64 B | `java/net/URLClassLoader @ 0x80f000a0`                         | yes    |        5 | [alive, waiting, waiting indefinitely, parked]         |
| [driver-heartbeater](#thread-46)                                                                           |   104 B |    456 B |                 504 B | `java/net/URLClassLoader @ 0x80f000a0`                         | yes    |        5 | [alive, waiting, waiting with timeout, parked]         |
| [executor-kill-mark-cleanup](#thread-47)                                                                   |   104 B |    464 B |                 504 B | `java/net/URLClassLoader @ 0x80f000a0`                         | yes    |        5 | [alive, waiting, waiting with timeout, parked]         |
| [executor-heartbeater](#thread-48)                                                                         |   104 B |    456 B |                 504 B | `java/net/URLClassLoader @ 0x80f000a0`                         | yes    |        5 | [alive, waiting, waiting with timeout, parked]         |
| [shuffle-boss-6-1](#thread-49)                                                                             |   112 B |   1.9 KB |                9.7 KB | `java/net/URLClassLoader @ 0x80f000a0`                         | yes    |        5 | [alive, runnable]                                      |
| [Spark Context Cleaner](#thread-50)                                                                        |   112 B |    544 B |                3.9 KB | `java/net/URLClassLoader @ 0x80f000a0`                         | yes    |        5 | [alive, waiting, waiting with timeout, parked]         |
| [context-cleaner-periodic-gc](#thread-51)                                                                  |   104 B |    464 B |                 504 B | `java/net/URLClassLoader @ 0x80f000a0`                         | yes    |        5 | [alive, waiting, waiting with timeout, parked]         |
| [spark-listener-group-appStatus](#thread-52)                                                               |   112 B |    560 B |                 328 B | `java/net/URLClassLoader @ 0x80f000a0`                         | yes    |        5 | [alive, waiting, waiting indefinitely, parked]         |
| [spark-listener-group-executorManagement](#thread-53)                                                      |   112 B |    704 B |                 328 B | `java/net/URLClassLoader @ 0x80f000a0`                         | yes    |        5 | [alive, waiting, waiting indefinitely, parked]         |
| [element-tracking-store-worker](#thread-54)                                                                |   104 B |    496 B |                 504 B | `java/net/URLClassLoader @ 0x80f000a0`                         | yes    |        5 | [alive, waiting, waiting indefinitely, parked]         |
| [spark-listener-group-shared](#thread-55)                                                                  |   112 B |    560 B |                 344 B | `java/net/URLClassLoader @ 0x80f000a0`                         | yes    |        5 | [alive, waiting, waiting indefinitely, parked]         |
| [org.apache.hadoop.fs.FileSystem$Statistics$StatisticsDataReferenceCleaner](#thread-56)                    |   104 B |    920 B |                 128 B | `java/net/URLClassLoader @ 0x80f000a0`                         | yes    |        5 | [alive, waiting, waiting indefinitely, parked]         |
| [Executor task launch worker for task 1.0 in stage 34.0 (TID 67)](#thread-57)                              |   112 B |  18.4 KB |                 440 B | `@ 0x814b4190`                                                 | yes    |        5 | [alive, waiting, waiting with timeout, parked]         |
| [ForkJoinPool.commonPool-worker-1](#thread-58)                                                             |   112 B |    376 B |                1.7 KB | `jdk/internal/loader/ClassLoaders$AppClassLoader @ 0xffeecf48` | yes    |        5 | [alive, waiting, waiting indefinitely, parked]         |
| [ForkJoinPool.commonPool-worker-2](#thread-59)                                                             |   112 B |    376 B |                1.7 KB | `jdk/internal/loader/ClassLoaders$AppClassLoader @ 0xffeecf48` | yes    |        5 | [alive, waiting, waiting with timeout, parked]         |
| [task-result-getter-0](#thread-60)                                                                         |   104 B |    576 B |                 664 B | `java/net/URLClassLoader @ 0x80f000a0`                         | yes    |        5 | [alive, waiting, waiting indefinitely, parked]         |
| [Executor task launch worker for task 0.0 in stage 34.0 (TID 66)](#thread-61)                              |   112 B |   1.5 KB |                 440 B | `@ 0x814b4190`                                                 | yes    |        5 | [alive, waiting, waiting with timeout, parked]         |
| [task-result-getter-1](#thread-62)                                                                         |   104 B |    576 B |                 664 B | `java/net/URLClassLoader @ 0x80f000a0`                         | yes    |        5 | [alive, waiting, waiting indefinitely, parked]         |
| [block-manager-storage-async-thread-pool-0](#thread-63)                                                    |   104 B |    552 B |                4.6 KB | `java/net/URLClassLoader @ 0x80f000a0`                         | yes    |        5 | [alive, waiting, waiting with timeout, parked]         |
| [block-manager-storage-async-thread-pool-1](#thread-64)                                                    |   104 B |    384 B |                4.6 KB | `java/net/URLClassLoader @ 0x80f000a0`                         | yes    |        5 | [alive, waiting, waiting with timeout, parked]         |
| [block-manager-storage-async-thread-pool-2](#thread-65)                                                    |   104 B |    552 B |                4.6 KB | `java/net/URLClassLoader @ 0x80f000a0`                         | yes    |        5 | [alive, waiting, waiting with timeout, parked]         |
| [block-manager-ask-thread-pool-0](#thread-66)                                                              |   104 B |    504 B |                4.6 KB | `java/net/URLClassLoader @ 0x80f000a0`                         | yes    |        5 | [alive, waiting, waiting with timeout, parked]         |
| [task-result-getter-2](#thread-67)                                                                         |   104 B |    576 B |                 664 B | `java/net/URLClassLoader @ 0x80f000a0`                         | yes    |        5 | [alive, waiting, waiting indefinitely, parked]         |
| [block-manager-ask-thread-pool-1](#thread-68)                                                              |   104 B |    504 B |                4.6 KB | `java/net/URLClassLoader @ 0x80f000a0`                         | yes    |        5 | [alive, waiting, waiting with timeout, parked]         |
| [task-result-getter-3](#thread-69)                                                                         |   104 B |    576 B |                 664 B | `java/net/URLClassLoader @ 0x80f000a0`                         | yes    |        5 | [alive, waiting, waiting indefinitely, parked]         |
| [block-manager-storage-async-thread-pool-3](#thread-70)                                                    |   104 B |    552 B |                4.6 KB | `java/net/URLClassLoader @ 0x80f000a0`                         | yes    |        5 | [alive, waiting, waiting with timeout, parked]         |
| [block-manager-storage-async-thread-pool-4](#thread-71)                                                    |   104 B |    384 B |                4.6 KB | `java/net/URLClassLoader @ 0x80f000a0`                         | yes    |        5 | [alive, waiting, waiting with timeout, parked]         |
| [block-manager-storage-async-thread-pool-5](#thread-72)                                                    |   104 B |    520 B |                4.6 KB | `java/net/URLClassLoader @ 0x80f000a0`                         | yes    |        5 | [alive, waiting, waiting with timeout, parked]         |
| [block-manager-ask-thread-pool-2](#thread-73)                                                              |   104 B |    504 B |                4.6 KB | `java/net/URLClassLoader @ 0x80f000a0`                         | yes    |        5 | [alive, waiting, waiting with timeout, parked]         |
| [block-manager-ask-thread-pool-3](#thread-74)                                                              |   104 B |    504 B |                4.6 KB | `java/net/URLClassLoader @ 0x80f000a0`                         | yes    |        5 | [alive, waiting, waiting with timeout, parked]         |
| [block-manager-storage-async-thread-pool-6](#thread-75)                                                    |   104 B |    552 B |                4.6 KB | `java/net/URLClassLoader @ 0x80f000a0`                         | yes    |        5 | [alive, waiting, waiting with timeout, parked]         |
| [block-manager-storage-async-thread-pool-7](#thread-76)                                                    |   104 B |    384 B |                4.6 KB | `java/net/URLClassLoader @ 0x80f000a0`                         | yes    |        5 | [alive, waiting, waiting with timeout, parked]         |
| [block-manager-storage-async-thread-pool-8](#thread-77)                                                    |   104 B |    552 B |                4.6 KB | `java/net/URLClassLoader @ 0x80f000a0`                         | yes    |        5 | [alive, waiting, waiting with timeout, parked]         |
| [block-manager-ask-thread-pool-4](#thread-78)                                                              |   104 B |    504 B |                4.6 KB | `java/net/URLClassLoader @ 0x80f000a0`                         | yes    |        5 | [alive, waiting, waiting with timeout, parked]         |
| [block-manager-ask-thread-pool-5](#thread-79)                                                              |   104 B |    504 B |                4.6 KB | `java/net/URLClassLoader @ 0x80f000a0`                         | yes    |        5 | [alive, waiting, waiting with timeout, parked]         |
| [block-manager-storage-async-thread-pool-9](#thread-80)                                                    |   104 B |    552 B |                4.6 KB | `java/net/URLClassLoader @ 0x80f000a0`                         | yes    |        5 | [alive, waiting, waiting with timeout, parked]         |
| [block-manager-storage-async-thread-pool-10](#thread-81)                                                   |   104 B |    384 B |                4.6 KB | `java/net/URLClassLoader @ 0x80f000a0`                         | yes    |        5 | [alive, waiting, waiting with timeout, parked]         |
| [block-manager-storage-async-thread-pool-11](#thread-82)                                                   |   104 B |    552 B |                4.6 KB | `java/net/URLClassLoader @ 0x80f000a0`                         | yes    |        5 | [alive, waiting, waiting with timeout, parked]         |
| [block-manager-ask-thread-pool-6](#thread-83)                                                              |   104 B |    504 B |                4.6 KB | `java/net/URLClassLoader @ 0x80f000a0`                         | yes    |        5 | [alive, waiting, waiting with timeout, parked]         |
| [block-manager-ask-thread-pool-7](#thread-84)                                                              |   104 B |    504 B |                4.6 KB | `java/net/URLClassLoader @ 0x80f000a0`                         | yes    |        5 | [alive, waiting, waiting with timeout, parked]         |
| [block-manager-storage-async-thread-pool-12](#thread-85)                                                   |   104 B |    552 B |                4.6 KB | `java/net/URLClassLoader @ 0x80f000a0`                         | yes    |        5 | [alive, waiting, waiting with timeout, parked]         |
| [block-manager-storage-async-thread-pool-13](#thread-86)                                                   |   104 B |    384 B |                4.6 KB | `java/net/URLClassLoader @ 0x80f000a0`                         | yes    |        5 | [alive, waiting, waiting with timeout, parked]         |
| [block-manager-storage-async-thread-pool-14](#thread-87)                                                   |   104 B |    552 B |                4.6 KB | `java/net/URLClassLoader @ 0x80f000a0`                         | yes    |        5 | [alive, waiting, waiting with timeout, parked]         |
| [block-manager-ask-thread-pool-8](#thread-88)                                                              |   104 B |    504 B |                4.6 KB | `java/net/URLClassLoader @ 0x80f000a0`                         | yes    |        5 | [alive, waiting, waiting with timeout, parked]         |
| [block-manager-ask-thread-pool-9](#thread-89)                                                              |   104 B |    504 B |                4.6 KB | `java/net/URLClassLoader @ 0x80f000a0`                         | yes    |        5 | [alive, waiting, waiting with timeout, parked]         |
| [block-manager-storage-async-thread-pool-15](#thread-90)                                                   |   104 B |    552 B |                4.6 KB | `java/net/URLClassLoader @ 0x80f000a0`                         | yes    |        5 | [alive, waiting, waiting with timeout, parked]         |
| [block-manager-storage-async-thread-pool-16](#thread-91)                                                   |   104 B |    384 B |                4.6 KB | `java/net/URLClassLoader @ 0x80f000a0`                         | yes    |        5 | [alive, waiting, waiting with timeout, parked]         |
| [block-manager-storage-async-thread-pool-17](#thread-92)                                                   |   104 B |    552 B |                4.6 KB | `java/net/URLClassLoader @ 0x80f000a0`                         | yes    |        5 | [alive, waiting, waiting with timeout, parked]         |
| [block-manager-ask-thread-pool-10](#thread-93)                                                             |   104 B |    504 B |                4.6 KB | `java/net/URLClassLoader @ 0x80f000a0`                         | yes    |        5 | [alive, waiting, waiting with timeout, parked]         |
| [block-manager-ask-thread-pool-11](#thread-94)                                                             |   104 B |    504 B |                4.6 KB | `java/net/URLClassLoader @ 0x80f000a0`                         | yes    |        5 | [alive, waiting, waiting with timeout, parked]         |
| [block-manager-storage-async-thread-pool-18](#thread-95)                                                   |   104 B |    520 B |                4.6 KB | `java/net/URLClassLoader @ 0x80f000a0`                         | yes    |        5 | [alive, waiting, waiting with timeout, parked]         |
| [block-manager-storage-async-thread-pool-19](#thread-96)                                                   |   104 B |    384 B |                4.6 KB | `java/net/URLClassLoader @ 0x80f000a0`                         | yes    |        5 | [alive, waiting, waiting with timeout, parked]         |
| [block-manager-storage-async-thread-pool-20](#thread-97)                                                   |   104 B |    552 B |                4.6 KB | `java/net/URLClassLoader @ 0x80f000a0`                         | yes    |        5 | [alive, waiting, waiting with timeout, parked]         |
| [block-manager-ask-thread-pool-12](#thread-98)                                                             |   104 B |    504 B |                4.6 KB | `java/net/URLClassLoader @ 0x80f000a0`                         | yes    |        5 | [alive, waiting, waiting with timeout, parked]         |
| [block-manager-ask-thread-pool-13](#thread-99)                                                             |   104 B |    504 B |                4.6 KB | `java/net/URLClassLoader @ 0x80f000a0`                         | yes    |        5 | [alive, waiting, waiting with timeout, parked]         |
| [block-manager-storage-async-thread-pool-21](#thread-100)                                                  |   104 B |    520 B |                4.6 KB | `java/net/URLClassLoader @ 0x80f000a0`                         | yes    |        5 | [alive, waiting, waiting with timeout, parked]         |
| [block-manager-storage-async-thread-pool-22](#thread-101)                                                  |   104 B |    384 B |                4.6 KB | `java/net/URLClassLoader @ 0x80f000a0`                         | yes    |        5 | [alive, waiting, waiting with timeout, parked]         |
| [block-manager-storage-async-thread-pool-23](#thread-102)                                                  |   104 B |    552 B |                4.6 KB | `java/net/URLClassLoader @ 0x80f000a0`                         | yes    |        5 | [alive, waiting, waiting with timeout, parked]         |
| [block-manager-ask-thread-pool-14](#thread-103)                                                            |   104 B |    504 B |                4.6 KB | `java/net/URLClassLoader @ 0x80f000a0`                         | yes    |        5 | [alive, waiting, waiting with timeout, parked]         |
| [block-manager-ask-thread-pool-15](#thread-104)                                                            |   104 B |    504 B |                4.6 KB | `java/net/URLClassLoader @ 0x80f000a0`                         | yes    |        5 | [alive, waiting, waiting with timeout, parked]         |
| [block-manager-storage-async-thread-pool-24](#thread-105)                                                  |   104 B |    552 B |                4.6 KB | `java/net/URLClassLoader @ 0x80f000a0`                         | yes    |        5 | [alive, waiting, waiting with timeout, parked]         |
| [block-manager-storage-async-thread-pool-25](#thread-106)                                                  |   104 B |    384 B |                4.6 KB | `java/net/URLClassLoader @ 0x80f000a0`                         | yes    |        5 | [alive, waiting, waiting with timeout, parked]         |
| [block-manager-storage-async-thread-pool-26](#thread-107)                                                  |   104 B |    808 B |                4.6 KB | `java/net/URLClassLoader @ 0x80f000a0`                         | yes    |        5 | [alive, waiting, waiting with timeout, parked]         |
| [block-manager-ask-thread-pool-16](#thread-108)                                                            |   104 B |    504 B |                4.6 KB | `java/net/URLClassLoader @ 0x80f000a0`                         | yes    |        5 | [alive, waiting, waiting with timeout, parked]         |
| [block-manager-ask-thread-pool-17](#thread-109)                                                            |   104 B |    504 B |                4.6 KB | `java/net/URLClassLoader @ 0x80f000a0`                         | yes    |        5 | [alive, waiting, waiting with timeout, parked]         |
| [block-manager-storage-async-thread-pool-27](#thread-110)                                                  |   104 B |    552 B |                4.6 KB | `java/net/URLClassLoader @ 0x80f000a0`                         | yes    |        5 | [alive, waiting, waiting with timeout, parked]         |
| [block-manager-storage-async-thread-pool-28](#thread-111)                                                  |   104 B |    384 B |                4.6 KB | `java/net/URLClassLoader @ 0x80f000a0`                         | yes    |        5 | [alive, waiting, waiting with timeout, parked]         |
| [block-manager-storage-async-thread-pool-29](#thread-112)                                                  |   104 B |    552 B |                4.6 KB | `java/net/URLClassLoader @ 0x80f000a0`                         | yes    |        5 | [alive, waiting, waiting with timeout, parked]         |
| [block-manager-ask-thread-pool-18](#thread-113)                                                            |   104 B |    504 B |                4.6 KB | `java/net/URLClassLoader @ 0x80f000a0`                         | yes    |        5 | [alive, waiting, waiting with timeout, parked]         |
| [block-manager-ask-thread-pool-19](#thread-114)                                                            |   104 B |    504 B |                4.6 KB | `java/net/URLClassLoader @ 0x80f000a0`                         | yes    |        5 | [alive, waiting, waiting with timeout, parked]         |
| [block-manager-storage-async-thread-pool-30](#thread-115)                                                  |   104 B |    552 B |                4.6 KB | `java/net/URLClassLoader @ 0x80f000a0`                         | yes    |        5 | [alive, waiting, waiting with timeout, parked]         |
| [block-manager-storage-async-thread-pool-31](#thread-116)                                                  |   104 B |    384 B |                4.6 KB | `java/net/URLClassLoader @ 0x80f000a0`                         | yes    |        5 | [alive, waiting, waiting with timeout, parked]         |
| [block-manager-storage-async-thread-pool-32](#thread-117)                                                  |   104 B |    552 B |                4.6 KB | `java/net/URLClassLoader @ 0x80f000a0`                         | yes    |        5 | [alive, waiting, waiting with timeout, parked]         |
| [block-manager-ask-thread-pool-20](#thread-118)                                                            |   104 B |    504 B |                4.6 KB | `java/net/URLClassLoader @ 0x80f000a0`                         | yes    |        5 | [alive, waiting, waiting with timeout, parked]         |
| [block-manager-ask-thread-pool-21](#thread-119)                                                            |   104 B |    504 B |                4.6 KB | `java/net/URLClassLoader @ 0x80f000a0`                         | yes    |        5 | [alive, waiting, waiting with timeout, parked]         |
| [block-manager-storage-async-thread-pool-33](#thread-120)                                                  |   104 B |    520 B |                4.6 KB | `java/net/URLClassLoader @ 0x80f000a0`                         | yes    |        5 | [alive, waiting, waiting with timeout, parked]         |
| [block-manager-storage-async-thread-pool-34](#thread-121)                                                  |   104 B |    384 B |                4.6 KB | `java/net/URLClassLoader @ 0x80f000a0`                         | yes    |        5 | [alive, waiting, waiting with timeout, parked]         |
| [block-manager-storage-async-thread-pool-35](#thread-122)                                                  |   104 B |    552 B |                4.6 KB | `java/net/URLClassLoader @ 0x80f000a0`                         | yes    |        5 | [alive, waiting, waiting with timeout, parked]         |
| [block-manager-ask-thread-pool-22](#thread-123)                                                            |   104 B |    504 B |                4.6 KB | `java/net/URLClassLoader @ 0x80f000a0`                         | yes    |        5 | [alive, waiting, waiting with timeout, parked]         |
| [block-manager-ask-thread-pool-23](#thread-124)                                                            |   104 B |    504 B |                4.6 KB | `java/net/URLClassLoader @ 0x80f000a0`                         | yes    |        5 | [alive, waiting, waiting with timeout, parked]         |
| [block-manager-storage-async-thread-pool-36](#thread-125)                                                  |   104 B |    552 B |                4.6 KB | `java/net/URLClassLoader @ 0x80f000a0`                         | yes    |        5 | [alive, waiting, waiting with timeout, parked]         |
| [block-manager-storage-async-thread-pool-37](#thread-126)                                                  |   104 B |    384 B |                4.6 KB | `java/net/URLClassLoader @ 0x80f000a0`                         | yes    |        5 | [alive, waiting, waiting with timeout, parked]         |
| [block-manager-storage-async-thread-pool-38](#thread-127)                                                  |   104 B |    552 B |                4.6 KB | `java/net/URLClassLoader @ 0x80f000a0`                         | yes    |        5 | [alive, waiting, waiting with timeout, parked]         |
| [block-manager-ask-thread-pool-24](#thread-128)                                                            |   104 B |    504 B |                4.6 KB | `java/net/URLClassLoader @ 0x80f000a0`                         | yes    |        5 | [alive, waiting, waiting with timeout, parked]         |
| [block-manager-ask-thread-pool-25](#thread-129)                                                            |   104 B |    504 B |                4.6 KB | `java/net/URLClassLoader @ 0x80f000a0`                         | yes    |        5 | [alive, waiting, waiting with timeout, parked]         |
| [block-manager-storage-async-thread-pool-39](#thread-130)                                                  |   104 B |    552 B |                4.6 KB | `java/net/URLClassLoader @ 0x80f000a0`                         | yes    |        5 | [alive, waiting, waiting with timeout, parked]         |
| [block-manager-storage-async-thread-pool-40](#thread-131)                                                  |   104 B |    384 B |                4.6 KB | `java/net/URLClassLoader @ 0x80f000a0`                         | yes    |        5 | [alive, waiting, waiting with timeout, parked]         |
| [block-manager-storage-async-thread-pool-41](#thread-132)                                                  |   104 B |    552 B |                4.6 KB | `java/net/URLClassLoader @ 0x80f000a0`                         | yes    |        5 | [alive, waiting, waiting with timeout, parked]         |
| [block-manager-ask-thread-pool-26](#thread-133)                                                            |   104 B |    504 B |                4.6 KB | `java/net/URLClassLoader @ 0x80f000a0`                         | yes    |        5 | [alive, waiting, waiting with timeout, parked]         |
| [block-manager-ask-thread-pool-27](#thread-134)                                                            |   104 B |    504 B |                4.6 KB | `java/net/URLClassLoader @ 0x80f000a0`                         | yes    |        5 | [alive, waiting, waiting with timeout, parked]         |
| [block-manager-storage-async-thread-pool-42](#thread-135)                                                  |   104 B |    552 B |                4.6 KB | `java/net/URLClassLoader @ 0x80f000a0`                         | yes    |        5 | [alive, waiting, waiting with timeout, parked]         |
| [block-manager-storage-async-thread-pool-43](#thread-136)                                                  |   104 B |    384 B |                4.6 KB | `java/net/URLClassLoader @ 0x80f000a0`                         | yes    |        5 | [alive, waiting, waiting with timeout, parked]         |
| [block-manager-storage-async-thread-pool-44](#thread-137)                                                  |   104 B |    552 B |                4.6 KB | `java/net/URLClassLoader @ 0x80f000a0`                         | yes    |        5 | [alive, waiting, waiting with timeout, parked]         |
| [block-manager-ask-thread-pool-28](#thread-138)                                                            |   104 B |    504 B |                4.6 KB | `java/net/URLClassLoader @ 0x80f000a0`                         | yes    |        5 | [alive, waiting, waiting with timeout, parked]         |
| [block-manager-ask-thread-pool-29](#thread-139)                                                            |   104 B |    504 B |                4.6 KB | `java/net/URLClassLoader @ 0x80f000a0`                         | yes    |        5 | [alive, waiting, waiting with timeout, parked]         |
| [block-manager-storage-async-thread-pool-45](#thread-140)                                                  |   104 B |    552 B |                4.6 KB | `java/net/URLClassLoader @ 0x80f000a0`                         | yes    |        5 | [alive, waiting, waiting with timeout, parked]         |
| [block-manager-storage-async-thread-pool-46](#thread-141)                                                  |   104 B |    384 B |                4.6 KB | `java/net/URLClassLoader @ 0x80f000a0`                         | yes    |        5 | [alive, waiting, waiting with timeout, parked]         |
| [block-manager-storage-async-thread-pool-47](#thread-142)                                                  |   104 B |    552 B |                4.6 KB | `java/net/URLClassLoader @ 0x80f000a0`                         | yes    |        5 | [alive, waiting, waiting with timeout, parked]         |
| [block-manager-ask-thread-pool-30](#thread-143)                                                            |   104 B |    504 B |                4.6 KB | `java/net/URLClassLoader @ 0x80f000a0`                         | yes    |        5 | [alive, waiting, waiting with timeout, parked]         |
| [block-manager-ask-thread-pool-31](#thread-144)                                                            |   104 B |    504 B |                4.6 KB | `java/net/URLClassLoader @ 0x80f000a0`                         | yes    |        5 | [alive, waiting, waiting with timeout, parked]         |
| [block-manager-storage-async-thread-pool-48](#thread-145)                                                  |   104 B |    552 B |                4.6 KB | `java/net/URLClassLoader @ 0x80f000a0`                         | yes    |        5 | [alive, waiting, waiting with timeout, parked]         |
| [block-manager-storage-async-thread-pool-49](#thread-146)                                                  |   104 B |    384 B |                4.6 KB | `java/net/URLClassLoader @ 0x80f000a0`                         | yes    |        5 | [alive, waiting, waiting with timeout, parked]         |
| [block-manager-storage-async-thread-pool-50](#thread-147)                                                  |   104 B |    552 B |                4.6 KB | `java/net/URLClassLoader @ 0x80f000a0`                         | yes    |        5 | [alive, waiting, waiting with timeout, parked]         |
| [block-manager-ask-thread-pool-32](#thread-148)                                                            |   104 B |    504 B |                4.6 KB | `java/net/URLClassLoader @ 0x80f000a0`                         | yes    |        5 | [alive, waiting, waiting with timeout, parked]         |
| [block-manager-ask-thread-pool-33](#thread-149)                                                            |   104 B |    504 B |                4.6 KB | `java/net/URLClassLoader @ 0x80f000a0`                         | yes    |        5 | [alive, waiting, waiting with timeout, parked]         |
| [block-manager-storage-async-thread-pool-51](#thread-150)                                                  |   104 B |    552 B |                4.6 KB | `java/net/URLClassLoader @ 0x80f000a0`                         | yes    |        5 | [alive, waiting, waiting with timeout, parked]         |
| [block-manager-storage-async-thread-pool-52](#thread-151)                                                  |   104 B |    384 B |                4.6 KB | `java/net/URLClassLoader @ 0x80f000a0`                         | yes    |        5 | [alive, waiting, waiting with timeout, parked]         |
| [block-manager-storage-async-thread-pool-53](#thread-152)                                                  |   104 B |    552 B |                4.6 KB | `java/net/URLClassLoader @ 0x80f000a0`                         | yes    |        5 | [alive, waiting, waiting with timeout, parked]         |
| [block-manager-ask-thread-pool-34](#thread-153)                                                            |   104 B |    504 B |                4.6 KB | `java/net/URLClassLoader @ 0x80f000a0`                         | yes    |        5 | [alive, waiting, waiting with timeout, parked]         |
| [block-manager-ask-thread-pool-35](#thread-154)                                                            |   104 B |    504 B |                4.6 KB | `java/net/URLClassLoader @ 0x80f000a0`                         | yes    |        5 | [alive, waiting, waiting with timeout, parked]         |
| [block-manager-storage-async-thread-pool-54](#thread-155)                                                  |   104 B |    520 B |                4.6 KB | `java/net/URLClassLoader @ 0x80f000a0`                         | yes    |        5 | [alive, waiting, waiting with timeout, parked]         |
| [block-manager-storage-async-thread-pool-55](#thread-156)                                                  |   104 B |    384 B |                4.6 KB | `java/net/URLClassLoader @ 0x80f000a0`                         | yes    |        5 | [alive, waiting, waiting with timeout, parked]         |
| [block-manager-storage-async-thread-pool-56](#thread-157)                                                  |   104 B |    552 B |                4.6 KB | `java/net/URLClassLoader @ 0x80f000a0`                         | yes    |        5 | [alive, waiting, waiting with timeout, parked]         |
| [block-manager-ask-thread-pool-36](#thread-158)                                                            |   104 B |    504 B |                4.6 KB | `java/net/URLClassLoader @ 0x80f000a0`                         | yes    |        5 | [alive, waiting, waiting with timeout, parked]         |
| [block-manager-ask-thread-pool-37](#thread-159)                                                            |   104 B |    504 B |                4.6 KB | `java/net/URLClassLoader @ 0x80f000a0`                         | yes    |        5 | [alive, waiting, waiting with timeout, parked]         |
| [block-manager-storage-async-thread-pool-57](#thread-160)                                                  |   104 B |    520 B |                4.6 KB | `java/net/URLClassLoader @ 0x80f000a0`                         | yes    |        5 | [alive, waiting, waiting with timeout, parked]         |
| [block-manager-storage-async-thread-pool-58](#thread-161)                                                  |   104 B |    552 B |                4.6 KB | `java/net/URLClassLoader @ 0x80f000a0`                         | yes    |        5 | [alive, waiting, waiting with timeout, parked]         |
| [block-manager-storage-async-thread-pool-59](#thread-162)                                                  |   104 B |    552 B |                4.6 KB | `java/net/URLClassLoader @ 0x80f000a0`                         | yes    |        5 | [alive, waiting, waiting with timeout, parked]         |
| [block-manager-ask-thread-pool-38](#thread-163)                                                            |   104 B |    504 B |                4.6 KB | `java/net/URLClassLoader @ 0x80f000a0`                         | yes    |        5 | [alive, waiting, waiting with timeout, parked]         |
| [block-manager-ask-thread-pool-39](#thread-164)                                                            |   104 B |    504 B |                4.6 KB | `java/net/URLClassLoader @ 0x80f000a0`                         | yes    |        5 | [alive, waiting, waiting with timeout, parked]         |
| [block-manager-storage-async-thread-pool-60](#thread-165)                                                  |   104 B |    552 B |                4.6 KB | `java/net/URLClassLoader @ 0x80f000a0`                         | yes    |        5 | [alive, waiting, waiting with timeout, parked]         |
| [block-manager-storage-async-thread-pool-61](#thread-166)                                                  |   104 B |    384 B |                4.6 KB | `java/net/URLClassLoader @ 0x80f000a0`                         | yes    |        5 | [alive, waiting, waiting with timeout, parked]         |
| [block-manager-storage-async-thread-pool-62](#thread-167)                                                  |   104 B |    552 B |                4.6 KB | `java/net/URLClassLoader @ 0x80f000a0`                         | yes    |        5 | [alive, waiting, waiting with timeout, parked]         |
| [block-manager-ask-thread-pool-40](#thread-168)                                                            |   104 B |    504 B |                4.6 KB | `java/net/URLClassLoader @ 0x80f000a0`                         | yes    |        5 | [alive, waiting, waiting with timeout, parked]         |
| [block-manager-ask-thread-pool-41](#thread-169)                                                            |   104 B |    504 B |                4.6 KB | `java/net/URLClassLoader @ 0x80f000a0`                         | yes    |        5 | [alive, waiting, waiting with timeout, parked]         |
| [block-manager-storage-async-thread-pool-63](#thread-170)                                                  |   104 B |    552 B |                4.6 KB | `java/net/URLClassLoader @ 0x80f000a0`                         | yes    |        5 | [alive, waiting, waiting with timeout, parked]         |
| [block-manager-storage-async-thread-pool-64](#thread-171)                                                  |   104 B |    520 B |                4.6 KB | `java/net/URLClassLoader @ 0x80f000a0`                         | yes    |        5 | [alive, waiting, waiting with timeout, parked]         |
| [block-manager-storage-async-thread-pool-65](#thread-172)                                                  |   104 B |    552 B |                4.6 KB | `java/net/URLClassLoader @ 0x80f000a0`                         | yes    |        5 | [alive, waiting, waiting with timeout, parked]         |
| [block-manager-ask-thread-pool-42](#thread-173)                                                            |   104 B |    504 B |                4.6 KB | `java/net/URLClassLoader @ 0x80f000a0`                         | yes    |        5 | [alive, waiting, waiting with timeout, parked]         |
| [block-manager-ask-thread-pool-43](#thread-174)                                                            |   104 B |    504 B |                4.6 KB | `java/net/URLClassLoader @ 0x80f000a0`                         | yes    |        5 | [alive, waiting, waiting with timeout, parked]         |
| [block-manager-storage-async-thread-pool-66](#thread-175)                                                  |   104 B |    520 B |                4.6 KB | `java/net/URLClassLoader @ 0x80f000a0`                         | yes    |        5 | [alive, waiting, waiting with timeout, parked]         |
| [block-manager-storage-async-thread-pool-67](#thread-176)                                                  |   104 B |    384 B |                4.6 KB | `java/net/URLClassLoader @ 0x80f000a0`                         | yes    |        5 | [alive, waiting, waiting with timeout, parked]         |
| [block-manager-storage-async-thread-pool-68](#thread-177)                                                  |   104 B |    552 B |                4.6 KB | `java/net/URLClassLoader @ 0x80f000a0`                         | yes    |        5 | [alive, waiting, waiting with timeout, parked]         |
| [block-manager-storage-async-thread-pool-69](#thread-178)                                                  |   104 B |    552 B |                4.6 KB | `java/net/URLClassLoader @ 0x80f000a0`                         | yes    |        5 | [alive, waiting, waiting with timeout, parked]         |
| [block-manager-ask-thread-pool-44](#thread-179)                                                            |   104 B |    504 B |                4.6 KB | `java/net/URLClassLoader @ 0x80f000a0`                         | yes    |        5 | [alive, waiting, waiting with timeout, parked]         |
| [block-manager-ask-thread-pool-45](#thread-180)                                                            |   104 B |    504 B |                4.6 KB | `java/net/URLClassLoader @ 0x80f000a0`                         | yes    |        5 | [alive, waiting, waiting with timeout, parked]         |
| [block-manager-storage-async-thread-pool-70](#thread-181)                                                  |   104 B |    384 B |                4.6 KB | `java/net/URLClassLoader @ 0x80f000a0`                         | yes    |        5 | [alive, waiting, waiting with timeout, parked]         |
| [block-manager-storage-async-thread-pool-71](#thread-182)                                                  |   104 B |    552 B |                4.6 KB | `java/net/URLClassLoader @ 0x80f000a0`                         | yes    |        5 | [alive, waiting, waiting with timeout, parked]         |
| [block-manager-storage-async-thread-pool-72](#thread-183)                                                  |   104 B |    520 B |                4.6 KB | `java/net/URLClassLoader @ 0x80f000a0`                         | yes    |        5 | [alive, waiting, waiting with timeout, parked]         |
| [block-manager-ask-thread-pool-46](#thread-184)                                                            |   104 B |    504 B |                4.6 KB | `java/net/URLClassLoader @ 0x80f000a0`                         | yes    |        5 | [alive, waiting, waiting with timeout, parked]         |
| [block-manager-storage-async-thread-pool-73](#thread-185)                                                  |   104 B |    384 B |                4.6 KB | `java/net/URLClassLoader @ 0x80f000a0`                         | yes    |        5 | [alive, waiting, waiting with timeout, parked]         |
| [block-manager-ask-thread-pool-47](#thread-186)                                                            |   104 B |    504 B |                4.6 KB | `java/net/URLClassLoader @ 0x80f000a0`                         | yes    |        5 | [alive, waiting, waiting with timeout, parked]         |
| [block-manager-storage-async-thread-pool-74](#thread-187)                                                  |   104 B |    552 B |                4.6 KB | `java/net/URLClassLoader @ 0x80f000a0`                         | yes    |        5 | [alive, waiting, waiting with timeout, parked]         |
| [block-manager-ask-thread-pool-48](#thread-188)                                                            |   104 B |    504 B |                4.6 KB | `java/net/URLClassLoader @ 0x80f000a0`                         | yes    |        5 | [alive, waiting, waiting with timeout, parked]         |
| [block-manager-ask-thread-pool-49](#thread-189)                                                            |   104 B |    504 B |                4.6 KB | `java/net/URLClassLoader @ 0x80f000a0`                         | yes    |        5 | [alive, waiting, waiting with timeout, parked]         |
| [block-manager-storage-async-thread-pool-75](#thread-190)                                                  |   104 B |    552 B |                4.6 KB | `java/net/URLClassLoader @ 0x80f000a0`                         | yes    |        5 | [alive, waiting, waiting with timeout, parked]         |
| [block-manager-storage-async-thread-pool-76](#thread-191)                                                  |   104 B |    384 B |                4.6 KB | `java/net/URLClassLoader @ 0x80f000a0`                         | yes    |        5 | [alive, waiting, waiting with timeout, parked]         |
| [block-manager-storage-async-thread-pool-77](#thread-192)                                                  |   104 B |    552 B |                4.6 KB | `java/net/URLClassLoader @ 0x80f000a0`                         | yes    |        5 | [alive, waiting, waiting with timeout, parked]         |
| [block-manager-ask-thread-pool-50](#thread-193)                                                            |   104 B |    504 B |                4.6 KB | `java/net/URLClassLoader @ 0x80f000a0`                         | yes    |        5 | [alive, waiting, waiting with timeout, parked]         |
| [block-manager-ask-thread-pool-51](#thread-194)                                                            |   104 B |    504 B |                4.6 KB | `java/net/URLClassLoader @ 0x80f000a0`                         | yes    |        5 | [alive, waiting, waiting with timeout, parked]         |
| [block-manager-storage-async-thread-pool-78](#thread-195)                                                  |   104 B |    552 B |                4.6 KB | `java/net/URLClassLoader @ 0x80f000a0`                         | yes    |        5 | [alive, waiting, waiting with timeout, parked]         |
| [block-manager-storage-async-thread-pool-79](#thread-196)                                                  |   104 B |    384 B |                4.6 KB | `java/net/URLClassLoader @ 0x80f000a0`                         | yes    |        5 | [alive, waiting, waiting with timeout, parked]         |
| [block-manager-storage-async-thread-pool-80](#thread-197)                                                  |   104 B |    520 B |                4.6 KB | `java/net/URLClassLoader @ 0x80f000a0`                         | yes    |        5 | [alive, waiting, waiting with timeout, parked]         |
| [block-manager-ask-thread-pool-52](#thread-198)                                                            |   104 B |    504 B |                4.6 KB | `java/net/URLClassLoader @ 0x80f000a0`                         | yes    |        5 | [alive, waiting, waiting with timeout, parked]         |
| [block-manager-ask-thread-pool-53](#thread-199)                                                            |   104 B |    504 B |                4.6 KB | `java/net/URLClassLoader @ 0x80f000a0`                         | yes    |        5 | [alive, waiting, waiting with timeout, parked]         |
| [block-manager-storage-async-thread-pool-81](#thread-200)                                                  |   104 B |    552 B |                4.6 KB | `java/net/URLClassLoader @ 0x80f000a0`                         | yes    |        5 | [alive, waiting, waiting with timeout, parked]         |
| [block-manager-storage-async-thread-pool-82](#thread-201)                                                  |   104 B |    384 B |                4.6 KB | `java/net/URLClassLoader @ 0x80f000a0`                         | yes    |        5 | [alive, waiting, waiting with timeout, parked]         |
| [block-manager-storage-async-thread-pool-83](#thread-202)                                                  |   104 B |    552 B |                4.6 KB | `java/net/URLClassLoader @ 0x80f000a0`                         | yes    |        5 | [alive, waiting, waiting with timeout, parked]         |
| [block-manager-ask-thread-pool-54](#thread-203)                                                            |   104 B |    504 B |                4.6 KB | `java/net/URLClassLoader @ 0x80f000a0`                         | yes    |        5 | [alive, waiting, waiting with timeout, parked]         |
| [block-manager-ask-thread-pool-55](#thread-204)                                                            |   104 B |    504 B |                4.6 KB | `java/net/URLClassLoader @ 0x80f000a0`                         | yes    |        5 | [alive, waiting, waiting with timeout, parked]         |
| [block-manager-storage-async-thread-pool-84](#thread-205)                                                  |   104 B |    552 B |                4.6 KB | `java/net/URLClassLoader @ 0x80f000a0`                         | yes    |        5 | [alive, waiting, waiting with timeout, parked]         |
| [block-manager-storage-async-thread-pool-85](#thread-206)                                                  |   104 B |    384 B |                4.6 KB | `java/net/URLClassLoader @ 0x80f000a0`                         | yes    |        5 | [alive, waiting, waiting with timeout, parked]         |
| [block-manager-storage-async-thread-pool-86](#thread-207)                                                  |   104 B |    520 B |                4.6 KB | `java/net/URLClassLoader @ 0x80f000a0`                         | yes    |        5 | [alive, waiting, waiting with timeout, parked]         |
| [block-manager-ask-thread-pool-56](#thread-208)                                                            |   104 B |    504 B |                4.6 KB | `java/net/URLClassLoader @ 0x80f000a0`                         | yes    |        5 | [alive, waiting, waiting with timeout, parked]         |
| [block-manager-ask-thread-pool-57](#thread-209)                                                            |   104 B |    504 B |                4.6 KB | `java/net/URLClassLoader @ 0x80f000a0`                         | yes    |        5 | [alive, waiting, waiting with timeout, parked]         |
| [block-manager-storage-async-thread-pool-87](#thread-210)                                                  |   104 B |    552 B |                4.6 KB | `java/net/URLClassLoader @ 0x80f000a0`                         | yes    |        5 | [alive, waiting, waiting with timeout, parked]         |
| [block-manager-storage-async-thread-pool-88](#thread-211)                                                  |   104 B |    384 B |                4.6 KB | `java/net/URLClassLoader @ 0x80f000a0`                         | yes    |        5 | [alive, waiting, waiting with timeout, parked]         |
| [block-manager-storage-async-thread-pool-89](#thread-212)                                                  |   104 B |    520 B |                4.6 KB | `java/net/URLClassLoader @ 0x80f000a0`                         | yes    |        5 | [alive, waiting, waiting with timeout, parked]         |
| [block-manager-ask-thread-pool-58](#thread-213)                                                            |   104 B |    504 B |                4.6 KB | `java/net/URLClassLoader @ 0x80f000a0`                         | yes    |        5 | [alive, waiting, waiting with timeout, parked]         |
| [block-manager-ask-thread-pool-59](#thread-214)                                                            |   104 B |    504 B |                4.6 KB | `java/net/URLClassLoader @ 0x80f000a0`                         | yes    |        5 | [alive, waiting, waiting with timeout, parked]         |
| [block-manager-storage-async-thread-pool-90](#thread-215)                                                  |   104 B |    552 B |                4.6 KB | `java/net/URLClassLoader @ 0x80f000a0`                         | yes    |        5 | [alive, waiting, waiting with timeout, parked]         |
| [block-manager-storage-async-thread-pool-91](#thread-216)                                                  |   104 B |    384 B |                4.6 KB | `java/net/URLClassLoader @ 0x80f000a0`                         | yes    |        5 | [alive, waiting, waiting with timeout, parked]         |
| [block-manager-storage-async-thread-pool-92](#thread-217)                                                  |   104 B |    552 B |                4.6 KB | `java/net/URLClassLoader @ 0x80f000a0`                         | yes    |        5 | [alive, waiting, waiting with timeout, parked]         |
| [block-manager-ask-thread-pool-60](#thread-218)                                                            |   104 B |    504 B |                4.6 KB | `java/net/URLClassLoader @ 0x80f000a0`                         | yes    |        5 | [alive, waiting, waiting with timeout, parked]         |
| [block-manager-ask-thread-pool-61](#thread-219)                                                            |   104 B |    504 B |                4.6 KB | `java/net/URLClassLoader @ 0x80f000a0`                         | yes    |        5 | [alive, waiting, waiting with timeout, parked]         |
| [block-manager-storage-async-thread-pool-93](#thread-220)                                                  |   104 B |    552 B |                4.6 KB | `java/net/URLClassLoader @ 0x80f000a0`                         | yes    |        5 | [alive, waiting, waiting with timeout, parked]         |
| [block-manager-storage-async-thread-pool-94](#thread-221)                                                  |   104 B |    384 B |                4.6 KB | `java/net/URLClassLoader @ 0x80f000a0`                         | yes    |        5 | [alive, waiting, waiting with timeout, parked]         |
| [block-manager-storage-async-thread-pool-95](#thread-222)                                                  |   104 B |    552 B |                4.6 KB | `java/net/URLClassLoader @ 0x80f000a0`                         | yes    |        5 | [alive, waiting, waiting with timeout, parked]         |
| [block-manager-ask-thread-pool-62](#thread-223)                                                            |   104 B |    504 B |                4.6 KB | `java/net/URLClassLoader @ 0x80f000a0`                         | yes    |        5 | [alive, waiting, waiting with timeout, parked]         |
| [block-manager-ask-thread-pool-63](#thread-224)                                                            |   104 B |    504 B |                4.6 KB | `java/net/URLClassLoader @ 0x80f000a0`                         | yes    |        5 | [alive, waiting, waiting with timeout, parked]         |
| [block-manager-storage-async-thread-pool-96](#thread-225)                                                  |   104 B |    520 B |                4.6 KB | `java/net/URLClassLoader @ 0x80f000a0`                         | yes    |        5 | [alive, waiting, waiting with timeout, parked]         |
| [block-manager-storage-async-thread-pool-97](#thread-226)                                                  |   104 B |    384 B |                4.6 KB | `java/net/URLClassLoader @ 0x80f000a0`                         | yes    |        5 | [alive, waiting, waiting with timeout, parked]         |
| [block-manager-storage-async-thread-pool-98](#thread-227)                                                  |   104 B |    552 B |                4.6 KB | `java/net/URLClassLoader @ 0x80f000a0`                         | yes    |        5 | [alive, waiting, waiting with timeout, parked]         |
| [block-manager-ask-thread-pool-64](#thread-228)                                                            |   104 B |    504 B |                4.6 KB | `java/net/URLClassLoader @ 0x80f000a0`                         | yes    |        5 | [alive, waiting, waiting with timeout, parked]         |
| [block-manager-ask-thread-pool-65](#thread-229)                                                            |   104 B |    504 B |                4.6 KB | `java/net/URLClassLoader @ 0x80f000a0`                         | yes    |        5 | [alive, waiting, waiting with timeout, parked]         |
| [block-manager-storage-async-thread-pool-99](#thread-230)                                                  |   104 B |    552 B |                4.6 KB | `java/net/URLClassLoader @ 0x80f000a0`                         | yes    |        5 | [alive, waiting, waiting with timeout, parked]         |
| [block-manager-ask-thread-pool-66](#thread-231)                                                            |   104 B |    504 B |                4.6 KB | `java/net/URLClassLoader @ 0x80f000a0`                         | yes    |        5 | [alive, waiting, waiting with timeout, parked]         |
| [block-manager-ask-thread-pool-67](#thread-232)                                                            |   104 B |    504 B |                4.6 KB | `java/net/URLClassLoader @ 0x80f000a0`                         | yes    |        5 | [alive, waiting, waiting with timeout, parked]         |
| [block-manager-ask-thread-pool-68](#thread-233)                                                            |   104 B |    504 B |                4.6 KB | `java/net/URLClassLoader @ 0x80f000a0`                         | yes    |        5 | [alive, waiting, waiting with timeout, parked]         |
| [block-manager-ask-thread-pool-69](#thread-234)                                                            |   104 B |    504 B |                4.6 KB | `java/net/URLClassLoader @ 0x80f000a0`                         | yes    |        5 | [alive, waiting, waiting with timeout, parked]         |
| [block-manager-ask-thread-pool-70](#thread-235)                                                            |   104 B |    504 B |                4.6 KB | `java/net/URLClassLoader @ 0x80f000a0`                         | yes    |        5 | [alive, waiting, waiting with timeout, parked]         |
| [block-manager-ask-thread-pool-71](#thread-236)                                                            |   104 B |    504 B |                4.6 KB | `java/net/URLClassLoader @ 0x80f000a0`                         | yes    |        5 | [alive, waiting, waiting with timeout, parked]         |
| [block-manager-ask-thread-pool-72](#thread-237)                                                            |   104 B |    504 B |                4.6 KB | `java/net/URLClassLoader @ 0x80f000a0`                         | yes    |        5 | [alive, waiting, waiting with timeout, parked]         |
| [block-manager-ask-thread-pool-73](#thread-238)                                                            |   104 B |    504 B |                4.6 KB | `java/net/URLClassLoader @ 0x80f000a0`                         | yes    |        5 | [alive, waiting, waiting with timeout, parked]         |
| [block-manager-ask-thread-pool-74](#thread-239)                                                            |   104 B |    504 B |                4.6 KB | `java/net/URLClassLoader @ 0x80f000a0`                         | yes    |        5 | [alive, waiting, waiting with timeout, parked]         |
| [block-manager-ask-thread-pool-75](#thread-240)                                                            |   104 B |    504 B |                4.6 KB | `java/net/URLClassLoader @ 0x80f000a0`                         | yes    |        5 | [alive, waiting, waiting with timeout, parked]         |
| [block-manager-ask-thread-pool-76](#thread-241)                                                            |   104 B |    504 B |                4.6 KB | `java/net/URLClassLoader @ 0x80f000a0`                         | yes    |        5 | [alive, waiting, waiting with timeout, parked]         |
| [block-manager-ask-thread-pool-77](#thread-242)                                                            |   104 B |    504 B |                4.6 KB | `java/net/URLClassLoader @ 0x80f000a0`                         | yes    |        5 | [alive, waiting, waiting with timeout, parked]         |
| [block-manager-ask-thread-pool-78](#thread-243)                                                            |   104 B |    504 B |                4.6 KB | `java/net/URLClassLoader @ 0x80f000a0`                         | yes    |        5 | [alive, waiting, waiting with timeout, parked]         |
| [block-manager-ask-thread-pool-79](#thread-244)                                                            |   104 B |    504 B |                4.6 KB | `java/net/URLClassLoader @ 0x80f000a0`                         | yes    |        5 | [alive, waiting, waiting with timeout, parked]         |
| [block-manager-ask-thread-pool-80](#thread-245)                                                            |   104 B |    504 B |                4.6 KB | `java/net/URLClassLoader @ 0x80f000a0`                         | yes    |        5 | [alive, waiting, waiting with timeout, parked]         |
| [block-manager-ask-thread-pool-81](#thread-246)                                                            |   104 B |    504 B |                4.6 KB | `java/net/URLClassLoader @ 0x80f000a0`                         | yes    |        5 | [alive, waiting, waiting with timeout, parked]         |
| [block-manager-ask-thread-pool-82](#thread-247)                                                            |   104 B |    504 B |                4.6 KB | `java/net/URLClassLoader @ 0x80f000a0`                         | yes    |        5 | [alive, waiting, waiting with timeout, parked]         |
| [block-manager-ask-thread-pool-83](#thread-248)                                                            |   104 B |    504 B |                4.6 KB | `java/net/URLClassLoader @ 0x80f000a0`                         | yes    |        5 | [alive, waiting, waiting with timeout, parked]         |
| [block-manager-ask-thread-pool-84](#thread-249)                                                            |   104 B |    504 B |                4.6 KB | `java/net/URLClassLoader @ 0x80f000a0`                         | yes    |        5 | [alive, waiting, waiting with timeout, parked]         |
| [block-manager-ask-thread-pool-85](#thread-250)                                                            |   104 B |    504 B |                4.6 KB | `java/net/URLClassLoader @ 0x80f000a0`                         | yes    |        5 | [alive, waiting, waiting with timeout, parked]         |
| [block-manager-ask-thread-pool-86](#thread-251)                                                            |   104 B |    368 B |                4.6 KB | `java/net/URLClassLoader @ 0x80f000a0`                         | yes    |        5 | [alive, waiting, waiting with timeout, parked]         |
| [block-manager-ask-thread-pool-87](#thread-252)                                                            |   104 B |    504 B |                4.6 KB | `java/net/URLClassLoader @ 0x80f000a0`                         | yes    |        5 | [alive, waiting, waiting with timeout, parked]         |
| [block-manager-ask-thread-pool-88](#thread-253)                                                            |   104 B |    368 B |                4.6 KB | `java/net/URLClassLoader @ 0x80f000a0`                         | yes    |        5 | [alive, waiting, waiting with timeout, parked]         |
| [block-manager-ask-thread-pool-89](#thread-254)                                                            |   104 B |    504 B |                4.6 KB | `java/net/URLClassLoader @ 0x80f000a0`                         | yes    |        5 | [alive, waiting, waiting with timeout, parked]         |
| [block-manager-ask-thread-pool-90](#thread-255)                                                            |   104 B |    368 B |                4.6 KB | `java/net/URLClassLoader @ 0x80f000a0`                         | yes    |        5 | [alive, waiting, waiting with timeout, parked]         |
| [block-manager-ask-thread-pool-91](#thread-256)                                                            |   104 B |    504 B |                4.6 KB | `java/net/URLClassLoader @ 0x80f000a0`                         | yes    |        5 | [alive, waiting, waiting with timeout, parked]         |
| [block-manager-ask-thread-pool-92](#thread-257)                                                            |   104 B |    368 B |                4.6 KB | `java/net/URLClassLoader @ 0x80f000a0`                         | yes    |        5 | [alive, waiting, waiting with timeout, parked]         |
| [block-manager-ask-thread-pool-93](#thread-258)                                                            |   104 B |    504 B |                4.6 KB | `java/net/URLClassLoader @ 0x80f000a0`                         | yes    |        5 | [alive, waiting, waiting with timeout, parked]         |
| [block-manager-ask-thread-pool-94](#thread-259)                                                            |   104 B |    368 B |                4.6 KB | `java/net/URLClassLoader @ 0x80f000a0`                         | yes    |        5 | [alive, waiting, waiting with timeout, parked]         |
| [block-manager-ask-thread-pool-95](#thread-260)                                                            |   104 B |    504 B |                4.6 KB | `java/net/URLClassLoader @ 0x80f000a0`                         | yes    |        5 | [alive, waiting, waiting with timeout, parked]         |
| [block-manager-ask-thread-pool-96](#thread-261)                                                            |   104 B |    368 B |                4.6 KB | `java/net/URLClassLoader @ 0x80f000a0`                         | yes    |        5 | [alive, waiting, waiting with timeout, parked]         |
| [block-manager-ask-thread-pool-97](#thread-262)                                                            |   104 B |    504 B |                4.6 KB | `java/net/URLClassLoader @ 0x80f000a0`                         | yes    |        5 | [alive, waiting, waiting with timeout, parked]         |
| [block-manager-ask-thread-pool-98](#thread-263)                                                            |   104 B |    368 B |                4.6 KB | `java/net/URLClassLoader @ 0x80f000a0`                         | yes    |        5 | [alive, waiting, waiting with timeout, parked]         |
| [block-manager-ask-thread-pool-99](#thread-264)                                                            |   104 B |    504 B |                4.6 KB | `java/net/URLClassLoader @ 0x80f000a0`                         | yes    |        5 | [alive, waiting, waiting with timeout, parked]         |

<a id="thread-1"></a>

### Thread 1 "main" (java/lang/Thread)

_Local roots: 207._

**Local root objects:**

| Object                                                |  Shallow | Retained |
| ----------------------------------------------------- | -------: | -------: |
| `java/net/URLClassLoader`                             |     88 B |   2.6 MB |
| `org/apache/xbean/asm9/ClassReader`                   |     48 B | 200.4 KB |
| `org/apache/xbean/asm9/ClassReader`                   |     48 B | 200.4 KB |
| `org/apache/xbean/asm9/ClassReader`                   |     48 B | 200.4 KB |
| `[B`                                                  | 177.5 KB | 177.5 KB |
| `[C`                                                  |  35.8 KB |  35.8 KB |
| `[Lorg/apache/xbean/asm9/Label;`                      |    696 B |   1.5 KB |
| `org/apache/xbean/asm9/Context`                       |     88 B |    200 B |
| `org/apache/xbean/asm9/Context`                       |     88 B |    200 B |
| `scala/collection/mutable/HashMap`                    |     32 B |    112 B |
| `java/lang/invoke/SerializedLambda`                   |     56 B |     80 B |
| `java/lang/String`                                    |     24 B |     64 B |
| `java/lang/String`                                    |     24 B |     64 B |
| `org/apache/spark/util/ReturnStatementFinder`         |     24 B |     40 B |
| `org/apache/spark/util/ReturnStatementFinder`         |     24 B |     40 B |
| `org/apache/spark/util/ReturnStatementFinder$$anon$3` |     24 B |     24 B |
| `org/apache/spark/util/ReturnStatementFinder$$anon$3` |     24 B |     24 B |
| `org/apache/spark/util/ClosureCleaner$`               |     16 B |     16 B |
| `org/apache/spark/rdd/RDD$$Lambda+0x00007b0ac09a4ef0` |     16 B |     16 B |
| `scala/Some`                                          |     16 B |     16 B |

- `org.apache.xbean.asm9.ClassReader.readCode (ClassReader.java:2262)`
  - `org.apache.xbean.asm9.ClassReader` retains 200.4 KB (25.5%)
  - `byte[]` retains 177.5 KB (22.5%)
  - `char[]` retains 35.8 KB (4.5%)
  - `org.apache.xbean.asm9.Label[]` retains 1.5 KB (0.2%)
  - `org.apache.xbean.asm9.Context` retains 200 B (0.0%)
  - `org.apache.spark.util.ReturnStatementFinder$$anon$3` retains 24 B (0.0%)
- `org.apache.xbean.asm9.ClassReader.readMethod (ClassReader.java:1514)`
  - `org.apache.spark.util.ReturnStatementFinder$$anon$3` retains 24 B (0.0%)
- `org.apache.xbean.asm9.ClassReader.accept (ClassReader.java:744)`
  - `org.apache.xbean.asm9.ClassReader` retains 200.4 KB (25.5%)
  - `org.apache.xbean.asm9.Context` retains 200 B (0.0%)
  - `org.apache.spark.util.ReturnStatementFinder` retains 40 B (0.0%)
- `org.apache.xbean.asm9.ClassReader.accept (ClassReader.java:424)`
  - `org.apache.xbean.asm9.ClassReader` retains 200.4 KB (25.5%)
  - `org.apache.spark.util.ReturnStatementFinder` retains 40 B (0.0%)
- `org.apache.spark.util.ClosureCleaner$.clean (ClosureCleaner.scala:360)`
  - `java.net.URLClassLoader` retains 2.6 MB (342.1%)
  - `scala.collection.mutable.HashMap` retains 112 B (0.0%)
  - `java.lang.invoke.SerializedLambda` retains 80 B (0.0%)
  - `java.lang.String` retains 64 B (0.0%)
  - `java.lang.String` retains 64 B (0.0%)
  - `org.apache.spark.rdd.RDD$$Lambda+0x00007b0ac09a4ef0` retains 16 B (0.0%)
  - `org.apache.spark.util.ClosureCleaner$` retains 16 B (0.0%)
  - `scala.Some` retains 16 B (0.0%)

<a id="thread-2"></a>

### Thread 2 "Reference Handler" (java/lang/ref/Reference$ReferenceHandler)

- `java.lang.ref.Reference.waitForReferencePendingList (Native Method)`
- `java.lang.ref.Reference.processPendingReferences (Reference.java:246)`
- `java.lang.ref.Reference$ReferenceHandler.run (Reference.java:208)`

<a id="thread-3"></a>

### Thread 3 "Finalizer" (java/lang/ref/Finalizer$FinalizerThread)

_Local roots: 7._

**Local root objects:**

| Object                                    | Shallow | Retained |
| ----------------------------------------- | ------: | -------: |
| `java/lang/ref/NativeReferenceQueue`      |    40 B |     40 B |
| `java/lang/ref/NativeReferenceQueue`      |    40 B |     40 B |
| `java/lang/ref/NativeReferenceQueue`      |    40 B |     40 B |
| `java/lang/ref/NativeReferenceQueue$Lock` |    16 B |     16 B |
| `java/lang/ref/NativeReferenceQueue$Lock` |    16 B |     16 B |
| `java/lang/ref/NativeReferenceQueue$Lock` |    16 B |     16 B |
| `java/lang/System$2`                      |    16 B |     16 B |

- `java.lang.Object.wait (Object.java:366)`
  - `java.lang.ref.NativeReferenceQueue$Lock` retains 16 B (7.7%)
- `java.lang.Object.wait (Object.java:339)`
  - `java.lang.ref.NativeReferenceQueue$Lock` retains 16 B (7.7%)
- `java.lang.ref.NativeReferenceQueue.await (NativeReferenceQueue.java:48)`
  - `java.lang.ref.NativeReferenceQueue` retains 40 B (19.2%)
- `java.lang.ref.ReferenceQueue.remove0 (ReferenceQueue.java:158)`
  - `java.lang.ref.NativeReferenceQueue` retains 40 B (19.2%)
- `java.lang.ref.NativeReferenceQueue.remove (NativeReferenceQueue.java:89)`
  - `java.lang.ref.NativeReferenceQueue` retains 40 B (19.2%)
  - `java.lang.ref.NativeReferenceQueue$Lock` retains 16 B (7.7%)
- `java.lang.ref.Finalizer$FinalizerThread.run (Finalizer.java:173)`
  - `java.lang.System$2` retains 16 B (7.7%)

<a id="thread-6"></a>

### Thread 6 "Common-Cleaner" (jdk/internal/misc/InnocuousThread)

_Local roots: 12._

**Local root objects:**

| Object                                                                  | Shallow | Retained |
| ----------------------------------------------------------------------- | ------: | -------: |
| `java/lang/Class`                                                       |    32 B |    128 B |
| `java/lang/Class`                                                       |    32 B |    128 B |
| `java/util/concurrent/TimeUnit`                                         |    80 B |     80 B |
| `java/lang/ref/ReferenceQueue`                                          |    32 B |     48 B |
| `java/lang/ref/ReferenceQueue`                                          |    32 B |     48 B |
| `java/lang/ref/ReferenceQueue`                                          |    32 B |     48 B |
| `java/util/concurrent/locks/AbstractQueuedSynchronizer$ConditionNode`   |    32 B |     32 B |
| `java/util/concurrent/locks/AbstractQueuedSynchronizer$ConditionObject` |    24 B |     24 B |
| `java/util/concurrent/locks/AbstractQueuedSynchronizer$ConditionObject` |    24 B |     24 B |
| `jdk/internal/ref/CleanerImpl`                                          |    24 B |     24 B |
| `jdk/internal/ref/CleanerImpl`                                          |    24 B |     24 B |
| `jdk/internal/ref/CleanerImpl`                                          |    24 B |     24 B |

- `java.util.concurrent.locks.LockSupport.parkNanos (LockSupport.java:269)`
  - `java.util.concurrent.locks.AbstractQueuedSynchronizer$ConditionObject` retains 24 B (14.3%)
- `java.util.concurrent.locks.AbstractQueuedSynchronizer$ConditionObject.await (AbstractQueuedSynchronizer.java:1886)`
  - `java.util.concurrent.TimeUnit` retains 80 B (47.6%)
  - `java.util.concurrent.locks.AbstractQueuedSynchronizer$ConditionNode` retains 32 B (19.0%)
  - `java.util.concurrent.locks.AbstractQueuedSynchronizer$ConditionObject` retains 24 B (14.3%)
- `java.lang.ref.ReferenceQueue.await (ReferenceQueue.java:71)`
  - `java.lang.ref.ReferenceQueue` retains 48 B (28.6%)
- `java.lang.ref.ReferenceQueue.remove0 (ReferenceQueue.java:143)`
  - `java.lang.ref.ReferenceQueue` retains 48 B (28.6%)
- `java.lang.ref.ReferenceQueue.remove (ReferenceQueue.java:218)`
  - `java.lang.ref.ReferenceQueue` retains 48 B (28.6%)
- `jdk.internal.ref.CleanerImpl.run (CleanerImpl.java:140)`
  - `jdk.internal.ref.CleanerImpl` retains 24 B (14.3%)
- `java.lang.Thread.runWith (Thread.java:1596)`
  - `java.lang.Class` retains 128 B (76.2%)
  - `jdk.internal.ref.CleanerImpl` retains 24 B (14.3%)
- `java.lang.Thread.run (Thread.java:1583)`
  - `java.lang.Class` retains 128 B (76.2%)
  - `jdk.internal.ref.CleanerImpl` retains 24 B (14.3%)

<a id="thread-7"></a>

### Thread 7 "process reaper" (jdk/internal/misc/InnocuousThread)

_Local roots: 16._

**Local root objects:**

| Object                                              | Shallow | Retained |
| --------------------------------------------------- | ------: | -------: |
| `java/util/concurrent/ThreadPoolExecutor`           |    80 B |    368 B |
| `java/util/concurrent/ThreadPoolExecutor`           |    80 B |    368 B |
| `java/lang/Class`                                   |    32 B |    128 B |
| `java/lang/Class`                                   |    32 B |    128 B |
| `java/util/concurrent/TimeUnit`                     |    80 B |     80 B |
| `java/util/concurrent/ThreadPoolExecutor$Worker`    |    48 B |     48 B |
| `java/util/concurrent/ThreadPoolExecutor$Worker`    |    48 B |     48 B |
| `java/util/concurrent/ThreadPoolExecutor$Worker`    |    48 B |     48 B |
| `java/util/concurrent/ThreadPoolExecutor$Worker`    |    48 B |     48 B |
| `java/util/concurrent/LinkedTransferQueue$DualNode` |    32 B |     32 B |
| `java/util/concurrent/LinkedTransferQueue$DualNode` |    32 B |     32 B |
| `java/util/concurrent/SynchronousQueue`             |    32 B |     32 B |
| `java/util/concurrent/SynchronousQueue`             |    32 B |     32 B |
| `java/util/concurrent/SynchronousQueue$Transferer`  |    24 B |     24 B |
| `java/util/concurrent/SynchronousQueue$Transferer`  |    24 B |     24 B |
| `java/util/concurrent/SynchronousQueue$Transferer`  |    24 B |     24 B |

- `java.util.concurrent.LinkedTransferQueue$DualNode.await (LinkedTransferQueue.java:452)`
  - `java.util.concurrent.LinkedTransferQueue$DualNode` retains 32 B (19.0%)
  - `java.util.concurrent.SynchronousQueue$Transferer` retains 24 B (14.3%)
- `java.util.concurrent.SynchronousQueue$Transferer.xferLifo (SynchronousQueue.java:194)`
  - `java.util.concurrent.LinkedTransferQueue$DualNode` retains 32 B (19.0%)
  - `java.util.concurrent.SynchronousQueue$Transferer` retains 24 B (14.3%)
- `java.util.concurrent.SynchronousQueue.xfer (SynchronousQueue.java:235)`
  - `java.util.concurrent.SynchronousQueue` retains 32 B (19.0%)
  - `java.util.concurrent.SynchronousQueue$Transferer` retains 24 B (14.3%)
- `java.util.concurrent.SynchronousQueue.poll (SynchronousQueue.java:338)`
  - `java.util.concurrent.TimeUnit` retains 80 B (47.6%)
  - `java.util.concurrent.SynchronousQueue` retains 32 B (19.0%)
- `java.util.concurrent.ThreadPoolExecutor.getTask (ThreadPoolExecutor.java:1069)`
  - `java.util.concurrent.ThreadPoolExecutor` retains 368 B (219.0%)
- `java.util.concurrent.ThreadPoolExecutor.runWorker (ThreadPoolExecutor.java:1130)`
  - `java.util.concurrent.ThreadPoolExecutor` retains 368 B (219.0%)
  - `java.util.concurrent.ThreadPoolExecutor$Worker` retains 48 B (28.6%)
- `java.util.concurrent.ThreadPoolExecutor$Worker.run (ThreadPoolExecutor.java:642)`
  - `java.util.concurrent.ThreadPoolExecutor$Worker` retains 48 B (28.6%)
- `java.lang.Thread.runWith (Thread.java:1596)`
  - `java.lang.Class` retains 128 B (76.2%)
  - `java.util.concurrent.ThreadPoolExecutor$Worker` retains 48 B (28.6%)
- `java.lang.Thread.run (Thread.java:1583)`
  - `java.lang.Class` retains 128 B (76.2%)
  - `java.util.concurrent.ThreadPoolExecutor$Worker` retains 48 B (28.6%)

<a id="thread-8"></a>

### Thread 8 "rpc-boss-3-1" (io/netty/util/concurrent/FastThreadLocalThread)

_Local roots: 15._

**Local root objects:**

| Object                                                 | Shallow | Retained |
| ------------------------------------------------------ | ------: | -------: |
| `io/netty/channel/nio/NioEventLoop`                    |   152 B |   9.7 KB |
| `io/netty/channel/nio/NioEventLoop`                    |   152 B |   9.7 KB |
| `io/netty/channel/nio/SelectedSelectionKeySet`         |    24 B |   4.0 KB |
| `sun/nio/ch/EPollSelectorImpl`                         |    88 B |    752 B |
| `sun/nio/ch/EPollSelectorImpl`                         |    88 B |    752 B |
| `sun/nio/ch/EPollSelectorImpl`                         |    88 B |    752 B |
| `sun/nio/ch/EPollSelectorImpl`                         |    88 B |    752 B |
| `java/lang/Class`                                      |    32 B |    128 B |
| `java/lang/Class`                                      |    32 B |    128 B |
| `io/netty/channel/nio/SelectedSelectionKeySetSelector` |    24 B |     24 B |
| `io/netty/util/internal/ThreadExecutorMap$2`           |    24 B |     24 B |
| `io/netty/util/concurrent/SingleThreadEventExecutor$4` |    16 B |     16 B |
| `io/netty/util/concurrent/FastThreadLocalRunnable`     |    16 B |     16 B |
| `io/netty/util/concurrent/FastThreadLocalRunnable`     |    16 B |     16 B |
| `io/netty/util/concurrent/FastThreadLocalRunnable`     |    16 B |     16 B |

- `sun.nio.ch.EPollSelectorImpl.doSelect (EPollSelectorImpl.java:121)`
  - `sun.nio.ch.EPollSelectorImpl` retains 752 B (38.1%)
- `sun.nio.ch.SelectorImpl.lockAndDoSelect (SelectorImpl.java:130)`
  - `io.netty.channel.nio.SelectedSelectionKeySet` retains 4.0 KB (209.3%)
  - `sun.nio.ch.EPollSelectorImpl` retains 752 B (38.1%)
  - `sun.nio.ch.EPollSelectorImpl` retains 752 B (38.1%)
- `sun.nio.ch.SelectorImpl.select (SelectorImpl.java:147)`
  - `sun.nio.ch.EPollSelectorImpl` retains 752 B (38.1%)
- `io.netty.channel.nio.SelectedSelectionKeySetSelector.select (SelectedSelectionKeySetSelector.java:68)`
  - `io.netty.channel.nio.SelectedSelectionKeySetSelector` retains 24 B (1.2%)
- `io.netty.channel.nio.NioEventLoop.select (NioEventLoop.java:879)`
  - `io.netty.channel.nio.NioEventLoop` retains 9.7 KB (502.0%)
- `io.netty.channel.nio.NioEventLoop.run (NioEventLoop.java:526)`
  - `io.netty.channel.nio.NioEventLoop` retains 9.7 KB (502.0%)
- `io.netty.util.concurrent.SingleThreadEventExecutor$4.run (SingleThreadEventExecutor.java:997)`
  - `io.netty.util.concurrent.SingleThreadEventExecutor$4` retains 16 B (0.8%)
- `io.netty.util.internal.ThreadExecutorMap$2.run (ThreadExecutorMap.java:74)`
  - `io.netty.util.internal.ThreadExecutorMap$2` retains 24 B (1.2%)
- `io.netty.util.concurrent.FastThreadLocalRunnable.run (FastThreadLocalRunnable.java:30)`
  - `io.netty.util.concurrent.FastThreadLocalRunnable` retains 16 B (0.8%)
- `java.lang.Thread.runWith (Thread.java:1596)`
  - `java.lang.Class` retains 128 B (6.5%)
  - `io.netty.util.concurrent.FastThreadLocalRunnable` retains 16 B (0.8%)
- `java.lang.Thread.run (Thread.java:1583)`
  - `java.lang.Class` retains 128 B (6.5%)
  - `io.netty.util.concurrent.FastThreadLocalRunnable` retains 16 B (0.8%)

<a id="thread-9"></a>

### Thread 9 "dispatcher-event-loop-0" (java/lang/Thread)

_Local roots: 17._

**Local root objects:**

| Object                                                                  | Shallow | Retained |
| ----------------------------------------------------------------------- | ------: | -------: |
| `java/util/concurrent/ThreadPoolExecutor`                               |    80 B |    896 B |
| `org/apache/spark/rpc/netty/SharedMessageLoop`                          |    48 B |    712 B |
| `java/util/concurrent/LinkedBlockingQueue`                              |    48 B |    144 B |
| `java/lang/Class`                                                       |    32 B |    128 B |
| `java/lang/Class`                                                       |    32 B |    128 B |
| `java/util/concurrent/ThreadPoolExecutor$Worker`                        |    48 B |     48 B |
| `java/util/concurrent/ThreadPoolExecutor$Worker`                        |    48 B |     48 B |
| `java/util/concurrent/ThreadPoolExecutor$Worker`                        |    48 B |     48 B |
| `java/util/concurrent/ThreadPoolExecutor$Worker`                        |    48 B |     48 B |
| `java/util/concurrent/locks/AbstractQueuedSynchronizer$ConditionNode`   |    32 B |     32 B |
| `java/util/concurrent/locks/AbstractQueuedSynchronizer$ConditionNode`   |    32 B |     32 B |
| `java/util/concurrent/locks/AbstractQueuedSynchronizer$ConditionNode`   |    32 B |     32 B |
| `java/util/concurrent/locks/AbstractQueuedSynchronizer$ConditionObject` |    24 B |     24 B |
| `java/util/concurrent/atomic/AtomicInteger`                             |    16 B |     16 B |
| `java/util/concurrent/locks/ReentrantLock`                              |    16 B |     16 B |
| `org/apache/spark/rpc/netty/MessageLoop$$anon$1`                        |    16 B |     16 B |
| `org/apache/spark/rpc/netty/MessageLoop$$anon$1`                        |    16 B |     16 B |

- `java.util.concurrent.locks.AbstractQueuedSynchronizer$ConditionNode.block (AbstractQueuedSynchronizer.java:519)`
  - `java.util.concurrent.locks.AbstractQueuedSynchronizer$ConditionNode` retains 32 B (5.3%)
- `java.util.concurrent.ForkJoinPool.unmanagedBlock (ForkJoinPool.java:3780)`
  - `java.util.concurrent.locks.AbstractQueuedSynchronizer$ConditionNode` retains 32 B (5.3%)
- `java.util.concurrent.locks.AbstractQueuedSynchronizer$ConditionObject.await (AbstractQueuedSynchronizer.java:1746)`
  - `java.util.concurrent.locks.AbstractQueuedSynchronizer$ConditionNode` retains 32 B (5.3%)
  - `java.util.concurrent.locks.AbstractQueuedSynchronizer$ConditionObject` retains 24 B (4.0%)
- `java.util.concurrent.LinkedBlockingQueue.take (LinkedBlockingQueue.java:435)`
  - `java.util.concurrent.LinkedBlockingQueue` retains 144 B (24.0%)
  - `java.util.concurrent.atomic.AtomicInteger` retains 16 B (2.7%)
  - `java.util.concurrent.locks.ReentrantLock` retains 16 B (2.7%)
- `org.apache.spark.rpc.netty.MessageLoop.org$apache$spark$rpc$netty$MessageLoop$$receiveLoop (MessageLoop.scala:69)`
  - `org.apache.spark.rpc.netty.SharedMessageLoop` retains 712 B (118.7%)
- `org.apache.spark.rpc.netty.MessageLoop$$anon$1.run (MessageLoop.scala:41)`
  - `org.apache.spark.rpc.netty.MessageLoop$$anon$1` retains 16 B (2.7%)
- `java.util.concurrent.ThreadPoolExecutor.runWorker (ThreadPoolExecutor.java:1144)`
  - `java.util.concurrent.ThreadPoolExecutor` retains 896 B (149.3%)
  - `java.util.concurrent.ThreadPoolExecutor$Worker` retains 48 B (8.0%)
  - `org.apache.spark.rpc.netty.MessageLoop$$anon$1` retains 16 B (2.7%)
- `java.util.concurrent.ThreadPoolExecutor$Worker.run (ThreadPoolExecutor.java:642)`
  - `java.util.concurrent.ThreadPoolExecutor$Worker` retains 48 B (8.0%)
- `java.lang.Thread.runWith (Thread.java:1596)`
  - `java.lang.Class` retains 128 B (21.3%)
  - `java.util.concurrent.ThreadPoolExecutor$Worker` retains 48 B (8.0%)
- `java.lang.Thread.run (Thread.java:1583)`
  - `java.lang.Class` retains 128 B (21.3%)
  - `java.util.concurrent.ThreadPoolExecutor$Worker` retains 48 B (8.0%)

<a id="thread-10"></a>

### Thread 10 "dispatcher-event-loop-1" (java/lang/Thread)

_Local roots: 17._

**Local root objects:**

| Object                                                                  | Shallow | Retained |
| ----------------------------------------------------------------------- | ------: | -------: |
| `java/util/concurrent/ThreadPoolExecutor`                               |    80 B |    896 B |
| `org/apache/spark/rpc/netty/SharedMessageLoop`                          |    48 B |    712 B |
| `java/util/concurrent/LinkedBlockingQueue`                              |    48 B |    144 B |
| `java/lang/Class`                                                       |    32 B |    128 B |
| `java/lang/Class`                                                       |    32 B |    128 B |
| `java/util/concurrent/ThreadPoolExecutor$Worker`                        |    48 B |     48 B |
| `java/util/concurrent/ThreadPoolExecutor$Worker`                        |    48 B |     48 B |
| `java/util/concurrent/ThreadPoolExecutor$Worker`                        |    48 B |     48 B |
| `java/util/concurrent/ThreadPoolExecutor$Worker`                        |    48 B |     48 B |
| `java/util/concurrent/locks/AbstractQueuedSynchronizer$ConditionNode`   |    32 B |     32 B |
| `java/util/concurrent/locks/AbstractQueuedSynchronizer$ConditionNode`   |    32 B |     32 B |
| `java/util/concurrent/locks/AbstractQueuedSynchronizer$ConditionNode`   |    32 B |     32 B |
| `java/util/concurrent/locks/AbstractQueuedSynchronizer$ConditionObject` |    24 B |     24 B |
| `java/util/concurrent/atomic/AtomicInteger`                             |    16 B |     16 B |
| `java/util/concurrent/locks/ReentrantLock`                              |    16 B |     16 B |
| `org/apache/spark/rpc/netty/MessageLoop$$anon$1`                        |    16 B |     16 B |
| `org/apache/spark/rpc/netty/MessageLoop$$anon$1`                        |    16 B |     16 B |

- `java.util.concurrent.locks.AbstractQueuedSynchronizer$ConditionNode.block (AbstractQueuedSynchronizer.java:519)`
  - `java.util.concurrent.locks.AbstractQueuedSynchronizer$ConditionNode` retains 32 B (5.6%)
- `java.util.concurrent.ForkJoinPool.unmanagedBlock (ForkJoinPool.java:3780)`
  - `java.util.concurrent.locks.AbstractQueuedSynchronizer$ConditionNode` retains 32 B (5.6%)
- `java.util.concurrent.locks.AbstractQueuedSynchronizer$ConditionObject.await (AbstractQueuedSynchronizer.java:1746)`
  - `java.util.concurrent.locks.AbstractQueuedSynchronizer$ConditionNode` retains 32 B (5.6%)
  - `java.util.concurrent.locks.AbstractQueuedSynchronizer$ConditionObject` retains 24 B (4.2%)
- `java.util.concurrent.LinkedBlockingQueue.take (LinkedBlockingQueue.java:435)`
  - `java.util.concurrent.LinkedBlockingQueue` retains 144 B (25.4%)
  - `java.util.concurrent.atomic.AtomicInteger` retains 16 B (2.8%)
  - `java.util.concurrent.locks.ReentrantLock` retains 16 B (2.8%)
- `org.apache.spark.rpc.netty.MessageLoop.org$apache$spark$rpc$netty$MessageLoop$$receiveLoop (MessageLoop.scala:69)`
  - `org.apache.spark.rpc.netty.SharedMessageLoop` retains 712 B (125.4%)
- `org.apache.spark.rpc.netty.MessageLoop$$anon$1.run (MessageLoop.scala:41)`
  - `org.apache.spark.rpc.netty.MessageLoop$$anon$1` retains 16 B (2.8%)
- `java.util.concurrent.ThreadPoolExecutor.runWorker (ThreadPoolExecutor.java:1144)`
  - `java.util.concurrent.ThreadPoolExecutor` retains 896 B (157.7%)
  - `java.util.concurrent.ThreadPoolExecutor$Worker` retains 48 B (8.5%)
  - `org.apache.spark.rpc.netty.MessageLoop$$anon$1` retains 16 B (2.8%)
- `java.util.concurrent.ThreadPoolExecutor$Worker.run (ThreadPoolExecutor.java:642)`
  - `java.util.concurrent.ThreadPoolExecutor$Worker` retains 48 B (8.5%)
- `java.lang.Thread.runWith (Thread.java:1596)`
  - `java.lang.Class` retains 128 B (22.5%)
  - `java.util.concurrent.ThreadPoolExecutor$Worker` retains 48 B (8.5%)
- `java.lang.Thread.run (Thread.java:1583)`
  - `java.lang.Class` retains 128 B (22.5%)
  - `java.util.concurrent.ThreadPoolExecutor$Worker` retains 48 B (8.5%)

<a id="thread-11"></a>

### Thread 11 "dispatcher-event-loop-2" (java/lang/Thread)

_Local roots: 17._

**Local root objects:**

| Object                                                                  | Shallow | Retained |
| ----------------------------------------------------------------------- | ------: | -------: |
| `java/util/concurrent/ThreadPoolExecutor`                               |    80 B |    896 B |
| `org/apache/spark/rpc/netty/SharedMessageLoop`                          |    48 B |    712 B |
| `java/util/concurrent/LinkedBlockingQueue`                              |    48 B |    144 B |
| `java/lang/Class`                                                       |    32 B |    128 B |
| `java/lang/Class`                                                       |    32 B |    128 B |
| `java/util/concurrent/ThreadPoolExecutor$Worker`                        |    48 B |     48 B |
| `java/util/concurrent/ThreadPoolExecutor$Worker`                        |    48 B |     48 B |
| `java/util/concurrent/ThreadPoolExecutor$Worker`                        |    48 B |     48 B |
| `java/util/concurrent/ThreadPoolExecutor$Worker`                        |    48 B |     48 B |
| `java/util/concurrent/locks/AbstractQueuedSynchronizer$ConditionNode`   |    32 B |     32 B |
| `java/util/concurrent/locks/AbstractQueuedSynchronizer$ConditionNode`   |    32 B |     32 B |
| `java/util/concurrent/locks/AbstractQueuedSynchronizer$ConditionNode`   |    32 B |     32 B |
| `java/util/concurrent/locks/AbstractQueuedSynchronizer$ConditionObject` |    24 B |     24 B |
| `java/util/concurrent/atomic/AtomicInteger`                             |    16 B |     16 B |
| `java/util/concurrent/locks/ReentrantLock`                              |    16 B |     16 B |
| `org/apache/spark/rpc/netty/MessageLoop$$anon$1`                        |    16 B |     16 B |
| `org/apache/spark/rpc/netty/MessageLoop$$anon$1`                        |    16 B |     16 B |

- `java.util.concurrent.locks.AbstractQueuedSynchronizer$ConditionNode.block (AbstractQueuedSynchronizer.java:519)`
  - `java.util.concurrent.locks.AbstractQueuedSynchronizer$ConditionNode` retains 32 B (5.6%)
- `java.util.concurrent.ForkJoinPool.unmanagedBlock (ForkJoinPool.java:3780)`
  - `java.util.concurrent.locks.AbstractQueuedSynchronizer$ConditionNode` retains 32 B (5.6%)
- `java.util.concurrent.locks.AbstractQueuedSynchronizer$ConditionObject.await (AbstractQueuedSynchronizer.java:1746)`
  - `java.util.concurrent.locks.AbstractQueuedSynchronizer$ConditionNode` retains 32 B (5.6%)
  - `java.util.concurrent.locks.AbstractQueuedSynchronizer$ConditionObject` retains 24 B (4.2%)
- `java.util.concurrent.LinkedBlockingQueue.take (LinkedBlockingQueue.java:435)`
  - `java.util.concurrent.LinkedBlockingQueue` retains 144 B (25.4%)
  - `java.util.concurrent.atomic.AtomicInteger` retains 16 B (2.8%)
  - `java.util.concurrent.locks.ReentrantLock` retains 16 B (2.8%)
- `org.apache.spark.rpc.netty.MessageLoop.org$apache$spark$rpc$netty$MessageLoop$$receiveLoop (MessageLoop.scala:69)`
  - `org.apache.spark.rpc.netty.SharedMessageLoop` retains 712 B (125.4%)
- `org.apache.spark.rpc.netty.MessageLoop$$anon$1.run (MessageLoop.scala:41)`
  - `org.apache.spark.rpc.netty.MessageLoop$$anon$1` retains 16 B (2.8%)
- `java.util.concurrent.ThreadPoolExecutor.runWorker (ThreadPoolExecutor.java:1144)`
  - `java.util.concurrent.ThreadPoolExecutor` retains 896 B (157.7%)
  - `java.util.concurrent.ThreadPoolExecutor$Worker` retains 48 B (8.5%)
  - `org.apache.spark.rpc.netty.MessageLoop$$anon$1` retains 16 B (2.8%)
- `java.util.concurrent.ThreadPoolExecutor$Worker.run (ThreadPoolExecutor.java:642)`
  - `java.util.concurrent.ThreadPoolExecutor$Worker` retains 48 B (8.5%)
- `java.lang.Thread.runWith (Thread.java:1596)`
  - `java.lang.Class` retains 128 B (22.5%)
  - `java.util.concurrent.ThreadPoolExecutor$Worker` retains 48 B (8.5%)
- `java.lang.Thread.run (Thread.java:1583)`
  - `java.lang.Class` retains 128 B (22.5%)
  - `java.util.concurrent.ThreadPoolExecutor$Worker` retains 48 B (8.5%)

<a id="thread-12"></a>

### Thread 12 "dispatcher-event-loop-3" (java/lang/Thread)

_Local roots: 17._

**Local root objects:**

| Object                                                                  | Shallow | Retained |
| ----------------------------------------------------------------------- | ------: | -------: |
| `java/util/concurrent/ThreadPoolExecutor`                               |    80 B |    896 B |
| `org/apache/spark/rpc/netty/SharedMessageLoop`                          |    48 B |    712 B |
| `java/util/concurrent/LinkedBlockingQueue`                              |    48 B |    144 B |
| `java/lang/Class`                                                       |    32 B |    128 B |
| `java/lang/Class`                                                       |    32 B |    128 B |
| `java/util/concurrent/ThreadPoolExecutor$Worker`                        |    48 B |     48 B |
| `java/util/concurrent/ThreadPoolExecutor$Worker`                        |    48 B |     48 B |
| `java/util/concurrent/ThreadPoolExecutor$Worker`                        |    48 B |     48 B |
| `java/util/concurrent/ThreadPoolExecutor$Worker`                        |    48 B |     48 B |
| `java/util/concurrent/locks/AbstractQueuedSynchronizer$ConditionNode`   |    32 B |     32 B |
| `java/util/concurrent/locks/AbstractQueuedSynchronizer$ConditionNode`   |    32 B |     32 B |
| `java/util/concurrent/locks/AbstractQueuedSynchronizer$ConditionNode`   |    32 B |     32 B |
| `java/util/concurrent/locks/AbstractQueuedSynchronizer$ConditionObject` |    24 B |     24 B |
| `java/util/concurrent/atomic/AtomicInteger`                             |    16 B |     16 B |
| `java/util/concurrent/locks/ReentrantLock`                              |    16 B |     16 B |
| `org/apache/spark/rpc/netty/MessageLoop$$anon$1`                        |    16 B |     16 B |
| `org/apache/spark/rpc/netty/MessageLoop$$anon$1`                        |    16 B |     16 B |

- `java.util.concurrent.locks.AbstractQueuedSynchronizer$ConditionNode.block (AbstractQueuedSynchronizer.java:519)`
  - `java.util.concurrent.locks.AbstractQueuedSynchronizer$ConditionNode` retains 32 B (4.8%)
- `java.util.concurrent.ForkJoinPool.unmanagedBlock (ForkJoinPool.java:3780)`
  - `java.util.concurrent.locks.AbstractQueuedSynchronizer$ConditionNode` retains 32 B (4.8%)
- `java.util.concurrent.locks.AbstractQueuedSynchronizer$ConditionObject.await (AbstractQueuedSynchronizer.java:1746)`
  - `java.util.concurrent.locks.AbstractQueuedSynchronizer$ConditionNode` retains 32 B (4.8%)
  - `java.util.concurrent.locks.AbstractQueuedSynchronizer$ConditionObject` retains 24 B (3.6%)
- `java.util.concurrent.LinkedBlockingQueue.take (LinkedBlockingQueue.java:435)`
  - `java.util.concurrent.LinkedBlockingQueue` retains 144 B (21.7%)
  - `java.util.concurrent.atomic.AtomicInteger` retains 16 B (2.4%)
  - `java.util.concurrent.locks.ReentrantLock` retains 16 B (2.4%)
- `org.apache.spark.rpc.netty.MessageLoop.org$apache$spark$rpc$netty$MessageLoop$$receiveLoop (MessageLoop.scala:69)`
  - `org.apache.spark.rpc.netty.SharedMessageLoop` retains 712 B (107.2%)
- `org.apache.spark.rpc.netty.MessageLoop$$anon$1.run (MessageLoop.scala:41)`
  - `org.apache.spark.rpc.netty.MessageLoop$$anon$1` retains 16 B (2.4%)
- `java.util.concurrent.ThreadPoolExecutor.runWorker (ThreadPoolExecutor.java:1144)`
  - `java.util.concurrent.ThreadPoolExecutor` retains 896 B (134.9%)
  - `java.util.concurrent.ThreadPoolExecutor$Worker` retains 48 B (7.2%)
  - `org.apache.spark.rpc.netty.MessageLoop$$anon$1` retains 16 B (2.4%)
- `java.util.concurrent.ThreadPoolExecutor$Worker.run (ThreadPoolExecutor.java:642)`
  - `java.util.concurrent.ThreadPoolExecutor$Worker` retains 48 B (7.2%)
- `java.lang.Thread.runWith (Thread.java:1596)`
  - `java.lang.Class` retains 128 B (19.3%)
  - `java.util.concurrent.ThreadPoolExecutor$Worker` retains 48 B (7.2%)
- `java.lang.Thread.run (Thread.java:1583)`
  - `java.lang.Class` retains 128 B (19.3%)
  - `java.util.concurrent.ThreadPoolExecutor$Worker` retains 48 B (7.2%)

<a id="thread-13"></a>

### Thread 13 "map-output-dispatcher-0" (java/lang/Thread)

_Local roots: 17._

**Local root objects:**

| Object                                                                  | Shallow | Retained |
| ----------------------------------------------------------------------- | ------: | -------: |
| `java/util/concurrent/ThreadPoolExecutor`                               |    80 B |   1.0 KB |
| `java/util/concurrent/LinkedBlockingQueue`                              |    48 B |    144 B |
| `java/lang/Class`                                                       |    32 B |    128 B |
| `java/lang/Class`                                                       |    32 B |    128 B |
| `java/util/concurrent/ThreadPoolExecutor$Worker`                        |    48 B |     48 B |
| `java/util/concurrent/ThreadPoolExecutor$Worker`                        |    48 B |     48 B |
| `java/util/concurrent/ThreadPoolExecutor$Worker`                        |    48 B |     48 B |
| `java/util/concurrent/ThreadPoolExecutor$Worker`                        |    48 B |     48 B |
| `java/util/concurrent/locks/AbstractQueuedSynchronizer$ConditionNode`   |    32 B |     32 B |
| `java/util/concurrent/locks/AbstractQueuedSynchronizer$ConditionNode`   |    32 B |     32 B |
| `java/util/concurrent/locks/AbstractQueuedSynchronizer$ConditionNode`   |    32 B |     32 B |
| `java/util/concurrent/locks/AbstractQueuedSynchronizer$ConditionNode`   |    32 B |     32 B |
| `java/util/concurrent/locks/AbstractQueuedSynchronizer$ConditionObject` |    24 B |     24 B |
| `java/util/concurrent/atomic/AtomicInteger`                             |    16 B |     16 B |
| `java/util/concurrent/locks/ReentrantLock`                              |    16 B |     16 B |
| `org/apache/spark/MapOutputTrackerMaster$MessageLoop`                   |    16 B |     16 B |
| `org/apache/spark/MapOutputTrackerMaster$MessageLoop`                   |    16 B |     16 B |

- `java.util.concurrent.locks.AbstractQueuedSynchronizer$ConditionNode.block (AbstractQueuedSynchronizer.java:519)`
  - `java.util.concurrent.locks.AbstractQueuedSynchronizer$ConditionNode` retains 32 B (6.8%)
- `java.util.concurrent.ForkJoinPool.unmanagedBlock (ForkJoinPool.java:3780)`
  - `java.util.concurrent.locks.AbstractQueuedSynchronizer$ConditionNode` retains 32 B (6.8%)
- `java.util.concurrent.ForkJoinPool.managedBlock (ForkJoinPool.java:3725)`
  - `java.util.concurrent.locks.AbstractQueuedSynchronizer$ConditionNode` retains 32 B (6.8%)
- `java.util.concurrent.locks.AbstractQueuedSynchronizer$ConditionObject.await (AbstractQueuedSynchronizer.java:1746)`
  - `java.util.concurrent.locks.AbstractQueuedSynchronizer$ConditionNode` retains 32 B (6.8%)
  - `java.util.concurrent.locks.AbstractQueuedSynchronizer$ConditionObject` retains 24 B (5.1%)
- `java.util.concurrent.LinkedBlockingQueue.take (LinkedBlockingQueue.java:435)`
  - `java.util.concurrent.LinkedBlockingQueue` retains 144 B (30.5%)
  - `java.util.concurrent.atomic.AtomicInteger` retains 16 B (3.4%)
  - `java.util.concurrent.locks.ReentrantLock` retains 16 B (3.4%)
- `org.apache.spark.MapOutputTrackerMaster$MessageLoop.run (MapOutputTracker.scala:759)`
  - `org.apache.spark.MapOutputTrackerMaster$MessageLoop` retains 16 B (3.4%)
- `java.util.concurrent.ThreadPoolExecutor.runWorker (ThreadPoolExecutor.java:1144)`
  - `java.util.concurrent.ThreadPoolExecutor` retains 1.0 KB (216.9%)
  - `java.util.concurrent.ThreadPoolExecutor$Worker` retains 48 B (10.2%)
  - `org.apache.spark.MapOutputTrackerMaster$MessageLoop` retains 16 B (3.4%)
- `java.util.concurrent.ThreadPoolExecutor$Worker.run (ThreadPoolExecutor.java:642)`
  - `java.util.concurrent.ThreadPoolExecutor$Worker` retains 48 B (10.2%)
- `java.lang.Thread.runWith (Thread.java:1596)`
  - `java.lang.Class` retains 128 B (27.1%)
  - `java.util.concurrent.ThreadPoolExecutor$Worker` retains 48 B (10.2%)
- `java.lang.Thread.run (Thread.java:1583)`
  - `java.lang.Class` retains 128 B (27.1%)
  - `java.util.concurrent.ThreadPoolExecutor$Worker` retains 48 B (10.2%)

<a id="thread-14"></a>

### Thread 14 "map-output-dispatcher-1" (java/lang/Thread)

_Local roots: 17._

**Local root objects:**

| Object                                                                  | Shallow | Retained |
| ----------------------------------------------------------------------- | ------: | -------: |
| `java/util/concurrent/ThreadPoolExecutor`                               |    80 B |   1.0 KB |
| `java/util/concurrent/LinkedBlockingQueue`                              |    48 B |    144 B |
| `java/lang/Class`                                                       |    32 B |    128 B |
| `java/lang/Class`                                                       |    32 B |    128 B |
| `java/util/concurrent/ThreadPoolExecutor$Worker`                        |    48 B |     48 B |
| `java/util/concurrent/ThreadPoolExecutor$Worker`                        |    48 B |     48 B |
| `java/util/concurrent/ThreadPoolExecutor$Worker`                        |    48 B |     48 B |
| `java/util/concurrent/ThreadPoolExecutor$Worker`                        |    48 B |     48 B |
| `java/util/concurrent/locks/AbstractQueuedSynchronizer$ConditionNode`   |    32 B |     32 B |
| `java/util/concurrent/locks/AbstractQueuedSynchronizer$ConditionNode`   |    32 B |     32 B |
| `java/util/concurrent/locks/AbstractQueuedSynchronizer$ConditionNode`   |    32 B |     32 B |
| `java/util/concurrent/locks/AbstractQueuedSynchronizer$ConditionNode`   |    32 B |     32 B |
| `java/util/concurrent/locks/AbstractQueuedSynchronizer$ConditionObject` |    24 B |     24 B |
| `org/apache/spark/MapOutputTrackerMaster$MessageLoop`                   |    16 B |     16 B |
| `org/apache/spark/MapOutputTrackerMaster$MessageLoop`                   |    16 B |     16 B |
| `java/util/concurrent/atomic/AtomicInteger`                             |    16 B |     16 B |
| `java/util/concurrent/locks/ReentrantLock`                              |    16 B |     16 B |

- `java.util.concurrent.locks.AbstractQueuedSynchronizer$ConditionNode.block (AbstractQueuedSynchronizer.java:519)`
  - `java.util.concurrent.locks.AbstractQueuedSynchronizer$ConditionNode` retains 32 B (6.8%)
- `java.util.concurrent.ForkJoinPool.unmanagedBlock (ForkJoinPool.java:3780)`
  - `java.util.concurrent.locks.AbstractQueuedSynchronizer$ConditionNode` retains 32 B (6.8%)
- `java.util.concurrent.ForkJoinPool.managedBlock (ForkJoinPool.java:3725)`
  - `java.util.concurrent.locks.AbstractQueuedSynchronizer$ConditionNode` retains 32 B (6.8%)
- `java.util.concurrent.locks.AbstractQueuedSynchronizer$ConditionObject.await (AbstractQueuedSynchronizer.java:1746)`
  - `java.util.concurrent.locks.AbstractQueuedSynchronizer$ConditionNode` retains 32 B (6.8%)
  - `java.util.concurrent.locks.AbstractQueuedSynchronizer$ConditionObject` retains 24 B (5.1%)
- `java.util.concurrent.LinkedBlockingQueue.take (LinkedBlockingQueue.java:435)`
  - `java.util.concurrent.LinkedBlockingQueue` retains 144 B (30.5%)
  - `java.util.concurrent.atomic.AtomicInteger` retains 16 B (3.4%)
  - `java.util.concurrent.locks.ReentrantLock` retains 16 B (3.4%)
- `org.apache.spark.MapOutputTrackerMaster$MessageLoop.run (MapOutputTracker.scala:759)`
  - `org.apache.spark.MapOutputTrackerMaster$MessageLoop` retains 16 B (3.4%)
- `java.util.concurrent.ThreadPoolExecutor.runWorker (ThreadPoolExecutor.java:1144)`
  - `java.util.concurrent.ThreadPoolExecutor` retains 1.0 KB (216.9%)
  - `java.util.concurrent.ThreadPoolExecutor$Worker` retains 48 B (10.2%)
  - `org.apache.spark.MapOutputTrackerMaster$MessageLoop` retains 16 B (3.4%)
- `java.util.concurrent.ThreadPoolExecutor$Worker.run (ThreadPoolExecutor.java:642)`
  - `java.util.concurrent.ThreadPoolExecutor$Worker` retains 48 B (10.2%)
- `java.lang.Thread.runWith (Thread.java:1596)`
  - `java.lang.Class` retains 128 B (27.1%)
  - `java.util.concurrent.ThreadPoolExecutor$Worker` retains 48 B (10.2%)
- `java.lang.Thread.run (Thread.java:1583)`
  - `java.lang.Class` retains 128 B (27.1%)
  - `java.util.concurrent.ThreadPoolExecutor$Worker` retains 48 B (10.2%)

<a id="thread-15"></a>

### Thread 15 "map-output-dispatcher-2" (java/lang/Thread)

_Local roots: 17._

**Local root objects:**

| Object                                                                  | Shallow | Retained |
| ----------------------------------------------------------------------- | ------: | -------: |
| `java/util/concurrent/ThreadPoolExecutor`                               |    80 B |   1.0 KB |
| `java/util/concurrent/LinkedBlockingQueue`                              |    48 B |    144 B |
| `java/lang/Class`                                                       |    32 B |    128 B |
| `java/lang/Class`                                                       |    32 B |    128 B |
| `java/util/concurrent/ThreadPoolExecutor$Worker`                        |    48 B |     48 B |
| `java/util/concurrent/ThreadPoolExecutor$Worker`                        |    48 B |     48 B |
| `java/util/concurrent/ThreadPoolExecutor$Worker`                        |    48 B |     48 B |
| `java/util/concurrent/ThreadPoolExecutor$Worker`                        |    48 B |     48 B |
| `java/util/concurrent/locks/AbstractQueuedSynchronizer$ConditionNode`   |    32 B |     32 B |
| `java/util/concurrent/locks/AbstractQueuedSynchronizer$ConditionNode`   |    32 B |     32 B |
| `java/util/concurrent/locks/AbstractQueuedSynchronizer$ConditionNode`   |    32 B |     32 B |
| `java/util/concurrent/locks/AbstractQueuedSynchronizer$ConditionNode`   |    32 B |     32 B |
| `java/util/concurrent/locks/AbstractQueuedSynchronizer$ConditionObject` |    24 B |     24 B |
| `java/util/concurrent/atomic/AtomicInteger`                             |    16 B |     16 B |
| `java/util/concurrent/locks/ReentrantLock`                              |    16 B |     16 B |
| `org/apache/spark/MapOutputTrackerMaster$MessageLoop`                   |    16 B |     16 B |
| `org/apache/spark/MapOutputTrackerMaster$MessageLoop`                   |    16 B |     16 B |

- `java.util.concurrent.locks.AbstractQueuedSynchronizer$ConditionNode.block (AbstractQueuedSynchronizer.java:519)`
  - `java.util.concurrent.locks.AbstractQueuedSynchronizer$ConditionNode` retains 32 B (6.8%)
- `java.util.concurrent.ForkJoinPool.unmanagedBlock (ForkJoinPool.java:3780)`
  - `java.util.concurrent.locks.AbstractQueuedSynchronizer$ConditionNode` retains 32 B (6.8%)
- `java.util.concurrent.ForkJoinPool.managedBlock (ForkJoinPool.java:3725)`
  - `java.util.concurrent.locks.AbstractQueuedSynchronizer$ConditionNode` retains 32 B (6.8%)
- `java.util.concurrent.locks.AbstractQueuedSynchronizer$ConditionObject.await (AbstractQueuedSynchronizer.java:1746)`
  - `java.util.concurrent.locks.AbstractQueuedSynchronizer$ConditionNode` retains 32 B (6.8%)
  - `java.util.concurrent.locks.AbstractQueuedSynchronizer$ConditionObject` retains 24 B (5.1%)
- `java.util.concurrent.LinkedBlockingQueue.take (LinkedBlockingQueue.java:435)`
  - `java.util.concurrent.LinkedBlockingQueue` retains 144 B (30.5%)
  - `java.util.concurrent.atomic.AtomicInteger` retains 16 B (3.4%)
  - `java.util.concurrent.locks.ReentrantLock` retains 16 B (3.4%)
- `org.apache.spark.MapOutputTrackerMaster$MessageLoop.run (MapOutputTracker.scala:759)`
  - `org.apache.spark.MapOutputTrackerMaster$MessageLoop` retains 16 B (3.4%)
- `java.util.concurrent.ThreadPoolExecutor.runWorker (ThreadPoolExecutor.java:1144)`
  - `java.util.concurrent.ThreadPoolExecutor` retains 1.0 KB (216.9%)
  - `java.util.concurrent.ThreadPoolExecutor$Worker` retains 48 B (10.2%)
  - `org.apache.spark.MapOutputTrackerMaster$MessageLoop` retains 16 B (3.4%)
- `java.util.concurrent.ThreadPoolExecutor$Worker.run (ThreadPoolExecutor.java:642)`
  - `java.util.concurrent.ThreadPoolExecutor$Worker` retains 48 B (10.2%)
- `java.lang.Thread.runWith (Thread.java:1596)`
  - `java.lang.Class` retains 128 B (27.1%)
  - `java.util.concurrent.ThreadPoolExecutor$Worker` retains 48 B (10.2%)
- `java.lang.Thread.run (Thread.java:1583)`
  - `java.lang.Class` retains 128 B (27.1%)
  - `java.util.concurrent.ThreadPoolExecutor$Worker` retains 48 B (10.2%)

<a id="thread-16"></a>

### Thread 16 "map-output-dispatcher-3" (java/lang/Thread)

_Local roots: 17._

**Local root objects:**

| Object                                                                  | Shallow | Retained |
| ----------------------------------------------------------------------- | ------: | -------: |
| `java/util/concurrent/ThreadPoolExecutor`                               |    80 B |   1.0 KB |
| `java/util/concurrent/LinkedBlockingQueue`                              |    48 B |    144 B |
| `java/lang/Class`                                                       |    32 B |    128 B |
| `java/lang/Class`                                                       |    32 B |    128 B |
| `java/util/concurrent/ThreadPoolExecutor$Worker`                        |    48 B |     48 B |
| `java/util/concurrent/ThreadPoolExecutor$Worker`                        |    48 B |     48 B |
| `java/util/concurrent/ThreadPoolExecutor$Worker`                        |    48 B |     48 B |
| `java/util/concurrent/ThreadPoolExecutor$Worker`                        |    48 B |     48 B |
| `java/util/concurrent/locks/AbstractQueuedSynchronizer$ConditionNode`   |    32 B |     32 B |
| `java/util/concurrent/locks/AbstractQueuedSynchronizer$ConditionNode`   |    32 B |     32 B |
| `java/util/concurrent/locks/AbstractQueuedSynchronizer$ConditionNode`   |    32 B |     32 B |
| `java/util/concurrent/locks/AbstractQueuedSynchronizer$ConditionNode`   |    32 B |     32 B |
| `java/util/concurrent/locks/AbstractQueuedSynchronizer$ConditionObject` |    24 B |     24 B |
| `org/apache/spark/MapOutputTrackerMaster$MessageLoop`                   |    16 B |     16 B |
| `org/apache/spark/MapOutputTrackerMaster$MessageLoop`                   |    16 B |     16 B |
| `java/util/concurrent/atomic/AtomicInteger`                             |    16 B |     16 B |
| `java/util/concurrent/locks/ReentrantLock`                              |    16 B |     16 B |

- `java.util.concurrent.locks.AbstractQueuedSynchronizer$ConditionNode.block (AbstractQueuedSynchronizer.java:519)`
  - `java.util.concurrent.locks.AbstractQueuedSynchronizer$ConditionNode` retains 32 B (6.8%)
- `java.util.concurrent.ForkJoinPool.unmanagedBlock (ForkJoinPool.java:3780)`
  - `java.util.concurrent.locks.AbstractQueuedSynchronizer$ConditionNode` retains 32 B (6.8%)
- `java.util.concurrent.ForkJoinPool.managedBlock (ForkJoinPool.java:3725)`
  - `java.util.concurrent.locks.AbstractQueuedSynchronizer$ConditionNode` retains 32 B (6.8%)
- `java.util.concurrent.locks.AbstractQueuedSynchronizer$ConditionObject.await (AbstractQueuedSynchronizer.java:1746)`
  - `java.util.concurrent.locks.AbstractQueuedSynchronizer$ConditionNode` retains 32 B (6.8%)
  - `java.util.concurrent.locks.AbstractQueuedSynchronizer$ConditionObject` retains 24 B (5.1%)
- `java.util.concurrent.LinkedBlockingQueue.take (LinkedBlockingQueue.java:435)`
  - `java.util.concurrent.LinkedBlockingQueue` retains 144 B (30.5%)
  - `java.util.concurrent.atomic.AtomicInteger` retains 16 B (3.4%)
  - `java.util.concurrent.locks.ReentrantLock` retains 16 B (3.4%)
- `org.apache.spark.MapOutputTrackerMaster$MessageLoop.run (MapOutputTracker.scala:759)`
  - `org.apache.spark.MapOutputTrackerMaster$MessageLoop` retains 16 B (3.4%)
- `java.util.concurrent.ThreadPoolExecutor.runWorker (ThreadPoolExecutor.java:1144)`
  - `java.util.concurrent.ThreadPoolExecutor` retains 1.0 KB (216.9%)
  - `java.util.concurrent.ThreadPoolExecutor$Worker` retains 48 B (10.2%)
  - `org.apache.spark.MapOutputTrackerMaster$MessageLoop` retains 16 B (3.4%)
- `java.util.concurrent.ThreadPoolExecutor$Worker.run (ThreadPoolExecutor.java:642)`
  - `java.util.concurrent.ThreadPoolExecutor$Worker` retains 48 B (10.2%)
- `java.lang.Thread.runWith (Thread.java:1596)`
  - `java.lang.Class` retains 128 B (27.1%)
  - `java.util.concurrent.ThreadPoolExecutor$Worker` retains 48 B (10.2%)
- `java.lang.Thread.run (Thread.java:1583)`
  - `java.lang.Class` retains 128 B (27.1%)
  - `java.util.concurrent.ThreadPoolExecutor$Worker` retains 48 B (10.2%)

<a id="thread-17"></a>

### Thread 17 "map-output-dispatcher-4" (java/lang/Thread)

_Local roots: 17._

**Local root objects:**

| Object                                                                  | Shallow | Retained |
| ----------------------------------------------------------------------- | ------: | -------: |
| `java/util/concurrent/ThreadPoolExecutor`                               |    80 B |   1.0 KB |
| `java/util/concurrent/LinkedBlockingQueue`                              |    48 B |    144 B |
| `java/lang/Class`                                                       |    32 B |    128 B |
| `java/lang/Class`                                                       |    32 B |    128 B |
| `java/util/concurrent/ThreadPoolExecutor$Worker`                        |    48 B |     48 B |
| `java/util/concurrent/ThreadPoolExecutor$Worker`                        |    48 B |     48 B |
| `java/util/concurrent/ThreadPoolExecutor$Worker`                        |    48 B |     48 B |
| `java/util/concurrent/ThreadPoolExecutor$Worker`                        |    48 B |     48 B |
| `java/util/concurrent/locks/AbstractQueuedSynchronizer$ConditionNode`   |    32 B |     32 B |
| `java/util/concurrent/locks/AbstractQueuedSynchronizer$ConditionNode`   |    32 B |     32 B |
| `java/util/concurrent/locks/AbstractQueuedSynchronizer$ConditionNode`   |    32 B |     32 B |
| `java/util/concurrent/locks/AbstractQueuedSynchronizer$ConditionNode`   |    32 B |     32 B |
| `java/util/concurrent/locks/AbstractQueuedSynchronizer$ConditionObject` |    24 B |     24 B |
| `java/util/concurrent/atomic/AtomicInteger`                             |    16 B |     16 B |
| `java/util/concurrent/locks/ReentrantLock`                              |    16 B |     16 B |
| `org/apache/spark/MapOutputTrackerMaster$MessageLoop`                   |    16 B |     16 B |
| `org/apache/spark/MapOutputTrackerMaster$MessageLoop`                   |    16 B |     16 B |

- `java.util.concurrent.locks.AbstractQueuedSynchronizer$ConditionNode.block (AbstractQueuedSynchronizer.java:519)`
  - `java.util.concurrent.locks.AbstractQueuedSynchronizer$ConditionNode` retains 32 B (6.8%)
- `java.util.concurrent.ForkJoinPool.unmanagedBlock (ForkJoinPool.java:3780)`
  - `java.util.concurrent.locks.AbstractQueuedSynchronizer$ConditionNode` retains 32 B (6.8%)
- `java.util.concurrent.ForkJoinPool.managedBlock (ForkJoinPool.java:3725)`
  - `java.util.concurrent.locks.AbstractQueuedSynchronizer$ConditionNode` retains 32 B (6.8%)
- `java.util.concurrent.locks.AbstractQueuedSynchronizer$ConditionObject.await (AbstractQueuedSynchronizer.java:1746)`
  - `java.util.concurrent.locks.AbstractQueuedSynchronizer$ConditionNode` retains 32 B (6.8%)
  - `java.util.concurrent.locks.AbstractQueuedSynchronizer$ConditionObject` retains 24 B (5.1%)
- `java.util.concurrent.LinkedBlockingQueue.take (LinkedBlockingQueue.java:435)`
  - `java.util.concurrent.LinkedBlockingQueue` retains 144 B (30.5%)
  - `java.util.concurrent.atomic.AtomicInteger` retains 16 B (3.4%)
  - `java.util.concurrent.locks.ReentrantLock` retains 16 B (3.4%)
- `org.apache.spark.MapOutputTrackerMaster$MessageLoop.run (MapOutputTracker.scala:759)`
  - `org.apache.spark.MapOutputTrackerMaster$MessageLoop` retains 16 B (3.4%)
- `java.util.concurrent.ThreadPoolExecutor.runWorker (ThreadPoolExecutor.java:1144)`
  - `java.util.concurrent.ThreadPoolExecutor` retains 1.0 KB (216.9%)
  - `java.util.concurrent.ThreadPoolExecutor$Worker` retains 48 B (10.2%)
  - `org.apache.spark.MapOutputTrackerMaster$MessageLoop` retains 16 B (3.4%)
- `java.util.concurrent.ThreadPoolExecutor$Worker.run (ThreadPoolExecutor.java:642)`
  - `java.util.concurrent.ThreadPoolExecutor$Worker` retains 48 B (10.2%)
- `java.lang.Thread.runWith (Thread.java:1596)`
  - `java.lang.Class` retains 128 B (27.1%)
  - `java.util.concurrent.ThreadPoolExecutor$Worker` retains 48 B (10.2%)
- `java.lang.Thread.run (Thread.java:1583)`
  - `java.lang.Class` retains 128 B (27.1%)
  - `java.util.concurrent.ThreadPoolExecutor$Worker` retains 48 B (10.2%)

<a id="thread-18"></a>

### Thread 18 "map-output-dispatcher-5" (java/lang/Thread)

_Local roots: 17._

**Local root objects:**

| Object                                                                  | Shallow | Retained |
| ----------------------------------------------------------------------- | ------: | -------: |
| `java/util/concurrent/ThreadPoolExecutor`                               |    80 B |   1.0 KB |
| `java/util/concurrent/LinkedBlockingQueue`                              |    48 B |    144 B |
| `java/lang/Class`                                                       |    32 B |    128 B |
| `java/lang/Class`                                                       |    32 B |    128 B |
| `java/util/concurrent/ThreadPoolExecutor$Worker`                        |    48 B |     48 B |
| `java/util/concurrent/ThreadPoolExecutor$Worker`                        |    48 B |     48 B |
| `java/util/concurrent/ThreadPoolExecutor$Worker`                        |    48 B |     48 B |
| `java/util/concurrent/ThreadPoolExecutor$Worker`                        |    48 B |     48 B |
| `java/util/concurrent/locks/AbstractQueuedSynchronizer$ConditionNode`   |    32 B |     32 B |
| `java/util/concurrent/locks/AbstractQueuedSynchronizer$ConditionNode`   |    32 B |     32 B |
| `java/util/concurrent/locks/AbstractQueuedSynchronizer$ConditionNode`   |    32 B |     32 B |
| `java/util/concurrent/locks/AbstractQueuedSynchronizer$ConditionNode`   |    32 B |     32 B |
| `java/util/concurrent/locks/AbstractQueuedSynchronizer$ConditionObject` |    24 B |     24 B |
| `org/apache/spark/MapOutputTrackerMaster$MessageLoop`                   |    16 B |     16 B |
| `org/apache/spark/MapOutputTrackerMaster$MessageLoop`                   |    16 B |     16 B |
| `java/util/concurrent/atomic/AtomicInteger`                             |    16 B |     16 B |
| `java/util/concurrent/locks/ReentrantLock`                              |    16 B |     16 B |

- `java.util.concurrent.locks.AbstractQueuedSynchronizer$ConditionNode.block (AbstractQueuedSynchronizer.java:519)`
  - `java.util.concurrent.locks.AbstractQueuedSynchronizer$ConditionNode` retains 32 B (6.8%)
- `java.util.concurrent.ForkJoinPool.unmanagedBlock (ForkJoinPool.java:3780)`
  - `java.util.concurrent.locks.AbstractQueuedSynchronizer$ConditionNode` retains 32 B (6.8%)
- `java.util.concurrent.ForkJoinPool.managedBlock (ForkJoinPool.java:3725)`
  - `java.util.concurrent.locks.AbstractQueuedSynchronizer$ConditionNode` retains 32 B (6.8%)
- `java.util.concurrent.locks.AbstractQueuedSynchronizer$ConditionObject.await (AbstractQueuedSynchronizer.java:1746)`
  - `java.util.concurrent.locks.AbstractQueuedSynchronizer$ConditionNode` retains 32 B (6.8%)
  - `java.util.concurrent.locks.AbstractQueuedSynchronizer$ConditionObject` retains 24 B (5.1%)
- `java.util.concurrent.LinkedBlockingQueue.take (LinkedBlockingQueue.java:435)`
  - `java.util.concurrent.LinkedBlockingQueue` retains 144 B (30.5%)
  - `java.util.concurrent.atomic.AtomicInteger` retains 16 B (3.4%)
  - `java.util.concurrent.locks.ReentrantLock` retains 16 B (3.4%)
- `org.apache.spark.MapOutputTrackerMaster$MessageLoop.run (MapOutputTracker.scala:759)`
  - `org.apache.spark.MapOutputTrackerMaster$MessageLoop` retains 16 B (3.4%)
- `java.util.concurrent.ThreadPoolExecutor.runWorker (ThreadPoolExecutor.java:1144)`
  - `java.util.concurrent.ThreadPoolExecutor` retains 1.0 KB (216.9%)
  - `java.util.concurrent.ThreadPoolExecutor$Worker` retains 48 B (10.2%)
  - `org.apache.spark.MapOutputTrackerMaster$MessageLoop` retains 16 B (3.4%)
- `java.util.concurrent.ThreadPoolExecutor$Worker.run (ThreadPoolExecutor.java:642)`
  - `java.util.concurrent.ThreadPoolExecutor$Worker` retains 48 B (10.2%)
- `java.lang.Thread.runWith (Thread.java:1596)`
  - `java.lang.Class` retains 128 B (27.1%)
  - `java.util.concurrent.ThreadPoolExecutor$Worker` retains 48 B (10.2%)
- `java.lang.Thread.run (Thread.java:1583)`
  - `java.lang.Class` retains 128 B (27.1%)
  - `java.util.concurrent.ThreadPoolExecutor$Worker` retains 48 B (10.2%)

<a id="thread-19"></a>

### Thread 19 "map-output-dispatcher-6" (java/lang/Thread)

_Local roots: 17._

**Local root objects:**

| Object                                                                  | Shallow | Retained |
| ----------------------------------------------------------------------- | ------: | -------: |
| `java/util/concurrent/ThreadPoolExecutor`                               |    80 B |   1.0 KB |
| `java/util/concurrent/LinkedBlockingQueue`                              |    48 B |    144 B |
| `java/lang/Class`                                                       |    32 B |    128 B |
| `java/lang/Class`                                                       |    32 B |    128 B |
| `java/util/concurrent/ThreadPoolExecutor$Worker`                        |    48 B |     48 B |
| `java/util/concurrent/ThreadPoolExecutor$Worker`                        |    48 B |     48 B |
| `java/util/concurrent/ThreadPoolExecutor$Worker`                        |    48 B |     48 B |
| `java/util/concurrent/ThreadPoolExecutor$Worker`                        |    48 B |     48 B |
| `java/util/concurrent/locks/AbstractQueuedSynchronizer$ConditionNode`   |    32 B |     32 B |
| `java/util/concurrent/locks/AbstractQueuedSynchronizer$ConditionNode`   |    32 B |     32 B |
| `java/util/concurrent/locks/AbstractQueuedSynchronizer$ConditionNode`   |    32 B |     32 B |
| `java/util/concurrent/locks/AbstractQueuedSynchronizer$ConditionNode`   |    32 B |     32 B |
| `java/util/concurrent/locks/AbstractQueuedSynchronizer$ConditionObject` |    24 B |     24 B |
| `org/apache/spark/MapOutputTrackerMaster$MessageLoop`                   |    16 B |     16 B |
| `org/apache/spark/MapOutputTrackerMaster$MessageLoop`                   |    16 B |     16 B |
| `java/util/concurrent/atomic/AtomicInteger`                             |    16 B |     16 B |
| `java/util/concurrent/locks/ReentrantLock`                              |    16 B |     16 B |

- `java.util.concurrent.locks.AbstractQueuedSynchronizer$ConditionNode.block (AbstractQueuedSynchronizer.java:519)`
  - `java.util.concurrent.locks.AbstractQueuedSynchronizer$ConditionNode` retains 32 B (6.8%)
- `java.util.concurrent.ForkJoinPool.unmanagedBlock (ForkJoinPool.java:3780)`
  - `java.util.concurrent.locks.AbstractQueuedSynchronizer$ConditionNode` retains 32 B (6.8%)
- `java.util.concurrent.ForkJoinPool.managedBlock (ForkJoinPool.java:3725)`
  - `java.util.concurrent.locks.AbstractQueuedSynchronizer$ConditionNode` retains 32 B (6.8%)
- `java.util.concurrent.locks.AbstractQueuedSynchronizer$ConditionObject.await (AbstractQueuedSynchronizer.java:1746)`
  - `java.util.concurrent.locks.AbstractQueuedSynchronizer$ConditionNode` retains 32 B (6.8%)
  - `java.util.concurrent.locks.AbstractQueuedSynchronizer$ConditionObject` retains 24 B (5.1%)
- `java.util.concurrent.LinkedBlockingQueue.take (LinkedBlockingQueue.java:435)`
  - `java.util.concurrent.LinkedBlockingQueue` retains 144 B (30.5%)
  - `java.util.concurrent.atomic.AtomicInteger` retains 16 B (3.4%)
  - `java.util.concurrent.locks.ReentrantLock` retains 16 B (3.4%)
- `org.apache.spark.MapOutputTrackerMaster$MessageLoop.run (MapOutputTracker.scala:759)`
  - `org.apache.spark.MapOutputTrackerMaster$MessageLoop` retains 16 B (3.4%)
- `java.util.concurrent.ThreadPoolExecutor.runWorker (ThreadPoolExecutor.java:1144)`
  - `java.util.concurrent.ThreadPoolExecutor` retains 1.0 KB (216.9%)
  - `java.util.concurrent.ThreadPoolExecutor$Worker` retains 48 B (10.2%)
  - `org.apache.spark.MapOutputTrackerMaster$MessageLoop` retains 16 B (3.4%)
- `java.util.concurrent.ThreadPoolExecutor$Worker.run (ThreadPoolExecutor.java:642)`
  - `java.util.concurrent.ThreadPoolExecutor$Worker` retains 48 B (10.2%)
- `java.lang.Thread.runWith (Thread.java:1596)`
  - `java.lang.Class` retains 128 B (27.1%)
  - `java.util.concurrent.ThreadPoolExecutor$Worker` retains 48 B (10.2%)
- `java.lang.Thread.run (Thread.java:1583)`
  - `java.lang.Class` retains 128 B (27.1%)
  - `java.util.concurrent.ThreadPoolExecutor$Worker` retains 48 B (10.2%)

<a id="thread-20"></a>

### Thread 20 "map-output-dispatcher-7" (java/lang/Thread)

_Local roots: 17._

**Local root objects:**

| Object                                                                  | Shallow | Retained |
| ----------------------------------------------------------------------- | ------: | -------: |
| `java/util/concurrent/ThreadPoolExecutor`                               |    80 B |   1.0 KB |
| `java/util/concurrent/LinkedBlockingQueue`                              |    48 B |    144 B |
| `java/lang/Class`                                                       |    32 B |    128 B |
| `java/lang/Class`                                                       |    32 B |    128 B |
| `java/util/concurrent/ThreadPoolExecutor$Worker`                        |    48 B |     48 B |
| `java/util/concurrent/ThreadPoolExecutor$Worker`                        |    48 B |     48 B |
| `java/util/concurrent/ThreadPoolExecutor$Worker`                        |    48 B |     48 B |
| `java/util/concurrent/ThreadPoolExecutor$Worker`                        |    48 B |     48 B |
| `java/util/concurrent/locks/AbstractQueuedSynchronizer$ConditionNode`   |    32 B |     32 B |
| `java/util/concurrent/locks/AbstractQueuedSynchronizer$ConditionNode`   |    32 B |     32 B |
| `java/util/concurrent/locks/AbstractQueuedSynchronizer$ConditionNode`   |    32 B |     32 B |
| `java/util/concurrent/locks/AbstractQueuedSynchronizer$ConditionNode`   |    32 B |     32 B |
| `java/util/concurrent/locks/AbstractQueuedSynchronizer$ConditionObject` |    24 B |     24 B |
| `java/util/concurrent/atomic/AtomicInteger`                             |    16 B |     16 B |
| `java/util/concurrent/locks/ReentrantLock`                              |    16 B |     16 B |
| `org/apache/spark/MapOutputTrackerMaster$MessageLoop`                   |    16 B |     16 B |
| `org/apache/spark/MapOutputTrackerMaster$MessageLoop`                   |    16 B |     16 B |

- `java.util.concurrent.locks.AbstractQueuedSynchronizer$ConditionNode.block (AbstractQueuedSynchronizer.java:519)`
  - `java.util.concurrent.locks.AbstractQueuedSynchronizer$ConditionNode` retains 32 B (6.8%)
- `java.util.concurrent.ForkJoinPool.unmanagedBlock (ForkJoinPool.java:3780)`
  - `java.util.concurrent.locks.AbstractQueuedSynchronizer$ConditionNode` retains 32 B (6.8%)
- `java.util.concurrent.ForkJoinPool.managedBlock (ForkJoinPool.java:3725)`
  - `java.util.concurrent.locks.AbstractQueuedSynchronizer$ConditionNode` retains 32 B (6.8%)
- `java.util.concurrent.locks.AbstractQueuedSynchronizer$ConditionObject.await (AbstractQueuedSynchronizer.java:1746)`
  - `java.util.concurrent.locks.AbstractQueuedSynchronizer$ConditionNode` retains 32 B (6.8%)
  - `java.util.concurrent.locks.AbstractQueuedSynchronizer$ConditionObject` retains 24 B (5.1%)
- `java.util.concurrent.LinkedBlockingQueue.take (LinkedBlockingQueue.java:435)`
  - `java.util.concurrent.LinkedBlockingQueue` retains 144 B (30.5%)
  - `java.util.concurrent.atomic.AtomicInteger` retains 16 B (3.4%)
  - `java.util.concurrent.locks.ReentrantLock` retains 16 B (3.4%)
- `org.apache.spark.MapOutputTrackerMaster$MessageLoop.run (MapOutputTracker.scala:759)`
  - `org.apache.spark.MapOutputTrackerMaster$MessageLoop` retains 16 B (3.4%)
- `java.util.concurrent.ThreadPoolExecutor.runWorker (ThreadPoolExecutor.java:1144)`
  - `java.util.concurrent.ThreadPoolExecutor` retains 1.0 KB (216.9%)
  - `java.util.concurrent.ThreadPoolExecutor$Worker` retains 48 B (10.2%)
  - `org.apache.spark.MapOutputTrackerMaster$MessageLoop` retains 16 B (3.4%)
- `java.util.concurrent.ThreadPoolExecutor$Worker.run (ThreadPoolExecutor.java:642)`
  - `java.util.concurrent.ThreadPoolExecutor$Worker` retains 48 B (10.2%)
- `java.lang.Thread.runWith (Thread.java:1596)`
  - `java.lang.Class` retains 128 B (27.1%)
  - `java.util.concurrent.ThreadPoolExecutor$Worker` retains 48 B (10.2%)
- `java.lang.Thread.run (Thread.java:1583)`
  - `java.lang.Class` retains 128 B (27.1%)
  - `java.util.concurrent.ThreadPoolExecutor$Worker` retains 48 B (10.2%)

<a id="thread-21"></a>

### Thread 21 "dispatcher-BlockManagerMaster" (java/lang/Thread)

_Local roots: 17._

**Local root objects:**

| Object                                                                  | Shallow | Retained |
| ----------------------------------------------------------------------- | ------: | -------: |
| `java/util/concurrent/ThreadPoolExecutor`                               |    80 B |    808 B |
| `java/util/concurrent/LinkedBlockingQueue`                              |    48 B |    144 B |
| `java/lang/Class`                                                       |    32 B |    128 B |
| `java/lang/Class`                                                       |    32 B |    128 B |
| `org/apache/spark/rpc/netty/DedicatedMessageLoop`                       |    48 B |    120 B |
| `java/util/concurrent/ThreadPoolExecutor$Worker`                        |    48 B |     48 B |
| `java/util/concurrent/ThreadPoolExecutor$Worker`                        |    48 B |     48 B |
| `java/util/concurrent/ThreadPoolExecutor$Worker`                        |    48 B |     48 B |
| `java/util/concurrent/ThreadPoolExecutor$Worker`                        |    48 B |     48 B |
| `java/util/concurrent/locks/AbstractQueuedSynchronizer$ConditionNode`   |    32 B |     32 B |
| `java/util/concurrent/locks/AbstractQueuedSynchronizer$ConditionNode`   |    32 B |     32 B |
| `java/util/concurrent/locks/AbstractQueuedSynchronizer$ConditionNode`   |    32 B |     32 B |
| `java/util/concurrent/locks/AbstractQueuedSynchronizer$ConditionObject` |    24 B |     24 B |
| `java/util/concurrent/atomic/AtomicInteger`                             |    16 B |     16 B |
| `java/util/concurrent/locks/ReentrantLock`                              |    16 B |     16 B |
| `org/apache/spark/rpc/netty/MessageLoop$$anon$1`                        |    16 B |     16 B |
| `org/apache/spark/rpc/netty/MessageLoop$$anon$1`                        |    16 B |     16 B |

- `java.util.concurrent.locks.AbstractQueuedSynchronizer$ConditionNode.block (AbstractQueuedSynchronizer.java:519)`
  - `java.util.concurrent.locks.AbstractQueuedSynchronizer$ConditionNode` retains 32 B (5.3%)
- `java.util.concurrent.ForkJoinPool.unmanagedBlock (ForkJoinPool.java:3780)`
  - `java.util.concurrent.locks.AbstractQueuedSynchronizer$ConditionNode` retains 32 B (5.3%)
- `java.util.concurrent.locks.AbstractQueuedSynchronizer$ConditionObject.await (AbstractQueuedSynchronizer.java:1746)`
  - `java.util.concurrent.locks.AbstractQueuedSynchronizer$ConditionNode` retains 32 B (5.3%)
  - `java.util.concurrent.locks.AbstractQueuedSynchronizer$ConditionObject` retains 24 B (4.0%)
- `java.util.concurrent.LinkedBlockingQueue.take (LinkedBlockingQueue.java:435)`
  - `java.util.concurrent.LinkedBlockingQueue` retains 144 B (24.0%)
  - `java.util.concurrent.atomic.AtomicInteger` retains 16 B (2.7%)
  - `java.util.concurrent.locks.ReentrantLock` retains 16 B (2.7%)
- `org.apache.spark.rpc.netty.MessageLoop.org$apache$spark$rpc$netty$MessageLoop$$receiveLoop (MessageLoop.scala:69)`
  - `org.apache.spark.rpc.netty.DedicatedMessageLoop` retains 120 B (20.0%)
- `org.apache.spark.rpc.netty.MessageLoop$$anon$1.run (MessageLoop.scala:41)`
  - `org.apache.spark.rpc.netty.MessageLoop$$anon$1` retains 16 B (2.7%)
- `java.util.concurrent.ThreadPoolExecutor.runWorker (ThreadPoolExecutor.java:1144)`
  - `java.util.concurrent.ThreadPoolExecutor` retains 808 B (134.7%)
  - `java.util.concurrent.ThreadPoolExecutor$Worker` retains 48 B (8.0%)
  - `org.apache.spark.rpc.netty.MessageLoop$$anon$1` retains 16 B (2.7%)
- `java.util.concurrent.ThreadPoolExecutor$Worker.run (ThreadPoolExecutor.java:642)`
  - `java.util.concurrent.ThreadPoolExecutor$Worker` retains 48 B (8.0%)
- `java.lang.Thread.runWith (Thread.java:1596)`
  - `java.lang.Class` retains 128 B (21.3%)
  - `java.util.concurrent.ThreadPoolExecutor$Worker` retains 48 B (8.0%)
- `java.lang.Thread.run (Thread.java:1583)`
  - `java.lang.Class` retains 128 B (21.3%)
  - `java.util.concurrent.ThreadPoolExecutor$Worker` retains 48 B (8.0%)

<a id="thread-22"></a>

### Thread 22 "dispatcher-BlockManagerEndpoint1" (java/lang/Thread)

_Local roots: 17._

**Local root objects:**

| Object                                                                  | Shallow | Retained |
| ----------------------------------------------------------------------- | ------: | -------: |
| `java/util/concurrent/ThreadPoolExecutor`                               |    80 B |    808 B |
| `java/util/concurrent/LinkedBlockingQueue`                              |    48 B |    144 B |
| `java/lang/Class`                                                       |    32 B |    128 B |
| `java/lang/Class`                                                       |    32 B |    128 B |
| `org/apache/spark/rpc/netty/DedicatedMessageLoop`                       |    48 B |    120 B |
| `java/util/concurrent/ThreadPoolExecutor$Worker`                        |    48 B |     48 B |
| `java/util/concurrent/ThreadPoolExecutor$Worker`                        |    48 B |     48 B |
| `java/util/concurrent/ThreadPoolExecutor$Worker`                        |    48 B |     48 B |
| `java/util/concurrent/ThreadPoolExecutor$Worker`                        |    48 B |     48 B |
| `java/util/concurrent/locks/AbstractQueuedSynchronizer$ConditionNode`   |    32 B |     32 B |
| `java/util/concurrent/locks/AbstractQueuedSynchronizer$ConditionNode`   |    32 B |     32 B |
| `java/util/concurrent/locks/AbstractQueuedSynchronizer$ConditionNode`   |    32 B |     32 B |
| `java/util/concurrent/locks/AbstractQueuedSynchronizer$ConditionObject` |    24 B |     24 B |
| `java/util/concurrent/atomic/AtomicInteger`                             |    16 B |     16 B |
| `java/util/concurrent/locks/ReentrantLock`                              |    16 B |     16 B |
| `org/apache/spark/rpc/netty/MessageLoop$$anon$1`                        |    16 B |     16 B |
| `org/apache/spark/rpc/netty/MessageLoop$$anon$1`                        |    16 B |     16 B |

- `java.util.concurrent.locks.AbstractQueuedSynchronizer$ConditionNode.block (AbstractQueuedSynchronizer.java:519)`
  - `java.util.concurrent.locks.AbstractQueuedSynchronizer$ConditionNode` retains 32 B (8.7%)
- `java.util.concurrent.ForkJoinPool.unmanagedBlock (ForkJoinPool.java:3780)`
  - `java.util.concurrent.locks.AbstractQueuedSynchronizer$ConditionNode` retains 32 B (8.7%)
- `java.util.concurrent.locks.AbstractQueuedSynchronizer$ConditionObject.await (AbstractQueuedSynchronizer.java:1746)`
  - `java.util.concurrent.locks.AbstractQueuedSynchronizer$ConditionNode` retains 32 B (8.7%)
  - `java.util.concurrent.locks.AbstractQueuedSynchronizer$ConditionObject` retains 24 B (6.5%)
- `java.util.concurrent.LinkedBlockingQueue.take (LinkedBlockingQueue.java:435)`
  - `java.util.concurrent.LinkedBlockingQueue` retains 144 B (39.1%)
  - `java.util.concurrent.atomic.AtomicInteger` retains 16 B (4.3%)
  - `java.util.concurrent.locks.ReentrantLock` retains 16 B (4.3%)
- `org.apache.spark.rpc.netty.MessageLoop.org$apache$spark$rpc$netty$MessageLoop$$receiveLoop (MessageLoop.scala:69)`
  - `org.apache.spark.rpc.netty.DedicatedMessageLoop` retains 120 B (32.6%)
- `org.apache.spark.rpc.netty.MessageLoop$$anon$1.run (MessageLoop.scala:41)`
  - `org.apache.spark.rpc.netty.MessageLoop$$anon$1` retains 16 B (4.3%)
- `java.util.concurrent.ThreadPoolExecutor.runWorker (ThreadPoolExecutor.java:1144)`
  - `java.util.concurrent.ThreadPoolExecutor` retains 808 B (219.6%)
  - `java.util.concurrent.ThreadPoolExecutor$Worker` retains 48 B (13.0%)
  - `org.apache.spark.rpc.netty.MessageLoop$$anon$1` retains 16 B (4.3%)
- `java.util.concurrent.ThreadPoolExecutor$Worker.run (ThreadPoolExecutor.java:642)`
  - `java.util.concurrent.ThreadPoolExecutor$Worker` retains 48 B (13.0%)
- `java.lang.Thread.runWith (Thread.java:1596)`
  - `java.lang.Class` retains 128 B (34.8%)
  - `java.util.concurrent.ThreadPoolExecutor$Worker` retains 48 B (13.0%)
- `java.lang.Thread.run (Thread.java:1583)`
  - `java.lang.Class` retains 128 B (34.8%)
  - `java.util.concurrent.ThreadPoolExecutor$Worker` retains 48 B (13.0%)

<a id="thread-23"></a>

### Thread 23 "RemoteBlock-temp-file-clean-thread" (org/apache/spark/storage/BlockManager$RemoteBlockDownloadFileManager$$anon$2)

_Local roots: 8._

**Local root objects:**

| Object                                                                  | Shallow | Retained |
| ----------------------------------------------------------------------- | ------: | -------: |
| `org/apache/spark/storage/BlockManager$RemoteBlockDownloadFileManager`  |    48 B |    160 B |
| `java/util/concurrent/TimeUnit`                                         |    80 B |     80 B |
| `java/lang/ref/ReferenceQueue`                                          |    32 B |     48 B |
| `java/lang/ref/ReferenceQueue`                                          |    32 B |     48 B |
| `java/lang/ref/ReferenceQueue`                                          |    32 B |     48 B |
| `java/util/concurrent/locks/AbstractQueuedSynchronizer$ConditionNode`   |    32 B |     32 B |
| `java/util/concurrent/locks/AbstractQueuedSynchronizer$ConditionObject` |    24 B |     24 B |
| `scala/Option$`                                                         |    16 B |     16 B |

- `java.util.concurrent.locks.AbstractQueuedSynchronizer$ConditionObject.await (AbstractQueuedSynchronizer.java:1886)`
  - `java.util.concurrent.TimeUnit` retains 80 B (20.4%)
  - `java.util.concurrent.locks.AbstractQueuedSynchronizer$ConditionNode` retains 32 B (8.2%)
  - `java.util.concurrent.locks.AbstractQueuedSynchronizer$ConditionObject` retains 24 B (6.1%)
- `java.lang.ref.ReferenceQueue.await (ReferenceQueue.java:71)`
  - `java.lang.ref.ReferenceQueue` retains 48 B (12.2%)
- `java.lang.ref.ReferenceQueue.remove0 (ReferenceQueue.java:143)`
  - `java.lang.ref.ReferenceQueue` retains 48 B (12.2%)
- `java.lang.ref.ReferenceQueue.remove (ReferenceQueue.java:218)`
  - `java.lang.ref.ReferenceQueue` retains 48 B (12.2%)
- `org.apache.spark.storage.BlockManager$RemoteBlockDownloadFileManager.org$apache$spark$storage$BlockManager$RemoteBlockDownloadFileManager$$keepCleaning (BlockManager.scala:2228)`
  - `org.apache.spark.storage.BlockManager$RemoteBlockDownloadFileManager` retains 160 B (40.8%)
  - `scala.Option$` retains 16 B (4.1%)

<a id="thread-24"></a>

### Thread 24 "SparkUI-95" (java/lang/Thread)

_Local roots: 25._

**Local root objects:**

| Object                                                                 | Shallow | Retained |
| ---------------------------------------------------------------------- | ------: | -------: |
| `org/sparkproject/jetty/util/thread/QueuedThreadPool`                  |   120 B |  33.5 KB |
| `org/sparkproject/jetty/io/ManagedSelector`                            |    80 B |    688 B |
| `org/sparkproject/jetty/io/ManagedSelector`                            |    80 B |    688 B |
| `sun/nio/ch/EPollSelectorImpl`                                         |    88 B |    512 B |
| `sun/nio/ch/EPollSelectorImpl`                                         |    88 B |    512 B |
| `sun/nio/ch/EPollSelectorImpl`                                         |    88 B |    512 B |
| `sun/nio/ch/EPollSelectorImpl`                                         |    88 B |    512 B |
| `sun/nio/ch/EPollSelectorImpl`                                         |    88 B |    512 B |
| `sun/nio/ch/EPollSelectorImpl`                                         |    88 B |    512 B |
| `sun/nio/ch/EPollSelectorImpl`                                         |    88 B |    512 B |
| `org/sparkproject/jetty/util/thread/strategy/EatWhatYouKill`           |    80 B |    448 B |
| `org/sparkproject/jetty/util/thread/strategy/EatWhatYouKill`           |    80 B |    448 B |
| `org/sparkproject/jetty/util/thread/strategy/EatWhatYouKill`           |    80 B |    448 B |
| `org/sparkproject/jetty/util/thread/strategy/EatWhatYouKill`           |    80 B |    448 B |
| `org/sparkproject/jetty/io/ManagedSelector$SelectorProducer`           |    24 B |     24 B |
| `org/sparkproject/jetty/io/ManagedSelector$SelectorProducer`           |    24 B |     24 B |
| `sun/nio/ch/Util$2`                                                    |    16 B |     16 B |
| `org/sparkproject/jetty/io/ManagedSelector$$Lambda+0x00007b0ac0526fa8` |    16 B |     16 B |
| `org/sparkproject/jetty/io/ManagedSelector$$Lambda+0x00007b0ac0526fa8` |    16 B |     16 B |
| `org/sparkproject/jetty/util/thread/QueuedThreadPool$Runner`           |    16 B |     16 B |

- `sun.nio.ch.EPollSelectorImpl.doSelect (EPollSelectorImpl.java:121)`
  - `sun.nio.ch.EPollSelectorImpl` retains 512 B (90.1%)
- `sun.nio.ch.SelectorImpl.lockAndDoSelect (SelectorImpl.java:130)`
  - `sun.nio.ch.EPollSelectorImpl` retains 512 B (90.1%)
  - `sun.nio.ch.EPollSelectorImpl` retains 512 B (90.1%)
  - `sun.nio.ch.Util$2` retains 16 B (2.8%)
- `sun.nio.ch.SelectorImpl.select (SelectorImpl.java:147)`
  - `sun.nio.ch.EPollSelectorImpl` retains 512 B (90.1%)
- `org.sparkproject.jetty.io.ManagedSelector.nioSelect (ManagedSelector.java:183)`
  - `org.sparkproject.jetty.io.ManagedSelector` retains 688 B (121.1%)
  - `sun.nio.ch.EPollSelectorImpl` retains 512 B (90.1%)
- `org.sparkproject.jetty.io.ManagedSelector.select (ManagedSelector.java:190)`
  - `org.sparkproject.jetty.io.ManagedSelector` retains 688 B (121.1%)
  - `sun.nio.ch.EPollSelectorImpl` retains 512 B (90.1%)
- `org.sparkproject.jetty.io.ManagedSelector$SelectorProducer.select (ManagedSelector.java:606)`
  - `sun.nio.ch.EPollSelectorImpl` retains 512 B (90.1%)
  - `org.sparkproject.jetty.io.ManagedSelector$SelectorProducer` retains 24 B (4.2%)
- `org.sparkproject.jetty.io.ManagedSelector$SelectorProducer.produce (ManagedSelector.java:543)`
  - `org.sparkproject.jetty.io.ManagedSelector$SelectorProducer` retains 24 B (4.2%)
- `org.sparkproject.jetty.util.thread.strategy.EatWhatYouKill.produceTask (EatWhatYouKill.java:362)`
  - `org.sparkproject.jetty.util.thread.strategy.EatWhatYouKill` retains 448 B (78.9%)
- `org.sparkproject.jetty.util.thread.strategy.EatWhatYouKill.doProduce (EatWhatYouKill.java:186)`
  - `org.sparkproject.jetty.util.thread.strategy.EatWhatYouKill` retains 448 B (78.9%)
- `org.sparkproject.jetty.util.thread.strategy.EatWhatYouKill.tryProduce (EatWhatYouKill.java:173)`
  - `org.sparkproject.jetty.util.thread.strategy.EatWhatYouKill` retains 448 B (78.9%)
- `org.sparkproject.jetty.util.thread.strategy.EatWhatYouKill.produce (EatWhatYouKill.java:137)`
  - `org.sparkproject.jetty.util.thread.strategy.EatWhatYouKill` retains 448 B (78.9%)
- `org.sparkproject.jetty.io.ManagedSelector$$Lambda+0x00007b0ac0526fa8.run (Unknown Source)`
  - `org.sparkproject.jetty.io.ManagedSelector$$Lambda+0x00007b0ac0526fa8` retains 16 B (2.8%)
- `org.sparkproject.jetty.util.thread.QueuedThreadPool.runJob (QueuedThreadPool.java:883)`
  - `org.sparkproject.jetty.util.thread.QueuedThreadPool` retains 33.5 KB (6040.8%)
  - `org.sparkproject.jetty.io.ManagedSelector$$Lambda+0x00007b0ac0526fa8` retains 16 B (2.8%)
- `org.sparkproject.jetty.util.thread.QueuedThreadPool$Runner.run (QueuedThreadPool.java:1034)`
  - `org.sparkproject.jetty.util.thread.QueuedThreadPool$Runner` retains 16 B (2.8%)

<a id="thread-25"></a>

### Thread 25 "SparkUI-96" (java/lang/Thread)

_Local roots: 25._

**Local root objects:**

| Object                                                                 | Shallow | Retained |
| ---------------------------------------------------------------------- | ------: | -------: |
| `org/sparkproject/jetty/util/thread/QueuedThreadPool`                  |   120 B |  33.5 KB |
| `org/sparkproject/jetty/io/ManagedSelector`                            |    80 B |    688 B |
| `org/sparkproject/jetty/io/ManagedSelector`                            |    80 B |    688 B |
| `sun/nio/ch/EPollSelectorImpl`                                         |    88 B |    512 B |
| `sun/nio/ch/EPollSelectorImpl`                                         |    88 B |    512 B |
| `sun/nio/ch/EPollSelectorImpl`                                         |    88 B |    512 B |
| `sun/nio/ch/EPollSelectorImpl`                                         |    88 B |    512 B |
| `sun/nio/ch/EPollSelectorImpl`                                         |    88 B |    512 B |
| `sun/nio/ch/EPollSelectorImpl`                                         |    88 B |    512 B |
| `sun/nio/ch/EPollSelectorImpl`                                         |    88 B |    512 B |
| `org/sparkproject/jetty/util/thread/strategy/EatWhatYouKill`           |    80 B |    448 B |
| `org/sparkproject/jetty/util/thread/strategy/EatWhatYouKill`           |    80 B |    448 B |
| `org/sparkproject/jetty/util/thread/strategy/EatWhatYouKill`           |    80 B |    448 B |
| `org/sparkproject/jetty/util/thread/strategy/EatWhatYouKill`           |    80 B |    448 B |
| `org/sparkproject/jetty/io/ManagedSelector$SelectorProducer`           |    24 B |     24 B |
| `org/sparkproject/jetty/io/ManagedSelector$SelectorProducer`           |    24 B |     24 B |
| `sun/nio/ch/Util$2`                                                    |    16 B |     16 B |
| `org/sparkproject/jetty/io/ManagedSelector$$Lambda+0x00007b0ac0526fa8` |    16 B |     16 B |
| `org/sparkproject/jetty/io/ManagedSelector$$Lambda+0x00007b0ac0526fa8` |    16 B |     16 B |
| `org/sparkproject/jetty/util/thread/QueuedThreadPool$Runner`           |    16 B |     16 B |

- `sun.nio.ch.EPollSelectorImpl.doSelect (EPollSelectorImpl.java:121)`
  - `sun.nio.ch.EPollSelectorImpl` retains 512 B (90.1%)
- `sun.nio.ch.SelectorImpl.lockAndDoSelect (SelectorImpl.java:130)`
  - `sun.nio.ch.EPollSelectorImpl` retains 512 B (90.1%)
  - `sun.nio.ch.EPollSelectorImpl` retains 512 B (90.1%)
  - `sun.nio.ch.Util$2` retains 16 B (2.8%)
- `sun.nio.ch.SelectorImpl.select (SelectorImpl.java:147)`
  - `sun.nio.ch.EPollSelectorImpl` retains 512 B (90.1%)
- `org.sparkproject.jetty.io.ManagedSelector.nioSelect (ManagedSelector.java:183)`
  - `org.sparkproject.jetty.io.ManagedSelector` retains 688 B (121.1%)
  - `sun.nio.ch.EPollSelectorImpl` retains 512 B (90.1%)
- `org.sparkproject.jetty.io.ManagedSelector.select (ManagedSelector.java:190)`
  - `org.sparkproject.jetty.io.ManagedSelector` retains 688 B (121.1%)
  - `sun.nio.ch.EPollSelectorImpl` retains 512 B (90.1%)
- `org.sparkproject.jetty.io.ManagedSelector$SelectorProducer.select (ManagedSelector.java:606)`
  - `sun.nio.ch.EPollSelectorImpl` retains 512 B (90.1%)
  - `org.sparkproject.jetty.io.ManagedSelector$SelectorProducer` retains 24 B (4.2%)
- `org.sparkproject.jetty.io.ManagedSelector$SelectorProducer.produce (ManagedSelector.java:543)`
  - `org.sparkproject.jetty.io.ManagedSelector$SelectorProducer` retains 24 B (4.2%)
- `org.sparkproject.jetty.util.thread.strategy.EatWhatYouKill.produceTask (EatWhatYouKill.java:362)`
  - `org.sparkproject.jetty.util.thread.strategy.EatWhatYouKill` retains 448 B (78.9%)
- `org.sparkproject.jetty.util.thread.strategy.EatWhatYouKill.doProduce (EatWhatYouKill.java:186)`
  - `org.sparkproject.jetty.util.thread.strategy.EatWhatYouKill` retains 448 B (78.9%)
- `org.sparkproject.jetty.util.thread.strategy.EatWhatYouKill.tryProduce (EatWhatYouKill.java:173)`
  - `org.sparkproject.jetty.util.thread.strategy.EatWhatYouKill` retains 448 B (78.9%)
- `org.sparkproject.jetty.util.thread.strategy.EatWhatYouKill.produce (EatWhatYouKill.java:137)`
  - `org.sparkproject.jetty.util.thread.strategy.EatWhatYouKill` retains 448 B (78.9%)
- `org.sparkproject.jetty.io.ManagedSelector$$Lambda+0x00007b0ac0526fa8.run (Unknown Source)`
  - `org.sparkproject.jetty.io.ManagedSelector$$Lambda+0x00007b0ac0526fa8` retains 16 B (2.8%)
- `org.sparkproject.jetty.util.thread.QueuedThreadPool.runJob (QueuedThreadPool.java:883)`
  - `org.sparkproject.jetty.util.thread.QueuedThreadPool` retains 33.5 KB (6040.8%)
  - `org.sparkproject.jetty.io.ManagedSelector$$Lambda+0x00007b0ac0526fa8` retains 16 B (2.8%)
- `org.sparkproject.jetty.util.thread.QueuedThreadPool$Runner.run (QueuedThreadPool.java:1034)`
  - `org.sparkproject.jetty.util.thread.QueuedThreadPool$Runner` retains 16 B (2.8%)

<a id="thread-26"></a>

### Thread 26 "SparkUI-97" (java/lang/Thread)

_Local roots: 25._

**Local root objects:**

| Object                                                                 | Shallow | Retained |
| ---------------------------------------------------------------------- | ------: | -------: |
| `org/sparkproject/jetty/util/thread/QueuedThreadPool`                  |   120 B |  33.5 KB |
| `org/sparkproject/jetty/io/ManagedSelector`                            |    80 B |    688 B |
| `org/sparkproject/jetty/io/ManagedSelector`                            |    80 B |    688 B |
| `sun/nio/ch/EPollSelectorImpl`                                         |    88 B |    512 B |
| `sun/nio/ch/EPollSelectorImpl`                                         |    88 B |    512 B |
| `sun/nio/ch/EPollSelectorImpl`                                         |    88 B |    512 B |
| `sun/nio/ch/EPollSelectorImpl`                                         |    88 B |    512 B |
| `sun/nio/ch/EPollSelectorImpl`                                         |    88 B |    512 B |
| `sun/nio/ch/EPollSelectorImpl`                                         |    88 B |    512 B |
| `sun/nio/ch/EPollSelectorImpl`                                         |    88 B |    512 B |
| `org/sparkproject/jetty/util/thread/strategy/EatWhatYouKill`           |    80 B |    448 B |
| `org/sparkproject/jetty/util/thread/strategy/EatWhatYouKill`           |    80 B |    448 B |
| `org/sparkproject/jetty/util/thread/strategy/EatWhatYouKill`           |    80 B |    448 B |
| `org/sparkproject/jetty/util/thread/strategy/EatWhatYouKill`           |    80 B |    448 B |
| `org/sparkproject/jetty/io/ManagedSelector$SelectorProducer`           |    24 B |     24 B |
| `org/sparkproject/jetty/io/ManagedSelector$SelectorProducer`           |    24 B |     24 B |
| `sun/nio/ch/Util$2`                                                    |    16 B |     16 B |
| `org/sparkproject/jetty/io/ManagedSelector$$Lambda+0x00007b0ac0526fa8` |    16 B |     16 B |
| `org/sparkproject/jetty/io/ManagedSelector$$Lambda+0x00007b0ac0526fa8` |    16 B |     16 B |
| `org/sparkproject/jetty/util/thread/QueuedThreadPool$Runner`           |    16 B |     16 B |

- `sun.nio.ch.EPollSelectorImpl.doSelect (EPollSelectorImpl.java:121)`
  - `sun.nio.ch.EPollSelectorImpl` retains 512 B (90.1%)
- `sun.nio.ch.SelectorImpl.lockAndDoSelect (SelectorImpl.java:130)`
  - `sun.nio.ch.EPollSelectorImpl` retains 512 B (90.1%)
  - `sun.nio.ch.EPollSelectorImpl` retains 512 B (90.1%)
  - `sun.nio.ch.Util$2` retains 16 B (2.8%)
- `sun.nio.ch.SelectorImpl.select (SelectorImpl.java:147)`
  - `sun.nio.ch.EPollSelectorImpl` retains 512 B (90.1%)
- `org.sparkproject.jetty.io.ManagedSelector.nioSelect (ManagedSelector.java:183)`
  - `org.sparkproject.jetty.io.ManagedSelector` retains 688 B (121.1%)
  - `sun.nio.ch.EPollSelectorImpl` retains 512 B (90.1%)
- `org.sparkproject.jetty.io.ManagedSelector.select (ManagedSelector.java:190)`
  - `org.sparkproject.jetty.io.ManagedSelector` retains 688 B (121.1%)
  - `sun.nio.ch.EPollSelectorImpl` retains 512 B (90.1%)
- `org.sparkproject.jetty.io.ManagedSelector$SelectorProducer.select (ManagedSelector.java:606)`
  - `sun.nio.ch.EPollSelectorImpl` retains 512 B (90.1%)
  - `org.sparkproject.jetty.io.ManagedSelector$SelectorProducer` retains 24 B (4.2%)
- `org.sparkproject.jetty.io.ManagedSelector$SelectorProducer.produce (ManagedSelector.java:543)`
  - `org.sparkproject.jetty.io.ManagedSelector$SelectorProducer` retains 24 B (4.2%)
- `org.sparkproject.jetty.util.thread.strategy.EatWhatYouKill.produceTask (EatWhatYouKill.java:362)`
  - `org.sparkproject.jetty.util.thread.strategy.EatWhatYouKill` retains 448 B (78.9%)
- `org.sparkproject.jetty.util.thread.strategy.EatWhatYouKill.doProduce (EatWhatYouKill.java:186)`
  - `org.sparkproject.jetty.util.thread.strategy.EatWhatYouKill` retains 448 B (78.9%)
- `org.sparkproject.jetty.util.thread.strategy.EatWhatYouKill.tryProduce (EatWhatYouKill.java:173)`
  - `org.sparkproject.jetty.util.thread.strategy.EatWhatYouKill` retains 448 B (78.9%)
- `org.sparkproject.jetty.util.thread.strategy.EatWhatYouKill.produce (EatWhatYouKill.java:137)`
  - `org.sparkproject.jetty.util.thread.strategy.EatWhatYouKill` retains 448 B (78.9%)
- `org.sparkproject.jetty.io.ManagedSelector$$Lambda+0x00007b0ac0526fa8.run (Unknown Source)`
  - `org.sparkproject.jetty.io.ManagedSelector$$Lambda+0x00007b0ac0526fa8` retains 16 B (2.8%)
- `org.sparkproject.jetty.util.thread.QueuedThreadPool.runJob (QueuedThreadPool.java:883)`
  - `org.sparkproject.jetty.util.thread.QueuedThreadPool` retains 33.5 KB (6040.8%)
  - `org.sparkproject.jetty.io.ManagedSelector$$Lambda+0x00007b0ac0526fa8` retains 16 B (2.8%)
- `org.sparkproject.jetty.util.thread.QueuedThreadPool$Runner.run (QueuedThreadPool.java:1034)`
  - `org.sparkproject.jetty.util.thread.QueuedThreadPool$Runner` retains 16 B (2.8%)

<a id="thread-27"></a>

### Thread 27 "SparkUI-98" (java/lang/Thread)

_Local roots: 25._

**Local root objects:**

| Object                                                                 | Shallow | Retained |
| ---------------------------------------------------------------------- | ------: | -------: |
| `org/sparkproject/jetty/util/thread/QueuedThreadPool`                  |   120 B |  33.5 KB |
| `org/sparkproject/jetty/io/ManagedSelector`                            |    80 B |    688 B |
| `org/sparkproject/jetty/io/ManagedSelector`                            |    80 B |    688 B |
| `sun/nio/ch/EPollSelectorImpl`                                         |    88 B |    512 B |
| `sun/nio/ch/EPollSelectorImpl`                                         |    88 B |    512 B |
| `sun/nio/ch/EPollSelectorImpl`                                         |    88 B |    512 B |
| `sun/nio/ch/EPollSelectorImpl`                                         |    88 B |    512 B |
| `sun/nio/ch/EPollSelectorImpl`                                         |    88 B |    512 B |
| `sun/nio/ch/EPollSelectorImpl`                                         |    88 B |    512 B |
| `sun/nio/ch/EPollSelectorImpl`                                         |    88 B |    512 B |
| `org/sparkproject/jetty/util/thread/strategy/EatWhatYouKill`           |    80 B |    448 B |
| `org/sparkproject/jetty/util/thread/strategy/EatWhatYouKill`           |    80 B |    448 B |
| `org/sparkproject/jetty/util/thread/strategy/EatWhatYouKill`           |    80 B |    448 B |
| `org/sparkproject/jetty/util/thread/strategy/EatWhatYouKill`           |    80 B |    448 B |
| `org/sparkproject/jetty/io/ManagedSelector$SelectorProducer`           |    24 B |     24 B |
| `org/sparkproject/jetty/io/ManagedSelector$SelectorProducer`           |    24 B |     24 B |
| `sun/nio/ch/Util$2`                                                    |    16 B |     16 B |
| `org/sparkproject/jetty/io/ManagedSelector$$Lambda+0x00007b0ac0526fa8` |    16 B |     16 B |
| `org/sparkproject/jetty/io/ManagedSelector$$Lambda+0x00007b0ac0526fa8` |    16 B |     16 B |
| `org/sparkproject/jetty/util/thread/QueuedThreadPool$Runner`           |    16 B |     16 B |

- `sun.nio.ch.EPollSelectorImpl.doSelect (EPollSelectorImpl.java:121)`
  - `sun.nio.ch.EPollSelectorImpl` retains 512 B (90.1%)
- `sun.nio.ch.SelectorImpl.lockAndDoSelect (SelectorImpl.java:130)`
  - `sun.nio.ch.EPollSelectorImpl` retains 512 B (90.1%)
  - `sun.nio.ch.EPollSelectorImpl` retains 512 B (90.1%)
  - `sun.nio.ch.Util$2` retains 16 B (2.8%)
- `sun.nio.ch.SelectorImpl.select (SelectorImpl.java:147)`
  - `sun.nio.ch.EPollSelectorImpl` retains 512 B (90.1%)
- `org.sparkproject.jetty.io.ManagedSelector.nioSelect (ManagedSelector.java:183)`
  - `org.sparkproject.jetty.io.ManagedSelector` retains 688 B (121.1%)
  - `sun.nio.ch.EPollSelectorImpl` retains 512 B (90.1%)
- `org.sparkproject.jetty.io.ManagedSelector.select (ManagedSelector.java:190)`
  - `org.sparkproject.jetty.io.ManagedSelector` retains 688 B (121.1%)
  - `sun.nio.ch.EPollSelectorImpl` retains 512 B (90.1%)
- `org.sparkproject.jetty.io.ManagedSelector$SelectorProducer.select (ManagedSelector.java:606)`
  - `sun.nio.ch.EPollSelectorImpl` retains 512 B (90.1%)
  - `org.sparkproject.jetty.io.ManagedSelector$SelectorProducer` retains 24 B (4.2%)
- `org.sparkproject.jetty.io.ManagedSelector$SelectorProducer.produce (ManagedSelector.java:543)`
  - `org.sparkproject.jetty.io.ManagedSelector$SelectorProducer` retains 24 B (4.2%)
- `org.sparkproject.jetty.util.thread.strategy.EatWhatYouKill.produceTask (EatWhatYouKill.java:362)`
  - `org.sparkproject.jetty.util.thread.strategy.EatWhatYouKill` retains 448 B (78.9%)
- `org.sparkproject.jetty.util.thread.strategy.EatWhatYouKill.doProduce (EatWhatYouKill.java:186)`
  - `org.sparkproject.jetty.util.thread.strategy.EatWhatYouKill` retains 448 B (78.9%)
- `org.sparkproject.jetty.util.thread.strategy.EatWhatYouKill.tryProduce (EatWhatYouKill.java:173)`
  - `org.sparkproject.jetty.util.thread.strategy.EatWhatYouKill` retains 448 B (78.9%)
- `org.sparkproject.jetty.util.thread.strategy.EatWhatYouKill.produce (EatWhatYouKill.java:137)`
  - `org.sparkproject.jetty.util.thread.strategy.EatWhatYouKill` retains 448 B (78.9%)
- `org.sparkproject.jetty.io.ManagedSelector$$Lambda+0x00007b0ac0526fa8.run (Unknown Source)`
  - `org.sparkproject.jetty.io.ManagedSelector$$Lambda+0x00007b0ac0526fa8` retains 16 B (2.8%)
- `org.sparkproject.jetty.util.thread.QueuedThreadPool.runJob (QueuedThreadPool.java:883)`
  - `org.sparkproject.jetty.util.thread.QueuedThreadPool` retains 33.5 KB (6040.8%)
  - `org.sparkproject.jetty.io.ManagedSelector$$Lambda+0x00007b0ac0526fa8` retains 16 B (2.8%)
- `org.sparkproject.jetty.util.thread.QueuedThreadPool$Runner.run (QueuedThreadPool.java:1034)`
  - `org.sparkproject.jetty.util.thread.QueuedThreadPool$Runner` retains 16 B (2.8%)

<a id="thread-28"></a>

### Thread 28 "SparkUI-99" (java/lang/Thread)

_Local roots: 25._

**Local root objects:**

| Object                                                                 | Shallow | Retained |
| ---------------------------------------------------------------------- | ------: | -------: |
| `org/sparkproject/jetty/util/thread/QueuedThreadPool`                  |   120 B |  33.5 KB |
| `org/sparkproject/jetty/io/ManagedSelector`                            |    80 B |    688 B |
| `org/sparkproject/jetty/io/ManagedSelector`                            |    80 B |    688 B |
| `sun/nio/ch/EPollSelectorImpl`                                         |    88 B |    512 B |
| `sun/nio/ch/EPollSelectorImpl`                                         |    88 B |    512 B |
| `sun/nio/ch/EPollSelectorImpl`                                         |    88 B |    512 B |
| `sun/nio/ch/EPollSelectorImpl`                                         |    88 B |    512 B |
| `sun/nio/ch/EPollSelectorImpl`                                         |    88 B |    512 B |
| `sun/nio/ch/EPollSelectorImpl`                                         |    88 B |    512 B |
| `sun/nio/ch/EPollSelectorImpl`                                         |    88 B |    512 B |
| `org/sparkproject/jetty/util/thread/strategy/EatWhatYouKill`           |    80 B |    448 B |
| `org/sparkproject/jetty/util/thread/strategy/EatWhatYouKill`           |    80 B |    448 B |
| `org/sparkproject/jetty/util/thread/strategy/EatWhatYouKill`           |    80 B |    448 B |
| `org/sparkproject/jetty/util/thread/strategy/EatWhatYouKill`           |    80 B |    448 B |
| `org/sparkproject/jetty/io/ManagedSelector$SelectorProducer`           |    24 B |     24 B |
| `org/sparkproject/jetty/io/ManagedSelector$SelectorProducer`           |    24 B |     24 B |
| `sun/nio/ch/Util$2`                                                    |    16 B |     16 B |
| `org/sparkproject/jetty/io/ManagedSelector$$Lambda+0x00007b0ac0526fa8` |    16 B |     16 B |
| `org/sparkproject/jetty/io/ManagedSelector$$Lambda+0x00007b0ac0526fa8` |    16 B |     16 B |
| `org/sparkproject/jetty/util/thread/QueuedThreadPool$Runner`           |    16 B |     16 B |

- `sun.nio.ch.EPollSelectorImpl.doSelect (EPollSelectorImpl.java:121)`
  - `sun.nio.ch.EPollSelectorImpl` retains 512 B (90.1%)
- `sun.nio.ch.SelectorImpl.lockAndDoSelect (SelectorImpl.java:130)`
  - `sun.nio.ch.EPollSelectorImpl` retains 512 B (90.1%)
  - `sun.nio.ch.EPollSelectorImpl` retains 512 B (90.1%)
  - `sun.nio.ch.Util$2` retains 16 B (2.8%)
- `sun.nio.ch.SelectorImpl.select (SelectorImpl.java:147)`
  - `sun.nio.ch.EPollSelectorImpl` retains 512 B (90.1%)
- `org.sparkproject.jetty.io.ManagedSelector.nioSelect (ManagedSelector.java:183)`
  - `org.sparkproject.jetty.io.ManagedSelector` retains 688 B (121.1%)
  - `sun.nio.ch.EPollSelectorImpl` retains 512 B (90.1%)
- `org.sparkproject.jetty.io.ManagedSelector.select (ManagedSelector.java:190)`
  - `org.sparkproject.jetty.io.ManagedSelector` retains 688 B (121.1%)
  - `sun.nio.ch.EPollSelectorImpl` retains 512 B (90.1%)
- `org.sparkproject.jetty.io.ManagedSelector$SelectorProducer.select (ManagedSelector.java:606)`
  - `sun.nio.ch.EPollSelectorImpl` retains 512 B (90.1%)
  - `org.sparkproject.jetty.io.ManagedSelector$SelectorProducer` retains 24 B (4.2%)
- `org.sparkproject.jetty.io.ManagedSelector$SelectorProducer.produce (ManagedSelector.java:543)`
  - `org.sparkproject.jetty.io.ManagedSelector$SelectorProducer` retains 24 B (4.2%)
- `org.sparkproject.jetty.util.thread.strategy.EatWhatYouKill.produceTask (EatWhatYouKill.java:362)`
  - `org.sparkproject.jetty.util.thread.strategy.EatWhatYouKill` retains 448 B (78.9%)
- `org.sparkproject.jetty.util.thread.strategy.EatWhatYouKill.doProduce (EatWhatYouKill.java:186)`
  - `org.sparkproject.jetty.util.thread.strategy.EatWhatYouKill` retains 448 B (78.9%)
- `org.sparkproject.jetty.util.thread.strategy.EatWhatYouKill.tryProduce (EatWhatYouKill.java:173)`
  - `org.sparkproject.jetty.util.thread.strategy.EatWhatYouKill` retains 448 B (78.9%)
- `org.sparkproject.jetty.util.thread.strategy.EatWhatYouKill.produce (EatWhatYouKill.java:137)`
  - `org.sparkproject.jetty.util.thread.strategy.EatWhatYouKill` retains 448 B (78.9%)
- `org.sparkproject.jetty.io.ManagedSelector$$Lambda+0x00007b0ac0526fa8.run (Unknown Source)`
  - `org.sparkproject.jetty.io.ManagedSelector$$Lambda+0x00007b0ac0526fa8` retains 16 B (2.8%)
- `org.sparkproject.jetty.util.thread.QueuedThreadPool.runJob (QueuedThreadPool.java:883)`
  - `org.sparkproject.jetty.util.thread.QueuedThreadPool` retains 33.5 KB (6040.8%)
  - `org.sparkproject.jetty.io.ManagedSelector$$Lambda+0x00007b0ac0526fa8` retains 16 B (2.8%)
- `org.sparkproject.jetty.util.thread.QueuedThreadPool$Runner.run (QueuedThreadPool.java:1034)`
  - `org.sparkproject.jetty.util.thread.QueuedThreadPool$Runner` retains 16 B (2.8%)

<a id="thread-29"></a>

### Thread 29 "SparkUI-100" (java/lang/Thread)

_Local roots: 25._

**Local root objects:**

| Object                                                                 | Shallow | Retained |
| ---------------------------------------------------------------------- | ------: | -------: |
| `org/sparkproject/jetty/util/thread/QueuedThreadPool`                  |   120 B |  33.5 KB |
| `org/sparkproject/jetty/io/ManagedSelector`                            |    80 B |    688 B |
| `org/sparkproject/jetty/io/ManagedSelector`                            |    80 B |    688 B |
| `sun/nio/ch/EPollSelectorImpl`                                         |    88 B |    512 B |
| `sun/nio/ch/EPollSelectorImpl`                                         |    88 B |    512 B |
| `sun/nio/ch/EPollSelectorImpl`                                         |    88 B |    512 B |
| `sun/nio/ch/EPollSelectorImpl`                                         |    88 B |    512 B |
| `sun/nio/ch/EPollSelectorImpl`                                         |    88 B |    512 B |
| `sun/nio/ch/EPollSelectorImpl`                                         |    88 B |    512 B |
| `sun/nio/ch/EPollSelectorImpl`                                         |    88 B |    512 B |
| `org/sparkproject/jetty/util/thread/strategy/EatWhatYouKill`           |    80 B |    448 B |
| `org/sparkproject/jetty/util/thread/strategy/EatWhatYouKill`           |    80 B |    448 B |
| `org/sparkproject/jetty/util/thread/strategy/EatWhatYouKill`           |    80 B |    448 B |
| `org/sparkproject/jetty/util/thread/strategy/EatWhatYouKill`           |    80 B |    448 B |
| `org/sparkproject/jetty/io/ManagedSelector$SelectorProducer`           |    24 B |     24 B |
| `org/sparkproject/jetty/io/ManagedSelector$SelectorProducer`           |    24 B |     24 B |
| `sun/nio/ch/Util$2`                                                    |    16 B |     16 B |
| `org/sparkproject/jetty/io/ManagedSelector$$Lambda+0x00007b0ac0526fa8` |    16 B |     16 B |
| `org/sparkproject/jetty/io/ManagedSelector$$Lambda+0x00007b0ac0526fa8` |    16 B |     16 B |
| `org/sparkproject/jetty/util/thread/QueuedThreadPool$Runner`           |    16 B |     16 B |

- `sun.nio.ch.EPollSelectorImpl.doSelect (EPollSelectorImpl.java:121)`
  - `sun.nio.ch.EPollSelectorImpl` retains 512 B (90.1%)
- `sun.nio.ch.SelectorImpl.lockAndDoSelect (SelectorImpl.java:130)`
  - `sun.nio.ch.EPollSelectorImpl` retains 512 B (90.1%)
  - `sun.nio.ch.EPollSelectorImpl` retains 512 B (90.1%)
  - `sun.nio.ch.Util$2` retains 16 B (2.8%)
- `sun.nio.ch.SelectorImpl.select (SelectorImpl.java:147)`
  - `sun.nio.ch.EPollSelectorImpl` retains 512 B (90.1%)
- `org.sparkproject.jetty.io.ManagedSelector.nioSelect (ManagedSelector.java:183)`
  - `org.sparkproject.jetty.io.ManagedSelector` retains 688 B (121.1%)
  - `sun.nio.ch.EPollSelectorImpl` retains 512 B (90.1%)
- `org.sparkproject.jetty.io.ManagedSelector.select (ManagedSelector.java:190)`
  - `org.sparkproject.jetty.io.ManagedSelector` retains 688 B (121.1%)
  - `sun.nio.ch.EPollSelectorImpl` retains 512 B (90.1%)
- `org.sparkproject.jetty.io.ManagedSelector$SelectorProducer.select (ManagedSelector.java:606)`
  - `sun.nio.ch.EPollSelectorImpl` retains 512 B (90.1%)
  - `org.sparkproject.jetty.io.ManagedSelector$SelectorProducer` retains 24 B (4.2%)
- `org.sparkproject.jetty.io.ManagedSelector$SelectorProducer.produce (ManagedSelector.java:543)`
  - `org.sparkproject.jetty.io.ManagedSelector$SelectorProducer` retains 24 B (4.2%)
- `org.sparkproject.jetty.util.thread.strategy.EatWhatYouKill.produceTask (EatWhatYouKill.java:362)`
  - `org.sparkproject.jetty.util.thread.strategy.EatWhatYouKill` retains 448 B (78.9%)
- `org.sparkproject.jetty.util.thread.strategy.EatWhatYouKill.doProduce (EatWhatYouKill.java:186)`
  - `org.sparkproject.jetty.util.thread.strategy.EatWhatYouKill` retains 448 B (78.9%)
- `org.sparkproject.jetty.util.thread.strategy.EatWhatYouKill.tryProduce (EatWhatYouKill.java:173)`
  - `org.sparkproject.jetty.util.thread.strategy.EatWhatYouKill` retains 448 B (78.9%)
- `org.sparkproject.jetty.util.thread.strategy.EatWhatYouKill.produce (EatWhatYouKill.java:137)`
  - `org.sparkproject.jetty.util.thread.strategy.EatWhatYouKill` retains 448 B (78.9%)
- `org.sparkproject.jetty.io.ManagedSelector$$Lambda+0x00007b0ac0526fa8.run (Unknown Source)`
  - `org.sparkproject.jetty.io.ManagedSelector$$Lambda+0x00007b0ac0526fa8` retains 16 B (2.8%)
- `org.sparkproject.jetty.util.thread.QueuedThreadPool.runJob (QueuedThreadPool.java:883)`
  - `org.sparkproject.jetty.util.thread.QueuedThreadPool` retains 33.5 KB (6040.8%)
  - `org.sparkproject.jetty.io.ManagedSelector$$Lambda+0x00007b0ac0526fa8` retains 16 B (2.8%)
- `org.sparkproject.jetty.util.thread.QueuedThreadPool$Runner.run (QueuedThreadPool.java:1034)`
  - `org.sparkproject.jetty.util.thread.QueuedThreadPool$Runner` retains 16 B (2.8%)

<a id="thread-30"></a>

### Thread 30 "SparkUI-101" (java/lang/Thread)

_Local roots: 25._

**Local root objects:**

| Object                                                                 | Shallow | Retained |
| ---------------------------------------------------------------------- | ------: | -------: |
| `org/sparkproject/jetty/util/thread/QueuedThreadPool`                  |   120 B |  33.5 KB |
| `org/sparkproject/jetty/io/ManagedSelector`                            |    80 B |    688 B |
| `org/sparkproject/jetty/io/ManagedSelector`                            |    80 B |    688 B |
| `sun/nio/ch/EPollSelectorImpl`                                         |    88 B |    512 B |
| `sun/nio/ch/EPollSelectorImpl`                                         |    88 B |    512 B |
| `sun/nio/ch/EPollSelectorImpl`                                         |    88 B |    512 B |
| `sun/nio/ch/EPollSelectorImpl`                                         |    88 B |    512 B |
| `sun/nio/ch/EPollSelectorImpl`                                         |    88 B |    512 B |
| `sun/nio/ch/EPollSelectorImpl`                                         |    88 B |    512 B |
| `sun/nio/ch/EPollSelectorImpl`                                         |    88 B |    512 B |
| `org/sparkproject/jetty/util/thread/strategy/EatWhatYouKill`           |    80 B |    448 B |
| `org/sparkproject/jetty/util/thread/strategy/EatWhatYouKill`           |    80 B |    448 B |
| `org/sparkproject/jetty/util/thread/strategy/EatWhatYouKill`           |    80 B |    448 B |
| `org/sparkproject/jetty/util/thread/strategy/EatWhatYouKill`           |    80 B |    448 B |
| `org/sparkproject/jetty/io/ManagedSelector$SelectorProducer`           |    24 B |     24 B |
| `org/sparkproject/jetty/io/ManagedSelector$SelectorProducer`           |    24 B |     24 B |
| `sun/nio/ch/Util$2`                                                    |    16 B |     16 B |
| `org/sparkproject/jetty/io/ManagedSelector$$Lambda+0x00007b0ac0526fa8` |    16 B |     16 B |
| `org/sparkproject/jetty/io/ManagedSelector$$Lambda+0x00007b0ac0526fa8` |    16 B |     16 B |
| `org/sparkproject/jetty/util/thread/QueuedThreadPool$Runner`           |    16 B |     16 B |

- `sun.nio.ch.EPollSelectorImpl.doSelect (EPollSelectorImpl.java:121)`
  - `sun.nio.ch.EPollSelectorImpl` retains 512 B (90.1%)
- `sun.nio.ch.SelectorImpl.lockAndDoSelect (SelectorImpl.java:130)`
  - `sun.nio.ch.EPollSelectorImpl` retains 512 B (90.1%)
  - `sun.nio.ch.EPollSelectorImpl` retains 512 B (90.1%)
  - `sun.nio.ch.Util$2` retains 16 B (2.8%)
- `sun.nio.ch.SelectorImpl.select (SelectorImpl.java:147)`
  - `sun.nio.ch.EPollSelectorImpl` retains 512 B (90.1%)
- `org.sparkproject.jetty.io.ManagedSelector.nioSelect (ManagedSelector.java:183)`
  - `org.sparkproject.jetty.io.ManagedSelector` retains 688 B (121.1%)
  - `sun.nio.ch.EPollSelectorImpl` retains 512 B (90.1%)
- `org.sparkproject.jetty.io.ManagedSelector.select (ManagedSelector.java:190)`
  - `org.sparkproject.jetty.io.ManagedSelector` retains 688 B (121.1%)
  - `sun.nio.ch.EPollSelectorImpl` retains 512 B (90.1%)
- `org.sparkproject.jetty.io.ManagedSelector$SelectorProducer.select (ManagedSelector.java:606)`
  - `sun.nio.ch.EPollSelectorImpl` retains 512 B (90.1%)
  - `org.sparkproject.jetty.io.ManagedSelector$SelectorProducer` retains 24 B (4.2%)
- `org.sparkproject.jetty.io.ManagedSelector$SelectorProducer.produce (ManagedSelector.java:543)`
  - `org.sparkproject.jetty.io.ManagedSelector$SelectorProducer` retains 24 B (4.2%)
- `org.sparkproject.jetty.util.thread.strategy.EatWhatYouKill.produceTask (EatWhatYouKill.java:362)`
  - `org.sparkproject.jetty.util.thread.strategy.EatWhatYouKill` retains 448 B (78.9%)
- `org.sparkproject.jetty.util.thread.strategy.EatWhatYouKill.doProduce (EatWhatYouKill.java:186)`
  - `org.sparkproject.jetty.util.thread.strategy.EatWhatYouKill` retains 448 B (78.9%)
- `org.sparkproject.jetty.util.thread.strategy.EatWhatYouKill.tryProduce (EatWhatYouKill.java:173)`
  - `org.sparkproject.jetty.util.thread.strategy.EatWhatYouKill` retains 448 B (78.9%)
- `org.sparkproject.jetty.util.thread.strategy.EatWhatYouKill.produce (EatWhatYouKill.java:137)`
  - `org.sparkproject.jetty.util.thread.strategy.EatWhatYouKill` retains 448 B (78.9%)
- `org.sparkproject.jetty.io.ManagedSelector$$Lambda+0x00007b0ac0526fa8.run (Unknown Source)`
  - `org.sparkproject.jetty.io.ManagedSelector$$Lambda+0x00007b0ac0526fa8` retains 16 B (2.8%)
- `org.sparkproject.jetty.util.thread.QueuedThreadPool.runJob (QueuedThreadPool.java:883)`
  - `org.sparkproject.jetty.util.thread.QueuedThreadPool` retains 33.5 KB (6040.8%)
  - `org.sparkproject.jetty.io.ManagedSelector$$Lambda+0x00007b0ac0526fa8` retains 16 B (2.8%)
- `org.sparkproject.jetty.util.thread.QueuedThreadPool$Runner.run (QueuedThreadPool.java:1034)`
  - `org.sparkproject.jetty.util.thread.QueuedThreadPool$Runner` retains 16 B (2.8%)

<a id="thread-31"></a>

### Thread 31 "SparkUI-102" (java/lang/Thread)

_Local roots: 25._

**Local root objects:**

| Object                                                                 | Shallow | Retained |
| ---------------------------------------------------------------------- | ------: | -------: |
| `org/sparkproject/jetty/util/thread/QueuedThreadPool`                  |   120 B |  33.5 KB |
| `org/sparkproject/jetty/io/ManagedSelector`                            |    80 B |    688 B |
| `org/sparkproject/jetty/io/ManagedSelector`                            |    80 B |    688 B |
| `sun/nio/ch/EPollSelectorImpl`                                         |    88 B |    512 B |
| `sun/nio/ch/EPollSelectorImpl`                                         |    88 B |    512 B |
| `sun/nio/ch/EPollSelectorImpl`                                         |    88 B |    512 B |
| `sun/nio/ch/EPollSelectorImpl`                                         |    88 B |    512 B |
| `sun/nio/ch/EPollSelectorImpl`                                         |    88 B |    512 B |
| `sun/nio/ch/EPollSelectorImpl`                                         |    88 B |    512 B |
| `sun/nio/ch/EPollSelectorImpl`                                         |    88 B |    512 B |
| `org/sparkproject/jetty/util/thread/strategy/EatWhatYouKill`           |    80 B |    448 B |
| `org/sparkproject/jetty/util/thread/strategy/EatWhatYouKill`           |    80 B |    448 B |
| `org/sparkproject/jetty/util/thread/strategy/EatWhatYouKill`           |    80 B |    448 B |
| `org/sparkproject/jetty/util/thread/strategy/EatWhatYouKill`           |    80 B |    448 B |
| `org/sparkproject/jetty/io/ManagedSelector$SelectorProducer`           |    24 B |     24 B |
| `org/sparkproject/jetty/io/ManagedSelector$SelectorProducer`           |    24 B |     24 B |
| `sun/nio/ch/Util$2`                                                    |    16 B |     16 B |
| `org/sparkproject/jetty/io/ManagedSelector$$Lambda+0x00007b0ac0526fa8` |    16 B |     16 B |
| `org/sparkproject/jetty/io/ManagedSelector$$Lambda+0x00007b0ac0526fa8` |    16 B |     16 B |
| `org/sparkproject/jetty/util/thread/QueuedThreadPool$Runner`           |    16 B |     16 B |

- `sun.nio.ch.EPollSelectorImpl.doSelect (EPollSelectorImpl.java:121)`
  - `sun.nio.ch.EPollSelectorImpl` retains 512 B (90.1%)
- `sun.nio.ch.SelectorImpl.lockAndDoSelect (SelectorImpl.java:130)`
  - `sun.nio.ch.EPollSelectorImpl` retains 512 B (90.1%)
  - `sun.nio.ch.EPollSelectorImpl` retains 512 B (90.1%)
  - `sun.nio.ch.Util$2` retains 16 B (2.8%)
- `sun.nio.ch.SelectorImpl.select (SelectorImpl.java:147)`
  - `sun.nio.ch.EPollSelectorImpl` retains 512 B (90.1%)
- `org.sparkproject.jetty.io.ManagedSelector.nioSelect (ManagedSelector.java:183)`
  - `org.sparkproject.jetty.io.ManagedSelector` retains 688 B (121.1%)
  - `sun.nio.ch.EPollSelectorImpl` retains 512 B (90.1%)
- `org.sparkproject.jetty.io.ManagedSelector.select (ManagedSelector.java:190)`
  - `org.sparkproject.jetty.io.ManagedSelector` retains 688 B (121.1%)
  - `sun.nio.ch.EPollSelectorImpl` retains 512 B (90.1%)
- `org.sparkproject.jetty.io.ManagedSelector$SelectorProducer.select (ManagedSelector.java:606)`
  - `sun.nio.ch.EPollSelectorImpl` retains 512 B (90.1%)
  - `org.sparkproject.jetty.io.ManagedSelector$SelectorProducer` retains 24 B (4.2%)
- `org.sparkproject.jetty.io.ManagedSelector$SelectorProducer.produce (ManagedSelector.java:543)`
  - `org.sparkproject.jetty.io.ManagedSelector$SelectorProducer` retains 24 B (4.2%)
- `org.sparkproject.jetty.util.thread.strategy.EatWhatYouKill.produceTask (EatWhatYouKill.java:362)`
  - `org.sparkproject.jetty.util.thread.strategy.EatWhatYouKill` retains 448 B (78.9%)
- `org.sparkproject.jetty.util.thread.strategy.EatWhatYouKill.doProduce (EatWhatYouKill.java:186)`
  - `org.sparkproject.jetty.util.thread.strategy.EatWhatYouKill` retains 448 B (78.9%)
- `org.sparkproject.jetty.util.thread.strategy.EatWhatYouKill.tryProduce (EatWhatYouKill.java:173)`
  - `org.sparkproject.jetty.util.thread.strategy.EatWhatYouKill` retains 448 B (78.9%)
- `org.sparkproject.jetty.util.thread.strategy.EatWhatYouKill.produce (EatWhatYouKill.java:137)`
  - `org.sparkproject.jetty.util.thread.strategy.EatWhatYouKill` retains 448 B (78.9%)
- `org.sparkproject.jetty.io.ManagedSelector$$Lambda+0x00007b0ac0526fa8.run (Unknown Source)`
  - `org.sparkproject.jetty.io.ManagedSelector$$Lambda+0x00007b0ac0526fa8` retains 16 B (2.8%)
- `org.sparkproject.jetty.util.thread.QueuedThreadPool.runJob (QueuedThreadPool.java:883)`
  - `org.sparkproject.jetty.util.thread.QueuedThreadPool` retains 33.5 KB (6040.8%)
  - `org.sparkproject.jetty.io.ManagedSelector$$Lambda+0x00007b0ac0526fa8` retains 16 B (2.8%)
- `org.sparkproject.jetty.util.thread.QueuedThreadPool$Runner.run (QueuedThreadPool.java:1034)`
  - `org.sparkproject.jetty.util.thread.QueuedThreadPool$Runner` retains 16 B (2.8%)

<a id="thread-32"></a>

### Thread 32 "SparkUI-103" (java/lang/Thread)

_Local roots: 25._

**Local root objects:**

| Object                                                                 | Shallow | Retained |
| ---------------------------------------------------------------------- | ------: | -------: |
| `org/sparkproject/jetty/util/thread/QueuedThreadPool`                  |   120 B |  33.5 KB |
| `org/sparkproject/jetty/io/ManagedSelector`                            |    80 B |    688 B |
| `org/sparkproject/jetty/io/ManagedSelector`                            |    80 B |    688 B |
| `sun/nio/ch/EPollSelectorImpl`                                         |    88 B |    512 B |
| `sun/nio/ch/EPollSelectorImpl`                                         |    88 B |    512 B |
| `sun/nio/ch/EPollSelectorImpl`                                         |    88 B |    512 B |
| `sun/nio/ch/EPollSelectorImpl`                                         |    88 B |    512 B |
| `sun/nio/ch/EPollSelectorImpl`                                         |    88 B |    512 B |
| `sun/nio/ch/EPollSelectorImpl`                                         |    88 B |    512 B |
| `sun/nio/ch/EPollSelectorImpl`                                         |    88 B |    512 B |
| `org/sparkproject/jetty/util/thread/strategy/EatWhatYouKill`           |    80 B |    448 B |
| `org/sparkproject/jetty/util/thread/strategy/EatWhatYouKill`           |    80 B |    448 B |
| `org/sparkproject/jetty/util/thread/strategy/EatWhatYouKill`           |    80 B |    448 B |
| `org/sparkproject/jetty/util/thread/strategy/EatWhatYouKill`           |    80 B |    448 B |
| `org/sparkproject/jetty/io/ManagedSelector$SelectorProducer`           |    24 B |     24 B |
| `org/sparkproject/jetty/io/ManagedSelector$SelectorProducer`           |    24 B |     24 B |
| `sun/nio/ch/Util$2`                                                    |    16 B |     16 B |
| `org/sparkproject/jetty/io/ManagedSelector$$Lambda+0x00007b0ac0526fa8` |    16 B |     16 B |
| `org/sparkproject/jetty/io/ManagedSelector$$Lambda+0x00007b0ac0526fa8` |    16 B |     16 B |
| `org/sparkproject/jetty/util/thread/QueuedThreadPool$Runner`           |    16 B |     16 B |

- `sun.nio.ch.EPollSelectorImpl.doSelect (EPollSelectorImpl.java:121)`
  - `sun.nio.ch.EPollSelectorImpl` retains 512 B (90.1%)
- `sun.nio.ch.SelectorImpl.lockAndDoSelect (SelectorImpl.java:130)`
  - `sun.nio.ch.EPollSelectorImpl` retains 512 B (90.1%)
  - `sun.nio.ch.EPollSelectorImpl` retains 512 B (90.1%)
  - `sun.nio.ch.Util$2` retains 16 B (2.8%)
- `sun.nio.ch.SelectorImpl.select (SelectorImpl.java:147)`
  - `sun.nio.ch.EPollSelectorImpl` retains 512 B (90.1%)
- `org.sparkproject.jetty.io.ManagedSelector.nioSelect (ManagedSelector.java:183)`
  - `org.sparkproject.jetty.io.ManagedSelector` retains 688 B (121.1%)
  - `sun.nio.ch.EPollSelectorImpl` retains 512 B (90.1%)
- `org.sparkproject.jetty.io.ManagedSelector.select (ManagedSelector.java:190)`
  - `org.sparkproject.jetty.io.ManagedSelector` retains 688 B (121.1%)
  - `sun.nio.ch.EPollSelectorImpl` retains 512 B (90.1%)
- `org.sparkproject.jetty.io.ManagedSelector$SelectorProducer.select (ManagedSelector.java:606)`
  - `sun.nio.ch.EPollSelectorImpl` retains 512 B (90.1%)
  - `org.sparkproject.jetty.io.ManagedSelector$SelectorProducer` retains 24 B (4.2%)
- `org.sparkproject.jetty.io.ManagedSelector$SelectorProducer.produce (ManagedSelector.java:543)`
  - `org.sparkproject.jetty.io.ManagedSelector$SelectorProducer` retains 24 B (4.2%)
- `org.sparkproject.jetty.util.thread.strategy.EatWhatYouKill.produceTask (EatWhatYouKill.java:362)`
  - `org.sparkproject.jetty.util.thread.strategy.EatWhatYouKill` retains 448 B (78.9%)
- `org.sparkproject.jetty.util.thread.strategy.EatWhatYouKill.doProduce (EatWhatYouKill.java:186)`
  - `org.sparkproject.jetty.util.thread.strategy.EatWhatYouKill` retains 448 B (78.9%)
- `org.sparkproject.jetty.util.thread.strategy.EatWhatYouKill.tryProduce (EatWhatYouKill.java:173)`
  - `org.sparkproject.jetty.util.thread.strategy.EatWhatYouKill` retains 448 B (78.9%)
- `org.sparkproject.jetty.util.thread.strategy.EatWhatYouKill.produce (EatWhatYouKill.java:137)`
  - `org.sparkproject.jetty.util.thread.strategy.EatWhatYouKill` retains 448 B (78.9%)
- `org.sparkproject.jetty.io.ManagedSelector$$Lambda+0x00007b0ac0526fa8.run (Unknown Source)`
  - `org.sparkproject.jetty.io.ManagedSelector$$Lambda+0x00007b0ac0526fa8` retains 16 B (2.8%)
- `org.sparkproject.jetty.util.thread.QueuedThreadPool.runJob (QueuedThreadPool.java:883)`
  - `org.sparkproject.jetty.util.thread.QueuedThreadPool` retains 33.5 KB (6040.8%)
  - `org.sparkproject.jetty.io.ManagedSelector$$Lambda+0x00007b0ac0526fa8` retains 16 B (2.8%)
- `org.sparkproject.jetty.util.thread.QueuedThreadPool$Runner.run (QueuedThreadPool.java:1034)`
  - `org.sparkproject.jetty.util.thread.QueuedThreadPool$Runner` retains 16 B (2.8%)

<a id="thread-33"></a>

### Thread 33 "SparkUI-104" (java/lang/Thread)

_Local roots: 25._

**Local root objects:**

| Object                                                                 | Shallow | Retained |
| ---------------------------------------------------------------------- | ------: | -------: |
| `org/sparkproject/jetty/util/thread/QueuedThreadPool`                  |   120 B |  33.5 KB |
| `org/sparkproject/jetty/io/ManagedSelector`                            |    80 B |    688 B |
| `org/sparkproject/jetty/io/ManagedSelector`                            |    80 B |    688 B |
| `sun/nio/ch/EPollSelectorImpl`                                         |    88 B |    512 B |
| `sun/nio/ch/EPollSelectorImpl`                                         |    88 B |    512 B |
| `sun/nio/ch/EPollSelectorImpl`                                         |    88 B |    512 B |
| `sun/nio/ch/EPollSelectorImpl`                                         |    88 B |    512 B |
| `sun/nio/ch/EPollSelectorImpl`                                         |    88 B |    512 B |
| `sun/nio/ch/EPollSelectorImpl`                                         |    88 B |    512 B |
| `sun/nio/ch/EPollSelectorImpl`                                         |    88 B |    512 B |
| `org/sparkproject/jetty/util/thread/strategy/EatWhatYouKill`           |    80 B |    448 B |
| `org/sparkproject/jetty/util/thread/strategy/EatWhatYouKill`           |    80 B |    448 B |
| `org/sparkproject/jetty/util/thread/strategy/EatWhatYouKill`           |    80 B |    448 B |
| `org/sparkproject/jetty/util/thread/strategy/EatWhatYouKill`           |    80 B |    448 B |
| `org/sparkproject/jetty/io/ManagedSelector$SelectorProducer`           |    24 B |     24 B |
| `org/sparkproject/jetty/io/ManagedSelector$SelectorProducer`           |    24 B |     24 B |
| `sun/nio/ch/Util$2`                                                    |    16 B |     16 B |
| `org/sparkproject/jetty/io/ManagedSelector$$Lambda+0x00007b0ac0526fa8` |    16 B |     16 B |
| `org/sparkproject/jetty/io/ManagedSelector$$Lambda+0x00007b0ac0526fa8` |    16 B |     16 B |
| `org/sparkproject/jetty/util/thread/QueuedThreadPool$Runner`           |    16 B |     16 B |

- `sun.nio.ch.EPollSelectorImpl.doSelect (EPollSelectorImpl.java:121)`
  - `sun.nio.ch.EPollSelectorImpl` retains 512 B (90.1%)
- `sun.nio.ch.SelectorImpl.lockAndDoSelect (SelectorImpl.java:130)`
  - `sun.nio.ch.EPollSelectorImpl` retains 512 B (90.1%)
  - `sun.nio.ch.EPollSelectorImpl` retains 512 B (90.1%)
  - `sun.nio.ch.Util$2` retains 16 B (2.8%)
- `sun.nio.ch.SelectorImpl.select (SelectorImpl.java:147)`
  - `sun.nio.ch.EPollSelectorImpl` retains 512 B (90.1%)
- `org.sparkproject.jetty.io.ManagedSelector.nioSelect (ManagedSelector.java:183)`
  - `org.sparkproject.jetty.io.ManagedSelector` retains 688 B (121.1%)
  - `sun.nio.ch.EPollSelectorImpl` retains 512 B (90.1%)
- `org.sparkproject.jetty.io.ManagedSelector.select (ManagedSelector.java:190)`
  - `org.sparkproject.jetty.io.ManagedSelector` retains 688 B (121.1%)
  - `sun.nio.ch.EPollSelectorImpl` retains 512 B (90.1%)
- `org.sparkproject.jetty.io.ManagedSelector$SelectorProducer.select (ManagedSelector.java:606)`
  - `sun.nio.ch.EPollSelectorImpl` retains 512 B (90.1%)
  - `org.sparkproject.jetty.io.ManagedSelector$SelectorProducer` retains 24 B (4.2%)
- `org.sparkproject.jetty.io.ManagedSelector$SelectorProducer.produce (ManagedSelector.java:543)`
  - `org.sparkproject.jetty.io.ManagedSelector$SelectorProducer` retains 24 B (4.2%)
- `org.sparkproject.jetty.util.thread.strategy.EatWhatYouKill.produceTask (EatWhatYouKill.java:362)`
  - `org.sparkproject.jetty.util.thread.strategy.EatWhatYouKill` retains 448 B (78.9%)
- `org.sparkproject.jetty.util.thread.strategy.EatWhatYouKill.doProduce (EatWhatYouKill.java:186)`
  - `org.sparkproject.jetty.util.thread.strategy.EatWhatYouKill` retains 448 B (78.9%)
- `org.sparkproject.jetty.util.thread.strategy.EatWhatYouKill.tryProduce (EatWhatYouKill.java:173)`
  - `org.sparkproject.jetty.util.thread.strategy.EatWhatYouKill` retains 448 B (78.9%)
- `org.sparkproject.jetty.util.thread.strategy.EatWhatYouKill.produce (EatWhatYouKill.java:137)`
  - `org.sparkproject.jetty.util.thread.strategy.EatWhatYouKill` retains 448 B (78.9%)
- `org.sparkproject.jetty.io.ManagedSelector$$Lambda+0x00007b0ac0526fa8.run (Unknown Source)`
  - `org.sparkproject.jetty.io.ManagedSelector$$Lambda+0x00007b0ac0526fa8` retains 16 B (2.8%)
- `org.sparkproject.jetty.util.thread.QueuedThreadPool.runJob (QueuedThreadPool.java:883)`
  - `org.sparkproject.jetty.util.thread.QueuedThreadPool` retains 33.5 KB (6040.8%)
  - `org.sparkproject.jetty.io.ManagedSelector$$Lambda+0x00007b0ac0526fa8` retains 16 B (2.8%)
- `org.sparkproject.jetty.util.thread.QueuedThreadPool$Runner.run (QueuedThreadPool.java:1034)`
  - `org.sparkproject.jetty.util.thread.QueuedThreadPool$Runner` retains 16 B (2.8%)

<a id="thread-34"></a>

### Thread 34 "SparkUI-105" (java/lang/Thread)

_Local roots: 25._

**Local root objects:**

| Object                                                                 | Shallow | Retained |
| ---------------------------------------------------------------------- | ------: | -------: |
| `org/sparkproject/jetty/util/thread/QueuedThreadPool`                  |   120 B |  33.5 KB |
| `org/sparkproject/jetty/io/ManagedSelector`                            |    80 B |    688 B |
| `org/sparkproject/jetty/io/ManagedSelector`                            |    80 B |    688 B |
| `sun/nio/ch/EPollSelectorImpl`                                         |    88 B |    512 B |
| `sun/nio/ch/EPollSelectorImpl`                                         |    88 B |    512 B |
| `sun/nio/ch/EPollSelectorImpl`                                         |    88 B |    512 B |
| `sun/nio/ch/EPollSelectorImpl`                                         |    88 B |    512 B |
| `sun/nio/ch/EPollSelectorImpl`                                         |    88 B |    512 B |
| `sun/nio/ch/EPollSelectorImpl`                                         |    88 B |    512 B |
| `sun/nio/ch/EPollSelectorImpl`                                         |    88 B |    512 B |
| `org/sparkproject/jetty/util/thread/strategy/EatWhatYouKill`           |    80 B |    448 B |
| `org/sparkproject/jetty/util/thread/strategy/EatWhatYouKill`           |    80 B |    448 B |
| `org/sparkproject/jetty/util/thread/strategy/EatWhatYouKill`           |    80 B |    448 B |
| `org/sparkproject/jetty/util/thread/strategy/EatWhatYouKill`           |    80 B |    448 B |
| `org/sparkproject/jetty/io/ManagedSelector$SelectorProducer`           |    24 B |     24 B |
| `org/sparkproject/jetty/io/ManagedSelector$SelectorProducer`           |    24 B |     24 B |
| `sun/nio/ch/Util$2`                                                    |    16 B |     16 B |
| `org/sparkproject/jetty/io/ManagedSelector$$Lambda+0x00007b0ac0526fa8` |    16 B |     16 B |
| `org/sparkproject/jetty/io/ManagedSelector$$Lambda+0x00007b0ac0526fa8` |    16 B |     16 B |
| `org/sparkproject/jetty/util/thread/QueuedThreadPool$Runner`           |    16 B |     16 B |

- `sun.nio.ch.EPollSelectorImpl.doSelect (EPollSelectorImpl.java:121)`
  - `sun.nio.ch.EPollSelectorImpl` retains 512 B (90.1%)
- `sun.nio.ch.SelectorImpl.lockAndDoSelect (SelectorImpl.java:130)`
  - `sun.nio.ch.EPollSelectorImpl` retains 512 B (90.1%)
  - `sun.nio.ch.EPollSelectorImpl` retains 512 B (90.1%)
  - `sun.nio.ch.Util$2` retains 16 B (2.8%)
- `sun.nio.ch.SelectorImpl.select (SelectorImpl.java:147)`
  - `sun.nio.ch.EPollSelectorImpl` retains 512 B (90.1%)
- `org.sparkproject.jetty.io.ManagedSelector.nioSelect (ManagedSelector.java:183)`
  - `org.sparkproject.jetty.io.ManagedSelector` retains 688 B (121.1%)
  - `sun.nio.ch.EPollSelectorImpl` retains 512 B (90.1%)
- `org.sparkproject.jetty.io.ManagedSelector.select (ManagedSelector.java:190)`
  - `org.sparkproject.jetty.io.ManagedSelector` retains 688 B (121.1%)
  - `sun.nio.ch.EPollSelectorImpl` retains 512 B (90.1%)
- `org.sparkproject.jetty.io.ManagedSelector$SelectorProducer.select (ManagedSelector.java:606)`
  - `sun.nio.ch.EPollSelectorImpl` retains 512 B (90.1%)
  - `org.sparkproject.jetty.io.ManagedSelector$SelectorProducer` retains 24 B (4.2%)
- `org.sparkproject.jetty.io.ManagedSelector$SelectorProducer.produce (ManagedSelector.java:543)`
  - `org.sparkproject.jetty.io.ManagedSelector$SelectorProducer` retains 24 B (4.2%)
- `org.sparkproject.jetty.util.thread.strategy.EatWhatYouKill.produceTask (EatWhatYouKill.java:362)`
  - `org.sparkproject.jetty.util.thread.strategy.EatWhatYouKill` retains 448 B (78.9%)
- `org.sparkproject.jetty.util.thread.strategy.EatWhatYouKill.doProduce (EatWhatYouKill.java:186)`
  - `org.sparkproject.jetty.util.thread.strategy.EatWhatYouKill` retains 448 B (78.9%)
- `org.sparkproject.jetty.util.thread.strategy.EatWhatYouKill.tryProduce (EatWhatYouKill.java:173)`
  - `org.sparkproject.jetty.util.thread.strategy.EatWhatYouKill` retains 448 B (78.9%)
- `org.sparkproject.jetty.util.thread.strategy.EatWhatYouKill.produce (EatWhatYouKill.java:137)`
  - `org.sparkproject.jetty.util.thread.strategy.EatWhatYouKill` retains 448 B (78.9%)
- `org.sparkproject.jetty.io.ManagedSelector$$Lambda+0x00007b0ac0526fa8.run (Unknown Source)`
  - `org.sparkproject.jetty.io.ManagedSelector$$Lambda+0x00007b0ac0526fa8` retains 16 B (2.8%)
- `org.sparkproject.jetty.util.thread.QueuedThreadPool.runJob (QueuedThreadPool.java:883)`
  - `org.sparkproject.jetty.util.thread.QueuedThreadPool` retains 33.5 KB (6040.8%)
  - `org.sparkproject.jetty.io.ManagedSelector$$Lambda+0x00007b0ac0526fa8` retains 16 B (2.8%)
- `org.sparkproject.jetty.util.thread.QueuedThreadPool$Runner.run (QueuedThreadPool.java:1034)`
  - `org.sparkproject.jetty.util.thread.QueuedThreadPool$Runner` retains 16 B (2.8%)

<a id="thread-35"></a>

### Thread 35 "SparkUI-106" (java/lang/Thread)

_Local roots: 25._

**Local root objects:**

| Object                                                                 | Shallow | Retained |
| ---------------------------------------------------------------------- | ------: | -------: |
| `org/sparkproject/jetty/util/thread/QueuedThreadPool`                  |   120 B |  33.5 KB |
| `org/sparkproject/jetty/io/ManagedSelector`                            |    80 B |    688 B |
| `org/sparkproject/jetty/io/ManagedSelector`                            |    80 B |    688 B |
| `sun/nio/ch/EPollSelectorImpl`                                         |    88 B |    512 B |
| `sun/nio/ch/EPollSelectorImpl`                                         |    88 B |    512 B |
| `sun/nio/ch/EPollSelectorImpl`                                         |    88 B |    512 B |
| `sun/nio/ch/EPollSelectorImpl`                                         |    88 B |    512 B |
| `sun/nio/ch/EPollSelectorImpl`                                         |    88 B |    512 B |
| `sun/nio/ch/EPollSelectorImpl`                                         |    88 B |    512 B |
| `sun/nio/ch/EPollSelectorImpl`                                         |    88 B |    512 B |
| `org/sparkproject/jetty/util/thread/strategy/EatWhatYouKill`           |    80 B |    448 B |
| `org/sparkproject/jetty/util/thread/strategy/EatWhatYouKill`           |    80 B |    448 B |
| `org/sparkproject/jetty/util/thread/strategy/EatWhatYouKill`           |    80 B |    448 B |
| `org/sparkproject/jetty/util/thread/strategy/EatWhatYouKill`           |    80 B |    448 B |
| `org/sparkproject/jetty/io/ManagedSelector$SelectorProducer`           |    24 B |     24 B |
| `org/sparkproject/jetty/io/ManagedSelector$SelectorProducer`           |    24 B |     24 B |
| `sun/nio/ch/Util$2`                                                    |    16 B |     16 B |
| `org/sparkproject/jetty/io/ManagedSelector$$Lambda+0x00007b0ac0526fa8` |    16 B |     16 B |
| `org/sparkproject/jetty/io/ManagedSelector$$Lambda+0x00007b0ac0526fa8` |    16 B |     16 B |
| `org/sparkproject/jetty/util/thread/QueuedThreadPool$Runner`           |    16 B |     16 B |

- `sun.nio.ch.EPollSelectorImpl.doSelect (EPollSelectorImpl.java:121)`
  - `sun.nio.ch.EPollSelectorImpl` retains 512 B (90.1%)
- `sun.nio.ch.SelectorImpl.lockAndDoSelect (SelectorImpl.java:130)`
  - `sun.nio.ch.EPollSelectorImpl` retains 512 B (90.1%)
  - `sun.nio.ch.EPollSelectorImpl` retains 512 B (90.1%)
  - `sun.nio.ch.Util$2` retains 16 B (2.8%)
- `sun.nio.ch.SelectorImpl.select (SelectorImpl.java:147)`
  - `sun.nio.ch.EPollSelectorImpl` retains 512 B (90.1%)
- `org.sparkproject.jetty.io.ManagedSelector.nioSelect (ManagedSelector.java:183)`
  - `org.sparkproject.jetty.io.ManagedSelector` retains 688 B (121.1%)
  - `sun.nio.ch.EPollSelectorImpl` retains 512 B (90.1%)
- `org.sparkproject.jetty.io.ManagedSelector.select (ManagedSelector.java:190)`
  - `org.sparkproject.jetty.io.ManagedSelector` retains 688 B (121.1%)
  - `sun.nio.ch.EPollSelectorImpl` retains 512 B (90.1%)
- `org.sparkproject.jetty.io.ManagedSelector$SelectorProducer.select (ManagedSelector.java:606)`
  - `sun.nio.ch.EPollSelectorImpl` retains 512 B (90.1%)
  - `org.sparkproject.jetty.io.ManagedSelector$SelectorProducer` retains 24 B (4.2%)
- `org.sparkproject.jetty.io.ManagedSelector$SelectorProducer.produce (ManagedSelector.java:543)`
  - `org.sparkproject.jetty.io.ManagedSelector$SelectorProducer` retains 24 B (4.2%)
- `org.sparkproject.jetty.util.thread.strategy.EatWhatYouKill.produceTask (EatWhatYouKill.java:362)`
  - `org.sparkproject.jetty.util.thread.strategy.EatWhatYouKill` retains 448 B (78.9%)
- `org.sparkproject.jetty.util.thread.strategy.EatWhatYouKill.doProduce (EatWhatYouKill.java:186)`
  - `org.sparkproject.jetty.util.thread.strategy.EatWhatYouKill` retains 448 B (78.9%)
- `org.sparkproject.jetty.util.thread.strategy.EatWhatYouKill.tryProduce (EatWhatYouKill.java:173)`
  - `org.sparkproject.jetty.util.thread.strategy.EatWhatYouKill` retains 448 B (78.9%)
- `org.sparkproject.jetty.util.thread.strategy.EatWhatYouKill.produce (EatWhatYouKill.java:137)`
  - `org.sparkproject.jetty.util.thread.strategy.EatWhatYouKill` retains 448 B (78.9%)
- `org.sparkproject.jetty.io.ManagedSelector$$Lambda+0x00007b0ac0526fa8.run (Unknown Source)`
  - `org.sparkproject.jetty.io.ManagedSelector$$Lambda+0x00007b0ac0526fa8` retains 16 B (2.8%)
- `org.sparkproject.jetty.util.thread.QueuedThreadPool.runJob (QueuedThreadPool.java:883)`
  - `org.sparkproject.jetty.util.thread.QueuedThreadPool` retains 33.5 KB (6040.8%)
  - `org.sparkproject.jetty.io.ManagedSelector$$Lambda+0x00007b0ac0526fa8` retains 16 B (2.8%)
- `org.sparkproject.jetty.util.thread.QueuedThreadPool$Runner.run (QueuedThreadPool.java:1034)`
  - `org.sparkproject.jetty.util.thread.QueuedThreadPool$Runner` retains 16 B (2.8%)

<a id="thread-36"></a>

### Thread 36 "SparkUI-107-acceptor-0@20ce74ae-ServerConnector@2e098ec7{HTTP/1.1, (http/1.1)}{0.0.0.0:4040}" (java/lang/Thread)

_Local roots: 22._

**Local root objects:**

| Object                                                                | Shallow | Retained |
| --------------------------------------------------------------------- | ------: | -------: |
| `org/sparkproject/jetty/util/thread/QueuedThreadPool`                 |   120 B |  33.5 KB |
| `org/sparkproject/jetty/server/ServerConnector`                       |   168 B |  20.1 KB |
| `sun/nio/ch/ServerSocketChannelImpl`                                  |    96 B |    424 B |
| `sun/nio/ch/ServerSocketChannelImpl`                                  |    96 B |    424 B |
| `java/lang/Class`                                                     |    32 B |    128 B |
| `java/lang/String`                                                    |    24 B |     56 B |
| `java/io/FileDescriptor`                                              |    40 B |     40 B |
| `java/util/concurrent/locks/ReentrantLock$NonfairSync`                |    32 B |     32 B |
| `java/util/concurrent/locks/ReentrantLock$NonfairSync`                |    32 B |     32 B |
| `java/util/concurrent/locks/ReentrantLock$NonfairSync`                |    32 B |     32 B |
| `java/util/concurrent/locks/AbstractQueuedSynchronizer$ExclusiveNode` |    32 B |     32 B |
| `java/util/concurrent/locks/AbstractQueuedSynchronizer$ExclusiveNode` |    32 B |     32 B |
| `java/util/concurrent/locks/AbstractQueuedSynchronizer$ExclusiveNode` |    32 B |     32 B |
| `org/sparkproject/jetty/server/AbstractConnector$Acceptor`            |    24 B |     24 B |
| `org/sparkproject/jetty/server/AbstractConnector$Acceptor`            |    24 B |     24 B |
| `org/sparkproject/jetty/server/AbstractConnector$Acceptor`            |    24 B |     24 B |
| `[Ljava/net/SocketAddress;`                                           |    24 B |     24 B |
| `org/sparkproject/jetty/util/thread/Locker$Lock`                      |    16 B |     16 B |
| `org/sparkproject/jetty/util/thread/QueuedThreadPool$Runner`          |    16 B |     16 B |
| `org/sparkproject/jetty/util/thread/QueuedThreadPool$Runner`          |    16 B |     16 B |

- `java.util.concurrent.locks.LockSupport.park (LockSupport.java:221)`
  - `java.util.concurrent.locks.ReentrantLock$NonfairSync` retains 32 B (6.7%)
- `java.util.concurrent.locks.AbstractQueuedSynchronizer.acquire (AbstractQueuedSynchronizer.java:788)`
  - `java.util.concurrent.locks.AbstractQueuedSynchronizer$ExclusiveNode` retains 32 B (6.7%)
  - `java.util.concurrent.locks.AbstractQueuedSynchronizer$ExclusiveNode` retains 32 B (6.7%)
  - `java.util.concurrent.locks.AbstractQueuedSynchronizer$ExclusiveNode` retains 32 B (6.7%)
  - `java.util.concurrent.locks.ReentrantLock$NonfairSync` retains 32 B (6.7%)
- `java.util.concurrent.locks.AbstractQueuedSynchronizer.acquire (AbstractQueuedSynchronizer.java:1024)`
  - `java.util.concurrent.locks.ReentrantLock$NonfairSync` retains 32 B (6.7%)
- `sun.nio.ch.ServerSocketChannelImpl.accept (ServerSocketChannelImpl.java:393)`
  - `sun.nio.ch.ServerSocketChannelImpl` retains 424 B (88.3%)
  - `java.io.FileDescriptor` retains 40 B (8.3%)
  - `java.net.SocketAddress[]` retains 24 B (5.0%)
- `org.sparkproject.jetty.server.ServerConnector.accept (ServerConnector.java:388)`
  - `org.sparkproject.jetty.server.ServerConnector` retains 20.1 KB (4280.0%)
  - `sun.nio.ch.ServerSocketChannelImpl` retains 424 B (88.3%)
- `org.sparkproject.jetty.server.AbstractConnector$Acceptor.run (AbstractConnector.java:704)`
  - `java.lang.String` retains 56 B (11.7%)
  - `org.sparkproject.jetty.server.AbstractConnector$Acceptor` retains 24 B (5.0%)
  - `org.sparkproject.jetty.util.thread.Locker$Lock` retains 16 B (3.3%)
- `org.sparkproject.jetty.util.thread.QueuedThreadPool.runJob (QueuedThreadPool.java:883)`
  - `org.sparkproject.jetty.util.thread.QueuedThreadPool` retains 33.5 KB (7148.3%)
  - `org.sparkproject.jetty.server.AbstractConnector$Acceptor` retains 24 B (5.0%)
- `org.sparkproject.jetty.util.thread.QueuedThreadPool$Runner.run (QueuedThreadPool.java:1034)`
  - `org.sparkproject.jetty.server.AbstractConnector$Acceptor` retains 24 B (5.0%)
  - `org.sparkproject.jetty.util.thread.QueuedThreadPool$Runner` retains 16 B (3.3%)
- `java.lang.Thread.runWith (Thread.java:1596)`
  - `java.lang.Class` retains 128 B (26.7%)
  - `org.sparkproject.jetty.util.thread.QueuedThreadPool$Runner` retains 16 B (3.3%)

<a id="thread-37"></a>

### Thread 37 "SparkUI-108-acceptor-1@3c6edbbe-ServerConnector@2e098ec7{HTTP/1.1, (http/1.1)}{0.0.0.0:4040}" (java/lang/Thread)

_Local roots: 21._

**Local root objects:**

| Object                                                       | Shallow | Retained |
| ------------------------------------------------------------ | ------: | -------: |
| `org/sparkproject/jetty/util/thread/QueuedThreadPool`        |   120 B |  33.5 KB |
| `org/sparkproject/jetty/server/ServerConnector`              |   168 B |  20.1 KB |
| `sun/nio/ch/ServerSocketChannelImpl`                         |    96 B |    424 B |
| `sun/nio/ch/ServerSocketChannelImpl`                         |    96 B |    424 B |
| `sun/nio/ch/ServerSocketChannelImpl`                         |    96 B |    424 B |
| `java/lang/Class`                                            |    32 B |    128 B |
| `java/lang/String`                                           |    24 B |     56 B |
| `java/io/FileDescriptor`                                     |    40 B |     40 B |
| `java/io/FileDescriptor`                                     |    40 B |     40 B |
| `java/io/FileDescriptor`                                     |    40 B |     40 B |
| `org/sparkproject/jetty/server/AbstractConnector$Acceptor`   |    24 B |     24 B |
| `org/sparkproject/jetty/server/AbstractConnector$Acceptor`   |    24 B |     24 B |
| `org/sparkproject/jetty/server/AbstractConnector$Acceptor`   |    24 B |     24 B |
| `[Ljava/net/SocketAddress;`                                  |    24 B |     24 B |
| `[Ljava/net/SocketAddress;`                                  |    24 B |     24 B |
| `[Ljava/net/InetSocketAddress;`                              |    24 B |     24 B |
| `org/sparkproject/jetty/util/thread/Locker$Lock`             |    16 B |     16 B |
| `org/sparkproject/jetty/util/thread/QueuedThreadPool$Runner` |    16 B |     16 B |
| `org/sparkproject/jetty/util/thread/QueuedThreadPool$Runner` |    16 B |     16 B |
| `org/sparkproject/jetty/util/thread/QueuedThreadPool$Runner` |    16 B |     16 B |

- `sun.nio.ch.ServerSocketChannelImpl.implAccept (ServerSocketChannelImpl.java:433)`
  - `sun.nio.ch.ServerSocketChannelImpl` retains 424 B (84.1%)
  - `java.io.FileDescriptor` retains 40 B (7.9%)
  - `java.io.FileDescriptor` retains 40 B (7.9%)
  - `java.net.InetSocketAddress[]` retains 24 B (4.8%)
  - `java.net.SocketAddress[]` retains 24 B (4.8%)
- `sun.nio.ch.ServerSocketChannelImpl.accept (ServerSocketChannelImpl.java:399)`
  - `sun.nio.ch.ServerSocketChannelImpl` retains 424 B (84.1%)
  - `java.io.FileDescriptor` retains 40 B (7.9%)
  - `java.net.SocketAddress[]` retains 24 B (4.8%)
- `org.sparkproject.jetty.server.ServerConnector.accept (ServerConnector.java:388)`
  - `org.sparkproject.jetty.server.ServerConnector` retains 20.1 KB (4076.2%)
  - `sun.nio.ch.ServerSocketChannelImpl` retains 424 B (84.1%)
- `org.sparkproject.jetty.server.AbstractConnector$Acceptor.run (AbstractConnector.java:704)`
  - `java.lang.String` retains 56 B (11.1%)
  - `org.sparkproject.jetty.server.AbstractConnector$Acceptor` retains 24 B (4.8%)
  - `org.sparkproject.jetty.util.thread.Locker$Lock` retains 16 B (3.2%)
- `org.sparkproject.jetty.util.thread.QueuedThreadPool.runJob (QueuedThreadPool.java:883)`
  - `org.sparkproject.jetty.util.thread.QueuedThreadPool` retains 33.5 KB (6807.9%)
  - `org.sparkproject.jetty.server.AbstractConnector$Acceptor` retains 24 B (4.8%)
- `org.sparkproject.jetty.util.thread.QueuedThreadPool$Runner.run (QueuedThreadPool.java:1034)`
  - `org.sparkproject.jetty.server.AbstractConnector$Acceptor` retains 24 B (4.8%)
  - `org.sparkproject.jetty.util.thread.QueuedThreadPool$Runner` retains 16 B (3.2%)
- `java.lang.Thread.runWith (Thread.java:1596)`
  - `java.lang.Class` retains 128 B (25.4%)
  - `org.sparkproject.jetty.util.thread.QueuedThreadPool$Runner` retains 16 B (3.2%)
- `java.lang.Thread.run (Thread.java:1583)`
  - `org.sparkproject.jetty.util.thread.QueuedThreadPool$Runner` retains 16 B (3.2%)

<a id="thread-38"></a>

### Thread 38 "SparkUI-109-acceptor-2@57a9bcb1-ServerConnector@2e098ec7{HTTP/1.1, (http/1.1)}{0.0.0.0:4040}" (java/lang/Thread)

_Local roots: 22._

**Local root objects:**

| Object                                                                | Shallow | Retained |
| --------------------------------------------------------------------- | ------: | -------: |
| `org/sparkproject/jetty/util/thread/QueuedThreadPool`                 |   120 B |  33.5 KB |
| `org/sparkproject/jetty/server/ServerConnector`                       |   168 B |  20.1 KB |
| `sun/nio/ch/ServerSocketChannelImpl`                                  |    96 B |    424 B |
| `sun/nio/ch/ServerSocketChannelImpl`                                  |    96 B |    424 B |
| `java/lang/Class`                                                     |    32 B |    128 B |
| `java/lang/String`                                                    |    24 B |     56 B |
| `java/io/FileDescriptor`                                              |    40 B |     40 B |
| `java/util/concurrent/locks/ReentrantLock$NonfairSync`                |    32 B |     32 B |
| `java/util/concurrent/locks/ReentrantLock$NonfairSync`                |    32 B |     32 B |
| `java/util/concurrent/locks/ReentrantLock$NonfairSync`                |    32 B |     32 B |
| `java/util/concurrent/locks/AbstractQueuedSynchronizer$ExclusiveNode` |    32 B |     32 B |
| `java/util/concurrent/locks/AbstractQueuedSynchronizer$ExclusiveNode` |    32 B |     32 B |
| `java/util/concurrent/locks/AbstractQueuedSynchronizer$ExclusiveNode` |    32 B |     32 B |
| `org/sparkproject/jetty/server/AbstractConnector$Acceptor`            |    24 B |     24 B |
| `org/sparkproject/jetty/server/AbstractConnector$Acceptor`            |    24 B |     24 B |
| `org/sparkproject/jetty/server/AbstractConnector$Acceptor`            |    24 B |     24 B |
| `[Ljava/net/SocketAddress;`                                           |    24 B |     24 B |
| `org/sparkproject/jetty/util/thread/Locker$Lock`                      |    16 B |     16 B |
| `org/sparkproject/jetty/util/thread/QueuedThreadPool$Runner`          |    16 B |     16 B |
| `org/sparkproject/jetty/util/thread/QueuedThreadPool$Runner`          |    16 B |     16 B |

- `java.util.concurrent.locks.LockSupport.park (LockSupport.java:221)`
  - `java.util.concurrent.locks.ReentrantLock$NonfairSync` retains 32 B (6.7%)
- `java.util.concurrent.locks.AbstractQueuedSynchronizer.acquire (AbstractQueuedSynchronizer.java:788)`
  - `java.util.concurrent.locks.AbstractQueuedSynchronizer$ExclusiveNode` retains 32 B (6.7%)
  - `java.util.concurrent.locks.AbstractQueuedSynchronizer$ExclusiveNode` retains 32 B (6.7%)
  - `java.util.concurrent.locks.AbstractQueuedSynchronizer$ExclusiveNode` retains 32 B (6.7%)
  - `java.util.concurrent.locks.ReentrantLock$NonfairSync` retains 32 B (6.7%)
- `java.util.concurrent.locks.AbstractQueuedSynchronizer.acquire (AbstractQueuedSynchronizer.java:1024)`
  - `java.util.concurrent.locks.ReentrantLock$NonfairSync` retains 32 B (6.7%)
- `sun.nio.ch.ServerSocketChannelImpl.accept (ServerSocketChannelImpl.java:393)`
  - `sun.nio.ch.ServerSocketChannelImpl` retains 424 B (88.3%)
  - `java.io.FileDescriptor` retains 40 B (8.3%)
  - `java.net.SocketAddress[]` retains 24 B (5.0%)
- `org.sparkproject.jetty.server.ServerConnector.accept (ServerConnector.java:388)`
  - `org.sparkproject.jetty.server.ServerConnector` retains 20.1 KB (4280.0%)
  - `sun.nio.ch.ServerSocketChannelImpl` retains 424 B (88.3%)
- `org.sparkproject.jetty.server.AbstractConnector$Acceptor.run (AbstractConnector.java:704)`
  - `java.lang.String` retains 56 B (11.7%)
  - `org.sparkproject.jetty.server.AbstractConnector$Acceptor` retains 24 B (5.0%)
  - `org.sparkproject.jetty.util.thread.Locker$Lock` retains 16 B (3.3%)
- `org.sparkproject.jetty.util.thread.QueuedThreadPool.runJob (QueuedThreadPool.java:883)`
  - `org.sparkproject.jetty.util.thread.QueuedThreadPool` retains 33.5 KB (7148.3%)
  - `org.sparkproject.jetty.server.AbstractConnector$Acceptor` retains 24 B (5.0%)
- `org.sparkproject.jetty.util.thread.QueuedThreadPool$Runner.run (QueuedThreadPool.java:1034)`
  - `org.sparkproject.jetty.server.AbstractConnector$Acceptor` retains 24 B (5.0%)
  - `org.sparkproject.jetty.util.thread.QueuedThreadPool$Runner` retains 16 B (3.3%)
- `java.lang.Thread.runWith (Thread.java:1596)`
  - `java.lang.Class` retains 128 B (26.7%)
  - `org.sparkproject.jetty.util.thread.QueuedThreadPool$Runner` retains 16 B (3.3%)

<a id="thread-39"></a>

### Thread 39 "SparkUI-110-acceptor-3@7af09392-Spark@2e098ec7{HTTP/1.1, (http/1.1)}{0.0.0.0:4040}" (java/lang/Thread)

_Local roots: 22._

**Local root objects:**

| Object                                                                | Shallow | Retained |
| --------------------------------------------------------------------- | ------: | -------: |
| `org/sparkproject/jetty/util/thread/QueuedThreadPool`                 |   120 B |  33.5 KB |
| `org/sparkproject/jetty/server/ServerConnector`                       |   168 B |  20.1 KB |
| `sun/nio/ch/ServerSocketChannelImpl`                                  |    96 B |    424 B |
| `sun/nio/ch/ServerSocketChannelImpl`                                  |    96 B |    424 B |
| `java/lang/Class`                                                     |    32 B |    128 B |
| `java/lang/String`                                                    |    24 B |     56 B |
| `java/io/FileDescriptor`                                              |    40 B |     40 B |
| `java/util/concurrent/locks/ReentrantLock$NonfairSync`                |    32 B |     32 B |
| `java/util/concurrent/locks/ReentrantLock$NonfairSync`                |    32 B |     32 B |
| `java/util/concurrent/locks/ReentrantLock$NonfairSync`                |    32 B |     32 B |
| `java/util/concurrent/locks/AbstractQueuedSynchronizer$ExclusiveNode` |    32 B |     32 B |
| `java/util/concurrent/locks/AbstractQueuedSynchronizer$ExclusiveNode` |    32 B |     32 B |
| `java/util/concurrent/locks/AbstractQueuedSynchronizer$ExclusiveNode` |    32 B |     32 B |
| `org/sparkproject/jetty/server/AbstractConnector$Acceptor`            |    24 B |     24 B |
| `org/sparkproject/jetty/server/AbstractConnector$Acceptor`            |    24 B |     24 B |
| `org/sparkproject/jetty/server/AbstractConnector$Acceptor`            |    24 B |     24 B |
| `[Ljava/net/SocketAddress;`                                           |    24 B |     24 B |
| `org/sparkproject/jetty/util/thread/Locker$Lock`                      |    16 B |     16 B |
| `org/sparkproject/jetty/util/thread/QueuedThreadPool$Runner`          |    16 B |     16 B |
| `org/sparkproject/jetty/util/thread/QueuedThreadPool$Runner`          |    16 B |     16 B |

- `java.util.concurrent.locks.LockSupport.park (LockSupport.java:221)`
  - `java.util.concurrent.locks.ReentrantLock$NonfairSync` retains 32 B (6.7%)
- `java.util.concurrent.locks.AbstractQueuedSynchronizer.acquire (AbstractQueuedSynchronizer.java:788)`
  - `java.util.concurrent.locks.AbstractQueuedSynchronizer$ExclusiveNode` retains 32 B (6.7%)
  - `java.util.concurrent.locks.AbstractQueuedSynchronizer$ExclusiveNode` retains 32 B (6.7%)
  - `java.util.concurrent.locks.AbstractQueuedSynchronizer$ExclusiveNode` retains 32 B (6.7%)
  - `java.util.concurrent.locks.ReentrantLock$NonfairSync` retains 32 B (6.7%)
- `java.util.concurrent.locks.AbstractQueuedSynchronizer.acquire (AbstractQueuedSynchronizer.java:1024)`
  - `java.util.concurrent.locks.ReentrantLock$NonfairSync` retains 32 B (6.7%)
- `sun.nio.ch.ServerSocketChannelImpl.accept (ServerSocketChannelImpl.java:393)`
  - `sun.nio.ch.ServerSocketChannelImpl` retains 424 B (88.3%)
  - `java.io.FileDescriptor` retains 40 B (8.3%)
  - `java.net.SocketAddress[]` retains 24 B (5.0%)
- `org.sparkproject.jetty.server.ServerConnector.accept (ServerConnector.java:388)`
  - `org.sparkproject.jetty.server.ServerConnector` retains 20.1 KB (4280.0%)
  - `sun.nio.ch.ServerSocketChannelImpl` retains 424 B (88.3%)
- `org.sparkproject.jetty.server.AbstractConnector$Acceptor.run (AbstractConnector.java:704)`
  - `java.lang.String` retains 56 B (11.7%)
  - `org.sparkproject.jetty.server.AbstractConnector$Acceptor` retains 24 B (5.0%)
  - `org.sparkproject.jetty.util.thread.Locker$Lock` retains 16 B (3.3%)
- `org.sparkproject.jetty.util.thread.QueuedThreadPool.runJob (QueuedThreadPool.java:883)`
  - `org.sparkproject.jetty.util.thread.QueuedThreadPool` retains 33.5 KB (7148.3%)
  - `org.sparkproject.jetty.server.AbstractConnector$Acceptor` retains 24 B (5.0%)
- `org.sparkproject.jetty.util.thread.QueuedThreadPool$Runner.run (QueuedThreadPool.java:1034)`
  - `org.sparkproject.jetty.server.AbstractConnector$Acceptor` retains 24 B (5.0%)
  - `org.sparkproject.jetty.util.thread.QueuedThreadPool$Runner` retains 16 B (3.3%)
- `java.lang.Thread.runWith (Thread.java:1596)`
  - `java.lang.Class` retains 128 B (26.7%)
  - `org.sparkproject.jetty.util.thread.QueuedThreadPool$Runner` retains 16 B (3.3%)

<a id="thread-40"></a>

### Thread 40 "dispatcher-HeartbeatReceiver" (java/lang/Thread)

_Local roots: 18._

**Local root objects:**

| Object                                                                  | Shallow | Retained |
| ----------------------------------------------------------------------- | ------: | -------: |
| `java/util/concurrent/ThreadPoolExecutor`                               |    80 B |    808 B |
| `java/util/concurrent/LinkedBlockingQueue`                              |    48 B |    144 B |
| `java/lang/Class`                                                       |    32 B |    128 B |
| `java/lang/Class`                                                       |    32 B |    128 B |
| `org/apache/spark/rpc/netty/DedicatedMessageLoop`                       |    48 B |    120 B |
| `java/util/concurrent/ThreadPoolExecutor$Worker`                        |    48 B |     48 B |
| `java/util/concurrent/ThreadPoolExecutor$Worker`                        |    48 B |     48 B |
| `java/util/concurrent/ThreadPoolExecutor$Worker`                        |    48 B |     48 B |
| `java/util/concurrent/ThreadPoolExecutor$Worker`                        |    48 B |     48 B |
| `java/util/concurrent/locks/AbstractQueuedSynchronizer$ConditionNode`   |    32 B |     32 B |
| `java/util/concurrent/locks/AbstractQueuedSynchronizer$ConditionNode`   |    32 B |     32 B |
| `java/util/concurrent/locks/AbstractQueuedSynchronizer$ConditionNode`   |    32 B |     32 B |
| `java/util/concurrent/locks/AbstractQueuedSynchronizer$ConditionNode`   |    32 B |     32 B |
| `java/util/concurrent/locks/AbstractQueuedSynchronizer$ConditionObject` |    24 B |     24 B |
| `java/util/concurrent/atomic/AtomicInteger`                             |    16 B |     16 B |
| `java/util/concurrent/locks/ReentrantLock`                              |    16 B |     16 B |
| `org/apache/spark/rpc/netty/MessageLoop$$anon$1`                        |    16 B |     16 B |
| `org/apache/spark/rpc/netty/MessageLoop$$anon$1`                        |    16 B |     16 B |

- `java.util.concurrent.locks.AbstractQueuedSynchronizer$ConditionNode.block (AbstractQueuedSynchronizer.java:519)`
  - `java.util.concurrent.locks.AbstractQueuedSynchronizer$ConditionNode` retains 32 B (8.7%)
- `java.util.concurrent.ForkJoinPool.unmanagedBlock (ForkJoinPool.java:3780)`
  - `java.util.concurrent.locks.AbstractQueuedSynchronizer$ConditionNode` retains 32 B (8.7%)
- `java.util.concurrent.ForkJoinPool.managedBlock (ForkJoinPool.java:3725)`
  - `java.util.concurrent.locks.AbstractQueuedSynchronizer$ConditionNode` retains 32 B (8.7%)
- `java.util.concurrent.locks.AbstractQueuedSynchronizer$ConditionObject.await (AbstractQueuedSynchronizer.java:1746)`
  - `java.util.concurrent.locks.AbstractQueuedSynchronizer$ConditionNode` retains 32 B (8.7%)
  - `java.util.concurrent.locks.AbstractQueuedSynchronizer$ConditionObject` retains 24 B (6.5%)
- `java.util.concurrent.LinkedBlockingQueue.take (LinkedBlockingQueue.java:435)`
  - `java.util.concurrent.LinkedBlockingQueue` retains 144 B (39.1%)
  - `java.util.concurrent.atomic.AtomicInteger` retains 16 B (4.3%)
  - `java.util.concurrent.locks.ReentrantLock` retains 16 B (4.3%)
- `org.apache.spark.rpc.netty.MessageLoop.org$apache$spark$rpc$netty$MessageLoop$$receiveLoop (MessageLoop.scala:69)`
  - `org.apache.spark.rpc.netty.DedicatedMessageLoop` retains 120 B (32.6%)
- `org.apache.spark.rpc.netty.MessageLoop$$anon$1.run (MessageLoop.scala:41)`
  - `org.apache.spark.rpc.netty.MessageLoop$$anon$1` retains 16 B (4.3%)
- `java.util.concurrent.ThreadPoolExecutor.runWorker (ThreadPoolExecutor.java:1144)`
  - `java.util.concurrent.ThreadPoolExecutor` retains 808 B (219.6%)
  - `java.util.concurrent.ThreadPoolExecutor$Worker` retains 48 B (13.0%)
  - `org.apache.spark.rpc.netty.MessageLoop$$anon$1` retains 16 B (4.3%)
- `java.util.concurrent.ThreadPoolExecutor$Worker.run (ThreadPoolExecutor.java:642)`
  - `java.util.concurrent.ThreadPoolExecutor$Worker` retains 48 B (13.0%)
- `java.lang.Thread.runWith (Thread.java:1596)`
  - `java.lang.Class` retains 128 B (34.8%)
  - `java.util.concurrent.ThreadPoolExecutor$Worker` retains 48 B (13.0%)
- `java.lang.Thread.run (Thread.java:1583)`
  - `java.lang.Class` retains 128 B (34.8%)
  - `java.util.concurrent.ThreadPoolExecutor$Worker` retains 48 B (13.0%)

<a id="thread-41"></a>

### Thread 41 "heartbeat-receiver-event-loop-thread" (java/lang/Thread)

_Local roots: 14._

**Local root objects:**

| Object                                                                  | Shallow | Retained |
| ----------------------------------------------------------------------- | ------: | -------: |
| `java/util/concurrent/ScheduledThreadPoolExecutor`                      |    80 B |    504 B |
| `java/util/concurrent/ScheduledThreadPoolExecutor`                      |    80 B |    504 B |
| `java/lang/Class`                                                       |    32 B |    128 B |
| `java/lang/Class`                                                       |    32 B |    128 B |
| `java/util/concurrent/ScheduledThreadPoolExecutor$DelayedWorkQueue`     |    32 B |    112 B |
| `java/util/concurrent/ScheduledThreadPoolExecutor$DelayedWorkQueue`     |    32 B |    112 B |
| `java/util/concurrent/ThreadPoolExecutor$Worker`                        |    48 B |     48 B |
| `java/util/concurrent/ThreadPoolExecutor$Worker`                        |    48 B |     48 B |
| `java/util/concurrent/ThreadPoolExecutor$Worker`                        |    48 B |     48 B |
| `java/util/concurrent/ThreadPoolExecutor$Worker`                        |    48 B |     48 B |
| `java/util/concurrent/locks/AbstractQueuedSynchronizer$ConditionNode`   |    32 B |     32 B |
| `java/util/concurrent/locks/AbstractQueuedSynchronizer$ConditionObject` |    24 B |     24 B |
| `java/util/concurrent/locks/AbstractQueuedSynchronizer$ConditionObject` |    24 B |     24 B |
| `java/util/concurrent/locks/ReentrantLock`                              |    16 B |     16 B |

- `java.util.concurrent.locks.LockSupport.parkNanos (LockSupport.java:269)`
  - `java.util.concurrent.locks.AbstractQueuedSynchronizer$ConditionObject` retains 24 B (4.7%)
- `java.util.concurrent.locks.AbstractQueuedSynchronizer$ConditionObject.awaitNanos (AbstractQueuedSynchronizer.java:1797)`
  - `java.util.concurrent.locks.AbstractQueuedSynchronizer$ConditionNode` retains 32 B (6.2%)
  - `java.util.concurrent.locks.AbstractQueuedSynchronizer$ConditionObject` retains 24 B (4.7%)
- `java.util.concurrent.ScheduledThreadPoolExecutor$DelayedWorkQueue.take (ScheduledThreadPoolExecutor.java:1182)`
  - `java.util.concurrent.ScheduledThreadPoolExecutor$DelayedWorkQueue` retains 112 B (21.9%)
  - `java.util.concurrent.locks.ReentrantLock` retains 16 B (3.1%)
- `java.util.concurrent.ScheduledThreadPoolExecutor$DelayedWorkQueue.take (ScheduledThreadPoolExecutor.java:899)`
  - `java.util.concurrent.ScheduledThreadPoolExecutor$DelayedWorkQueue` retains 112 B (21.9%)
- `java.util.concurrent.ThreadPoolExecutor.getTask (ThreadPoolExecutor.java:1070)`
  - `java.util.concurrent.ScheduledThreadPoolExecutor` retains 504 B (98.4%)
- `java.util.concurrent.ThreadPoolExecutor.runWorker (ThreadPoolExecutor.java:1130)`
  - `java.util.concurrent.ScheduledThreadPoolExecutor` retains 504 B (98.4%)
  - `java.util.concurrent.ThreadPoolExecutor$Worker` retains 48 B (9.4%)
- `java.util.concurrent.ThreadPoolExecutor$Worker.run (ThreadPoolExecutor.java:642)`
  - `java.util.concurrent.ThreadPoolExecutor$Worker` retains 48 B (9.4%)
- `java.lang.Thread.runWith (Thread.java:1596)`
  - `java.lang.Class` retains 128 B (25.0%)
  - `java.util.concurrent.ThreadPoolExecutor$Worker` retains 48 B (9.4%)
- `java.lang.Thread.run (Thread.java:1583)`
  - `java.lang.Class` retains 128 B (25.0%)
  - `java.util.concurrent.ThreadPoolExecutor$Worker` retains 48 B (9.4%)

<a id="thread-42"></a>

### Thread 42 "netty-rpc-env-timeout" (java/lang/Thread)

_Local roots: 13._

**Local root objects:**

| Object                                                                  | Shallow | Retained |
| ----------------------------------------------------------------------- | ------: | -------: |
| `java/util/concurrent/ScheduledThreadPoolExecutor`                      |    80 B |    504 B |
| `java/util/concurrent/ScheduledThreadPoolExecutor`                      |    80 B |    504 B |
| `java/lang/Class`                                                       |    32 B |    128 B |
| `java/lang/Class`                                                       |    32 B |    128 B |
| `java/util/concurrent/ScheduledThreadPoolExecutor$DelayedWorkQueue`     |    32 B |    112 B |
| `java/util/concurrent/ScheduledThreadPoolExecutor$DelayedWorkQueue`     |    32 B |    112 B |
| `java/util/concurrent/ThreadPoolExecutor$Worker`                        |    48 B |     48 B |
| `java/util/concurrent/ThreadPoolExecutor$Worker`                        |    48 B |     48 B |
| `java/util/concurrent/ThreadPoolExecutor$Worker`                        |    48 B |     48 B |
| `java/util/concurrent/ThreadPoolExecutor$Worker`                        |    48 B |     48 B |
| `java/util/concurrent/locks/AbstractQueuedSynchronizer$ConditionNode`   |    32 B |     32 B |
| `java/util/concurrent/locks/AbstractQueuedSynchronizer$ConditionObject` |    24 B |     24 B |
| `java/util/concurrent/locks/ReentrantLock`                              |    16 B |     16 B |

- `java.util.concurrent.locks.AbstractQueuedSynchronizer$ConditionObject.awaitNanos (AbstractQueuedSynchronizer.java:1797)`
  - `java.util.concurrent.locks.AbstractQueuedSynchronizer$ConditionNode` retains 32 B (8.9%)
  - `java.util.concurrent.locks.AbstractQueuedSynchronizer$ConditionObject` retains 24 B (6.7%)
- `java.util.concurrent.ScheduledThreadPoolExecutor$DelayedWorkQueue.take (ScheduledThreadPoolExecutor.java:1182)`
  - `java.util.concurrent.ScheduledThreadPoolExecutor$DelayedWorkQueue` retains 112 B (31.1%)
  - `java.util.concurrent.locks.ReentrantLock` retains 16 B (4.4%)
- `java.util.concurrent.ScheduledThreadPoolExecutor$DelayedWorkQueue.take (ScheduledThreadPoolExecutor.java:899)`
  - `java.util.concurrent.ScheduledThreadPoolExecutor$DelayedWorkQueue` retains 112 B (31.1%)
- `java.util.concurrent.ThreadPoolExecutor.getTask (ThreadPoolExecutor.java:1070)`
  - `java.util.concurrent.ScheduledThreadPoolExecutor` retains 504 B (140.0%)
- `java.util.concurrent.ThreadPoolExecutor.runWorker (ThreadPoolExecutor.java:1130)`
  - `java.util.concurrent.ScheduledThreadPoolExecutor` retains 504 B (140.0%)
  - `java.util.concurrent.ThreadPoolExecutor$Worker` retains 48 B (13.3%)
- `java.util.concurrent.ThreadPoolExecutor$Worker.run (ThreadPoolExecutor.java:642)`
  - `java.util.concurrent.ThreadPoolExecutor$Worker` retains 48 B (13.3%)
- `java.lang.Thread.runWith (Thread.java:1596)`
  - `java.lang.Class` retains 128 B (35.6%)
  - `java.util.concurrent.ThreadPoolExecutor$Worker` retains 48 B (13.3%)
- `java.lang.Thread.run (Thread.java:1583)`
  - `java.lang.Class` retains 128 B (35.6%)
  - `java.util.concurrent.ThreadPoolExecutor$Worker` retains 48 B (13.3%)

<a id="thread-43"></a>

### Thread 43 "task-starvation-timer" (java/util/TimerThread)

_Local roots: 3._

**Local root objects:**

| Object                | Shallow | Retained |
| --------------------- | ------: | -------: |
| `java/util/TaskQueue` |    24 B |    552 B |
| `java/util/TaskQueue` |    24 B |    552 B |
| `java/util/TaskQueue` |    24 B |    552 B |

- `java.lang.Object.wait (Object.java:366)`
  - `java.util.TaskQueue` retains 552 B (140.8%)
- `java.lang.Object.wait (Object.java:339)`
  - `java.util.TaskQueue` retains 552 B (140.8%)
- `java.util.TimerThread.mainLoop (Timer.java:537)`
  - `java.util.TaskQueue` retains 552 B (140.8%)

<a id="thread-44"></a>

### Thread 44 "task-abort-timer" (java/util/TimerThread)

_Local roots: 3._

**Local root objects:**

| Object                | Shallow | Retained |
| --------------------- | ------: | -------: |
| `java/util/TaskQueue` |    24 B |    552 B |
| `java/util/TaskQueue` |    24 B |    552 B |
| `java/util/TaskQueue` |    24 B |    552 B |

- `java.lang.Object.wait (Object.java:366)`
  - `java.util.TaskQueue` retains 552 B (140.8%)
- `java.lang.Object.wait (Object.java:339)`
  - `java.util.TaskQueue` retains 552 B (140.8%)
- `java.util.TimerThread.mainLoop (Timer.java:537)`
  - `java.util.TaskQueue` retains 552 B (140.8%)

<a id="thread-45"></a>

### Thread 45 "dag-scheduler-event-loop" (org/apache/spark/util/EventLoop$$anon$1)

_Local roots: 7._

**Local root objects:**

| Object                                                                  | Shallow | Retained |
| ----------------------------------------------------------------------- | ------: | -------: |
| `java/util/concurrent/LinkedBlockingDeque`                              |    40 B |     64 B |
| `java/util/concurrent/LinkedBlockingDeque`                              |    40 B |     64 B |
| `java/util/concurrent/locks/AbstractQueuedSynchronizer$ConditionNode`   |    32 B |     32 B |
| `java/util/concurrent/locks/AbstractQueuedSynchronizer$ConditionNode`   |    32 B |     32 B |
| `java/util/concurrent/locks/AbstractQueuedSynchronizer$ConditionNode`   |    32 B |     32 B |
| `java/util/concurrent/locks/AbstractQueuedSynchronizer$ConditionObject` |    24 B |     24 B |
| `java/util/concurrent/locks/ReentrantLock`                              |    16 B |     16 B |

- `java.util.concurrent.locks.AbstractQueuedSynchronizer$ConditionNode.block (AbstractQueuedSynchronizer.java:519)`
  - `java.util.concurrent.locks.AbstractQueuedSynchronizer$ConditionNode` retains 32 B (3.3%)
- `java.util.concurrent.ForkJoinPool.unmanagedBlock (ForkJoinPool.java:3780)`
  - `java.util.concurrent.locks.AbstractQueuedSynchronizer$ConditionNode` retains 32 B (3.3%)
- `java.util.concurrent.locks.AbstractQueuedSynchronizer$ConditionObject.await (AbstractQueuedSynchronizer.java:1746)`
  - `java.util.concurrent.locks.AbstractQueuedSynchronizer$ConditionNode` retains 32 B (3.3%)
  - `java.util.concurrent.locks.AbstractQueuedSynchronizer$ConditionObject` retains 24 B (2.5%)
- `java.util.concurrent.LinkedBlockingDeque.takeFirst (LinkedBlockingDeque.java:485)`
  - `java.util.concurrent.LinkedBlockingDeque` retains 64 B (6.6%)
  - `java.util.concurrent.locks.ReentrantLock` retains 16 B (1.7%)
- `java.util.concurrent.LinkedBlockingDeque.take (LinkedBlockingDeque.java:673)`
  - `java.util.concurrent.LinkedBlockingDeque` retains 64 B (6.6%)

<a id="thread-46"></a>

### Thread 46 "driver-heartbeater" (java/lang/Thread)

_Local roots: 14._

**Local root objects:**

| Object                                                                  | Shallow | Retained |
| ----------------------------------------------------------------------- | ------: | -------: |
| `java/util/concurrent/ScheduledThreadPoolExecutor`                      |    80 B |    504 B |
| `java/util/concurrent/ScheduledThreadPoolExecutor`                      |    80 B |    504 B |
| `java/util/concurrent/ScheduledThreadPoolExecutor$DelayedWorkQueue`     |    32 B |    224 B |
| `java/util/concurrent/ScheduledThreadPoolExecutor$DelayedWorkQueue`     |    32 B |    224 B |
| `java/lang/Class`                                                       |    32 B |    128 B |
| `java/lang/Class`                                                       |    32 B |    128 B |
| `java/util/concurrent/ThreadPoolExecutor$Worker`                        |    48 B |     48 B |
| `java/util/concurrent/ThreadPoolExecutor$Worker`                        |    48 B |     48 B |
| `java/util/concurrent/ThreadPoolExecutor$Worker`                        |    48 B |     48 B |
| `java/util/concurrent/ThreadPoolExecutor$Worker`                        |    48 B |     48 B |
| `java/util/concurrent/locks/AbstractQueuedSynchronizer$ConditionNode`   |    32 B |     32 B |
| `java/util/concurrent/locks/AbstractQueuedSynchronizer$ConditionObject` |    24 B |     24 B |
| `java/util/concurrent/locks/AbstractQueuedSynchronizer$ConditionObject` |    24 B |     24 B |
| `java/util/concurrent/locks/ReentrantLock`                              |    16 B |     16 B |

- `java.util.concurrent.locks.LockSupport.parkNanos (LockSupport.java:269)`
  - `java.util.concurrent.locks.AbstractQueuedSynchronizer$ConditionObject` retains 24 B (5.3%)
- `java.util.concurrent.locks.AbstractQueuedSynchronizer$ConditionObject.awaitNanos (AbstractQueuedSynchronizer.java:1797)`
  - `java.util.concurrent.locks.AbstractQueuedSynchronizer$ConditionNode` retains 32 B (7.0%)
  - `java.util.concurrent.locks.AbstractQueuedSynchronizer$ConditionObject` retains 24 B (5.3%)
- `java.util.concurrent.ScheduledThreadPoolExecutor$DelayedWorkQueue.take (ScheduledThreadPoolExecutor.java:1182)`
  - `java.util.concurrent.ScheduledThreadPoolExecutor$DelayedWorkQueue` retains 224 B (49.1%)
  - `java.util.concurrent.locks.ReentrantLock` retains 16 B (3.5%)
- `java.util.concurrent.ScheduledThreadPoolExecutor$DelayedWorkQueue.take (ScheduledThreadPoolExecutor.java:899)`
  - `java.util.concurrent.ScheduledThreadPoolExecutor$DelayedWorkQueue` retains 224 B (49.1%)
- `java.util.concurrent.ThreadPoolExecutor.getTask (ThreadPoolExecutor.java:1070)`
  - `java.util.concurrent.ScheduledThreadPoolExecutor` retains 504 B (110.5%)
- `java.util.concurrent.ThreadPoolExecutor.runWorker (ThreadPoolExecutor.java:1130)`
  - `java.util.concurrent.ScheduledThreadPoolExecutor` retains 504 B (110.5%)
  - `java.util.concurrent.ThreadPoolExecutor$Worker` retains 48 B (10.5%)
- `java.util.concurrent.ThreadPoolExecutor$Worker.run (ThreadPoolExecutor.java:642)`
  - `java.util.concurrent.ThreadPoolExecutor$Worker` retains 48 B (10.5%)
- `java.lang.Thread.runWith (Thread.java:1596)`
  - `java.lang.Class` retains 128 B (28.1%)
  - `java.util.concurrent.ThreadPoolExecutor$Worker` retains 48 B (10.5%)
- `java.lang.Thread.run (Thread.java:1583)`
  - `java.lang.Class` retains 128 B (28.1%)
  - `java.util.concurrent.ThreadPoolExecutor$Worker` retains 48 B (10.5%)

<a id="thread-47"></a>

### Thread 47 "executor-kill-mark-cleanup" (java/lang/Thread)

_Local roots: 14._

**Local root objects:**

| Object                                                                  | Shallow | Retained |
| ----------------------------------------------------------------------- | ------: | -------: |
| `java/util/concurrent/ScheduledThreadPoolExecutor`                      |    80 B |    504 B |
| `java/util/concurrent/ScheduledThreadPoolExecutor`                      |    80 B |    504 B |
| `java/util/concurrent/ScheduledThreadPoolExecutor$DelayedWorkQueue`     |    32 B |    208 B |
| `java/util/concurrent/ScheduledThreadPoolExecutor$DelayedWorkQueue`     |    32 B |    208 B |
| `java/lang/Class`                                                       |    32 B |    128 B |
| `java/lang/Class`                                                       |    32 B |    128 B |
| `java/util/concurrent/ThreadPoolExecutor$Worker`                        |    48 B |     48 B |
| `java/util/concurrent/ThreadPoolExecutor$Worker`                        |    48 B |     48 B |
| `java/util/concurrent/ThreadPoolExecutor$Worker`                        |    48 B |     48 B |
| `java/util/concurrent/ThreadPoolExecutor$Worker`                        |    48 B |     48 B |
| `java/util/concurrent/locks/AbstractQueuedSynchronizer$ConditionNode`   |    32 B |     32 B |
| `java/util/concurrent/locks/AbstractQueuedSynchronizer$ConditionObject` |    24 B |     24 B |
| `java/util/concurrent/locks/AbstractQueuedSynchronizer$ConditionObject` |    24 B |     24 B |
| `java/util/concurrent/locks/ReentrantLock`                              |    16 B |     16 B |

- `java.util.concurrent.locks.LockSupport.parkNanos (LockSupport.java:269)`
  - `java.util.concurrent.locks.AbstractQueuedSynchronizer$ConditionObject` retains 24 B (5.2%)
- `java.util.concurrent.locks.AbstractQueuedSynchronizer$ConditionObject.awaitNanos (AbstractQueuedSynchronizer.java:1797)`
  - `java.util.concurrent.locks.AbstractQueuedSynchronizer$ConditionNode` retains 32 B (6.9%)
  - `java.util.concurrent.locks.AbstractQueuedSynchronizer$ConditionObject` retains 24 B (5.2%)
- `java.util.concurrent.ScheduledThreadPoolExecutor$DelayedWorkQueue.take (ScheduledThreadPoolExecutor.java:1182)`
  - `java.util.concurrent.ScheduledThreadPoolExecutor$DelayedWorkQueue` retains 208 B (44.8%)
  - `java.util.concurrent.locks.ReentrantLock` retains 16 B (3.4%)
- `java.util.concurrent.ScheduledThreadPoolExecutor$DelayedWorkQueue.take (ScheduledThreadPoolExecutor.java:899)`
  - `java.util.concurrent.ScheduledThreadPoolExecutor$DelayedWorkQueue` retains 208 B (44.8%)
- `java.util.concurrent.ThreadPoolExecutor.getTask (ThreadPoolExecutor.java:1070)`
  - `java.util.concurrent.ScheduledThreadPoolExecutor` retains 504 B (108.6%)
- `java.util.concurrent.ThreadPoolExecutor.runWorker (ThreadPoolExecutor.java:1130)`
  - `java.util.concurrent.ScheduledThreadPoolExecutor` retains 504 B (108.6%)
  - `java.util.concurrent.ThreadPoolExecutor$Worker` retains 48 B (10.3%)
- `java.util.concurrent.ThreadPoolExecutor$Worker.run (ThreadPoolExecutor.java:642)`
  - `java.util.concurrent.ThreadPoolExecutor$Worker` retains 48 B (10.3%)
- `java.lang.Thread.runWith (Thread.java:1596)`
  - `java.lang.Class` retains 128 B (27.6%)
  - `java.util.concurrent.ThreadPoolExecutor$Worker` retains 48 B (10.3%)
- `java.lang.Thread.run (Thread.java:1583)`
  - `java.lang.Class` retains 128 B (27.6%)
  - `java.util.concurrent.ThreadPoolExecutor$Worker` retains 48 B (10.3%)

<a id="thread-48"></a>

### Thread 48 "executor-heartbeater" (java/lang/Thread)

_Local roots: 14._

**Local root objects:**

| Object                                                                  | Shallow | Retained |
| ----------------------------------------------------------------------- | ------: | -------: |
| `java/util/concurrent/ScheduledThreadPoolExecutor`                      |    80 B |    504 B |
| `java/util/concurrent/ScheduledThreadPoolExecutor`                      |    80 B |    504 B |
| `java/util/concurrent/ScheduledThreadPoolExecutor$DelayedWorkQueue`     |    32 B |    224 B |
| `java/util/concurrent/ScheduledThreadPoolExecutor$DelayedWorkQueue`     |    32 B |    224 B |
| `java/lang/Class`                                                       |    32 B |    128 B |
| `java/lang/Class`                                                       |    32 B |    128 B |
| `java/util/concurrent/ThreadPoolExecutor$Worker`                        |    48 B |     48 B |
| `java/util/concurrent/ThreadPoolExecutor$Worker`                        |    48 B |     48 B |
| `java/util/concurrent/ThreadPoolExecutor$Worker`                        |    48 B |     48 B |
| `java/util/concurrent/ThreadPoolExecutor$Worker`                        |    48 B |     48 B |
| `java/util/concurrent/locks/AbstractQueuedSynchronizer$ConditionNode`   |    32 B |     32 B |
| `java/util/concurrent/locks/AbstractQueuedSynchronizer$ConditionObject` |    24 B |     24 B |
| `java/util/concurrent/locks/AbstractQueuedSynchronizer$ConditionObject` |    24 B |     24 B |
| `java/util/concurrent/locks/ReentrantLock`                              |    16 B |     16 B |

- `java.util.concurrent.locks.LockSupport.parkNanos (LockSupport.java:269)`
  - `java.util.concurrent.locks.AbstractQueuedSynchronizer$ConditionObject` retains 24 B (5.3%)
- `java.util.concurrent.locks.AbstractQueuedSynchronizer$ConditionObject.awaitNanos (AbstractQueuedSynchronizer.java:1797)`
  - `java.util.concurrent.locks.AbstractQueuedSynchronizer$ConditionNode` retains 32 B (7.0%)
  - `java.util.concurrent.locks.AbstractQueuedSynchronizer$ConditionObject` retains 24 B (5.3%)
- `java.util.concurrent.ScheduledThreadPoolExecutor$DelayedWorkQueue.take (ScheduledThreadPoolExecutor.java:1182)`
  - `java.util.concurrent.ScheduledThreadPoolExecutor$DelayedWorkQueue` retains 224 B (49.1%)
  - `java.util.concurrent.locks.ReentrantLock` retains 16 B (3.5%)
- `java.util.concurrent.ScheduledThreadPoolExecutor$DelayedWorkQueue.take (ScheduledThreadPoolExecutor.java:899)`
  - `java.util.concurrent.ScheduledThreadPoolExecutor$DelayedWorkQueue` retains 224 B (49.1%)
- `java.util.concurrent.ThreadPoolExecutor.getTask (ThreadPoolExecutor.java:1070)`
  - `java.util.concurrent.ScheduledThreadPoolExecutor` retains 504 B (110.5%)
- `java.util.concurrent.ThreadPoolExecutor.runWorker (ThreadPoolExecutor.java:1130)`
  - `java.util.concurrent.ScheduledThreadPoolExecutor` retains 504 B (110.5%)
  - `java.util.concurrent.ThreadPoolExecutor$Worker` retains 48 B (10.5%)
- `java.util.concurrent.ThreadPoolExecutor$Worker.run (ThreadPoolExecutor.java:642)`
  - `java.util.concurrent.ThreadPoolExecutor$Worker` retains 48 B (10.5%)
- `java.lang.Thread.runWith (Thread.java:1596)`
  - `java.lang.Class` retains 128 B (28.1%)
  - `java.util.concurrent.ThreadPoolExecutor$Worker` retains 48 B (10.5%)
- `java.lang.Thread.run (Thread.java:1583)`
  - `java.lang.Class` retains 128 B (28.1%)
  - `java.util.concurrent.ThreadPoolExecutor$Worker` retains 48 B (10.5%)

<a id="thread-49"></a>

### Thread 49 "shuffle-boss-6-1" (io/netty/util/concurrent/FastThreadLocalThread)

_Local roots: 15._

**Local root objects:**

| Object                                                 | Shallow | Retained |
| ------------------------------------------------------ | ------: | -------: |
| `io/netty/channel/nio/NioEventLoop`                    |   152 B |   9.7 KB |
| `io/netty/channel/nio/NioEventLoop`                    |   152 B |   9.7 KB |
| `io/netty/channel/nio/SelectedSelectionKeySet`         |    24 B |   4.0 KB |
| `sun/nio/ch/EPollSelectorImpl`                         |    88 B |    752 B |
| `sun/nio/ch/EPollSelectorImpl`                         |    88 B |    752 B |
| `sun/nio/ch/EPollSelectorImpl`                         |    88 B |    752 B |
| `sun/nio/ch/EPollSelectorImpl`                         |    88 B |    752 B |
| `java/lang/Class`                                      |    32 B |    128 B |
| `java/lang/Class`                                      |    32 B |    128 B |
| `io/netty/channel/nio/SelectedSelectionKeySetSelector` |    24 B |     24 B |
| `io/netty/util/internal/ThreadExecutorMap$2`           |    24 B |     24 B |
| `io/netty/util/concurrent/SingleThreadEventExecutor$4` |    16 B |     16 B |
| `io/netty/util/concurrent/FastThreadLocalRunnable`     |    16 B |     16 B |
| `io/netty/util/concurrent/FastThreadLocalRunnable`     |    16 B |     16 B |
| `io/netty/util/concurrent/FastThreadLocalRunnable`     |    16 B |     16 B |

- `sun.nio.ch.EPollSelectorImpl.doSelect (EPollSelectorImpl.java:121)`
  - `sun.nio.ch.EPollSelectorImpl` retains 752 B (38.1%)
- `sun.nio.ch.SelectorImpl.lockAndDoSelect (SelectorImpl.java:130)`
  - `io.netty.channel.nio.SelectedSelectionKeySet` retains 4.0 KB (209.3%)
  - `sun.nio.ch.EPollSelectorImpl` retains 752 B (38.1%)
  - `sun.nio.ch.EPollSelectorImpl` retains 752 B (38.1%)
- `sun.nio.ch.SelectorImpl.select (SelectorImpl.java:147)`
  - `sun.nio.ch.EPollSelectorImpl` retains 752 B (38.1%)
- `io.netty.channel.nio.SelectedSelectionKeySetSelector.select (SelectedSelectionKeySetSelector.java:68)`
  - `io.netty.channel.nio.SelectedSelectionKeySetSelector` retains 24 B (1.2%)
- `io.netty.channel.nio.NioEventLoop.select (NioEventLoop.java:879)`
  - `io.netty.channel.nio.NioEventLoop` retains 9.7 KB (502.0%)
- `io.netty.channel.nio.NioEventLoop.run (NioEventLoop.java:526)`
  - `io.netty.channel.nio.NioEventLoop` retains 9.7 KB (502.0%)
- `io.netty.util.concurrent.SingleThreadEventExecutor$4.run (SingleThreadEventExecutor.java:997)`
  - `io.netty.util.concurrent.SingleThreadEventExecutor$4` retains 16 B (0.8%)
- `io.netty.util.internal.ThreadExecutorMap$2.run (ThreadExecutorMap.java:74)`
  - `io.netty.util.internal.ThreadExecutorMap$2` retains 24 B (1.2%)
- `io.netty.util.concurrent.FastThreadLocalRunnable.run (FastThreadLocalRunnable.java:30)`
  - `io.netty.util.concurrent.FastThreadLocalRunnable` retains 16 B (0.8%)
- `java.lang.Thread.runWith (Thread.java:1596)`
  - `java.lang.Class` retains 128 B (6.5%)
  - `io.netty.util.concurrent.FastThreadLocalRunnable` retains 16 B (0.8%)
- `java.lang.Thread.run (Thread.java:1583)`
  - `java.lang.Class` retains 128 B (6.5%)
  - `io.netty.util.concurrent.FastThreadLocalRunnable` retains 16 B (0.8%)

<a id="thread-50"></a>

### Thread 50 "Spark Context Cleaner" (org/apache/spark/ContextCleaner$$anon$1)

_Local roots: 13._

**Local root objects:**

| Object                                                                  | Shallow | Retained |
| ----------------------------------------------------------------------- | ------: | -------: |
| `org/apache/spark/SparkContext`                                         |   200 B |   3.9 KB |
| `org/apache/spark/ContextCleaner`                                       |    56 B |   3.8 KB |
| `org/apache/spark/ContextCleaner`                                       |    56 B |   3.8 KB |
| `java/util/concurrent/TimeUnit`                                         |    80 B |     80 B |
| `java/lang/ref/ReferenceQueue`                                          |    32 B |     48 B |
| `java/lang/ref/ReferenceQueue`                                          |    32 B |     48 B |
| `java/lang/ref/ReferenceQueue`                                          |    32 B |     48 B |
| `java/util/concurrent/locks/AbstractQueuedSynchronizer$ConditionNode`   |    32 B |     32 B |
| `java/util/concurrent/locks/AbstractQueuedSynchronizer$ConditionObject` |    24 B |     24 B |
| `org/apache/spark/util/Utils$`                                          |    16 B |     16 B |
| `scala/Option$`                                                         |    16 B |     16 B |
| `org/apache/spark/ContextCleaner$$Lambda+0x00007b0ac05c4800`            |    16 B |     16 B |
| `org/apache/spark/ContextCleaner$$Lambda+0x00007b0ac05c4800`            |    16 B |     16 B |

- `java.util.concurrent.locks.AbstractQueuedSynchronizer$ConditionObject.await (AbstractQueuedSynchronizer.java:1886)`
  - `java.util.concurrent.TimeUnit` retains 80 B (14.7%)
  - `java.util.concurrent.locks.AbstractQueuedSynchronizer$ConditionNode` retains 32 B (5.9%)
  - `java.util.concurrent.locks.AbstractQueuedSynchronizer$ConditionObject` retains 24 B (4.4%)
- `java.lang.ref.ReferenceQueue.await (ReferenceQueue.java:71)`
  - `java.lang.ref.ReferenceQueue` retains 48 B (8.8%)
- `java.lang.ref.ReferenceQueue.remove0 (ReferenceQueue.java:143)`
  - `java.lang.ref.ReferenceQueue` retains 48 B (8.8%)
- `java.lang.ref.ReferenceQueue.remove (ReferenceQueue.java:218)`
  - `java.lang.ref.ReferenceQueue` retains 48 B (8.8%)
- `org.apache.spark.ContextCleaner.$anonfun$keepCleaning$1 (ContextCleaner.scala:191)`
  - `org.apache.spark.ContextCleaner` retains 3.8 KB (711.8%)
  - `scala.Option$` retains 16 B (2.9%)
- `org.apache.spark.ContextCleaner$$Lambda+0x00007b0ac05c4800.apply$mcV$sp (Unknown Source)`
  - `org.apache.spark.ContextCleaner$$Lambda+0x00007b0ac05c4800` retains 16 B (2.9%)
- `org.apache.spark.util.Utils$.tryOrStopSparkContext (Utils.scala:1356)`
  - `org.apache.spark.SparkContext` retains 3.9 KB (729.4%)
  - `org.apache.spark.ContextCleaner$$Lambda+0x00007b0ac05c4800` retains 16 B (2.9%)
  - `org.apache.spark.util.Utils$` retains 16 B (2.9%)
- `org.apache.spark.ContextCleaner.org$apache$spark$ContextCleaner$$keepCleaning (ContextCleaner.scala:189)`
  - `org.apache.spark.ContextCleaner` retains 3.8 KB (711.8%)

<a id="thread-51"></a>

### Thread 51 "context-cleaner-periodic-gc" (java/lang/Thread)

_Local roots: 14._

**Local root objects:**

| Object                                                                  | Shallow | Retained |
| ----------------------------------------------------------------------- | ------: | -------: |
| `java/util/concurrent/ScheduledThreadPoolExecutor`                      |    80 B |    504 B |
| `java/util/concurrent/ScheduledThreadPoolExecutor`                      |    80 B |    504 B |
| `java/util/concurrent/ScheduledThreadPoolExecutor$DelayedWorkQueue`     |    32 B |    208 B |
| `java/util/concurrent/ScheduledThreadPoolExecutor$DelayedWorkQueue`     |    32 B |    208 B |
| `java/lang/Class`                                                       |    32 B |    128 B |
| `java/lang/Class`                                                       |    32 B |    128 B |
| `java/util/concurrent/ThreadPoolExecutor$Worker`                        |    48 B |     48 B |
| `java/util/concurrent/ThreadPoolExecutor$Worker`                        |    48 B |     48 B |
| `java/util/concurrent/ThreadPoolExecutor$Worker`                        |    48 B |     48 B |
| `java/util/concurrent/ThreadPoolExecutor$Worker`                        |    48 B |     48 B |
| `java/util/concurrent/locks/AbstractQueuedSynchronizer$ConditionNode`   |    32 B |     32 B |
| `java/util/concurrent/locks/AbstractQueuedSynchronizer$ConditionObject` |    24 B |     24 B |
| `java/util/concurrent/locks/AbstractQueuedSynchronizer$ConditionObject` |    24 B |     24 B |
| `java/util/concurrent/locks/ReentrantLock`                              |    16 B |     16 B |

- `java.util.concurrent.locks.LockSupport.parkNanos (LockSupport.java:269)`
  - `java.util.concurrent.locks.AbstractQueuedSynchronizer$ConditionObject` retains 24 B (5.2%)
- `java.util.concurrent.locks.AbstractQueuedSynchronizer$ConditionObject.awaitNanos (AbstractQueuedSynchronizer.java:1797)`
  - `java.util.concurrent.locks.AbstractQueuedSynchronizer$ConditionNode` retains 32 B (6.9%)
  - `java.util.concurrent.locks.AbstractQueuedSynchronizer$ConditionObject` retains 24 B (5.2%)
- `java.util.concurrent.ScheduledThreadPoolExecutor$DelayedWorkQueue.take (ScheduledThreadPoolExecutor.java:1182)`
  - `java.util.concurrent.ScheduledThreadPoolExecutor$DelayedWorkQueue` retains 208 B (44.8%)
  - `java.util.concurrent.locks.ReentrantLock` retains 16 B (3.4%)
- `java.util.concurrent.ScheduledThreadPoolExecutor$DelayedWorkQueue.take (ScheduledThreadPoolExecutor.java:899)`
  - `java.util.concurrent.ScheduledThreadPoolExecutor$DelayedWorkQueue` retains 208 B (44.8%)
- `java.util.concurrent.ThreadPoolExecutor.getTask (ThreadPoolExecutor.java:1070)`
  - `java.util.concurrent.ScheduledThreadPoolExecutor` retains 504 B (108.6%)
- `java.util.concurrent.ThreadPoolExecutor.runWorker (ThreadPoolExecutor.java:1130)`
  - `java.util.concurrent.ScheduledThreadPoolExecutor` retains 504 B (108.6%)
  - `java.util.concurrent.ThreadPoolExecutor$Worker` retains 48 B (10.3%)
- `java.util.concurrent.ThreadPoolExecutor$Worker.run (ThreadPoolExecutor.java:642)`
  - `java.util.concurrent.ThreadPoolExecutor$Worker` retains 48 B (10.3%)
- `java.lang.Thread.runWith (Thread.java:1596)`
  - `java.lang.Class` retains 128 B (27.6%)
  - `java.util.concurrent.ThreadPoolExecutor$Worker` retains 48 B (10.3%)
- `java.lang.Thread.run (Thread.java:1583)`
  - `java.lang.Class` retains 128 B (27.6%)
  - `java.util.concurrent.ThreadPoolExecutor$Worker` retains 48 B (10.3%)

<a id="thread-52"></a>

### Thread 52 "spark-listener-group-appStatus" (org/apache/spark/scheduler/AsyncEventQueue$$anon$2)

_Local roots: 22._

**Local root objects:**

| Object                                                                          | Shallow | Retained |
| ------------------------------------------------------------------------------- | ------: | -------: |
| `org/apache/spark/scheduler/AsyncEventQueue`                                    |   104 B |    328 B |
| `org/apache/spark/scheduler/AsyncEventQueue`                                    |   104 B |    328 B |
| `java/util/concurrent/LinkedBlockingQueue`                                      |    48 B |    144 B |
| `org/apache/spark/scheduler/SparkListenerBlockUpdated`                          |    16 B |     56 B |
| `com/codahale/metrics/Timer$Context`                                            |    32 B |     32 B |
| `java/util/concurrent/locks/AbstractQueuedSynchronizer$ConditionNode`           |    32 B |     32 B |
| `java/util/concurrent/locks/AbstractQueuedSynchronizer$ConditionNode`           |    32 B |     32 B |
| `java/util/concurrent/locks/AbstractQueuedSynchronizer$ConditionNode`           |    32 B |     32 B |
| `scala/util/DynamicVariable`                                                    |    24 B |     24 B |
| `java/util/concurrent/locks/AbstractQueuedSynchronizer$ConditionObject`         |    24 B |     24 B |
| `java/lang/Boolean`                                                             |    16 B |     16 B |
| `java/lang/Boolean`                                                             |    16 B |     16 B |
| `org/apache/spark/util/Utils$`                                                  |    16 B |     16 B |
| `org/apache/spark/scheduler/AsyncEventQueue$$anon$2$$Lambda+0x00007b0ac05c4ce8` |    16 B |     16 B |
| `org/apache/spark/scheduler/AsyncEventQueue$$Lambda+0x00007b0ac05c9bd8`         |    16 B |     16 B |
| `org/apache/spark/scheduler/AsyncEventQueue$$Lambda+0x00007b0ac05c9bd8`         |    16 B |     16 B |
| `org/apache/spark/scheduler/AsyncEventQueue$$Lambda+0x00007b0ac05c9bd8`         |    16 B |     16 B |
| `org/apache/spark/scheduler/AsyncEventQueue$$anon$3`                            |    16 B |     16 B |
| `java/util/concurrent/atomic/AtomicInteger`                                     |    16 B |     16 B |
| `java/util/concurrent/locks/ReentrantLock`                                      |    16 B |     16 B |

- `java.util.concurrent.locks.AbstractQueuedSynchronizer$ConditionNode.block (AbstractQueuedSynchronizer.java:519)`
  - `java.util.concurrent.locks.AbstractQueuedSynchronizer$ConditionNode` retains 32 B (5.7%)
- `java.util.concurrent.ForkJoinPool.unmanagedBlock (ForkJoinPool.java:3780)`
  - `java.util.concurrent.locks.AbstractQueuedSynchronizer$ConditionNode` retains 32 B (5.7%)
- `java.util.concurrent.locks.AbstractQueuedSynchronizer$ConditionObject.await (AbstractQueuedSynchronizer.java:1746)`
  - `java.util.concurrent.locks.AbstractQueuedSynchronizer$ConditionNode` retains 32 B (5.7%)
  - `java.util.concurrent.locks.AbstractQueuedSynchronizer$ConditionObject` retains 24 B (4.3%)
- `java.util.concurrent.LinkedBlockingQueue.take (LinkedBlockingQueue.java:435)`
  - `java.util.concurrent.LinkedBlockingQueue` retains 144 B (25.7%)
  - `java.util.concurrent.atomic.AtomicInteger` retains 16 B (2.9%)
  - `java.util.concurrent.locks.ReentrantLock` retains 16 B (2.9%)
- `org.apache.spark.scheduler.AsyncEventQueue.$anonfun$dispatch$1 (AsyncEventQueue.scala:110)`
  - `org.apache.spark.scheduler.AsyncEventQueue` retains 328 B (58.6%)
  - `org.apache.spark.scheduler.SparkListenerBlockUpdated` retains 56 B (10.0%)
  - `com.codahale.metrics.Timer$Context` retains 32 B (5.7%)
  - `org.apache.spark.scheduler.AsyncEventQueue$$anon$3` retains 16 B (2.9%)
- `org.apache.spark.scheduler.AsyncEventQueue$$Lambda+0x00007b0ac05c9bd8.apply$mcJ$sp (Unknown Source)`
  - `org.apache.spark.scheduler.AsyncEventQueue$$Lambda+0x00007b0ac05c9bd8` retains 16 B (2.9%)
- `scala.runtime.java8.JFunction0$mcJ$sp.apply (JFunction0$mcJ$sp.scala:17)`
  - `org.apache.spark.scheduler.AsyncEventQueue$$Lambda+0x00007b0ac05c9bd8` retains 16 B (2.9%)
- `scala.util.DynamicVariable.withValue (DynamicVariable.scala:59)`
  - `scala.util.DynamicVariable` retains 24 B (4.3%)
  - `java.lang.Boolean` retains 16 B (2.9%)
  - `java.lang.Boolean` retains 16 B (2.9%)
  - `org.apache.spark.scheduler.AsyncEventQueue$$Lambda+0x00007b0ac05c9bd8` retains 16 B (2.9%)
- `org.apache.spark.scheduler.AsyncEventQueue.org$apache$spark$scheduler$AsyncEventQueue$$dispatch (AsyncEventQueue.scala:100)`
  - `org.apache.spark.scheduler.AsyncEventQueue` retains 328 B (58.6%)
- `org.apache.spark.scheduler.AsyncEventQueue$$anon$2$$Lambda+0x00007b0ac05c4ce8.apply$mcV$sp (Unknown Source)`
  - `org.apache.spark.scheduler.AsyncEventQueue$$anon$2$$Lambda+0x00007b0ac05c4ce8` retains 16 B (2.9%)
- `org.apache.spark.util.Utils$.tryOrStopSparkContext (Utils.scala:1356)`
  - `org.apache.spark.util.Utils$` retains 16 B (2.9%)

<a id="thread-53"></a>

### Thread 53 "spark-listener-group-executorManagement" (org/apache/spark/scheduler/AsyncEventQueue$$anon$2)

_Local roots: 22._

**Local root objects:**

| Object                                                                          | Shallow | Retained |
| ------------------------------------------------------------------------------- | ------: | -------: |
| `org/apache/spark/scheduler/AsyncEventQueue`                                    |   104 B |    328 B |
| `org/apache/spark/scheduler/AsyncEventQueue`                                    |   104 B |    328 B |
| `java/util/concurrent/LinkedBlockingQueue`                                      |    48 B |    144 B |
| `org/apache/spark/scheduler/SparkListenerBlockUpdated`                          |    16 B |     56 B |
| `com/codahale/metrics/Timer$Context`                                            |    32 B |     32 B |
| `java/util/concurrent/locks/AbstractQueuedSynchronizer$ConditionNode`           |    32 B |     32 B |
| `java/util/concurrent/locks/AbstractQueuedSynchronizer$ConditionNode`           |    32 B |     32 B |
| `java/util/concurrent/locks/AbstractQueuedSynchronizer$ConditionNode`           |    32 B |     32 B |
| `java/util/concurrent/locks/AbstractQueuedSynchronizer$ConditionObject`         |    24 B |     24 B |
| `scala/util/DynamicVariable`                                                    |    24 B |     24 B |
| `java/lang/Boolean`                                                             |    16 B |     16 B |
| `java/lang/Boolean`                                                             |    16 B |     16 B |
| `org/apache/spark/util/Utils$`                                                  |    16 B |     16 B |
| `org/apache/spark/scheduler/AsyncEventQueue$$anon$3`                            |    16 B |     16 B |
| `java/util/concurrent/atomic/AtomicInteger`                                     |    16 B |     16 B |
| `java/util/concurrent/locks/ReentrantLock`                                      |    16 B |     16 B |
| `org/apache/spark/scheduler/AsyncEventQueue$$anon$2$$Lambda+0x00007b0ac05c4ce8` |    16 B |     16 B |
| `org/apache/spark/scheduler/AsyncEventQueue$$Lambda+0x00007b0ac05c9bd8`         |    16 B |     16 B |
| `org/apache/spark/scheduler/AsyncEventQueue$$Lambda+0x00007b0ac05c9bd8`         |    16 B |     16 B |
| `org/apache/spark/scheduler/AsyncEventQueue$$Lambda+0x00007b0ac05c9bd8`         |    16 B |     16 B |

- `java.util.concurrent.locks.AbstractQueuedSynchronizer$ConditionNode.block (AbstractQueuedSynchronizer.java:519)`
  - `java.util.concurrent.locks.AbstractQueuedSynchronizer$ConditionNode` retains 32 B (4.5%)
- `java.util.concurrent.ForkJoinPool.unmanagedBlock (ForkJoinPool.java:3780)`
  - `java.util.concurrent.locks.AbstractQueuedSynchronizer$ConditionNode` retains 32 B (4.5%)
- `java.util.concurrent.locks.AbstractQueuedSynchronizer$ConditionObject.await (AbstractQueuedSynchronizer.java:1746)`
  - `java.util.concurrent.locks.AbstractQueuedSynchronizer$ConditionNode` retains 32 B (4.5%)
  - `java.util.concurrent.locks.AbstractQueuedSynchronizer$ConditionObject` retains 24 B (3.4%)
- `java.util.concurrent.LinkedBlockingQueue.take (LinkedBlockingQueue.java:435)`
  - `java.util.concurrent.LinkedBlockingQueue` retains 144 B (20.5%)
  - `java.util.concurrent.atomic.AtomicInteger` retains 16 B (2.3%)
  - `java.util.concurrent.locks.ReentrantLock` retains 16 B (2.3%)
- `org.apache.spark.scheduler.AsyncEventQueue.$anonfun$dispatch$1 (AsyncEventQueue.scala:110)`
  - `org.apache.spark.scheduler.AsyncEventQueue` retains 328 B (46.6%)
  - `org.apache.spark.scheduler.SparkListenerBlockUpdated` retains 56 B (8.0%)
  - `com.codahale.metrics.Timer$Context` retains 32 B (4.5%)
  - `org.apache.spark.scheduler.AsyncEventQueue$$anon$3` retains 16 B (2.3%)
- `org.apache.spark.scheduler.AsyncEventQueue$$Lambda+0x00007b0ac05c9bd8.apply$mcJ$sp (Unknown Source)`
  - `org.apache.spark.scheduler.AsyncEventQueue$$Lambda+0x00007b0ac05c9bd8` retains 16 B (2.3%)
- `scala.runtime.java8.JFunction0$mcJ$sp.apply (JFunction0$mcJ$sp.scala:17)`
  - `org.apache.spark.scheduler.AsyncEventQueue$$Lambda+0x00007b0ac05c9bd8` retains 16 B (2.3%)
- `scala.util.DynamicVariable.withValue (DynamicVariable.scala:59)`
  - `scala.util.DynamicVariable` retains 24 B (3.4%)
  - `java.lang.Boolean` retains 16 B (2.3%)
  - `java.lang.Boolean` retains 16 B (2.3%)
  - `org.apache.spark.scheduler.AsyncEventQueue$$Lambda+0x00007b0ac05c9bd8` retains 16 B (2.3%)
- `org.apache.spark.scheduler.AsyncEventQueue.org$apache$spark$scheduler$AsyncEventQueue$$dispatch (AsyncEventQueue.scala:100)`
  - `org.apache.spark.scheduler.AsyncEventQueue` retains 328 B (46.6%)
- `org.apache.spark.scheduler.AsyncEventQueue$$anon$2$$Lambda+0x00007b0ac05c4ce8.apply$mcV$sp (Unknown Source)`
  - `org.apache.spark.scheduler.AsyncEventQueue$$anon$2$$Lambda+0x00007b0ac05c4ce8` retains 16 B (2.3%)
- `org.apache.spark.util.Utils$.tryOrStopSparkContext (Utils.scala:1356)`
  - `org.apache.spark.util.Utils$` retains 16 B (2.3%)

<a id="thread-54"></a>

### Thread 54 "element-tracking-store-worker" (java/lang/Thread)

_Local roots: 15._

**Local root objects:**

| Object                                                                  | Shallow | Retained |
| ----------------------------------------------------------------------- | ------: | -------: |
| `java/util/concurrent/ThreadPoolExecutor`                               |    80 B |    504 B |
| `java/util/concurrent/ThreadPoolExecutor`                               |    80 B |    504 B |
| `java/util/concurrent/LinkedBlockingQueue`                              |    48 B |    144 B |
| `java/lang/Class`                                                       |    32 B |    128 B |
| `java/lang/Class`                                                       |    32 B |    128 B |
| `java/util/concurrent/ThreadPoolExecutor$Worker`                        |    48 B |     48 B |
| `java/util/concurrent/ThreadPoolExecutor$Worker`                        |    48 B |     48 B |
| `java/util/concurrent/ThreadPoolExecutor$Worker`                        |    48 B |     48 B |
| `java/util/concurrent/ThreadPoolExecutor$Worker`                        |    48 B |     48 B |
| `java/util/concurrent/locks/AbstractQueuedSynchronizer$ConditionNode`   |    32 B |     32 B |
| `java/util/concurrent/locks/AbstractQueuedSynchronizer$ConditionNode`   |    32 B |     32 B |
| `java/util/concurrent/locks/AbstractQueuedSynchronizer$ConditionNode`   |    32 B |     32 B |
| `java/util/concurrent/locks/AbstractQueuedSynchronizer$ConditionObject` |    24 B |     24 B |
| `java/util/concurrent/atomic/AtomicInteger`                             |    16 B |     16 B |
| `java/util/concurrent/locks/ReentrantLock`                              |    16 B |     16 B |

- `java.util.concurrent.locks.AbstractQueuedSynchronizer$ConditionNode.block (AbstractQueuedSynchronizer.java:519)`
  - `java.util.concurrent.locks.AbstractQueuedSynchronizer$ConditionNode` retains 32 B (6.5%)
- `java.util.concurrent.ForkJoinPool.unmanagedBlock (ForkJoinPool.java:3780)`
  - `java.util.concurrent.locks.AbstractQueuedSynchronizer$ConditionNode` retains 32 B (6.5%)
- `java.util.concurrent.locks.AbstractQueuedSynchronizer$ConditionObject.await (AbstractQueuedSynchronizer.java:1746)`
  - `java.util.concurrent.locks.AbstractQueuedSynchronizer$ConditionNode` retains 32 B (6.5%)
  - `java.util.concurrent.locks.AbstractQueuedSynchronizer$ConditionObject` retains 24 B (4.8%)
- `java.util.concurrent.LinkedBlockingQueue.take (LinkedBlockingQueue.java:435)`
  - `java.util.concurrent.LinkedBlockingQueue` retains 144 B (29.0%)
  - `java.util.concurrent.atomic.AtomicInteger` retains 16 B (3.2%)
  - `java.util.concurrent.locks.ReentrantLock` retains 16 B (3.2%)
- `java.util.concurrent.ThreadPoolExecutor.getTask (ThreadPoolExecutor.java:1070)`
  - `java.util.concurrent.ThreadPoolExecutor` retains 504 B (101.6%)
- `java.util.concurrent.ThreadPoolExecutor.runWorker (ThreadPoolExecutor.java:1130)`
  - `java.util.concurrent.ThreadPoolExecutor` retains 504 B (101.6%)
  - `java.util.concurrent.ThreadPoolExecutor$Worker` retains 48 B (9.7%)
- `java.util.concurrent.ThreadPoolExecutor$Worker.run (ThreadPoolExecutor.java:642)`
  - `java.util.concurrent.ThreadPoolExecutor$Worker` retains 48 B (9.7%)
- `java.lang.Thread.runWith (Thread.java:1596)`
  - `java.lang.Class` retains 128 B (25.8%)
  - `java.util.concurrent.ThreadPoolExecutor$Worker` retains 48 B (9.7%)
- `java.lang.Thread.run (Thread.java:1583)`
  - `java.lang.Class` retains 128 B (25.8%)
  - `java.util.concurrent.ThreadPoolExecutor$Worker` retains 48 B (9.7%)

<a id="thread-55"></a>

### Thread 55 "spark-listener-group-shared" (org/apache/spark/scheduler/AsyncEventQueue$$anon$2)

_Local roots: 22._

**Local root objects:**

| Object                                                                          | Shallow | Retained |
| ------------------------------------------------------------------------------- | ------: | -------: |
| `org/apache/spark/scheduler/AsyncEventQueue`                                    |   104 B |    344 B |
| `org/apache/spark/scheduler/AsyncEventQueue`                                    |   104 B |    344 B |
| `java/util/concurrent/LinkedBlockingQueue`                                      |    48 B |    144 B |
| `org/apache/spark/scheduler/SparkListenerBlockUpdated`                          |    16 B |     56 B |
| `com/codahale/metrics/Timer$Context`                                            |    32 B |     32 B |
| `java/util/concurrent/locks/AbstractQueuedSynchronizer$ConditionNode`           |    32 B |     32 B |
| `java/util/concurrent/locks/AbstractQueuedSynchronizer$ConditionNode`           |    32 B |     32 B |
| `java/util/concurrent/locks/AbstractQueuedSynchronizer$ConditionNode`           |    32 B |     32 B |
| `java/util/concurrent/locks/AbstractQueuedSynchronizer$ConditionObject`         |    24 B |     24 B |
| `scala/util/DynamicVariable`                                                    |    24 B |     24 B |
| `java/util/concurrent/atomic/AtomicInteger`                                     |    16 B |     16 B |
| `java/util/concurrent/locks/ReentrantLock`                                      |    16 B |     16 B |
| `org/apache/spark/scheduler/AsyncEventQueue$$anon$2$$Lambda+0x00007b0ac05c4ce8` |    16 B |     16 B |
| `org/apache/spark/scheduler/AsyncEventQueue$$Lambda+0x00007b0ac05c9bd8`         |    16 B |     16 B |
| `org/apache/spark/scheduler/AsyncEventQueue$$Lambda+0x00007b0ac05c9bd8`         |    16 B |     16 B |
| `org/apache/spark/scheduler/AsyncEventQueue$$Lambda+0x00007b0ac05c9bd8`         |    16 B |     16 B |
| `java/lang/Boolean`                                                             |    16 B |     16 B |
| `java/lang/Boolean`                                                             |    16 B |     16 B |
| `org/apache/spark/util/Utils$`                                                  |    16 B |     16 B |
| `org/apache/spark/scheduler/AsyncEventQueue$$anon$3`                            |    16 B |     16 B |

- `java.util.concurrent.locks.AbstractQueuedSynchronizer$ConditionNode.block (AbstractQueuedSynchronizer.java:519)`
  - `java.util.concurrent.locks.AbstractQueuedSynchronizer$ConditionNode` retains 32 B (5.7%)
- `java.util.concurrent.ForkJoinPool.unmanagedBlock (ForkJoinPool.java:3780)`
  - `java.util.concurrent.locks.AbstractQueuedSynchronizer$ConditionNode` retains 32 B (5.7%)
- `java.util.concurrent.locks.AbstractQueuedSynchronizer$ConditionObject.await (AbstractQueuedSynchronizer.java:1746)`
  - `java.util.concurrent.locks.AbstractQueuedSynchronizer$ConditionNode` retains 32 B (5.7%)
  - `java.util.concurrent.locks.AbstractQueuedSynchronizer$ConditionObject` retains 24 B (4.3%)
- `java.util.concurrent.LinkedBlockingQueue.take (LinkedBlockingQueue.java:435)`
  - `java.util.concurrent.LinkedBlockingQueue` retains 144 B (25.7%)
  - `java.util.concurrent.atomic.AtomicInteger` retains 16 B (2.9%)
  - `java.util.concurrent.locks.ReentrantLock` retains 16 B (2.9%)
- `org.apache.spark.scheduler.AsyncEventQueue.$anonfun$dispatch$1 (AsyncEventQueue.scala:110)`
  - `org.apache.spark.scheduler.AsyncEventQueue` retains 344 B (61.4%)
  - `org.apache.spark.scheduler.SparkListenerBlockUpdated` retains 56 B (10.0%)
  - `com.codahale.metrics.Timer$Context` retains 32 B (5.7%)
  - `org.apache.spark.scheduler.AsyncEventQueue$$anon$3` retains 16 B (2.9%)
- `org.apache.spark.scheduler.AsyncEventQueue$$Lambda+0x00007b0ac05c9bd8.apply$mcJ$sp (Unknown Source)`
  - `org.apache.spark.scheduler.AsyncEventQueue$$Lambda+0x00007b0ac05c9bd8` retains 16 B (2.9%)
- `scala.runtime.java8.JFunction0$mcJ$sp.apply (JFunction0$mcJ$sp.scala:17)`
  - `org.apache.spark.scheduler.AsyncEventQueue$$Lambda+0x00007b0ac05c9bd8` retains 16 B (2.9%)
- `scala.util.DynamicVariable.withValue (DynamicVariable.scala:59)`
  - `scala.util.DynamicVariable` retains 24 B (4.3%)
  - `java.lang.Boolean` retains 16 B (2.9%)
  - `java.lang.Boolean` retains 16 B (2.9%)
  - `org.apache.spark.scheduler.AsyncEventQueue$$Lambda+0x00007b0ac05c9bd8` retains 16 B (2.9%)
- `org.apache.spark.scheduler.AsyncEventQueue.org$apache$spark$scheduler$AsyncEventQueue$$dispatch (AsyncEventQueue.scala:100)`
  - `org.apache.spark.scheduler.AsyncEventQueue` retains 344 B (61.4%)
- `org.apache.spark.scheduler.AsyncEventQueue$$anon$2$$Lambda+0x00007b0ac05c4ce8.apply$mcV$sp (Unknown Source)`
  - `org.apache.spark.scheduler.AsyncEventQueue$$anon$2$$Lambda+0x00007b0ac05c4ce8` retains 16 B (2.9%)
- `org.apache.spark.util.Utils$.tryOrStopSparkContext (Utils.scala:1356)`
  - `org.apache.spark.util.Utils$` retains 16 B (2.9%)

<a id="thread-56"></a>

### Thread 56 "org.apache.hadoop.fs.FileSystem$Statistics$StatisticsDataReferenceCleaner" (java/lang/Thread)

_Local roots: 13._

**Local root objects:**

| Object                                                                      | Shallow | Retained |
| --------------------------------------------------------------------------- | ------: | -------: |
| `java/lang/Class`                                                           |    32 B |    128 B |
| `java/lang/Class`                                                           |    32 B |    128 B |
| `java/lang/ref/ReferenceQueue`                                              |    32 B |     48 B |
| `java/lang/ref/ReferenceQueue`                                              |    32 B |     48 B |
| `java/lang/ref/ReferenceQueue`                                              |    32 B |     48 B |
| `java/util/concurrent/locks/AbstractQueuedSynchronizer$ConditionNode`       |    32 B |     32 B |
| `java/util/concurrent/locks/AbstractQueuedSynchronizer$ConditionNode`       |    32 B |     32 B |
| `java/util/concurrent/locks/AbstractQueuedSynchronizer$ConditionNode`       |    32 B |     32 B |
| `java/util/concurrent/locks/AbstractQueuedSynchronizer$ConditionNode`       |    32 B |     32 B |
| `java/util/concurrent/locks/AbstractQueuedSynchronizer$ConditionObject`     |    24 B |     24 B |
| `org/apache/hadoop/fs/FileSystem$Statistics$StatisticsDataReferenceCleaner` |    16 B |     16 B |
| `org/apache/hadoop/fs/FileSystem$Statistics$StatisticsDataReferenceCleaner` |    16 B |     16 B |
| `org/apache/hadoop/fs/FileSystem$Statistics$StatisticsDataReferenceCleaner` |    16 B |     16 B |

- `java.util.concurrent.locks.AbstractQueuedSynchronizer$ConditionNode.block (AbstractQueuedSynchronizer.java:519)`
  - `java.util.concurrent.locks.AbstractQueuedSynchronizer$ConditionNode` retains 32 B (3.5%)
- `java.util.concurrent.ForkJoinPool.unmanagedBlock (ForkJoinPool.java:3780)`
  - `java.util.concurrent.locks.AbstractQueuedSynchronizer$ConditionNode` retains 32 B (3.5%)
- `java.util.concurrent.ForkJoinPool.managedBlock (ForkJoinPool.java:3725)`
  - `java.util.concurrent.locks.AbstractQueuedSynchronizer$ConditionNode` retains 32 B (3.5%)
- `java.util.concurrent.locks.AbstractQueuedSynchronizer$ConditionObject.await (AbstractQueuedSynchronizer.java:1746)`
  - `java.util.concurrent.locks.AbstractQueuedSynchronizer$ConditionNode` retains 32 B (3.5%)
  - `java.util.concurrent.locks.AbstractQueuedSynchronizer$ConditionObject` retains 24 B (2.6%)
- `java.lang.ref.ReferenceQueue.await (ReferenceQueue.java:67)`
  - `java.lang.ref.ReferenceQueue` retains 48 B (5.2%)
- `java.lang.ref.ReferenceQueue.remove0 (ReferenceQueue.java:158)`
  - `java.lang.ref.ReferenceQueue` retains 48 B (5.2%)
- `java.lang.ref.ReferenceQueue.remove (ReferenceQueue.java:234)`
  - `java.lang.ref.ReferenceQueue` retains 48 B (5.2%)
- `org.apache.hadoop.fs.FileSystem$Statistics$StatisticsDataReferenceCleaner.run (FileSystem.java:4159)`
  - `org.apache.hadoop.fs.FileSystem$Statistics$StatisticsDataReferenceCleaner` retains 16 B (1.7%)
- `java.lang.Thread.runWith (Thread.java:1596)`
  - `java.lang.Class` retains 128 B (13.9%)
  - `org.apache.hadoop.fs.FileSystem$Statistics$StatisticsDataReferenceCleaner` retains 16 B (1.7%)
- `java.lang.Thread.run (Thread.java:1583)`
  - `java.lang.Class` retains 128 B (13.9%)
  - `org.apache.hadoop.fs.FileSystem$Statistics$StatisticsDataReferenceCleaner` retains 16 B (1.7%)

<a id="thread-57"></a>

### Thread 57 "Executor task launch worker for task 1.0 in stage 34.0 (TID 67)" (org/apache/spark/util/UninterruptibleThread)

_Local roots: 17._

**Local root objects:**

| Object                                              | Shallow | Retained |
| --------------------------------------------------- | ------: | -------: |
| `java/util/concurrent/ThreadPoolExecutor`           |    80 B |    440 B |
| `java/util/concurrent/ThreadPoolExecutor`           |    80 B |    440 B |
| `java/lang/Class`                                   |    32 B |    128 B |
| `java/lang/Class`                                   |    32 B |    128 B |
| `java/util/concurrent/TimeUnit`                     |    80 B |     80 B |
| `java/util/concurrent/ThreadPoolExecutor$Worker`    |    48 B |     48 B |
| `java/util/concurrent/ThreadPoolExecutor$Worker`    |    48 B |     48 B |
| `java/util/concurrent/ThreadPoolExecutor$Worker`    |    48 B |     48 B |
| `java/util/concurrent/ThreadPoolExecutor$Worker`    |    48 B |     48 B |
| `java/util/concurrent/SynchronousQueue`             |    32 B |     32 B |
| `java/util/concurrent/SynchronousQueue`             |    32 B |     32 B |
| `java/util/concurrent/LinkedTransferQueue$DualNode` |    32 B |     32 B |
| `java/util/concurrent/LinkedTransferQueue$DualNode` |    32 B |     32 B |
| `java/util/concurrent/LinkedTransferQueue$DualNode` |    32 B |     32 B |
| `java/util/concurrent/SynchronousQueue$Transferer`  |    24 B |     24 B |
| `java/util/concurrent/SynchronousQueue$Transferer`  |    24 B |     24 B |
| `java/util/concurrent/SynchronousQueue$Transferer`  |    24 B |     24 B |

- `java.util.concurrent.LinkedTransferQueue$DualNode.await (LinkedTransferQueue.java:452)`
  - `java.util.concurrent.LinkedTransferQueue$DualNode` retains 32 B (0.2%)
  - `java.util.concurrent.SynchronousQueue$Transferer` retains 24 B (0.1%)
- `java.util.concurrent.SynchronousQueue$Transferer.xferLifo (SynchronousQueue.java:194)`
  - `java.util.concurrent.LinkedTransferQueue$DualNode` retains 32 B (0.2%)
  - `java.util.concurrent.LinkedTransferQueue$DualNode` retains 32 B (0.2%)
  - `java.util.concurrent.SynchronousQueue$Transferer` retains 24 B (0.1%)
- `java.util.concurrent.SynchronousQueue.xfer (SynchronousQueue.java:235)`
  - `java.util.concurrent.SynchronousQueue` retains 32 B (0.2%)
  - `java.util.concurrent.SynchronousQueue$Transferer` retains 24 B (0.1%)
- `java.util.concurrent.SynchronousQueue.poll (SynchronousQueue.java:338)`
  - `java.util.concurrent.TimeUnit` retains 80 B (0.4%)
  - `java.util.concurrent.SynchronousQueue` retains 32 B (0.2%)
- `java.util.concurrent.ThreadPoolExecutor.getTask (ThreadPoolExecutor.java:1069)`
  - `java.util.concurrent.ThreadPoolExecutor` retains 440 B (2.3%)
- `java.util.concurrent.ThreadPoolExecutor.runWorker (ThreadPoolExecutor.java:1130)`
  - `java.util.concurrent.ThreadPoolExecutor` retains 440 B (2.3%)
  - `java.util.concurrent.ThreadPoolExecutor$Worker` retains 48 B (0.3%)
- `java.util.concurrent.ThreadPoolExecutor$Worker.run (ThreadPoolExecutor.java:642)`
  - `java.util.concurrent.ThreadPoolExecutor$Worker` retains 48 B (0.3%)
- `java.lang.Thread.runWith (Thread.java:1596)`
  - `java.lang.Class` retains 128 B (0.7%)
  - `java.util.concurrent.ThreadPoolExecutor$Worker` retains 48 B (0.3%)
- `java.lang.Thread.run (Thread.java:1583)`
  - `java.lang.Class` retains 128 B (0.7%)
  - `java.util.concurrent.ThreadPoolExecutor$Worker` retains 48 B (0.3%)

<a id="thread-58"></a>

### Thread 58 "ForkJoinPool.commonPool-worker-1" (java/util/concurrent/ForkJoinWorkerThread)

_Local roots: 7._

**Local root objects:**

| Object                                           | Shallow | Retained |
| ------------------------------------------------ | ------: | -------: |
| `[Ljava/util/concurrent/ForkJoinPool$WorkQueue;` |  1.0 KB |   1.7 KB |
| `java/util/concurrent/ForkJoinPool$WorkQueue`    |    56 B |    328 B |
| `java/util/concurrent/ForkJoinPool$WorkQueue`    |    56 B |    328 B |
| `java/util/concurrent/ForkJoinPool$WorkQueue`    |    56 B |    328 B |
| `java/util/concurrent/ForkJoinPool`              |    96 B |    144 B |
| `java/util/concurrent/ForkJoinPool`              |    96 B |    144 B |
| `java/util/concurrent/ForkJoinPool`              |    96 B |    144 B |

- `java.util.concurrent.ForkJoinPool.awaitWork (ForkJoinPool.java:1893)`
  - `java.util.concurrent.ForkJoinPool$WorkQueue[]` retains 1.7 KB (451.1%)
  - `java.util.concurrent.ForkJoinPool$WorkQueue` retains 328 B (87.2%)
  - `java.util.concurrent.ForkJoinPool` retains 144 B (38.3%)
- `java.util.concurrent.ForkJoinPool.runWorker (ForkJoinPool.java:1809)`
  - `java.util.concurrent.ForkJoinPool$WorkQueue` retains 328 B (87.2%)
  - `java.util.concurrent.ForkJoinPool` retains 144 B (38.3%)
- `java.util.concurrent.ForkJoinWorkerThread.run (ForkJoinWorkerThread.java:188)`
  - `java.util.concurrent.ForkJoinPool$WorkQueue` retains 328 B (87.2%)
  - `java.util.concurrent.ForkJoinPool` retains 144 B (38.3%)

<a id="thread-59"></a>

### Thread 59 "ForkJoinPool.commonPool-worker-2" (java/util/concurrent/ForkJoinWorkerThread)

_Local roots: 7._

**Local root objects:**

| Object                                           | Shallow | Retained |
| ------------------------------------------------ | ------: | -------: |
| `[Ljava/util/concurrent/ForkJoinPool$WorkQueue;` |  1.0 KB |   1.7 KB |
| `java/util/concurrent/ForkJoinPool$WorkQueue`    |    56 B |    328 B |
| `java/util/concurrent/ForkJoinPool$WorkQueue`    |    56 B |    328 B |
| `java/util/concurrent/ForkJoinPool$WorkQueue`    |    56 B |    328 B |
| `java/util/concurrent/ForkJoinPool`              |    96 B |    144 B |
| `java/util/concurrent/ForkJoinPool`              |    96 B |    144 B |
| `java/util/concurrent/ForkJoinPool`              |    96 B |    144 B |

- `java.util.concurrent.ForkJoinPool.awaitWork (ForkJoinPool.java:1891)`
  - `java.util.concurrent.ForkJoinPool$WorkQueue[]` retains 1.7 KB (451.1%)
  - `java.util.concurrent.ForkJoinPool$WorkQueue` retains 328 B (87.2%)
  - `java.util.concurrent.ForkJoinPool` retains 144 B (38.3%)
- `java.util.concurrent.ForkJoinPool.runWorker (ForkJoinPool.java:1809)`
  - `java.util.concurrent.ForkJoinPool$WorkQueue` retains 328 B (87.2%)
  - `java.util.concurrent.ForkJoinPool` retains 144 B (38.3%)
- `java.util.concurrent.ForkJoinWorkerThread.run (ForkJoinWorkerThread.java:188)`
  - `java.util.concurrent.ForkJoinPool$WorkQueue` retains 328 B (87.2%)
  - `java.util.concurrent.ForkJoinPool` retains 144 B (38.3%)

<a id="thread-60"></a>

### Thread 60 "task-result-getter-0" (java/lang/Thread)

_Local roots: 15._

**Local root objects:**

| Object                                                                  | Shallow | Retained |
| ----------------------------------------------------------------------- | ------: | -------: |
| `java/util/concurrent/ThreadPoolExecutor`                               |    80 B |    664 B |
| `java/util/concurrent/ThreadPoolExecutor`                               |    80 B |    664 B |
| `java/util/concurrent/LinkedBlockingQueue`                              |    48 B |    144 B |
| `java/lang/Class`                                                       |    32 B |    128 B |
| `java/lang/Class`                                                       |    32 B |    128 B |
| `java/util/concurrent/ThreadPoolExecutor$Worker`                        |    48 B |     48 B |
| `java/util/concurrent/ThreadPoolExecutor$Worker`                        |    48 B |     48 B |
| `java/util/concurrent/ThreadPoolExecutor$Worker`                        |    48 B |     48 B |
| `java/util/concurrent/ThreadPoolExecutor$Worker`                        |    48 B |     48 B |
| `java/util/concurrent/locks/AbstractQueuedSynchronizer$ConditionNode`   |    32 B |     32 B |
| `java/util/concurrent/locks/AbstractQueuedSynchronizer$ConditionNode`   |    32 B |     32 B |
| `java/util/concurrent/locks/AbstractQueuedSynchronizer$ConditionNode`   |    32 B |     32 B |
| `java/util/concurrent/locks/AbstractQueuedSynchronizer$ConditionObject` |    24 B |     24 B |
| `java/util/concurrent/atomic/AtomicInteger`                             |    16 B |     16 B |
| `java/util/concurrent/locks/ReentrantLock`                              |    16 B |     16 B |

- `java.util.concurrent.locks.AbstractQueuedSynchronizer$ConditionNode.block (AbstractQueuedSynchronizer.java:519)`
  - `java.util.concurrent.locks.AbstractQueuedSynchronizer$ConditionNode` retains 32 B (5.6%)
- `java.util.concurrent.ForkJoinPool.unmanagedBlock (ForkJoinPool.java:3780)`
  - `java.util.concurrent.locks.AbstractQueuedSynchronizer$ConditionNode` retains 32 B (5.6%)
- `java.util.concurrent.locks.AbstractQueuedSynchronizer$ConditionObject.await (AbstractQueuedSynchronizer.java:1746)`
  - `java.util.concurrent.locks.AbstractQueuedSynchronizer$ConditionNode` retains 32 B (5.6%)
  - `java.util.concurrent.locks.AbstractQueuedSynchronizer$ConditionObject` retains 24 B (4.2%)
- `java.util.concurrent.LinkedBlockingQueue.take (LinkedBlockingQueue.java:435)`
  - `java.util.concurrent.LinkedBlockingQueue` retains 144 B (25.0%)
  - `java.util.concurrent.atomic.AtomicInteger` retains 16 B (2.8%)
  - `java.util.concurrent.locks.ReentrantLock` retains 16 B (2.8%)
- `java.util.concurrent.ThreadPoolExecutor.getTask (ThreadPoolExecutor.java:1070)`
  - `java.util.concurrent.ThreadPoolExecutor` retains 664 B (115.3%)
- `java.util.concurrent.ThreadPoolExecutor.runWorker (ThreadPoolExecutor.java:1130)`
  - `java.util.concurrent.ThreadPoolExecutor` retains 664 B (115.3%)
  - `java.util.concurrent.ThreadPoolExecutor$Worker` retains 48 B (8.3%)
- `java.util.concurrent.ThreadPoolExecutor$Worker.run (ThreadPoolExecutor.java:642)`
  - `java.util.concurrent.ThreadPoolExecutor$Worker` retains 48 B (8.3%)
- `java.lang.Thread.runWith (Thread.java:1596)`
  - `java.lang.Class` retains 128 B (22.2%)
  - `java.util.concurrent.ThreadPoolExecutor$Worker` retains 48 B (8.3%)
- `java.lang.Thread.run (Thread.java:1583)`
  - `java.lang.Class` retains 128 B (22.2%)
  - `java.util.concurrent.ThreadPoolExecutor$Worker` retains 48 B (8.3%)

<a id="thread-61"></a>

### Thread 61 "Executor task launch worker for task 0.0 in stage 34.0 (TID 66)" (org/apache/spark/util/UninterruptibleThread)

_Local roots: 16._

**Local root objects:**

| Object                                              | Shallow | Retained |
| --------------------------------------------------- | ------: | -------: |
| `java/util/concurrent/ThreadPoolExecutor`           |    80 B |    440 B |
| `java/util/concurrent/ThreadPoolExecutor`           |    80 B |    440 B |
| `java/lang/Class`                                   |    32 B |    128 B |
| `java/lang/Class`                                   |    32 B |    128 B |
| `java/util/concurrent/TimeUnit`                     |    80 B |     80 B |
| `java/util/concurrent/ThreadPoolExecutor$Worker`    |    48 B |     48 B |
| `java/util/concurrent/ThreadPoolExecutor$Worker`    |    48 B |     48 B |
| `java/util/concurrent/ThreadPoolExecutor$Worker`    |    48 B |     48 B |
| `java/util/concurrent/ThreadPoolExecutor$Worker`    |    48 B |     48 B |
| `java/util/concurrent/SynchronousQueue`             |    32 B |     32 B |
| `java/util/concurrent/SynchronousQueue`             |    32 B |     32 B |
| `java/util/concurrent/LinkedTransferQueue$DualNode` |    32 B |     32 B |
| `java/util/concurrent/LinkedTransferQueue$DualNode` |    32 B |     32 B |
| `java/util/concurrent/SynchronousQueue$Transferer`  |    24 B |     24 B |
| `java/util/concurrent/SynchronousQueue$Transferer`  |    24 B |     24 B |
| `java/util/concurrent/SynchronousQueue$Transferer`  |    24 B |     24 B |

- `java.util.concurrent.LinkedTransferQueue$DualNode.await (LinkedTransferQueue.java:452)`
  - `java.util.concurrent.LinkedTransferQueue$DualNode` retains 32 B (2.0%)
  - `java.util.concurrent.SynchronousQueue$Transferer` retains 24 B (1.5%)
- `java.util.concurrent.SynchronousQueue$Transferer.xferLifo (SynchronousQueue.java:194)`
  - `java.util.concurrent.LinkedTransferQueue$DualNode` retains 32 B (2.0%)
  - `java.util.concurrent.SynchronousQueue$Transferer` retains 24 B (1.5%)
- `java.util.concurrent.SynchronousQueue.xfer (SynchronousQueue.java:235)`
  - `java.util.concurrent.SynchronousQueue` retains 32 B (2.0%)
  - `java.util.concurrent.SynchronousQueue$Transferer` retains 24 B (1.5%)
- `java.util.concurrent.SynchronousQueue.poll (SynchronousQueue.java:338)`
  - `java.util.concurrent.TimeUnit` retains 80 B (5.1%)
  - `java.util.concurrent.SynchronousQueue` retains 32 B (2.0%)
- `java.util.concurrent.ThreadPoolExecutor.getTask (ThreadPoolExecutor.java:1069)`
  - `java.util.concurrent.ThreadPoolExecutor` retains 440 B (27.8%)
- `java.util.concurrent.ThreadPoolExecutor.runWorker (ThreadPoolExecutor.java:1130)`
  - `java.util.concurrent.ThreadPoolExecutor` retains 440 B (27.8%)
  - `java.util.concurrent.ThreadPoolExecutor$Worker` retains 48 B (3.0%)
- `java.util.concurrent.ThreadPoolExecutor$Worker.run (ThreadPoolExecutor.java:642)`
  - `java.util.concurrent.ThreadPoolExecutor$Worker` retains 48 B (3.0%)
- `java.lang.Thread.runWith (Thread.java:1596)`
  - `java.lang.Class` retains 128 B (8.1%)
  - `java.util.concurrent.ThreadPoolExecutor$Worker` retains 48 B (3.0%)
- `java.lang.Thread.run (Thread.java:1583)`
  - `java.lang.Class` retains 128 B (8.1%)
  - `java.util.concurrent.ThreadPoolExecutor$Worker` retains 48 B (3.0%)

<a id="thread-62"></a>

### Thread 62 "task-result-getter-1" (java/lang/Thread)

_Local roots: 15._

**Local root objects:**

| Object                                                                  | Shallow | Retained |
| ----------------------------------------------------------------------- | ------: | -------: |
| `java/util/concurrent/ThreadPoolExecutor`                               |    80 B |    664 B |
| `java/util/concurrent/ThreadPoolExecutor`                               |    80 B |    664 B |
| `java/util/concurrent/LinkedBlockingQueue`                              |    48 B |    144 B |
| `java/lang/Class`                                                       |    32 B |    128 B |
| `java/lang/Class`                                                       |    32 B |    128 B |
| `java/util/concurrent/ThreadPoolExecutor$Worker`                        |    48 B |     48 B |
| `java/util/concurrent/ThreadPoolExecutor$Worker`                        |    48 B |     48 B |
| `java/util/concurrent/ThreadPoolExecutor$Worker`                        |    48 B |     48 B |
| `java/util/concurrent/ThreadPoolExecutor$Worker`                        |    48 B |     48 B |
| `java/util/concurrent/locks/AbstractQueuedSynchronizer$ConditionNode`   |    32 B |     32 B |
| `java/util/concurrent/locks/AbstractQueuedSynchronizer$ConditionNode`   |    32 B |     32 B |
| `java/util/concurrent/locks/AbstractQueuedSynchronizer$ConditionNode`   |    32 B |     32 B |
| `java/util/concurrent/locks/AbstractQueuedSynchronizer$ConditionObject` |    24 B |     24 B |
| `java/util/concurrent/atomic/AtomicInteger`                             |    16 B |     16 B |
| `java/util/concurrent/locks/ReentrantLock`                              |    16 B |     16 B |

- `java.util.concurrent.locks.AbstractQueuedSynchronizer$ConditionNode.block (AbstractQueuedSynchronizer.java:519)`
  - `java.util.concurrent.locks.AbstractQueuedSynchronizer$ConditionNode` retains 32 B (5.6%)
- `java.util.concurrent.ForkJoinPool.unmanagedBlock (ForkJoinPool.java:3780)`
  - `java.util.concurrent.locks.AbstractQueuedSynchronizer$ConditionNode` retains 32 B (5.6%)
- `java.util.concurrent.locks.AbstractQueuedSynchronizer$ConditionObject.await (AbstractQueuedSynchronizer.java:1746)`
  - `java.util.concurrent.locks.AbstractQueuedSynchronizer$ConditionNode` retains 32 B (5.6%)
  - `java.util.concurrent.locks.AbstractQueuedSynchronizer$ConditionObject` retains 24 B (4.2%)
- `java.util.concurrent.LinkedBlockingQueue.take (LinkedBlockingQueue.java:435)`
  - `java.util.concurrent.LinkedBlockingQueue` retains 144 B (25.0%)
  - `java.util.concurrent.atomic.AtomicInteger` retains 16 B (2.8%)
  - `java.util.concurrent.locks.ReentrantLock` retains 16 B (2.8%)
- `java.util.concurrent.ThreadPoolExecutor.getTask (ThreadPoolExecutor.java:1070)`
  - `java.util.concurrent.ThreadPoolExecutor` retains 664 B (115.3%)
- `java.util.concurrent.ThreadPoolExecutor.runWorker (ThreadPoolExecutor.java:1130)`
  - `java.util.concurrent.ThreadPoolExecutor` retains 664 B (115.3%)
  - `java.util.concurrent.ThreadPoolExecutor$Worker` retains 48 B (8.3%)
- `java.util.concurrent.ThreadPoolExecutor$Worker.run (ThreadPoolExecutor.java:642)`
  - `java.util.concurrent.ThreadPoolExecutor$Worker` retains 48 B (8.3%)
- `java.lang.Thread.runWith (Thread.java:1596)`
  - `java.lang.Class` retains 128 B (22.2%)
  - `java.util.concurrent.ThreadPoolExecutor$Worker` retains 48 B (8.3%)
- `java.lang.Thread.run (Thread.java:1583)`
  - `java.lang.Class` retains 128 B (22.2%)
  - `java.util.concurrent.ThreadPoolExecutor$Worker` retains 48 B (8.3%)

<a id="thread-63"></a>

### Thread 63 "block-manager-storage-async-thread-pool-0" (java/lang/Thread)

_Local roots: 14._

**Local root objects:**

| Object                                                                  | Shallow | Retained |
| ----------------------------------------------------------------------- | ------: | -------: |
| `java/util/concurrent/ThreadPoolExecutor`                               |    80 B |   4.6 KB |
| `java/util/concurrent/ThreadPoolExecutor`                               |    80 B |   4.6 KB |
| `java/util/concurrent/LinkedBlockingQueue`                              |    48 B |    144 B |
| `java/lang/Class`                                                       |    32 B |    128 B |
| `java/lang/Class`                                                       |    32 B |    128 B |
| `java/util/concurrent/TimeUnit`                                         |    80 B |     80 B |
| `java/util/concurrent/ThreadPoolExecutor$Worker`                        |    48 B |     48 B |
| `java/util/concurrent/ThreadPoolExecutor$Worker`                        |    48 B |     48 B |
| `java/util/concurrent/ThreadPoolExecutor$Worker`                        |    48 B |     48 B |
| `java/util/concurrent/ThreadPoolExecutor$Worker`                        |    48 B |     48 B |
| `java/util/concurrent/locks/AbstractQueuedSynchronizer$ConditionNode`   |    32 B |     32 B |
| `java/util/concurrent/locks/AbstractQueuedSynchronizer$ConditionObject` |    24 B |     24 B |
| `java/util/concurrent/atomic/AtomicInteger`                             |    16 B |     16 B |
| `java/util/concurrent/locks/ReentrantLock`                              |    16 B |     16 B |

- `java.util.concurrent.locks.AbstractQueuedSynchronizer$ConditionObject.awaitNanos (AbstractQueuedSynchronizer.java:1797)`
  - `java.util.concurrent.locks.AbstractQueuedSynchronizer$ConditionNode` retains 32 B (5.8%)
  - `java.util.concurrent.locks.AbstractQueuedSynchronizer$ConditionObject` retains 24 B (4.3%)
- `java.util.concurrent.LinkedBlockingQueue.poll (LinkedBlockingQueue.java:460)`
  - `java.util.concurrent.LinkedBlockingQueue` retains 144 B (26.1%)
  - `java.util.concurrent.TimeUnit` retains 80 B (14.5%)
  - `java.util.concurrent.atomic.AtomicInteger` retains 16 B (2.9%)
  - `java.util.concurrent.locks.ReentrantLock` retains 16 B (2.9%)
- `java.util.concurrent.ThreadPoolExecutor.getTask (ThreadPoolExecutor.java:1069)`
  - `java.util.concurrent.ThreadPoolExecutor` retains 4.6 KB (858.0%)
- `java.util.concurrent.ThreadPoolExecutor.runWorker (ThreadPoolExecutor.java:1130)`
  - `java.util.concurrent.ThreadPoolExecutor` retains 4.6 KB (858.0%)
  - `java.util.concurrent.ThreadPoolExecutor$Worker` retains 48 B (8.7%)
- `java.util.concurrent.ThreadPoolExecutor$Worker.run (ThreadPoolExecutor.java:642)`
  - `java.util.concurrent.ThreadPoolExecutor$Worker` retains 48 B (8.7%)
- `java.lang.Thread.runWith (Thread.java:1596)`
  - `java.lang.Class` retains 128 B (23.2%)
  - `java.util.concurrent.ThreadPoolExecutor$Worker` retains 48 B (8.7%)
- `java.lang.Thread.run (Thread.java:1583)`
  - `java.lang.Class` retains 128 B (23.2%)
  - `java.util.concurrent.ThreadPoolExecutor$Worker` retains 48 B (8.7%)

<a id="thread-64"></a>

### Thread 64 "block-manager-storage-async-thread-pool-1" (java/lang/Thread)

_Local roots: 14._

**Local root objects:**

| Object                                                                  | Shallow | Retained |
| ----------------------------------------------------------------------- | ------: | -------: |
| `java/util/concurrent/ThreadPoolExecutor`                               |    80 B |   4.6 KB |
| `java/util/concurrent/ThreadPoolExecutor`                               |    80 B |   4.6 KB |
| `java/util/concurrent/LinkedBlockingQueue`                              |    48 B |    144 B |
| `java/lang/Class`                                                       |    32 B |    128 B |
| `java/lang/Class`                                                       |    32 B |    128 B |
| `java/util/concurrent/TimeUnit`                                         |    80 B |     80 B |
| `java/util/concurrent/ThreadPoolExecutor$Worker`                        |    48 B |     48 B |
| `java/util/concurrent/ThreadPoolExecutor$Worker`                        |    48 B |     48 B |
| `java/util/concurrent/ThreadPoolExecutor$Worker`                        |    48 B |     48 B |
| `java/util/concurrent/ThreadPoolExecutor$Worker`                        |    48 B |     48 B |
| `java/util/concurrent/locks/AbstractQueuedSynchronizer$ConditionNode`   |    32 B |     32 B |
| `java/util/concurrent/locks/AbstractQueuedSynchronizer$ConditionObject` |    24 B |     24 B |
| `java/util/concurrent/atomic/AtomicInteger`                             |    16 B |     16 B |
| `java/util/concurrent/locks/ReentrantLock`                              |    16 B |     16 B |

- `java.util.concurrent.locks.AbstractQueuedSynchronizer$ConditionObject.awaitNanos (AbstractQueuedSynchronizer.java:1797)`
  - `java.util.concurrent.locks.AbstractQueuedSynchronizer$ConditionNode` retains 32 B (8.3%)
  - `java.util.concurrent.locks.AbstractQueuedSynchronizer$ConditionObject` retains 24 B (6.2%)
- `java.util.concurrent.LinkedBlockingQueue.poll (LinkedBlockingQueue.java:460)`
  - `java.util.concurrent.LinkedBlockingQueue` retains 144 B (37.5%)
  - `java.util.concurrent.TimeUnit` retains 80 B (20.8%)
  - `java.util.concurrent.atomic.AtomicInteger` retains 16 B (4.2%)
  - `java.util.concurrent.locks.ReentrantLock` retains 16 B (4.2%)
- `java.util.concurrent.ThreadPoolExecutor.getTask (ThreadPoolExecutor.java:1069)`
  - `java.util.concurrent.ThreadPoolExecutor` retains 4.6 KB (1233.3%)
- `java.util.concurrent.ThreadPoolExecutor.runWorker (ThreadPoolExecutor.java:1130)`
  - `java.util.concurrent.ThreadPoolExecutor` retains 4.6 KB (1233.3%)
  - `java.util.concurrent.ThreadPoolExecutor$Worker` retains 48 B (12.5%)
- `java.util.concurrent.ThreadPoolExecutor$Worker.run (ThreadPoolExecutor.java:642)`
  - `java.util.concurrent.ThreadPoolExecutor$Worker` retains 48 B (12.5%)
- `java.lang.Thread.runWith (Thread.java:1596)`
  - `java.lang.Class` retains 128 B (33.3%)
  - `java.util.concurrent.ThreadPoolExecutor$Worker` retains 48 B (12.5%)
- `java.lang.Thread.run (Thread.java:1583)`
  - `java.lang.Class` retains 128 B (33.3%)
  - `java.util.concurrent.ThreadPoolExecutor$Worker` retains 48 B (12.5%)

<a id="thread-65"></a>

### Thread 65 "block-manager-storage-async-thread-pool-2" (java/lang/Thread)

_Local roots: 13._

**Local root objects:**

| Object                                                                  | Shallow | Retained |
| ----------------------------------------------------------------------- | ------: | -------: |
| `java/util/concurrent/ThreadPoolExecutor`                               |    80 B |   4.6 KB |
| `java/util/concurrent/ThreadPoolExecutor`                               |    80 B |   4.6 KB |
| `java/util/concurrent/LinkedBlockingQueue`                              |    48 B |    144 B |
| `java/lang/Class`                                                       |    32 B |    128 B |
| `java/lang/Class`                                                       |    32 B |    128 B |
| `java/util/concurrent/ThreadPoolExecutor$Worker`                        |    48 B |     48 B |
| `java/util/concurrent/ThreadPoolExecutor$Worker`                        |    48 B |     48 B |
| `java/util/concurrent/ThreadPoolExecutor$Worker`                        |    48 B |     48 B |
| `java/util/concurrent/ThreadPoolExecutor$Worker`                        |    48 B |     48 B |
| `java/util/concurrent/locks/AbstractQueuedSynchronizer$ConditionNode`   |    32 B |     32 B |
| `java/util/concurrent/locks/AbstractQueuedSynchronizer$ConditionObject` |    24 B |     24 B |
| `java/util/concurrent/atomic/AtomicInteger`                             |    16 B |     16 B |
| `java/util/concurrent/locks/ReentrantLock`                              |    16 B |     16 B |

- `java.util.concurrent.locks.AbstractQueuedSynchronizer$ConditionObject.awaitNanos (AbstractQueuedSynchronizer.java:1797)`
  - `java.util.concurrent.locks.AbstractQueuedSynchronizer$ConditionNode` retains 32 B (5.8%)
  - `java.util.concurrent.locks.AbstractQueuedSynchronizer$ConditionObject` retains 24 B (4.3%)
- `java.util.concurrent.LinkedBlockingQueue.poll (LinkedBlockingQueue.java:460)`
  - `java.util.concurrent.LinkedBlockingQueue` retains 144 B (26.1%)
  - `java.util.concurrent.atomic.AtomicInteger` retains 16 B (2.9%)
  - `java.util.concurrent.locks.ReentrantLock` retains 16 B (2.9%)
- `java.util.concurrent.ThreadPoolExecutor.getTask (ThreadPoolExecutor.java:1069)`
  - `java.util.concurrent.ThreadPoolExecutor` retains 4.6 KB (858.0%)
- `java.util.concurrent.ThreadPoolExecutor.runWorker (ThreadPoolExecutor.java:1130)`
  - `java.util.concurrent.ThreadPoolExecutor` retains 4.6 KB (858.0%)
  - `java.util.concurrent.ThreadPoolExecutor$Worker` retains 48 B (8.7%)
- `java.util.concurrent.ThreadPoolExecutor$Worker.run (ThreadPoolExecutor.java:642)`
  - `java.util.concurrent.ThreadPoolExecutor$Worker` retains 48 B (8.7%)
- `java.lang.Thread.runWith (Thread.java:1596)`
  - `java.lang.Class` retains 128 B (23.2%)
  - `java.util.concurrent.ThreadPoolExecutor$Worker` retains 48 B (8.7%)
- `java.lang.Thread.run (Thread.java:1583)`
  - `java.lang.Class` retains 128 B (23.2%)
  - `java.util.concurrent.ThreadPoolExecutor$Worker` retains 48 B (8.7%)

<a id="thread-66"></a>

### Thread 66 "block-manager-ask-thread-pool-0" (java/lang/Thread)

_Local roots: 14._

**Local root objects:**

| Object                                                                  | Shallow | Retained |
| ----------------------------------------------------------------------- | ------: | -------: |
| `java/util/concurrent/ThreadPoolExecutor`                               |    80 B |   4.6 KB |
| `java/util/concurrent/ThreadPoolExecutor`                               |    80 B |   4.6 KB |
| `java/util/concurrent/LinkedBlockingQueue`                              |    48 B |    144 B |
| `java/lang/Class`                                                       |    32 B |    128 B |
| `java/lang/Class`                                                       |    32 B |    128 B |
| `java/util/concurrent/TimeUnit`                                         |    80 B |     80 B |
| `java/util/concurrent/ThreadPoolExecutor$Worker`                        |    48 B |     48 B |
| `java/util/concurrent/ThreadPoolExecutor$Worker`                        |    48 B |     48 B |
| `java/util/concurrent/ThreadPoolExecutor$Worker`                        |    48 B |     48 B |
| `java/util/concurrent/ThreadPoolExecutor$Worker`                        |    48 B |     48 B |
| `java/util/concurrent/locks/AbstractQueuedSynchronizer$ConditionNode`   |    32 B |     32 B |
| `java/util/concurrent/locks/AbstractQueuedSynchronizer$ConditionObject` |    24 B |     24 B |
| `java/util/concurrent/atomic/AtomicInteger`                             |    16 B |     16 B |
| `java/util/concurrent/locks/ReentrantLock`                              |    16 B |     16 B |

- `java.util.concurrent.locks.AbstractQueuedSynchronizer$ConditionObject.awaitNanos (AbstractQueuedSynchronizer.java:1797)`
  - `java.util.concurrent.locks.AbstractQueuedSynchronizer$ConditionNode` retains 32 B (6.3%)
  - `java.util.concurrent.locks.AbstractQueuedSynchronizer$ConditionObject` retains 24 B (4.8%)
- `java.util.concurrent.LinkedBlockingQueue.poll (LinkedBlockingQueue.java:460)`
  - `java.util.concurrent.LinkedBlockingQueue` retains 144 B (28.6%)
  - `java.util.concurrent.TimeUnit` retains 80 B (15.9%)
  - `java.util.concurrent.atomic.AtomicInteger` retains 16 B (3.2%)
  - `java.util.concurrent.locks.ReentrantLock` retains 16 B (3.2%)
- `java.util.concurrent.ThreadPoolExecutor.getTask (ThreadPoolExecutor.java:1069)`
  - `java.util.concurrent.ThreadPoolExecutor` retains 4.6 KB (936.5%)
- `java.util.concurrent.ThreadPoolExecutor.runWorker (ThreadPoolExecutor.java:1130)`
  - `java.util.concurrent.ThreadPoolExecutor` retains 4.6 KB (936.5%)
  - `java.util.concurrent.ThreadPoolExecutor$Worker` retains 48 B (9.5%)
- `java.util.concurrent.ThreadPoolExecutor$Worker.run (ThreadPoolExecutor.java:642)`
  - `java.util.concurrent.ThreadPoolExecutor$Worker` retains 48 B (9.5%)
- `java.lang.Thread.runWith (Thread.java:1596)`
  - `java.lang.Class` retains 128 B (25.4%)
  - `java.util.concurrent.ThreadPoolExecutor$Worker` retains 48 B (9.5%)
- `java.lang.Thread.run (Thread.java:1583)`
  - `java.lang.Class` retains 128 B (25.4%)
  - `java.util.concurrent.ThreadPoolExecutor$Worker` retains 48 B (9.5%)

<a id="thread-67"></a>

### Thread 67 "task-result-getter-2" (java/lang/Thread)

_Local roots: 15._

**Local root objects:**

| Object                                                                  | Shallow | Retained |
| ----------------------------------------------------------------------- | ------: | -------: |
| `java/util/concurrent/ThreadPoolExecutor`                               |    80 B |    664 B |
| `java/util/concurrent/ThreadPoolExecutor`                               |    80 B |    664 B |
| `java/util/concurrent/LinkedBlockingQueue`                              |    48 B |    144 B |
| `java/lang/Class`                                                       |    32 B |    128 B |
| `java/lang/Class`                                                       |    32 B |    128 B |
| `java/util/concurrent/ThreadPoolExecutor$Worker`                        |    48 B |     48 B |
| `java/util/concurrent/ThreadPoolExecutor$Worker`                        |    48 B |     48 B |
| `java/util/concurrent/ThreadPoolExecutor$Worker`                        |    48 B |     48 B |
| `java/util/concurrent/ThreadPoolExecutor$Worker`                        |    48 B |     48 B |
| `java/util/concurrent/locks/AbstractQueuedSynchronizer$ConditionNode`   |    32 B |     32 B |
| `java/util/concurrent/locks/AbstractQueuedSynchronizer$ConditionNode`   |    32 B |     32 B |
| `java/util/concurrent/locks/AbstractQueuedSynchronizer$ConditionNode`   |    32 B |     32 B |
| `java/util/concurrent/locks/AbstractQueuedSynchronizer$ConditionObject` |    24 B |     24 B |
| `java/util/concurrent/atomic/AtomicInteger`                             |    16 B |     16 B |
| `java/util/concurrent/locks/ReentrantLock`                              |    16 B |     16 B |

- `java.util.concurrent.locks.AbstractQueuedSynchronizer$ConditionNode.block (AbstractQueuedSynchronizer.java:519)`
  - `java.util.concurrent.locks.AbstractQueuedSynchronizer$ConditionNode` retains 32 B (5.6%)
- `java.util.concurrent.ForkJoinPool.unmanagedBlock (ForkJoinPool.java:3780)`
  - `java.util.concurrent.locks.AbstractQueuedSynchronizer$ConditionNode` retains 32 B (5.6%)
- `java.util.concurrent.locks.AbstractQueuedSynchronizer$ConditionObject.await (AbstractQueuedSynchronizer.java:1746)`
  - `java.util.concurrent.locks.AbstractQueuedSynchronizer$ConditionNode` retains 32 B (5.6%)
  - `java.util.concurrent.locks.AbstractQueuedSynchronizer$ConditionObject` retains 24 B (4.2%)
- `java.util.concurrent.LinkedBlockingQueue.take (LinkedBlockingQueue.java:435)`
  - `java.util.concurrent.LinkedBlockingQueue` retains 144 B (25.0%)
  - `java.util.concurrent.atomic.AtomicInteger` retains 16 B (2.8%)
  - `java.util.concurrent.locks.ReentrantLock` retains 16 B (2.8%)
- `java.util.concurrent.ThreadPoolExecutor.getTask (ThreadPoolExecutor.java:1070)`
  - `java.util.concurrent.ThreadPoolExecutor` retains 664 B (115.3%)
- `java.util.concurrent.ThreadPoolExecutor.runWorker (ThreadPoolExecutor.java:1130)`
  - `java.util.concurrent.ThreadPoolExecutor` retains 664 B (115.3%)
  - `java.util.concurrent.ThreadPoolExecutor$Worker` retains 48 B (8.3%)
- `java.util.concurrent.ThreadPoolExecutor$Worker.run (ThreadPoolExecutor.java:642)`
  - `java.util.concurrent.ThreadPoolExecutor$Worker` retains 48 B (8.3%)
- `java.lang.Thread.runWith (Thread.java:1596)`
  - `java.lang.Class` retains 128 B (22.2%)
  - `java.util.concurrent.ThreadPoolExecutor$Worker` retains 48 B (8.3%)
- `java.lang.Thread.run (Thread.java:1583)`
  - `java.lang.Class` retains 128 B (22.2%)
  - `java.util.concurrent.ThreadPoolExecutor$Worker` retains 48 B (8.3%)

<a id="thread-68"></a>

### Thread 68 "block-manager-ask-thread-pool-1" (java/lang/Thread)

_Local roots: 14._

**Local root objects:**

| Object                                                                  | Shallow | Retained |
| ----------------------------------------------------------------------- | ------: | -------: |
| `java/util/concurrent/ThreadPoolExecutor`                               |    80 B |   4.6 KB |
| `java/util/concurrent/ThreadPoolExecutor`                               |    80 B |   4.6 KB |
| `java/util/concurrent/LinkedBlockingQueue`                              |    48 B |    144 B |
| `java/lang/Class`                                                       |    32 B |    128 B |
| `java/lang/Class`                                                       |    32 B |    128 B |
| `java/util/concurrent/TimeUnit`                                         |    80 B |     80 B |
| `java/util/concurrent/ThreadPoolExecutor$Worker`                        |    48 B |     48 B |
| `java/util/concurrent/ThreadPoolExecutor$Worker`                        |    48 B |     48 B |
| `java/util/concurrent/ThreadPoolExecutor$Worker`                        |    48 B |     48 B |
| `java/util/concurrent/ThreadPoolExecutor$Worker`                        |    48 B |     48 B |
| `java/util/concurrent/locks/AbstractQueuedSynchronizer$ConditionNode`   |    32 B |     32 B |
| `java/util/concurrent/locks/AbstractQueuedSynchronizer$ConditionObject` |    24 B |     24 B |
| `java/util/concurrent/atomic/AtomicInteger`                             |    16 B |     16 B |
| `java/util/concurrent/locks/ReentrantLock`                              |    16 B |     16 B |

- `java.util.concurrent.locks.AbstractQueuedSynchronizer$ConditionObject.awaitNanos (AbstractQueuedSynchronizer.java:1797)`
  - `java.util.concurrent.locks.AbstractQueuedSynchronizer$ConditionNode` retains 32 B (6.3%)
  - `java.util.concurrent.locks.AbstractQueuedSynchronizer$ConditionObject` retains 24 B (4.8%)
- `java.util.concurrent.LinkedBlockingQueue.poll (LinkedBlockingQueue.java:460)`
  - `java.util.concurrent.LinkedBlockingQueue` retains 144 B (28.6%)
  - `java.util.concurrent.TimeUnit` retains 80 B (15.9%)
  - `java.util.concurrent.atomic.AtomicInteger` retains 16 B (3.2%)
  - `java.util.concurrent.locks.ReentrantLock` retains 16 B (3.2%)
- `java.util.concurrent.ThreadPoolExecutor.getTask (ThreadPoolExecutor.java:1069)`
  - `java.util.concurrent.ThreadPoolExecutor` retains 4.6 KB (936.5%)
- `java.util.concurrent.ThreadPoolExecutor.runWorker (ThreadPoolExecutor.java:1130)`
  - `java.util.concurrent.ThreadPoolExecutor` retains 4.6 KB (936.5%)
  - `java.util.concurrent.ThreadPoolExecutor$Worker` retains 48 B (9.5%)
- `java.util.concurrent.ThreadPoolExecutor$Worker.run (ThreadPoolExecutor.java:642)`
  - `java.util.concurrent.ThreadPoolExecutor$Worker` retains 48 B (9.5%)
- `java.lang.Thread.runWith (Thread.java:1596)`
  - `java.lang.Class` retains 128 B (25.4%)
  - `java.util.concurrent.ThreadPoolExecutor$Worker` retains 48 B (9.5%)
- `java.lang.Thread.run (Thread.java:1583)`
  - `java.lang.Class` retains 128 B (25.4%)
  - `java.util.concurrent.ThreadPoolExecutor$Worker` retains 48 B (9.5%)

<a id="thread-69"></a>

### Thread 69 "task-result-getter-3" (java/lang/Thread)

_Local roots: 15._

**Local root objects:**

| Object                                                                  | Shallow | Retained |
| ----------------------------------------------------------------------- | ------: | -------: |
| `java/util/concurrent/ThreadPoolExecutor`                               |    80 B |    664 B |
| `java/util/concurrent/ThreadPoolExecutor`                               |    80 B |    664 B |
| `java/util/concurrent/LinkedBlockingQueue`                              |    48 B |    144 B |
| `java/lang/Class`                                                       |    32 B |    128 B |
| `java/lang/Class`                                                       |    32 B |    128 B |
| `java/util/concurrent/ThreadPoolExecutor$Worker`                        |    48 B |     48 B |
| `java/util/concurrent/ThreadPoolExecutor$Worker`                        |    48 B |     48 B |
| `java/util/concurrent/ThreadPoolExecutor$Worker`                        |    48 B |     48 B |
| `java/util/concurrent/ThreadPoolExecutor$Worker`                        |    48 B |     48 B |
| `java/util/concurrent/locks/AbstractQueuedSynchronizer$ConditionNode`   |    32 B |     32 B |
| `java/util/concurrent/locks/AbstractQueuedSynchronizer$ConditionNode`   |    32 B |     32 B |
| `java/util/concurrent/locks/AbstractQueuedSynchronizer$ConditionNode`   |    32 B |     32 B |
| `java/util/concurrent/locks/AbstractQueuedSynchronizer$ConditionObject` |    24 B |     24 B |
| `java/util/concurrent/atomic/AtomicInteger`                             |    16 B |     16 B |
| `java/util/concurrent/locks/ReentrantLock`                              |    16 B |     16 B |

- `java.util.concurrent.locks.AbstractQueuedSynchronizer$ConditionNode.block (AbstractQueuedSynchronizer.java:519)`
  - `java.util.concurrent.locks.AbstractQueuedSynchronizer$ConditionNode` retains 32 B (5.6%)
- `java.util.concurrent.ForkJoinPool.unmanagedBlock (ForkJoinPool.java:3780)`
  - `java.util.concurrent.locks.AbstractQueuedSynchronizer$ConditionNode` retains 32 B (5.6%)
- `java.util.concurrent.locks.AbstractQueuedSynchronizer$ConditionObject.await (AbstractQueuedSynchronizer.java:1746)`
  - `java.util.concurrent.locks.AbstractQueuedSynchronizer$ConditionNode` retains 32 B (5.6%)
  - `java.util.concurrent.locks.AbstractQueuedSynchronizer$ConditionObject` retains 24 B (4.2%)
- `java.util.concurrent.LinkedBlockingQueue.take (LinkedBlockingQueue.java:435)`
  - `java.util.concurrent.LinkedBlockingQueue` retains 144 B (25.0%)
  - `java.util.concurrent.atomic.AtomicInteger` retains 16 B (2.8%)
  - `java.util.concurrent.locks.ReentrantLock` retains 16 B (2.8%)
- `java.util.concurrent.ThreadPoolExecutor.getTask (ThreadPoolExecutor.java:1070)`
  - `java.util.concurrent.ThreadPoolExecutor` retains 664 B (115.3%)
- `java.util.concurrent.ThreadPoolExecutor.runWorker (ThreadPoolExecutor.java:1130)`
  - `java.util.concurrent.ThreadPoolExecutor` retains 664 B (115.3%)
  - `java.util.concurrent.ThreadPoolExecutor$Worker` retains 48 B (8.3%)
- `java.util.concurrent.ThreadPoolExecutor$Worker.run (ThreadPoolExecutor.java:642)`
  - `java.util.concurrent.ThreadPoolExecutor$Worker` retains 48 B (8.3%)
- `java.lang.Thread.runWith (Thread.java:1596)`
  - `java.lang.Class` retains 128 B (22.2%)
  - `java.util.concurrent.ThreadPoolExecutor$Worker` retains 48 B (8.3%)
- `java.lang.Thread.run (Thread.java:1583)`
  - `java.lang.Class` retains 128 B (22.2%)
  - `java.util.concurrent.ThreadPoolExecutor$Worker` retains 48 B (8.3%)

<a id="thread-70"></a>

### Thread 70 "block-manager-storage-async-thread-pool-3" (java/lang/Thread)

_Local roots: 14._

**Local root objects:**

| Object                                                                  | Shallow | Retained |
| ----------------------------------------------------------------------- | ------: | -------: |
| `java/util/concurrent/ThreadPoolExecutor`                               |    80 B |   4.6 KB |
| `java/util/concurrent/ThreadPoolExecutor`                               |    80 B |   4.6 KB |
| `java/util/concurrent/LinkedBlockingQueue`                              |    48 B |    144 B |
| `java/lang/Class`                                                       |    32 B |    128 B |
| `java/lang/Class`                                                       |    32 B |    128 B |
| `java/util/concurrent/TimeUnit`                                         |    80 B |     80 B |
| `java/util/concurrent/ThreadPoolExecutor$Worker`                        |    48 B |     48 B |
| `java/util/concurrent/ThreadPoolExecutor$Worker`                        |    48 B |     48 B |
| `java/util/concurrent/ThreadPoolExecutor$Worker`                        |    48 B |     48 B |
| `java/util/concurrent/ThreadPoolExecutor$Worker`                        |    48 B |     48 B |
| `java/util/concurrent/locks/AbstractQueuedSynchronizer$ConditionNode`   |    32 B |     32 B |
| `java/util/concurrent/locks/AbstractQueuedSynchronizer$ConditionObject` |    24 B |     24 B |
| `java/util/concurrent/atomic/AtomicInteger`                             |    16 B |     16 B |
| `java/util/concurrent/locks/ReentrantLock`                              |    16 B |     16 B |

- `java.util.concurrent.locks.AbstractQueuedSynchronizer$ConditionObject.awaitNanos (AbstractQueuedSynchronizer.java:1797)`
  - `java.util.concurrent.locks.AbstractQueuedSynchronizer$ConditionNode` retains 32 B (5.8%)
  - `java.util.concurrent.locks.AbstractQueuedSynchronizer$ConditionObject` retains 24 B (4.3%)
- `java.util.concurrent.LinkedBlockingQueue.poll (LinkedBlockingQueue.java:460)`
  - `java.util.concurrent.LinkedBlockingQueue` retains 144 B (26.1%)
  - `java.util.concurrent.TimeUnit` retains 80 B (14.5%)
  - `java.util.concurrent.atomic.AtomicInteger` retains 16 B (2.9%)
  - `java.util.concurrent.locks.ReentrantLock` retains 16 B (2.9%)
- `java.util.concurrent.ThreadPoolExecutor.getTask (ThreadPoolExecutor.java:1069)`
  - `java.util.concurrent.ThreadPoolExecutor` retains 4.6 KB (858.0%)
- `java.util.concurrent.ThreadPoolExecutor.runWorker (ThreadPoolExecutor.java:1130)`
  - `java.util.concurrent.ThreadPoolExecutor` retains 4.6 KB (858.0%)
  - `java.util.concurrent.ThreadPoolExecutor$Worker` retains 48 B (8.7%)
- `java.util.concurrent.ThreadPoolExecutor$Worker.run (ThreadPoolExecutor.java:642)`
  - `java.util.concurrent.ThreadPoolExecutor$Worker` retains 48 B (8.7%)
- `java.lang.Thread.runWith (Thread.java:1596)`
  - `java.lang.Class` retains 128 B (23.2%)
  - `java.util.concurrent.ThreadPoolExecutor$Worker` retains 48 B (8.7%)
- `java.lang.Thread.run (Thread.java:1583)`
  - `java.lang.Class` retains 128 B (23.2%)
  - `java.util.concurrent.ThreadPoolExecutor$Worker` retains 48 B (8.7%)

<a id="thread-71"></a>

### Thread 71 "block-manager-storage-async-thread-pool-4" (java/lang/Thread)

_Local roots: 14._

**Local root objects:**

| Object                                                                  | Shallow | Retained |
| ----------------------------------------------------------------------- | ------: | -------: |
| `java/util/concurrent/ThreadPoolExecutor`                               |    80 B |   4.6 KB |
| `java/util/concurrent/ThreadPoolExecutor`                               |    80 B |   4.6 KB |
| `java/util/concurrent/LinkedBlockingQueue`                              |    48 B |    144 B |
| `java/lang/Class`                                                       |    32 B |    128 B |
| `java/lang/Class`                                                       |    32 B |    128 B |
| `java/util/concurrent/TimeUnit`                                         |    80 B |     80 B |
| `java/util/concurrent/ThreadPoolExecutor$Worker`                        |    48 B |     48 B |
| `java/util/concurrent/ThreadPoolExecutor$Worker`                        |    48 B |     48 B |
| `java/util/concurrent/ThreadPoolExecutor$Worker`                        |    48 B |     48 B |
| `java/util/concurrent/ThreadPoolExecutor$Worker`                        |    48 B |     48 B |
| `java/util/concurrent/locks/AbstractQueuedSynchronizer$ConditionNode`   |    32 B |     32 B |
| `java/util/concurrent/locks/AbstractQueuedSynchronizer$ConditionObject` |    24 B |     24 B |
| `java/util/concurrent/atomic/AtomicInteger`                             |    16 B |     16 B |
| `java/util/concurrent/locks/ReentrantLock`                              |    16 B |     16 B |

- `java.util.concurrent.locks.AbstractQueuedSynchronizer$ConditionObject.awaitNanos (AbstractQueuedSynchronizer.java:1797)`
  - `java.util.concurrent.locks.AbstractQueuedSynchronizer$ConditionNode` retains 32 B (8.3%)
  - `java.util.concurrent.locks.AbstractQueuedSynchronizer$ConditionObject` retains 24 B (6.2%)
- `java.util.concurrent.LinkedBlockingQueue.poll (LinkedBlockingQueue.java:460)`
  - `java.util.concurrent.LinkedBlockingQueue` retains 144 B (37.5%)
  - `java.util.concurrent.TimeUnit` retains 80 B (20.8%)
  - `java.util.concurrent.atomic.AtomicInteger` retains 16 B (4.2%)
  - `java.util.concurrent.locks.ReentrantLock` retains 16 B (4.2%)
- `java.util.concurrent.ThreadPoolExecutor.getTask (ThreadPoolExecutor.java:1069)`
  - `java.util.concurrent.ThreadPoolExecutor` retains 4.6 KB (1233.3%)
- `java.util.concurrent.ThreadPoolExecutor.runWorker (ThreadPoolExecutor.java:1130)`
  - `java.util.concurrent.ThreadPoolExecutor` retains 4.6 KB (1233.3%)
  - `java.util.concurrent.ThreadPoolExecutor$Worker` retains 48 B (12.5%)
- `java.util.concurrent.ThreadPoolExecutor$Worker.run (ThreadPoolExecutor.java:642)`
  - `java.util.concurrent.ThreadPoolExecutor$Worker` retains 48 B (12.5%)
- `java.lang.Thread.runWith (Thread.java:1596)`
  - `java.lang.Class` retains 128 B (33.3%)
  - `java.util.concurrent.ThreadPoolExecutor$Worker` retains 48 B (12.5%)
- `java.lang.Thread.run (Thread.java:1583)`
  - `java.lang.Class` retains 128 B (33.3%)
  - `java.util.concurrent.ThreadPoolExecutor$Worker` retains 48 B (12.5%)

<a id="thread-72"></a>

### Thread 72 "block-manager-storage-async-thread-pool-5" (java/lang/Thread)

_Local roots: 13._

**Local root objects:**

| Object                                                                  | Shallow | Retained |
| ----------------------------------------------------------------------- | ------: | -------: |
| `java/util/concurrent/ThreadPoolExecutor`                               |    80 B |   4.6 KB |
| `java/util/concurrent/ThreadPoolExecutor`                               |    80 B |   4.6 KB |
| `java/util/concurrent/LinkedBlockingQueue`                              |    48 B |    144 B |
| `java/lang/Class`                                                       |    32 B |    128 B |
| `java/lang/Class`                                                       |    32 B |    128 B |
| `java/util/concurrent/ThreadPoolExecutor$Worker`                        |    48 B |     48 B |
| `java/util/concurrent/ThreadPoolExecutor$Worker`                        |    48 B |     48 B |
| `java/util/concurrent/ThreadPoolExecutor$Worker`                        |    48 B |     48 B |
| `java/util/concurrent/ThreadPoolExecutor$Worker`                        |    48 B |     48 B |
| `java/util/concurrent/locks/AbstractQueuedSynchronizer$ConditionNode`   |    32 B |     32 B |
| `java/util/concurrent/locks/AbstractQueuedSynchronizer$ConditionObject` |    24 B |     24 B |
| `java/util/concurrent/atomic/AtomicInteger`                             |    16 B |     16 B |
| `java/util/concurrent/locks/ReentrantLock`                              |    16 B |     16 B |

- `java.util.concurrent.locks.AbstractQueuedSynchronizer$ConditionObject.awaitNanos (AbstractQueuedSynchronizer.java:1797)`
  - `java.util.concurrent.locks.AbstractQueuedSynchronizer$ConditionNode` retains 32 B (6.2%)
  - `java.util.concurrent.locks.AbstractQueuedSynchronizer$ConditionObject` retains 24 B (4.6%)
- `java.util.concurrent.LinkedBlockingQueue.poll (LinkedBlockingQueue.java:460)`
  - `java.util.concurrent.LinkedBlockingQueue` retains 144 B (27.7%)
  - `java.util.concurrent.atomic.AtomicInteger` retains 16 B (3.1%)
  - `java.util.concurrent.locks.ReentrantLock` retains 16 B (3.1%)
- `java.util.concurrent.ThreadPoolExecutor.getTask (ThreadPoolExecutor.java:1069)`
  - `java.util.concurrent.ThreadPoolExecutor` retains 4.6 KB (910.8%)
- `java.util.concurrent.ThreadPoolExecutor.runWorker (ThreadPoolExecutor.java:1130)`
  - `java.util.concurrent.ThreadPoolExecutor` retains 4.6 KB (910.8%)
  - `java.util.concurrent.ThreadPoolExecutor$Worker` retains 48 B (9.2%)
- `java.util.concurrent.ThreadPoolExecutor$Worker.run (ThreadPoolExecutor.java:642)`
  - `java.util.concurrent.ThreadPoolExecutor$Worker` retains 48 B (9.2%)
- `java.lang.Thread.runWith (Thread.java:1596)`
  - `java.lang.Class` retains 128 B (24.6%)
  - `java.util.concurrent.ThreadPoolExecutor$Worker` retains 48 B (9.2%)
- `java.lang.Thread.run (Thread.java:1583)`
  - `java.lang.Class` retains 128 B (24.6%)
  - `java.util.concurrent.ThreadPoolExecutor$Worker` retains 48 B (9.2%)

<a id="thread-73"></a>

### Thread 73 "block-manager-ask-thread-pool-2" (java/lang/Thread)

_Local roots: 14._

**Local root objects:**

| Object                                                                  | Shallow | Retained |
| ----------------------------------------------------------------------- | ------: | -------: |
| `java/util/concurrent/ThreadPoolExecutor`                               |    80 B |   4.6 KB |
| `java/util/concurrent/ThreadPoolExecutor`                               |    80 B |   4.6 KB |
| `java/util/concurrent/LinkedBlockingQueue`                              |    48 B |    144 B |
| `java/lang/Class`                                                       |    32 B |    128 B |
| `java/lang/Class`                                                       |    32 B |    128 B |
| `java/util/concurrent/TimeUnit`                                         |    80 B |     80 B |
| `java/util/concurrent/ThreadPoolExecutor$Worker`                        |    48 B |     48 B |
| `java/util/concurrent/ThreadPoolExecutor$Worker`                        |    48 B |     48 B |
| `java/util/concurrent/ThreadPoolExecutor$Worker`                        |    48 B |     48 B |
| `java/util/concurrent/ThreadPoolExecutor$Worker`                        |    48 B |     48 B |
| `java/util/concurrent/locks/AbstractQueuedSynchronizer$ConditionNode`   |    32 B |     32 B |
| `java/util/concurrent/locks/AbstractQueuedSynchronizer$ConditionObject` |    24 B |     24 B |
| `java/util/concurrent/atomic/AtomicInteger`                             |    16 B |     16 B |
| `java/util/concurrent/locks/ReentrantLock`                              |    16 B |     16 B |

- `java.util.concurrent.locks.AbstractQueuedSynchronizer$ConditionObject.awaitNanos (AbstractQueuedSynchronizer.java:1797)`
  - `java.util.concurrent.locks.AbstractQueuedSynchronizer$ConditionNode` retains 32 B (6.3%)
  - `java.util.concurrent.locks.AbstractQueuedSynchronizer$ConditionObject` retains 24 B (4.8%)
- `java.util.concurrent.LinkedBlockingQueue.poll (LinkedBlockingQueue.java:460)`
  - `java.util.concurrent.LinkedBlockingQueue` retains 144 B (28.6%)
  - `java.util.concurrent.TimeUnit` retains 80 B (15.9%)
  - `java.util.concurrent.atomic.AtomicInteger` retains 16 B (3.2%)
  - `java.util.concurrent.locks.ReentrantLock` retains 16 B (3.2%)
- `java.util.concurrent.ThreadPoolExecutor.getTask (ThreadPoolExecutor.java:1069)`
  - `java.util.concurrent.ThreadPoolExecutor` retains 4.6 KB (936.5%)
- `java.util.concurrent.ThreadPoolExecutor.runWorker (ThreadPoolExecutor.java:1130)`
  - `java.util.concurrent.ThreadPoolExecutor` retains 4.6 KB (936.5%)
  - `java.util.concurrent.ThreadPoolExecutor$Worker` retains 48 B (9.5%)
- `java.util.concurrent.ThreadPoolExecutor$Worker.run (ThreadPoolExecutor.java:642)`
  - `java.util.concurrent.ThreadPoolExecutor$Worker` retains 48 B (9.5%)
- `java.lang.Thread.runWith (Thread.java:1596)`
  - `java.lang.Class` retains 128 B (25.4%)
  - `java.util.concurrent.ThreadPoolExecutor$Worker` retains 48 B (9.5%)
- `java.lang.Thread.run (Thread.java:1583)`
  - `java.lang.Class` retains 128 B (25.4%)
  - `java.util.concurrent.ThreadPoolExecutor$Worker` retains 48 B (9.5%)

<a id="thread-74"></a>

### Thread 74 "block-manager-ask-thread-pool-3" (java/lang/Thread)

_Local roots: 14._

**Local root objects:**

| Object                                                                  | Shallow | Retained |
| ----------------------------------------------------------------------- | ------: | -------: |
| `java/util/concurrent/ThreadPoolExecutor`                               |    80 B |   4.6 KB |
| `java/util/concurrent/ThreadPoolExecutor`                               |    80 B |   4.6 KB |
| `java/util/concurrent/LinkedBlockingQueue`                              |    48 B |    144 B |
| `java/lang/Class`                                                       |    32 B |    128 B |
| `java/lang/Class`                                                       |    32 B |    128 B |
| `java/util/concurrent/TimeUnit`                                         |    80 B |     80 B |
| `java/util/concurrent/ThreadPoolExecutor$Worker`                        |    48 B |     48 B |
| `java/util/concurrent/ThreadPoolExecutor$Worker`                        |    48 B |     48 B |
| `java/util/concurrent/ThreadPoolExecutor$Worker`                        |    48 B |     48 B |
| `java/util/concurrent/ThreadPoolExecutor$Worker`                        |    48 B |     48 B |
| `java/util/concurrent/locks/AbstractQueuedSynchronizer$ConditionNode`   |    32 B |     32 B |
| `java/util/concurrent/locks/AbstractQueuedSynchronizer$ConditionObject` |    24 B |     24 B |
| `java/util/concurrent/atomic/AtomicInteger`                             |    16 B |     16 B |
| `java/util/concurrent/locks/ReentrantLock`                              |    16 B |     16 B |

- `java.util.concurrent.locks.AbstractQueuedSynchronizer$ConditionObject.awaitNanos (AbstractQueuedSynchronizer.java:1797)`
  - `java.util.concurrent.locks.AbstractQueuedSynchronizer$ConditionNode` retains 32 B (6.3%)
  - `java.util.concurrent.locks.AbstractQueuedSynchronizer$ConditionObject` retains 24 B (4.8%)
- `java.util.concurrent.LinkedBlockingQueue.poll (LinkedBlockingQueue.java:460)`
  - `java.util.concurrent.LinkedBlockingQueue` retains 144 B (28.6%)
  - `java.util.concurrent.TimeUnit` retains 80 B (15.9%)
  - `java.util.concurrent.atomic.AtomicInteger` retains 16 B (3.2%)
  - `java.util.concurrent.locks.ReentrantLock` retains 16 B (3.2%)
- `java.util.concurrent.ThreadPoolExecutor.getTask (ThreadPoolExecutor.java:1069)`
  - `java.util.concurrent.ThreadPoolExecutor` retains 4.6 KB (936.5%)
- `java.util.concurrent.ThreadPoolExecutor.runWorker (ThreadPoolExecutor.java:1130)`
  - `java.util.concurrent.ThreadPoolExecutor` retains 4.6 KB (936.5%)
  - `java.util.concurrent.ThreadPoolExecutor$Worker` retains 48 B (9.5%)
- `java.util.concurrent.ThreadPoolExecutor$Worker.run (ThreadPoolExecutor.java:642)`
  - `java.util.concurrent.ThreadPoolExecutor$Worker` retains 48 B (9.5%)
- `java.lang.Thread.runWith (Thread.java:1596)`
  - `java.lang.Class` retains 128 B (25.4%)
  - `java.util.concurrent.ThreadPoolExecutor$Worker` retains 48 B (9.5%)
- `java.lang.Thread.run (Thread.java:1583)`
  - `java.lang.Class` retains 128 B (25.4%)
  - `java.util.concurrent.ThreadPoolExecutor$Worker` retains 48 B (9.5%)

<a id="thread-75"></a>

### Thread 75 "block-manager-storage-async-thread-pool-6" (java/lang/Thread)

_Local roots: 14._

**Local root objects:**

| Object                                                                  | Shallow | Retained |
| ----------------------------------------------------------------------- | ------: | -------: |
| `java/util/concurrent/ThreadPoolExecutor`                               |    80 B |   4.6 KB |
| `java/util/concurrent/ThreadPoolExecutor`                               |    80 B |   4.6 KB |
| `java/util/concurrent/LinkedBlockingQueue`                              |    48 B |    144 B |
| `java/lang/Class`                                                       |    32 B |    128 B |
| `java/lang/Class`                                                       |    32 B |    128 B |
| `java/util/concurrent/TimeUnit`                                         |    80 B |     80 B |
| `java/util/concurrent/ThreadPoolExecutor$Worker`                        |    48 B |     48 B |
| `java/util/concurrent/ThreadPoolExecutor$Worker`                        |    48 B |     48 B |
| `java/util/concurrent/ThreadPoolExecutor$Worker`                        |    48 B |     48 B |
| `java/util/concurrent/ThreadPoolExecutor$Worker`                        |    48 B |     48 B |
| `java/util/concurrent/locks/AbstractQueuedSynchronizer$ConditionNode`   |    32 B |     32 B |
| `java/util/concurrent/locks/AbstractQueuedSynchronizer$ConditionObject` |    24 B |     24 B |
| `java/util/concurrent/atomic/AtomicInteger`                             |    16 B |     16 B |
| `java/util/concurrent/locks/ReentrantLock`                              |    16 B |     16 B |

- `java.util.concurrent.locks.AbstractQueuedSynchronizer$ConditionObject.awaitNanos (AbstractQueuedSynchronizer.java:1797)`
  - `java.util.concurrent.locks.AbstractQueuedSynchronizer$ConditionNode` retains 32 B (5.8%)
  - `java.util.concurrent.locks.AbstractQueuedSynchronizer$ConditionObject` retains 24 B (4.3%)
- `java.util.concurrent.LinkedBlockingQueue.poll (LinkedBlockingQueue.java:460)`
  - `java.util.concurrent.LinkedBlockingQueue` retains 144 B (26.1%)
  - `java.util.concurrent.TimeUnit` retains 80 B (14.5%)
  - `java.util.concurrent.atomic.AtomicInteger` retains 16 B (2.9%)
  - `java.util.concurrent.locks.ReentrantLock` retains 16 B (2.9%)
- `java.util.concurrent.ThreadPoolExecutor.getTask (ThreadPoolExecutor.java:1069)`
  - `java.util.concurrent.ThreadPoolExecutor` retains 4.6 KB (858.0%)
- `java.util.concurrent.ThreadPoolExecutor.runWorker (ThreadPoolExecutor.java:1130)`
  - `java.util.concurrent.ThreadPoolExecutor` retains 4.6 KB (858.0%)
  - `java.util.concurrent.ThreadPoolExecutor$Worker` retains 48 B (8.7%)
- `java.util.concurrent.ThreadPoolExecutor$Worker.run (ThreadPoolExecutor.java:642)`
  - `java.util.concurrent.ThreadPoolExecutor$Worker` retains 48 B (8.7%)
- `java.lang.Thread.runWith (Thread.java:1596)`
  - `java.lang.Class` retains 128 B (23.2%)
  - `java.util.concurrent.ThreadPoolExecutor$Worker` retains 48 B (8.7%)
- `java.lang.Thread.run (Thread.java:1583)`
  - `java.lang.Class` retains 128 B (23.2%)
  - `java.util.concurrent.ThreadPoolExecutor$Worker` retains 48 B (8.7%)

<a id="thread-76"></a>

### Thread 76 "block-manager-storage-async-thread-pool-7" (java/lang/Thread)

_Local roots: 14._

**Local root objects:**

| Object                                                                  | Shallow | Retained |
| ----------------------------------------------------------------------- | ------: | -------: |
| `java/util/concurrent/ThreadPoolExecutor`                               |    80 B |   4.6 KB |
| `java/util/concurrent/ThreadPoolExecutor`                               |    80 B |   4.6 KB |
| `java/util/concurrent/LinkedBlockingQueue`                              |    48 B |    144 B |
| `java/lang/Class`                                                       |    32 B |    128 B |
| `java/lang/Class`                                                       |    32 B |    128 B |
| `java/util/concurrent/TimeUnit`                                         |    80 B |     80 B |
| `java/util/concurrent/ThreadPoolExecutor$Worker`                        |    48 B |     48 B |
| `java/util/concurrent/ThreadPoolExecutor$Worker`                        |    48 B |     48 B |
| `java/util/concurrent/ThreadPoolExecutor$Worker`                        |    48 B |     48 B |
| `java/util/concurrent/ThreadPoolExecutor$Worker`                        |    48 B |     48 B |
| `java/util/concurrent/locks/AbstractQueuedSynchronizer$ConditionNode`   |    32 B |     32 B |
| `java/util/concurrent/locks/AbstractQueuedSynchronizer$ConditionObject` |    24 B |     24 B |
| `java/util/concurrent/atomic/AtomicInteger`                             |    16 B |     16 B |
| `java/util/concurrent/locks/ReentrantLock`                              |    16 B |     16 B |

- `java.util.concurrent.locks.AbstractQueuedSynchronizer$ConditionObject.awaitNanos (AbstractQueuedSynchronizer.java:1797)`
  - `java.util.concurrent.locks.AbstractQueuedSynchronizer$ConditionNode` retains 32 B (8.3%)
  - `java.util.concurrent.locks.AbstractQueuedSynchronizer$ConditionObject` retains 24 B (6.2%)
- `java.util.concurrent.LinkedBlockingQueue.poll (LinkedBlockingQueue.java:460)`
  - `java.util.concurrent.LinkedBlockingQueue` retains 144 B (37.5%)
  - `java.util.concurrent.TimeUnit` retains 80 B (20.8%)
  - `java.util.concurrent.atomic.AtomicInteger` retains 16 B (4.2%)
  - `java.util.concurrent.locks.ReentrantLock` retains 16 B (4.2%)
- `java.util.concurrent.ThreadPoolExecutor.getTask (ThreadPoolExecutor.java:1069)`
  - `java.util.concurrent.ThreadPoolExecutor` retains 4.6 KB (1233.3%)
- `java.util.concurrent.ThreadPoolExecutor.runWorker (ThreadPoolExecutor.java:1130)`
  - `java.util.concurrent.ThreadPoolExecutor` retains 4.6 KB (1233.3%)
  - `java.util.concurrent.ThreadPoolExecutor$Worker` retains 48 B (12.5%)
- `java.util.concurrent.ThreadPoolExecutor$Worker.run (ThreadPoolExecutor.java:642)`
  - `java.util.concurrent.ThreadPoolExecutor$Worker` retains 48 B (12.5%)
- `java.lang.Thread.runWith (Thread.java:1596)`
  - `java.lang.Class` retains 128 B (33.3%)
  - `java.util.concurrent.ThreadPoolExecutor$Worker` retains 48 B (12.5%)
- `java.lang.Thread.run (Thread.java:1583)`
  - `java.lang.Class` retains 128 B (33.3%)
  - `java.util.concurrent.ThreadPoolExecutor$Worker` retains 48 B (12.5%)

<a id="thread-77"></a>

### Thread 77 "block-manager-storage-async-thread-pool-8" (java/lang/Thread)

_Local roots: 13._

**Local root objects:**

| Object                                                                  | Shallow | Retained |
| ----------------------------------------------------------------------- | ------: | -------: |
| `java/util/concurrent/ThreadPoolExecutor`                               |    80 B |   4.6 KB |
| `java/util/concurrent/ThreadPoolExecutor`                               |    80 B |   4.6 KB |
| `java/util/concurrent/LinkedBlockingQueue`                              |    48 B |    144 B |
| `java/lang/Class`                                                       |    32 B |    128 B |
| `java/lang/Class`                                                       |    32 B |    128 B |
| `java/util/concurrent/ThreadPoolExecutor$Worker`                        |    48 B |     48 B |
| `java/util/concurrent/ThreadPoolExecutor$Worker`                        |    48 B |     48 B |
| `java/util/concurrent/ThreadPoolExecutor$Worker`                        |    48 B |     48 B |
| `java/util/concurrent/ThreadPoolExecutor$Worker`                        |    48 B |     48 B |
| `java/util/concurrent/locks/AbstractQueuedSynchronizer$ConditionNode`   |    32 B |     32 B |
| `java/util/concurrent/locks/AbstractQueuedSynchronizer$ConditionObject` |    24 B |     24 B |
| `java/util/concurrent/atomic/AtomicInteger`                             |    16 B |     16 B |
| `java/util/concurrent/locks/ReentrantLock`                              |    16 B |     16 B |

- `java.util.concurrent.locks.AbstractQueuedSynchronizer$ConditionObject.awaitNanos (AbstractQueuedSynchronizer.java:1797)`
  - `java.util.concurrent.locks.AbstractQueuedSynchronizer$ConditionNode` retains 32 B (5.8%)
  - `java.util.concurrent.locks.AbstractQueuedSynchronizer$ConditionObject` retains 24 B (4.3%)
- `java.util.concurrent.LinkedBlockingQueue.poll (LinkedBlockingQueue.java:460)`
  - `java.util.concurrent.LinkedBlockingQueue` retains 144 B (26.1%)
  - `java.util.concurrent.atomic.AtomicInteger` retains 16 B (2.9%)
  - `java.util.concurrent.locks.ReentrantLock` retains 16 B (2.9%)
- `java.util.concurrent.ThreadPoolExecutor.getTask (ThreadPoolExecutor.java:1069)`
  - `java.util.concurrent.ThreadPoolExecutor` retains 4.6 KB (858.0%)
- `java.util.concurrent.ThreadPoolExecutor.runWorker (ThreadPoolExecutor.java:1130)`
  - `java.util.concurrent.ThreadPoolExecutor` retains 4.6 KB (858.0%)
  - `java.util.concurrent.ThreadPoolExecutor$Worker` retains 48 B (8.7%)
- `java.util.concurrent.ThreadPoolExecutor$Worker.run (ThreadPoolExecutor.java:642)`
  - `java.util.concurrent.ThreadPoolExecutor$Worker` retains 48 B (8.7%)
- `java.lang.Thread.runWith (Thread.java:1596)`
  - `java.lang.Class` retains 128 B (23.2%)
  - `java.util.concurrent.ThreadPoolExecutor$Worker` retains 48 B (8.7%)
- `java.lang.Thread.run (Thread.java:1583)`
  - `java.lang.Class` retains 128 B (23.2%)
  - `java.util.concurrent.ThreadPoolExecutor$Worker` retains 48 B (8.7%)

<a id="thread-78"></a>

### Thread 78 "block-manager-ask-thread-pool-4" (java/lang/Thread)

_Local roots: 14._

**Local root objects:**

| Object                                                                  | Shallow | Retained |
| ----------------------------------------------------------------------- | ------: | -------: |
| `java/util/concurrent/ThreadPoolExecutor`                               |    80 B |   4.6 KB |
| `java/util/concurrent/ThreadPoolExecutor`                               |    80 B |   4.6 KB |
| `java/util/concurrent/LinkedBlockingQueue`                              |    48 B |    144 B |
| `java/lang/Class`                                                       |    32 B |    128 B |
| `java/lang/Class`                                                       |    32 B |    128 B |
| `java/util/concurrent/TimeUnit`                                         |    80 B |     80 B |
| `java/util/concurrent/ThreadPoolExecutor$Worker`                        |    48 B |     48 B |
| `java/util/concurrent/ThreadPoolExecutor$Worker`                        |    48 B |     48 B |
| `java/util/concurrent/ThreadPoolExecutor$Worker`                        |    48 B |     48 B |
| `java/util/concurrent/ThreadPoolExecutor$Worker`                        |    48 B |     48 B |
| `java/util/concurrent/locks/AbstractQueuedSynchronizer$ConditionNode`   |    32 B |     32 B |
| `java/util/concurrent/locks/AbstractQueuedSynchronizer$ConditionObject` |    24 B |     24 B |
| `java/util/concurrent/atomic/AtomicInteger`                             |    16 B |     16 B |
| `java/util/concurrent/locks/ReentrantLock`                              |    16 B |     16 B |

- `java.util.concurrent.locks.AbstractQueuedSynchronizer$ConditionObject.awaitNanos (AbstractQueuedSynchronizer.java:1797)`
  - `java.util.concurrent.locks.AbstractQueuedSynchronizer$ConditionNode` retains 32 B (6.3%)
  - `java.util.concurrent.locks.AbstractQueuedSynchronizer$ConditionObject` retains 24 B (4.8%)
- `java.util.concurrent.LinkedBlockingQueue.poll (LinkedBlockingQueue.java:460)`
  - `java.util.concurrent.LinkedBlockingQueue` retains 144 B (28.6%)
  - `java.util.concurrent.TimeUnit` retains 80 B (15.9%)
  - `java.util.concurrent.atomic.AtomicInteger` retains 16 B (3.2%)
  - `java.util.concurrent.locks.ReentrantLock` retains 16 B (3.2%)
- `java.util.concurrent.ThreadPoolExecutor.getTask (ThreadPoolExecutor.java:1069)`
  - `java.util.concurrent.ThreadPoolExecutor` retains 4.6 KB (936.5%)
- `java.util.concurrent.ThreadPoolExecutor.runWorker (ThreadPoolExecutor.java:1130)`
  - `java.util.concurrent.ThreadPoolExecutor` retains 4.6 KB (936.5%)
  - `java.util.concurrent.ThreadPoolExecutor$Worker` retains 48 B (9.5%)
- `java.util.concurrent.ThreadPoolExecutor$Worker.run (ThreadPoolExecutor.java:642)`
  - `java.util.concurrent.ThreadPoolExecutor$Worker` retains 48 B (9.5%)
- `java.lang.Thread.runWith (Thread.java:1596)`
  - `java.lang.Class` retains 128 B (25.4%)
  - `java.util.concurrent.ThreadPoolExecutor$Worker` retains 48 B (9.5%)
- `java.lang.Thread.run (Thread.java:1583)`
  - `java.lang.Class` retains 128 B (25.4%)
  - `java.util.concurrent.ThreadPoolExecutor$Worker` retains 48 B (9.5%)

<a id="thread-79"></a>

### Thread 79 "block-manager-ask-thread-pool-5" (java/lang/Thread)

_Local roots: 14._

**Local root objects:**

| Object                                                                  | Shallow | Retained |
| ----------------------------------------------------------------------- | ------: | -------: |
| `java/util/concurrent/ThreadPoolExecutor`                               |    80 B |   4.6 KB |
| `java/util/concurrent/ThreadPoolExecutor`                               |    80 B |   4.6 KB |
| `java/util/concurrent/LinkedBlockingQueue`                              |    48 B |    144 B |
| `java/lang/Class`                                                       |    32 B |    128 B |
| `java/lang/Class`                                                       |    32 B |    128 B |
| `java/util/concurrent/TimeUnit`                                         |    80 B |     80 B |
| `java/util/concurrent/ThreadPoolExecutor$Worker`                        |    48 B |     48 B |
| `java/util/concurrent/ThreadPoolExecutor$Worker`                        |    48 B |     48 B |
| `java/util/concurrent/ThreadPoolExecutor$Worker`                        |    48 B |     48 B |
| `java/util/concurrent/ThreadPoolExecutor$Worker`                        |    48 B |     48 B |
| `java/util/concurrent/locks/AbstractQueuedSynchronizer$ConditionNode`   |    32 B |     32 B |
| `java/util/concurrent/locks/AbstractQueuedSynchronizer$ConditionObject` |    24 B |     24 B |
| `java/util/concurrent/atomic/AtomicInteger`                             |    16 B |     16 B |
| `java/util/concurrent/locks/ReentrantLock`                              |    16 B |     16 B |

- `java.util.concurrent.locks.AbstractQueuedSynchronizer$ConditionObject.awaitNanos (AbstractQueuedSynchronizer.java:1797)`
  - `java.util.concurrent.locks.AbstractQueuedSynchronizer$ConditionNode` retains 32 B (6.3%)
  - `java.util.concurrent.locks.AbstractQueuedSynchronizer$ConditionObject` retains 24 B (4.8%)
- `java.util.concurrent.LinkedBlockingQueue.poll (LinkedBlockingQueue.java:460)`
  - `java.util.concurrent.LinkedBlockingQueue` retains 144 B (28.6%)
  - `java.util.concurrent.TimeUnit` retains 80 B (15.9%)
  - `java.util.concurrent.atomic.AtomicInteger` retains 16 B (3.2%)
  - `java.util.concurrent.locks.ReentrantLock` retains 16 B (3.2%)
- `java.util.concurrent.ThreadPoolExecutor.getTask (ThreadPoolExecutor.java:1069)`
  - `java.util.concurrent.ThreadPoolExecutor` retains 4.6 KB (936.5%)
- `java.util.concurrent.ThreadPoolExecutor.runWorker (ThreadPoolExecutor.java:1130)`
  - `java.util.concurrent.ThreadPoolExecutor` retains 4.6 KB (936.5%)
  - `java.util.concurrent.ThreadPoolExecutor$Worker` retains 48 B (9.5%)
- `java.util.concurrent.ThreadPoolExecutor$Worker.run (ThreadPoolExecutor.java:642)`
  - `java.util.concurrent.ThreadPoolExecutor$Worker` retains 48 B (9.5%)
- `java.lang.Thread.runWith (Thread.java:1596)`
  - `java.lang.Class` retains 128 B (25.4%)
  - `java.util.concurrent.ThreadPoolExecutor$Worker` retains 48 B (9.5%)
- `java.lang.Thread.run (Thread.java:1583)`
  - `java.lang.Class` retains 128 B (25.4%)
  - `java.util.concurrent.ThreadPoolExecutor$Worker` retains 48 B (9.5%)

<a id="thread-80"></a>

### Thread 80 "block-manager-storage-async-thread-pool-9" (java/lang/Thread)

_Local roots: 14._

**Local root objects:**

| Object                                                                  | Shallow | Retained |
| ----------------------------------------------------------------------- | ------: | -------: |
| `java/util/concurrent/ThreadPoolExecutor`                               |    80 B |   4.6 KB |
| `java/util/concurrent/ThreadPoolExecutor`                               |    80 B |   4.6 KB |
| `java/util/concurrent/LinkedBlockingQueue`                              |    48 B |    144 B |
| `java/lang/Class`                                                       |    32 B |    128 B |
| `java/lang/Class`                                                       |    32 B |    128 B |
| `java/util/concurrent/TimeUnit`                                         |    80 B |     80 B |
| `java/util/concurrent/ThreadPoolExecutor$Worker`                        |    48 B |     48 B |
| `java/util/concurrent/ThreadPoolExecutor$Worker`                        |    48 B |     48 B |
| `java/util/concurrent/ThreadPoolExecutor$Worker`                        |    48 B |     48 B |
| `java/util/concurrent/ThreadPoolExecutor$Worker`                        |    48 B |     48 B |
| `java/util/concurrent/locks/AbstractQueuedSynchronizer$ConditionNode`   |    32 B |     32 B |
| `java/util/concurrent/locks/AbstractQueuedSynchronizer$ConditionObject` |    24 B |     24 B |
| `java/util/concurrent/atomic/AtomicInteger`                             |    16 B |     16 B |
| `java/util/concurrent/locks/ReentrantLock`                              |    16 B |     16 B |

- `java.util.concurrent.locks.AbstractQueuedSynchronizer$ConditionObject.awaitNanos (AbstractQueuedSynchronizer.java:1797)`
  - `java.util.concurrent.locks.AbstractQueuedSynchronizer$ConditionNode` retains 32 B (5.8%)
  - `java.util.concurrent.locks.AbstractQueuedSynchronizer$ConditionObject` retains 24 B (4.3%)
- `java.util.concurrent.LinkedBlockingQueue.poll (LinkedBlockingQueue.java:460)`
  - `java.util.concurrent.LinkedBlockingQueue` retains 144 B (26.1%)
  - `java.util.concurrent.TimeUnit` retains 80 B (14.5%)
  - `java.util.concurrent.atomic.AtomicInteger` retains 16 B (2.9%)
  - `java.util.concurrent.locks.ReentrantLock` retains 16 B (2.9%)
- `java.util.concurrent.ThreadPoolExecutor.getTask (ThreadPoolExecutor.java:1069)`
  - `java.util.concurrent.ThreadPoolExecutor` retains 4.6 KB (858.0%)
- `java.util.concurrent.ThreadPoolExecutor.runWorker (ThreadPoolExecutor.java:1130)`
  - `java.util.concurrent.ThreadPoolExecutor` retains 4.6 KB (858.0%)
  - `java.util.concurrent.ThreadPoolExecutor$Worker` retains 48 B (8.7%)
- `java.util.concurrent.ThreadPoolExecutor$Worker.run (ThreadPoolExecutor.java:642)`
  - `java.util.concurrent.ThreadPoolExecutor$Worker` retains 48 B (8.7%)
- `java.lang.Thread.runWith (Thread.java:1596)`
  - `java.lang.Class` retains 128 B (23.2%)
  - `java.util.concurrent.ThreadPoolExecutor$Worker` retains 48 B (8.7%)
- `java.lang.Thread.run (Thread.java:1583)`
  - `java.lang.Class` retains 128 B (23.2%)
  - `java.util.concurrent.ThreadPoolExecutor$Worker` retains 48 B (8.7%)

<a id="thread-81"></a>

### Thread 81 "block-manager-storage-async-thread-pool-10" (java/lang/Thread)

_Local roots: 14._

**Local root objects:**

| Object                                                                  | Shallow | Retained |
| ----------------------------------------------------------------------- | ------: | -------: |
| `java/util/concurrent/ThreadPoolExecutor`                               |    80 B |   4.6 KB |
| `java/util/concurrent/ThreadPoolExecutor`                               |    80 B |   4.6 KB |
| `java/util/concurrent/LinkedBlockingQueue`                              |    48 B |    144 B |
| `java/lang/Class`                                                       |    32 B |    128 B |
| `java/lang/Class`                                                       |    32 B |    128 B |
| `java/util/concurrent/TimeUnit`                                         |    80 B |     80 B |
| `java/util/concurrent/ThreadPoolExecutor$Worker`                        |    48 B |     48 B |
| `java/util/concurrent/ThreadPoolExecutor$Worker`                        |    48 B |     48 B |
| `java/util/concurrent/ThreadPoolExecutor$Worker`                        |    48 B |     48 B |
| `java/util/concurrent/ThreadPoolExecutor$Worker`                        |    48 B |     48 B |
| `java/util/concurrent/locks/AbstractQueuedSynchronizer$ConditionNode`   |    32 B |     32 B |
| `java/util/concurrent/locks/AbstractQueuedSynchronizer$ConditionObject` |    24 B |     24 B |
| `java/util/concurrent/atomic/AtomicInteger`                             |    16 B |     16 B |
| `java/util/concurrent/locks/ReentrantLock`                              |    16 B |     16 B |

- `java.util.concurrent.locks.AbstractQueuedSynchronizer$ConditionObject.awaitNanos (AbstractQueuedSynchronizer.java:1797)`
  - `java.util.concurrent.locks.AbstractQueuedSynchronizer$ConditionNode` retains 32 B (8.3%)
  - `java.util.concurrent.locks.AbstractQueuedSynchronizer$ConditionObject` retains 24 B (6.2%)
- `java.util.concurrent.LinkedBlockingQueue.poll (LinkedBlockingQueue.java:460)`
  - `java.util.concurrent.LinkedBlockingQueue` retains 144 B (37.5%)
  - `java.util.concurrent.TimeUnit` retains 80 B (20.8%)
  - `java.util.concurrent.atomic.AtomicInteger` retains 16 B (4.2%)
  - `java.util.concurrent.locks.ReentrantLock` retains 16 B (4.2%)
- `java.util.concurrent.ThreadPoolExecutor.getTask (ThreadPoolExecutor.java:1069)`
  - `java.util.concurrent.ThreadPoolExecutor` retains 4.6 KB (1233.3%)
- `java.util.concurrent.ThreadPoolExecutor.runWorker (ThreadPoolExecutor.java:1130)`
  - `java.util.concurrent.ThreadPoolExecutor` retains 4.6 KB (1233.3%)
  - `java.util.concurrent.ThreadPoolExecutor$Worker` retains 48 B (12.5%)
- `java.util.concurrent.ThreadPoolExecutor$Worker.run (ThreadPoolExecutor.java:642)`
  - `java.util.concurrent.ThreadPoolExecutor$Worker` retains 48 B (12.5%)
- `java.lang.Thread.runWith (Thread.java:1596)`
  - `java.lang.Class` retains 128 B (33.3%)
  - `java.util.concurrent.ThreadPoolExecutor$Worker` retains 48 B (12.5%)
- `java.lang.Thread.run (Thread.java:1583)`
  - `java.lang.Class` retains 128 B (33.3%)
  - `java.util.concurrent.ThreadPoolExecutor$Worker` retains 48 B (12.5%)

<a id="thread-82"></a>

### Thread 82 "block-manager-storage-async-thread-pool-11" (java/lang/Thread)

_Local roots: 13._

**Local root objects:**

| Object                                                                  | Shallow | Retained |
| ----------------------------------------------------------------------- | ------: | -------: |
| `java/util/concurrent/ThreadPoolExecutor`                               |    80 B |   4.6 KB |
| `java/util/concurrent/ThreadPoolExecutor`                               |    80 B |   4.6 KB |
| `java/util/concurrent/LinkedBlockingQueue`                              |    48 B |    144 B |
| `java/lang/Class`                                                       |    32 B |    128 B |
| `java/lang/Class`                                                       |    32 B |    128 B |
| `java/util/concurrent/ThreadPoolExecutor$Worker`                        |    48 B |     48 B |
| `java/util/concurrent/ThreadPoolExecutor$Worker`                        |    48 B |     48 B |
| `java/util/concurrent/ThreadPoolExecutor$Worker`                        |    48 B |     48 B |
| `java/util/concurrent/ThreadPoolExecutor$Worker`                        |    48 B |     48 B |
| `java/util/concurrent/locks/AbstractQueuedSynchronizer$ConditionNode`   |    32 B |     32 B |
| `java/util/concurrent/locks/AbstractQueuedSynchronizer$ConditionObject` |    24 B |     24 B |
| `java/util/concurrent/atomic/AtomicInteger`                             |    16 B |     16 B |
| `java/util/concurrent/locks/ReentrantLock`                              |    16 B |     16 B |

- `java.util.concurrent.locks.AbstractQueuedSynchronizer$ConditionObject.awaitNanos (AbstractQueuedSynchronizer.java:1797)`
  - `java.util.concurrent.locks.AbstractQueuedSynchronizer$ConditionNode` retains 32 B (5.8%)
  - `java.util.concurrent.locks.AbstractQueuedSynchronizer$ConditionObject` retains 24 B (4.3%)
- `java.util.concurrent.LinkedBlockingQueue.poll (LinkedBlockingQueue.java:460)`
  - `java.util.concurrent.LinkedBlockingQueue` retains 144 B (26.1%)
  - `java.util.concurrent.atomic.AtomicInteger` retains 16 B (2.9%)
  - `java.util.concurrent.locks.ReentrantLock` retains 16 B (2.9%)
- `java.util.concurrent.ThreadPoolExecutor.getTask (ThreadPoolExecutor.java:1069)`
  - `java.util.concurrent.ThreadPoolExecutor` retains 4.6 KB (858.0%)
- `java.util.concurrent.ThreadPoolExecutor.runWorker (ThreadPoolExecutor.java:1130)`
  - `java.util.concurrent.ThreadPoolExecutor` retains 4.6 KB (858.0%)
  - `java.util.concurrent.ThreadPoolExecutor$Worker` retains 48 B (8.7%)
- `java.util.concurrent.ThreadPoolExecutor$Worker.run (ThreadPoolExecutor.java:642)`
  - `java.util.concurrent.ThreadPoolExecutor$Worker` retains 48 B (8.7%)
- `java.lang.Thread.runWith (Thread.java:1596)`
  - `java.lang.Class` retains 128 B (23.2%)
  - `java.util.concurrent.ThreadPoolExecutor$Worker` retains 48 B (8.7%)
- `java.lang.Thread.run (Thread.java:1583)`
  - `java.lang.Class` retains 128 B (23.2%)
  - `java.util.concurrent.ThreadPoolExecutor$Worker` retains 48 B (8.7%)

<a id="thread-83"></a>

### Thread 83 "block-manager-ask-thread-pool-6" (java/lang/Thread)

_Local roots: 14._

**Local root objects:**

| Object                                                                  | Shallow | Retained |
| ----------------------------------------------------------------------- | ------: | -------: |
| `java/util/concurrent/ThreadPoolExecutor`                               |    80 B |   4.6 KB |
| `java/util/concurrent/ThreadPoolExecutor`                               |    80 B |   4.6 KB |
| `java/util/concurrent/LinkedBlockingQueue`                              |    48 B |    144 B |
| `java/lang/Class`                                                       |    32 B |    128 B |
| `java/lang/Class`                                                       |    32 B |    128 B |
| `java/util/concurrent/TimeUnit`                                         |    80 B |     80 B |
| `java/util/concurrent/ThreadPoolExecutor$Worker`                        |    48 B |     48 B |
| `java/util/concurrent/ThreadPoolExecutor$Worker`                        |    48 B |     48 B |
| `java/util/concurrent/ThreadPoolExecutor$Worker`                        |    48 B |     48 B |
| `java/util/concurrent/ThreadPoolExecutor$Worker`                        |    48 B |     48 B |
| `java/util/concurrent/locks/AbstractQueuedSynchronizer$ConditionNode`   |    32 B |     32 B |
| `java/util/concurrent/locks/AbstractQueuedSynchronizer$ConditionObject` |    24 B |     24 B |
| `java/util/concurrent/atomic/AtomicInteger`                             |    16 B |     16 B |
| `java/util/concurrent/locks/ReentrantLock`                              |    16 B |     16 B |

- `java.util.concurrent.locks.AbstractQueuedSynchronizer$ConditionObject.awaitNanos (AbstractQueuedSynchronizer.java:1797)`
  - `java.util.concurrent.locks.AbstractQueuedSynchronizer$ConditionNode` retains 32 B (6.3%)
  - `java.util.concurrent.locks.AbstractQueuedSynchronizer$ConditionObject` retains 24 B (4.8%)
- `java.util.concurrent.LinkedBlockingQueue.poll (LinkedBlockingQueue.java:460)`
  - `java.util.concurrent.LinkedBlockingQueue` retains 144 B (28.6%)
  - `java.util.concurrent.TimeUnit` retains 80 B (15.9%)
  - `java.util.concurrent.atomic.AtomicInteger` retains 16 B (3.2%)
  - `java.util.concurrent.locks.ReentrantLock` retains 16 B (3.2%)
- `java.util.concurrent.ThreadPoolExecutor.getTask (ThreadPoolExecutor.java:1069)`
  - `java.util.concurrent.ThreadPoolExecutor` retains 4.6 KB (936.5%)
- `java.util.concurrent.ThreadPoolExecutor.runWorker (ThreadPoolExecutor.java:1130)`
  - `java.util.concurrent.ThreadPoolExecutor` retains 4.6 KB (936.5%)
  - `java.util.concurrent.ThreadPoolExecutor$Worker` retains 48 B (9.5%)
- `java.util.concurrent.ThreadPoolExecutor$Worker.run (ThreadPoolExecutor.java:642)`
  - `java.util.concurrent.ThreadPoolExecutor$Worker` retains 48 B (9.5%)
- `java.lang.Thread.runWith (Thread.java:1596)`
  - `java.lang.Class` retains 128 B (25.4%)
  - `java.util.concurrent.ThreadPoolExecutor$Worker` retains 48 B (9.5%)
- `java.lang.Thread.run (Thread.java:1583)`
  - `java.lang.Class` retains 128 B (25.4%)
  - `java.util.concurrent.ThreadPoolExecutor$Worker` retains 48 B (9.5%)

<a id="thread-84"></a>

### Thread 84 "block-manager-ask-thread-pool-7" (java/lang/Thread)

_Local roots: 14._

**Local root objects:**

| Object                                                                  | Shallow | Retained |
| ----------------------------------------------------------------------- | ------: | -------: |
| `java/util/concurrent/ThreadPoolExecutor`                               |    80 B |   4.6 KB |
| `java/util/concurrent/ThreadPoolExecutor`                               |    80 B |   4.6 KB |
| `java/util/concurrent/LinkedBlockingQueue`                              |    48 B |    144 B |
| `java/lang/Class`                                                       |    32 B |    128 B |
| `java/lang/Class`                                                       |    32 B |    128 B |
| `java/util/concurrent/TimeUnit`                                         |    80 B |     80 B |
| `java/util/concurrent/ThreadPoolExecutor$Worker`                        |    48 B |     48 B |
| `java/util/concurrent/ThreadPoolExecutor$Worker`                        |    48 B |     48 B |
| `java/util/concurrent/ThreadPoolExecutor$Worker`                        |    48 B |     48 B |
| `java/util/concurrent/ThreadPoolExecutor$Worker`                        |    48 B |     48 B |
| `java/util/concurrent/locks/AbstractQueuedSynchronizer$ConditionNode`   |    32 B |     32 B |
| `java/util/concurrent/locks/AbstractQueuedSynchronizer$ConditionObject` |    24 B |     24 B |
| `java/util/concurrent/atomic/AtomicInteger`                             |    16 B |     16 B |
| `java/util/concurrent/locks/ReentrantLock`                              |    16 B |     16 B |

- `java.util.concurrent.locks.AbstractQueuedSynchronizer$ConditionObject.awaitNanos (AbstractQueuedSynchronizer.java:1797)`
  - `java.util.concurrent.locks.AbstractQueuedSynchronizer$ConditionNode` retains 32 B (6.3%)
  - `java.util.concurrent.locks.AbstractQueuedSynchronizer$ConditionObject` retains 24 B (4.8%)
- `java.util.concurrent.LinkedBlockingQueue.poll (LinkedBlockingQueue.java:460)`
  - `java.util.concurrent.LinkedBlockingQueue` retains 144 B (28.6%)
  - `java.util.concurrent.TimeUnit` retains 80 B (15.9%)
  - `java.util.concurrent.atomic.AtomicInteger` retains 16 B (3.2%)
  - `java.util.concurrent.locks.ReentrantLock` retains 16 B (3.2%)
- `java.util.concurrent.ThreadPoolExecutor.getTask (ThreadPoolExecutor.java:1069)`
  - `java.util.concurrent.ThreadPoolExecutor` retains 4.6 KB (936.5%)
- `java.util.concurrent.ThreadPoolExecutor.runWorker (ThreadPoolExecutor.java:1130)`
  - `java.util.concurrent.ThreadPoolExecutor` retains 4.6 KB (936.5%)
  - `java.util.concurrent.ThreadPoolExecutor$Worker` retains 48 B (9.5%)
- `java.util.concurrent.ThreadPoolExecutor$Worker.run (ThreadPoolExecutor.java:642)`
  - `java.util.concurrent.ThreadPoolExecutor$Worker` retains 48 B (9.5%)
- `java.lang.Thread.runWith (Thread.java:1596)`
  - `java.lang.Class` retains 128 B (25.4%)
  - `java.util.concurrent.ThreadPoolExecutor$Worker` retains 48 B (9.5%)
- `java.lang.Thread.run (Thread.java:1583)`
  - `java.lang.Class` retains 128 B (25.4%)
  - `java.util.concurrent.ThreadPoolExecutor$Worker` retains 48 B (9.5%)

<a id="thread-85"></a>

### Thread 85 "block-manager-storage-async-thread-pool-12" (java/lang/Thread)

_Local roots: 14._

**Local root objects:**

| Object                                                                  | Shallow | Retained |
| ----------------------------------------------------------------------- | ------: | -------: |
| `java/util/concurrent/ThreadPoolExecutor`                               |    80 B |   4.6 KB |
| `java/util/concurrent/ThreadPoolExecutor`                               |    80 B |   4.6 KB |
| `java/util/concurrent/LinkedBlockingQueue`                              |    48 B |    144 B |
| `java/lang/Class`                                                       |    32 B |    128 B |
| `java/lang/Class`                                                       |    32 B |    128 B |
| `java/util/concurrent/TimeUnit`                                         |    80 B |     80 B |
| `java/util/concurrent/ThreadPoolExecutor$Worker`                        |    48 B |     48 B |
| `java/util/concurrent/ThreadPoolExecutor$Worker`                        |    48 B |     48 B |
| `java/util/concurrent/ThreadPoolExecutor$Worker`                        |    48 B |     48 B |
| `java/util/concurrent/ThreadPoolExecutor$Worker`                        |    48 B |     48 B |
| `java/util/concurrent/locks/AbstractQueuedSynchronizer$ConditionNode`   |    32 B |     32 B |
| `java/util/concurrent/locks/AbstractQueuedSynchronizer$ConditionObject` |    24 B |     24 B |
| `java/util/concurrent/atomic/AtomicInteger`                             |    16 B |     16 B |
| `java/util/concurrent/locks/ReentrantLock`                              |    16 B |     16 B |

- `java.util.concurrent.locks.AbstractQueuedSynchronizer$ConditionObject.awaitNanos (AbstractQueuedSynchronizer.java:1797)`
  - `java.util.concurrent.locks.AbstractQueuedSynchronizer$ConditionNode` retains 32 B (5.8%)
  - `java.util.concurrent.locks.AbstractQueuedSynchronizer$ConditionObject` retains 24 B (4.3%)
- `java.util.concurrent.LinkedBlockingQueue.poll (LinkedBlockingQueue.java:460)`
  - `java.util.concurrent.LinkedBlockingQueue` retains 144 B (26.1%)
  - `java.util.concurrent.TimeUnit` retains 80 B (14.5%)
  - `java.util.concurrent.atomic.AtomicInteger` retains 16 B (2.9%)
  - `java.util.concurrent.locks.ReentrantLock` retains 16 B (2.9%)
- `java.util.concurrent.ThreadPoolExecutor.getTask (ThreadPoolExecutor.java:1069)`
  - `java.util.concurrent.ThreadPoolExecutor` retains 4.6 KB (858.0%)
- `java.util.concurrent.ThreadPoolExecutor.runWorker (ThreadPoolExecutor.java:1130)`
  - `java.util.concurrent.ThreadPoolExecutor` retains 4.6 KB (858.0%)
  - `java.util.concurrent.ThreadPoolExecutor$Worker` retains 48 B (8.7%)
- `java.util.concurrent.ThreadPoolExecutor$Worker.run (ThreadPoolExecutor.java:642)`
  - `java.util.concurrent.ThreadPoolExecutor$Worker` retains 48 B (8.7%)
- `java.lang.Thread.runWith (Thread.java:1596)`
  - `java.lang.Class` retains 128 B (23.2%)
  - `java.util.concurrent.ThreadPoolExecutor$Worker` retains 48 B (8.7%)
- `java.lang.Thread.run (Thread.java:1583)`
  - `java.lang.Class` retains 128 B (23.2%)
  - `java.util.concurrent.ThreadPoolExecutor$Worker` retains 48 B (8.7%)

<a id="thread-86"></a>

### Thread 86 "block-manager-storage-async-thread-pool-13" (java/lang/Thread)

_Local roots: 14._

**Local root objects:**

| Object                                                                  | Shallow | Retained |
| ----------------------------------------------------------------------- | ------: | -------: |
| `java/util/concurrent/ThreadPoolExecutor`                               |    80 B |   4.6 KB |
| `java/util/concurrent/ThreadPoolExecutor`                               |    80 B |   4.6 KB |
| `java/util/concurrent/LinkedBlockingQueue`                              |    48 B |    144 B |
| `java/lang/Class`                                                       |    32 B |    128 B |
| `java/lang/Class`                                                       |    32 B |    128 B |
| `java/util/concurrent/TimeUnit`                                         |    80 B |     80 B |
| `java/util/concurrent/ThreadPoolExecutor$Worker`                        |    48 B |     48 B |
| `java/util/concurrent/ThreadPoolExecutor$Worker`                        |    48 B |     48 B |
| `java/util/concurrent/ThreadPoolExecutor$Worker`                        |    48 B |     48 B |
| `java/util/concurrent/ThreadPoolExecutor$Worker`                        |    48 B |     48 B |
| `java/util/concurrent/locks/AbstractQueuedSynchronizer$ConditionNode`   |    32 B |     32 B |
| `java/util/concurrent/locks/AbstractQueuedSynchronizer$ConditionObject` |    24 B |     24 B |
| `java/util/concurrent/atomic/AtomicInteger`                             |    16 B |     16 B |
| `java/util/concurrent/locks/ReentrantLock`                              |    16 B |     16 B |

- `java.util.concurrent.locks.AbstractQueuedSynchronizer$ConditionObject.awaitNanos (AbstractQueuedSynchronizer.java:1797)`
  - `java.util.concurrent.locks.AbstractQueuedSynchronizer$ConditionNode` retains 32 B (8.3%)
  - `java.util.concurrent.locks.AbstractQueuedSynchronizer$ConditionObject` retains 24 B (6.2%)
- `java.util.concurrent.LinkedBlockingQueue.poll (LinkedBlockingQueue.java:460)`
  - `java.util.concurrent.LinkedBlockingQueue` retains 144 B (37.5%)
  - `java.util.concurrent.TimeUnit` retains 80 B (20.8%)
  - `java.util.concurrent.atomic.AtomicInteger` retains 16 B (4.2%)
  - `java.util.concurrent.locks.ReentrantLock` retains 16 B (4.2%)
- `java.util.concurrent.ThreadPoolExecutor.getTask (ThreadPoolExecutor.java:1069)`
  - `java.util.concurrent.ThreadPoolExecutor` retains 4.6 KB (1233.3%)
- `java.util.concurrent.ThreadPoolExecutor.runWorker (ThreadPoolExecutor.java:1130)`
  - `java.util.concurrent.ThreadPoolExecutor` retains 4.6 KB (1233.3%)
  - `java.util.concurrent.ThreadPoolExecutor$Worker` retains 48 B (12.5%)
- `java.util.concurrent.ThreadPoolExecutor$Worker.run (ThreadPoolExecutor.java:642)`
  - `java.util.concurrent.ThreadPoolExecutor$Worker` retains 48 B (12.5%)
- `java.lang.Thread.runWith (Thread.java:1596)`
  - `java.lang.Class` retains 128 B (33.3%)
  - `java.util.concurrent.ThreadPoolExecutor$Worker` retains 48 B (12.5%)
- `java.lang.Thread.run (Thread.java:1583)`
  - `java.lang.Class` retains 128 B (33.3%)
  - `java.util.concurrent.ThreadPoolExecutor$Worker` retains 48 B (12.5%)

<a id="thread-87"></a>

### Thread 87 "block-manager-storage-async-thread-pool-14" (java/lang/Thread)

_Local roots: 13._

**Local root objects:**

| Object                                                                  | Shallow | Retained |
| ----------------------------------------------------------------------- | ------: | -------: |
| `java/util/concurrent/ThreadPoolExecutor`                               |    80 B |   4.6 KB |
| `java/util/concurrent/ThreadPoolExecutor`                               |    80 B |   4.6 KB |
| `java/util/concurrent/LinkedBlockingQueue`                              |    48 B |    144 B |
| `java/lang/Class`                                                       |    32 B |    128 B |
| `java/lang/Class`                                                       |    32 B |    128 B |
| `java/util/concurrent/ThreadPoolExecutor$Worker`                        |    48 B |     48 B |
| `java/util/concurrent/ThreadPoolExecutor$Worker`                        |    48 B |     48 B |
| `java/util/concurrent/ThreadPoolExecutor$Worker`                        |    48 B |     48 B |
| `java/util/concurrent/ThreadPoolExecutor$Worker`                        |    48 B |     48 B |
| `java/util/concurrent/locks/AbstractQueuedSynchronizer$ConditionNode`   |    32 B |     32 B |
| `java/util/concurrent/locks/AbstractQueuedSynchronizer$ConditionObject` |    24 B |     24 B |
| `java/util/concurrent/atomic/AtomicInteger`                             |    16 B |     16 B |
| `java/util/concurrent/locks/ReentrantLock`                              |    16 B |     16 B |

- `java.util.concurrent.locks.AbstractQueuedSynchronizer$ConditionObject.awaitNanos (AbstractQueuedSynchronizer.java:1797)`
  - `java.util.concurrent.locks.AbstractQueuedSynchronizer$ConditionNode` retains 32 B (5.8%)
  - `java.util.concurrent.locks.AbstractQueuedSynchronizer$ConditionObject` retains 24 B (4.3%)
- `java.util.concurrent.LinkedBlockingQueue.poll (LinkedBlockingQueue.java:460)`
  - `java.util.concurrent.LinkedBlockingQueue` retains 144 B (26.1%)
  - `java.util.concurrent.atomic.AtomicInteger` retains 16 B (2.9%)
  - `java.util.concurrent.locks.ReentrantLock` retains 16 B (2.9%)
- `java.util.concurrent.ThreadPoolExecutor.getTask (ThreadPoolExecutor.java:1069)`
  - `java.util.concurrent.ThreadPoolExecutor` retains 4.6 KB (858.0%)
- `java.util.concurrent.ThreadPoolExecutor.runWorker (ThreadPoolExecutor.java:1130)`
  - `java.util.concurrent.ThreadPoolExecutor` retains 4.6 KB (858.0%)
  - `java.util.concurrent.ThreadPoolExecutor$Worker` retains 48 B (8.7%)
- `java.util.concurrent.ThreadPoolExecutor$Worker.run (ThreadPoolExecutor.java:642)`
  - `java.util.concurrent.ThreadPoolExecutor$Worker` retains 48 B (8.7%)
- `java.lang.Thread.runWith (Thread.java:1596)`
  - `java.lang.Class` retains 128 B (23.2%)
  - `java.util.concurrent.ThreadPoolExecutor$Worker` retains 48 B (8.7%)
- `java.lang.Thread.run (Thread.java:1583)`
  - `java.lang.Class` retains 128 B (23.2%)
  - `java.util.concurrent.ThreadPoolExecutor$Worker` retains 48 B (8.7%)

<a id="thread-88"></a>

### Thread 88 "block-manager-ask-thread-pool-8" (java/lang/Thread)

_Local roots: 13._

**Local root objects:**

| Object                                                                  | Shallow | Retained |
| ----------------------------------------------------------------------- | ------: | -------: |
| `java/util/concurrent/ThreadPoolExecutor`                               |    80 B |   4.6 KB |
| `java/util/concurrent/ThreadPoolExecutor`                               |    80 B |   4.6 KB |
| `java/util/concurrent/LinkedBlockingQueue`                              |    48 B |    144 B |
| `java/lang/Class`                                                       |    32 B |    128 B |
| `java/lang/Class`                                                       |    32 B |    128 B |
| `java/util/concurrent/ThreadPoolExecutor$Worker`                        |    48 B |     48 B |
| `java/util/concurrent/ThreadPoolExecutor$Worker`                        |    48 B |     48 B |
| `java/util/concurrent/ThreadPoolExecutor$Worker`                        |    48 B |     48 B |
| `java/util/concurrent/ThreadPoolExecutor$Worker`                        |    48 B |     48 B |
| `java/util/concurrent/locks/AbstractQueuedSynchronizer$ConditionNode`   |    32 B |     32 B |
| `java/util/concurrent/locks/AbstractQueuedSynchronizer$ConditionObject` |    24 B |     24 B |
| `java/util/concurrent/atomic/AtomicInteger`                             |    16 B |     16 B |
| `java/util/concurrent/locks/ReentrantLock`                              |    16 B |     16 B |

- `java.util.concurrent.locks.AbstractQueuedSynchronizer$ConditionObject.awaitNanos (AbstractQueuedSynchronizer.java:1797)`
  - `java.util.concurrent.locks.AbstractQueuedSynchronizer$ConditionNode` retains 32 B (6.3%)
  - `java.util.concurrent.locks.AbstractQueuedSynchronizer$ConditionObject` retains 24 B (4.8%)
- `java.util.concurrent.LinkedBlockingQueue.poll (LinkedBlockingQueue.java:460)`
  - `java.util.concurrent.LinkedBlockingQueue` retains 144 B (28.6%)
  - `java.util.concurrent.atomic.AtomicInteger` retains 16 B (3.2%)
  - `java.util.concurrent.locks.ReentrantLock` retains 16 B (3.2%)
- `java.util.concurrent.ThreadPoolExecutor.getTask (ThreadPoolExecutor.java:1069)`
  - `java.util.concurrent.ThreadPoolExecutor` retains 4.6 KB (936.5%)
- `java.util.concurrent.ThreadPoolExecutor.runWorker (ThreadPoolExecutor.java:1130)`
  - `java.util.concurrent.ThreadPoolExecutor` retains 4.6 KB (936.5%)
  - `java.util.concurrent.ThreadPoolExecutor$Worker` retains 48 B (9.5%)
- `java.util.concurrent.ThreadPoolExecutor$Worker.run (ThreadPoolExecutor.java:642)`
  - `java.util.concurrent.ThreadPoolExecutor$Worker` retains 48 B (9.5%)
- `java.lang.Thread.runWith (Thread.java:1596)`
  - `java.lang.Class` retains 128 B (25.4%)
  - `java.util.concurrent.ThreadPoolExecutor$Worker` retains 48 B (9.5%)
- `java.lang.Thread.run (Thread.java:1583)`
  - `java.lang.Class` retains 128 B (25.4%)
  - `java.util.concurrent.ThreadPoolExecutor$Worker` retains 48 B (9.5%)

<a id="thread-89"></a>

### Thread 89 "block-manager-ask-thread-pool-9" (java/lang/Thread)

_Local roots: 14._

**Local root objects:**

| Object                                                                  | Shallow | Retained |
| ----------------------------------------------------------------------- | ------: | -------: |
| `java/util/concurrent/ThreadPoolExecutor`                               |    80 B |   4.6 KB |
| `java/util/concurrent/ThreadPoolExecutor`                               |    80 B |   4.6 KB |
| `java/util/concurrent/LinkedBlockingQueue`                              |    48 B |    144 B |
| `java/lang/Class`                                                       |    32 B |    128 B |
| `java/lang/Class`                                                       |    32 B |    128 B |
| `java/util/concurrent/TimeUnit`                                         |    80 B |     80 B |
| `java/util/concurrent/ThreadPoolExecutor$Worker`                        |    48 B |     48 B |
| `java/util/concurrent/ThreadPoolExecutor$Worker`                        |    48 B |     48 B |
| `java/util/concurrent/ThreadPoolExecutor$Worker`                        |    48 B |     48 B |
| `java/util/concurrent/ThreadPoolExecutor$Worker`                        |    48 B |     48 B |
| `java/util/concurrent/locks/AbstractQueuedSynchronizer$ConditionNode`   |    32 B |     32 B |
| `java/util/concurrent/locks/AbstractQueuedSynchronizer$ConditionObject` |    24 B |     24 B |
| `java/util/concurrent/atomic/AtomicInteger`                             |    16 B |     16 B |
| `java/util/concurrent/locks/ReentrantLock`                              |    16 B |     16 B |

- `java.util.concurrent.locks.AbstractQueuedSynchronizer$ConditionObject.awaitNanos (AbstractQueuedSynchronizer.java:1797)`
  - `java.util.concurrent.locks.AbstractQueuedSynchronizer$ConditionNode` retains 32 B (6.3%)
  - `java.util.concurrent.locks.AbstractQueuedSynchronizer$ConditionObject` retains 24 B (4.8%)
- `java.util.concurrent.LinkedBlockingQueue.poll (LinkedBlockingQueue.java:460)`
  - `java.util.concurrent.LinkedBlockingQueue` retains 144 B (28.6%)
  - `java.util.concurrent.TimeUnit` retains 80 B (15.9%)
  - `java.util.concurrent.atomic.AtomicInteger` retains 16 B (3.2%)
  - `java.util.concurrent.locks.ReentrantLock` retains 16 B (3.2%)
- `java.util.concurrent.ThreadPoolExecutor.getTask (ThreadPoolExecutor.java:1069)`
  - `java.util.concurrent.ThreadPoolExecutor` retains 4.6 KB (936.5%)
- `java.util.concurrent.ThreadPoolExecutor.runWorker (ThreadPoolExecutor.java:1130)`
  - `java.util.concurrent.ThreadPoolExecutor` retains 4.6 KB (936.5%)
  - `java.util.concurrent.ThreadPoolExecutor$Worker` retains 48 B (9.5%)
- `java.util.concurrent.ThreadPoolExecutor$Worker.run (ThreadPoolExecutor.java:642)`
  - `java.util.concurrent.ThreadPoolExecutor$Worker` retains 48 B (9.5%)
- `java.lang.Thread.runWith (Thread.java:1596)`
  - `java.lang.Class` retains 128 B (25.4%)
  - `java.util.concurrent.ThreadPoolExecutor$Worker` retains 48 B (9.5%)
- `java.lang.Thread.run (Thread.java:1583)`
  - `java.lang.Class` retains 128 B (25.4%)
  - `java.util.concurrent.ThreadPoolExecutor$Worker` retains 48 B (9.5%)

<a id="thread-90"></a>

### Thread 90 "block-manager-storage-async-thread-pool-15" (java/lang/Thread)

_Local roots: 14._

**Local root objects:**

| Object                                                                  | Shallow | Retained |
| ----------------------------------------------------------------------- | ------: | -------: |
| `java/util/concurrent/ThreadPoolExecutor`                               |    80 B |   4.6 KB |
| `java/util/concurrent/ThreadPoolExecutor`                               |    80 B |   4.6 KB |
| `java/util/concurrent/LinkedBlockingQueue`                              |    48 B |    144 B |
| `java/lang/Class`                                                       |    32 B |    128 B |
| `java/lang/Class`                                                       |    32 B |    128 B |
| `java/util/concurrent/TimeUnit`                                         |    80 B |     80 B |
| `java/util/concurrent/ThreadPoolExecutor$Worker`                        |    48 B |     48 B |
| `java/util/concurrent/ThreadPoolExecutor$Worker`                        |    48 B |     48 B |
| `java/util/concurrent/ThreadPoolExecutor$Worker`                        |    48 B |     48 B |
| `java/util/concurrent/ThreadPoolExecutor$Worker`                        |    48 B |     48 B |
| `java/util/concurrent/locks/AbstractQueuedSynchronizer$ConditionNode`   |    32 B |     32 B |
| `java/util/concurrent/locks/AbstractQueuedSynchronizer$ConditionObject` |    24 B |     24 B |
| `java/util/concurrent/atomic/AtomicInteger`                             |    16 B |     16 B |
| `java/util/concurrent/locks/ReentrantLock`                              |    16 B |     16 B |

- `java.util.concurrent.locks.AbstractQueuedSynchronizer$ConditionObject.awaitNanos (AbstractQueuedSynchronizer.java:1797)`
  - `java.util.concurrent.locks.AbstractQueuedSynchronizer$ConditionNode` retains 32 B (5.8%)
  - `java.util.concurrent.locks.AbstractQueuedSynchronizer$ConditionObject` retains 24 B (4.3%)
- `java.util.concurrent.LinkedBlockingQueue.poll (LinkedBlockingQueue.java:460)`
  - `java.util.concurrent.LinkedBlockingQueue` retains 144 B (26.1%)
  - `java.util.concurrent.TimeUnit` retains 80 B (14.5%)
  - `java.util.concurrent.atomic.AtomicInteger` retains 16 B (2.9%)
  - `java.util.concurrent.locks.ReentrantLock` retains 16 B (2.9%)
- `java.util.concurrent.ThreadPoolExecutor.getTask (ThreadPoolExecutor.java:1069)`
  - `java.util.concurrent.ThreadPoolExecutor` retains 4.6 KB (858.0%)
- `java.util.concurrent.ThreadPoolExecutor.runWorker (ThreadPoolExecutor.java:1130)`
  - `java.util.concurrent.ThreadPoolExecutor` retains 4.6 KB (858.0%)
  - `java.util.concurrent.ThreadPoolExecutor$Worker` retains 48 B (8.7%)
- `java.util.concurrent.ThreadPoolExecutor$Worker.run (ThreadPoolExecutor.java:642)`
  - `java.util.concurrent.ThreadPoolExecutor$Worker` retains 48 B (8.7%)
- `java.lang.Thread.runWith (Thread.java:1596)`
  - `java.lang.Class` retains 128 B (23.2%)
  - `java.util.concurrent.ThreadPoolExecutor$Worker` retains 48 B (8.7%)
- `java.lang.Thread.run (Thread.java:1583)`
  - `java.lang.Class` retains 128 B (23.2%)
  - `java.util.concurrent.ThreadPoolExecutor$Worker` retains 48 B (8.7%)

<a id="thread-91"></a>

### Thread 91 "block-manager-storage-async-thread-pool-16" (java/lang/Thread)

_Local roots: 14._

**Local root objects:**

| Object                                                                  | Shallow | Retained |
| ----------------------------------------------------------------------- | ------: | -------: |
| `java/util/concurrent/ThreadPoolExecutor`                               |    80 B |   4.6 KB |
| `java/util/concurrent/ThreadPoolExecutor`                               |    80 B |   4.6 KB |
| `java/util/concurrent/LinkedBlockingQueue`                              |    48 B |    144 B |
| `java/lang/Class`                                                       |    32 B |    128 B |
| `java/lang/Class`                                                       |    32 B |    128 B |
| `java/util/concurrent/TimeUnit`                                         |    80 B |     80 B |
| `java/util/concurrent/ThreadPoolExecutor$Worker`                        |    48 B |     48 B |
| `java/util/concurrent/ThreadPoolExecutor$Worker`                        |    48 B |     48 B |
| `java/util/concurrent/ThreadPoolExecutor$Worker`                        |    48 B |     48 B |
| `java/util/concurrent/ThreadPoolExecutor$Worker`                        |    48 B |     48 B |
| `java/util/concurrent/locks/AbstractQueuedSynchronizer$ConditionNode`   |    32 B |     32 B |
| `java/util/concurrent/locks/AbstractQueuedSynchronizer$ConditionObject` |    24 B |     24 B |
| `java/util/concurrent/atomic/AtomicInteger`                             |    16 B |     16 B |
| `java/util/concurrent/locks/ReentrantLock`                              |    16 B |     16 B |

- `java.util.concurrent.locks.AbstractQueuedSynchronizer$ConditionObject.awaitNanos (AbstractQueuedSynchronizer.java:1797)`
  - `java.util.concurrent.locks.AbstractQueuedSynchronizer$ConditionNode` retains 32 B (8.3%)
  - `java.util.concurrent.locks.AbstractQueuedSynchronizer$ConditionObject` retains 24 B (6.2%)
- `java.util.concurrent.LinkedBlockingQueue.poll (LinkedBlockingQueue.java:460)`
  - `java.util.concurrent.LinkedBlockingQueue` retains 144 B (37.5%)
  - `java.util.concurrent.TimeUnit` retains 80 B (20.8%)
  - `java.util.concurrent.atomic.AtomicInteger` retains 16 B (4.2%)
  - `java.util.concurrent.locks.ReentrantLock` retains 16 B (4.2%)
- `java.util.concurrent.ThreadPoolExecutor.getTask (ThreadPoolExecutor.java:1069)`
  - `java.util.concurrent.ThreadPoolExecutor` retains 4.6 KB (1233.3%)
- `java.util.concurrent.ThreadPoolExecutor.runWorker (ThreadPoolExecutor.java:1130)`
  - `java.util.concurrent.ThreadPoolExecutor` retains 4.6 KB (1233.3%)
  - `java.util.concurrent.ThreadPoolExecutor$Worker` retains 48 B (12.5%)
- `java.util.concurrent.ThreadPoolExecutor$Worker.run (ThreadPoolExecutor.java:642)`
  - `java.util.concurrent.ThreadPoolExecutor$Worker` retains 48 B (12.5%)
- `java.lang.Thread.runWith (Thread.java:1596)`
  - `java.lang.Class` retains 128 B (33.3%)
  - `java.util.concurrent.ThreadPoolExecutor$Worker` retains 48 B (12.5%)
- `java.lang.Thread.run (Thread.java:1583)`
  - `java.lang.Class` retains 128 B (33.3%)
  - `java.util.concurrent.ThreadPoolExecutor$Worker` retains 48 B (12.5%)

<a id="thread-92"></a>

### Thread 92 "block-manager-storage-async-thread-pool-17" (java/lang/Thread)

_Local roots: 13._

**Local root objects:**

| Object                                                                  | Shallow | Retained |
| ----------------------------------------------------------------------- | ------: | -------: |
| `java/util/concurrent/ThreadPoolExecutor`                               |    80 B |   4.6 KB |
| `java/util/concurrent/ThreadPoolExecutor`                               |    80 B |   4.6 KB |
| `java/util/concurrent/LinkedBlockingQueue`                              |    48 B |    144 B |
| `java/lang/Class`                                                       |    32 B |    128 B |
| `java/lang/Class`                                                       |    32 B |    128 B |
| `java/util/concurrent/ThreadPoolExecutor$Worker`                        |    48 B |     48 B |
| `java/util/concurrent/ThreadPoolExecutor$Worker`                        |    48 B |     48 B |
| `java/util/concurrent/ThreadPoolExecutor$Worker`                        |    48 B |     48 B |
| `java/util/concurrent/ThreadPoolExecutor$Worker`                        |    48 B |     48 B |
| `java/util/concurrent/locks/AbstractQueuedSynchronizer$ConditionNode`   |    32 B |     32 B |
| `java/util/concurrent/locks/AbstractQueuedSynchronizer$ConditionObject` |    24 B |     24 B |
| `java/util/concurrent/atomic/AtomicInteger`                             |    16 B |     16 B |
| `java/util/concurrent/locks/ReentrantLock`                              |    16 B |     16 B |

- `java.util.concurrent.locks.AbstractQueuedSynchronizer$ConditionObject.awaitNanos (AbstractQueuedSynchronizer.java:1797)`
  - `java.util.concurrent.locks.AbstractQueuedSynchronizer$ConditionNode` retains 32 B (5.8%)
  - `java.util.concurrent.locks.AbstractQueuedSynchronizer$ConditionObject` retains 24 B (4.3%)
- `java.util.concurrent.LinkedBlockingQueue.poll (LinkedBlockingQueue.java:460)`
  - `java.util.concurrent.LinkedBlockingQueue` retains 144 B (26.1%)
  - `java.util.concurrent.atomic.AtomicInteger` retains 16 B (2.9%)
  - `java.util.concurrent.locks.ReentrantLock` retains 16 B (2.9%)
- `java.util.concurrent.ThreadPoolExecutor.getTask (ThreadPoolExecutor.java:1069)`
  - `java.util.concurrent.ThreadPoolExecutor` retains 4.6 KB (858.0%)
- `java.util.concurrent.ThreadPoolExecutor.runWorker (ThreadPoolExecutor.java:1130)`
  - `java.util.concurrent.ThreadPoolExecutor` retains 4.6 KB (858.0%)
  - `java.util.concurrent.ThreadPoolExecutor$Worker` retains 48 B (8.7%)
- `java.util.concurrent.ThreadPoolExecutor$Worker.run (ThreadPoolExecutor.java:642)`
  - `java.util.concurrent.ThreadPoolExecutor$Worker` retains 48 B (8.7%)
- `java.lang.Thread.runWith (Thread.java:1596)`
  - `java.lang.Class` retains 128 B (23.2%)
  - `java.util.concurrent.ThreadPoolExecutor$Worker` retains 48 B (8.7%)
- `java.lang.Thread.run (Thread.java:1583)`
  - `java.lang.Class` retains 128 B (23.2%)
  - `java.util.concurrent.ThreadPoolExecutor$Worker` retains 48 B (8.7%)

<a id="thread-93"></a>

### Thread 93 "block-manager-ask-thread-pool-10" (java/lang/Thread)

_Local roots: 13._

**Local root objects:**

| Object                                                                  | Shallow | Retained |
| ----------------------------------------------------------------------- | ------: | -------: |
| `java/util/concurrent/ThreadPoolExecutor`                               |    80 B |   4.6 KB |
| `java/util/concurrent/ThreadPoolExecutor`                               |    80 B |   4.6 KB |
| `java/util/concurrent/LinkedBlockingQueue`                              |    48 B |    144 B |
| `java/lang/Class`                                                       |    32 B |    128 B |
| `java/lang/Class`                                                       |    32 B |    128 B |
| `java/util/concurrent/ThreadPoolExecutor$Worker`                        |    48 B |     48 B |
| `java/util/concurrent/ThreadPoolExecutor$Worker`                        |    48 B |     48 B |
| `java/util/concurrent/ThreadPoolExecutor$Worker`                        |    48 B |     48 B |
| `java/util/concurrent/ThreadPoolExecutor$Worker`                        |    48 B |     48 B |
| `java/util/concurrent/locks/AbstractQueuedSynchronizer$ConditionNode`   |    32 B |     32 B |
| `java/util/concurrent/locks/AbstractQueuedSynchronizer$ConditionObject` |    24 B |     24 B |
| `java/util/concurrent/atomic/AtomicInteger`                             |    16 B |     16 B |
| `java/util/concurrent/locks/ReentrantLock`                              |    16 B |     16 B |

- `java.util.concurrent.locks.AbstractQueuedSynchronizer$ConditionObject.awaitNanos (AbstractQueuedSynchronizer.java:1797)`
  - `java.util.concurrent.locks.AbstractQueuedSynchronizer$ConditionNode` retains 32 B (6.3%)
  - `java.util.concurrent.locks.AbstractQueuedSynchronizer$ConditionObject` retains 24 B (4.8%)
- `java.util.concurrent.LinkedBlockingQueue.poll (LinkedBlockingQueue.java:460)`
  - `java.util.concurrent.LinkedBlockingQueue` retains 144 B (28.6%)
  - `java.util.concurrent.atomic.AtomicInteger` retains 16 B (3.2%)
  - `java.util.concurrent.locks.ReentrantLock` retains 16 B (3.2%)
- `java.util.concurrent.ThreadPoolExecutor.getTask (ThreadPoolExecutor.java:1069)`
  - `java.util.concurrent.ThreadPoolExecutor` retains 4.6 KB (936.5%)
- `java.util.concurrent.ThreadPoolExecutor.runWorker (ThreadPoolExecutor.java:1130)`
  - `java.util.concurrent.ThreadPoolExecutor` retains 4.6 KB (936.5%)
  - `java.util.concurrent.ThreadPoolExecutor$Worker` retains 48 B (9.5%)
- `java.util.concurrent.ThreadPoolExecutor$Worker.run (ThreadPoolExecutor.java:642)`
  - `java.util.concurrent.ThreadPoolExecutor$Worker` retains 48 B (9.5%)
- `java.lang.Thread.runWith (Thread.java:1596)`
  - `java.lang.Class` retains 128 B (25.4%)
  - `java.util.concurrent.ThreadPoolExecutor$Worker` retains 48 B (9.5%)
- `java.lang.Thread.run (Thread.java:1583)`
  - `java.lang.Class` retains 128 B (25.4%)
  - `java.util.concurrent.ThreadPoolExecutor$Worker` retains 48 B (9.5%)

<a id="thread-94"></a>

### Thread 94 "block-manager-ask-thread-pool-11" (java/lang/Thread)

_Local roots: 14._

**Local root objects:**

| Object                                                                  | Shallow | Retained |
| ----------------------------------------------------------------------- | ------: | -------: |
| `java/util/concurrent/ThreadPoolExecutor`                               |    80 B |   4.6 KB |
| `java/util/concurrent/ThreadPoolExecutor`                               |    80 B |   4.6 KB |
| `java/util/concurrent/LinkedBlockingQueue`                              |    48 B |    144 B |
| `java/lang/Class`                                                       |    32 B |    128 B |
| `java/lang/Class`                                                       |    32 B |    128 B |
| `java/util/concurrent/TimeUnit`                                         |    80 B |     80 B |
| `java/util/concurrent/ThreadPoolExecutor$Worker`                        |    48 B |     48 B |
| `java/util/concurrent/ThreadPoolExecutor$Worker`                        |    48 B |     48 B |
| `java/util/concurrent/ThreadPoolExecutor$Worker`                        |    48 B |     48 B |
| `java/util/concurrent/ThreadPoolExecutor$Worker`                        |    48 B |     48 B |
| `java/util/concurrent/locks/AbstractQueuedSynchronizer$ConditionNode`   |    32 B |     32 B |
| `java/util/concurrent/locks/AbstractQueuedSynchronizer$ConditionObject` |    24 B |     24 B |
| `java/util/concurrent/atomic/AtomicInteger`                             |    16 B |     16 B |
| `java/util/concurrent/locks/ReentrantLock`                              |    16 B |     16 B |

- `java.util.concurrent.locks.AbstractQueuedSynchronizer$ConditionObject.awaitNanos (AbstractQueuedSynchronizer.java:1797)`
  - `java.util.concurrent.locks.AbstractQueuedSynchronizer$ConditionNode` retains 32 B (6.3%)
  - `java.util.concurrent.locks.AbstractQueuedSynchronizer$ConditionObject` retains 24 B (4.8%)
- `java.util.concurrent.LinkedBlockingQueue.poll (LinkedBlockingQueue.java:460)`
  - `java.util.concurrent.LinkedBlockingQueue` retains 144 B (28.6%)
  - `java.util.concurrent.TimeUnit` retains 80 B (15.9%)
  - `java.util.concurrent.atomic.AtomicInteger` retains 16 B (3.2%)
  - `java.util.concurrent.locks.ReentrantLock` retains 16 B (3.2%)
- `java.util.concurrent.ThreadPoolExecutor.getTask (ThreadPoolExecutor.java:1069)`
  - `java.util.concurrent.ThreadPoolExecutor` retains 4.6 KB (936.5%)
- `java.util.concurrent.ThreadPoolExecutor.runWorker (ThreadPoolExecutor.java:1130)`
  - `java.util.concurrent.ThreadPoolExecutor` retains 4.6 KB (936.5%)
  - `java.util.concurrent.ThreadPoolExecutor$Worker` retains 48 B (9.5%)
- `java.util.concurrent.ThreadPoolExecutor$Worker.run (ThreadPoolExecutor.java:642)`
  - `java.util.concurrent.ThreadPoolExecutor$Worker` retains 48 B (9.5%)
- `java.lang.Thread.runWith (Thread.java:1596)`
  - `java.lang.Class` retains 128 B (25.4%)
  - `java.util.concurrent.ThreadPoolExecutor$Worker` retains 48 B (9.5%)
- `java.lang.Thread.run (Thread.java:1583)`
  - `java.lang.Class` retains 128 B (25.4%)
  - `java.util.concurrent.ThreadPoolExecutor$Worker` retains 48 B (9.5%)

<a id="thread-95"></a>

### Thread 95 "block-manager-storage-async-thread-pool-18" (java/lang/Thread)

_Local roots: 14._

**Local root objects:**

| Object                                                                  | Shallow | Retained |
| ----------------------------------------------------------------------- | ------: | -------: |
| `java/util/concurrent/ThreadPoolExecutor`                               |    80 B |   4.6 KB |
| `java/util/concurrent/ThreadPoolExecutor`                               |    80 B |   4.6 KB |
| `java/util/concurrent/LinkedBlockingQueue`                              |    48 B |    144 B |
| `java/lang/Class`                                                       |    32 B |    128 B |
| `java/lang/Class`                                                       |    32 B |    128 B |
| `java/util/concurrent/TimeUnit`                                         |    80 B |     80 B |
| `java/util/concurrent/ThreadPoolExecutor$Worker`                        |    48 B |     48 B |
| `java/util/concurrent/ThreadPoolExecutor$Worker`                        |    48 B |     48 B |
| `java/util/concurrent/ThreadPoolExecutor$Worker`                        |    48 B |     48 B |
| `java/util/concurrent/ThreadPoolExecutor$Worker`                        |    48 B |     48 B |
| `java/util/concurrent/locks/AbstractQueuedSynchronizer$ConditionNode`   |    32 B |     32 B |
| `java/util/concurrent/locks/AbstractQueuedSynchronizer$ConditionObject` |    24 B |     24 B |
| `java/util/concurrent/atomic/AtomicInteger`                             |    16 B |     16 B |
| `java/util/concurrent/locks/ReentrantLock`                              |    16 B |     16 B |

- `java.util.concurrent.locks.AbstractQueuedSynchronizer$ConditionObject.awaitNanos (AbstractQueuedSynchronizer.java:1797)`
  - `java.util.concurrent.locks.AbstractQueuedSynchronizer$ConditionNode` retains 32 B (6.2%)
  - `java.util.concurrent.locks.AbstractQueuedSynchronizer$ConditionObject` retains 24 B (4.6%)
- `java.util.concurrent.LinkedBlockingQueue.poll (LinkedBlockingQueue.java:460)`
  - `java.util.concurrent.LinkedBlockingQueue` retains 144 B (27.7%)
  - `java.util.concurrent.TimeUnit` retains 80 B (15.4%)
  - `java.util.concurrent.atomic.AtomicInteger` retains 16 B (3.1%)
  - `java.util.concurrent.locks.ReentrantLock` retains 16 B (3.1%)
- `java.util.concurrent.ThreadPoolExecutor.getTask (ThreadPoolExecutor.java:1069)`
  - `java.util.concurrent.ThreadPoolExecutor` retains 4.6 KB (910.8%)
- `java.util.concurrent.ThreadPoolExecutor.runWorker (ThreadPoolExecutor.java:1130)`
  - `java.util.concurrent.ThreadPoolExecutor` retains 4.6 KB (910.8%)
  - `java.util.concurrent.ThreadPoolExecutor$Worker` retains 48 B (9.2%)
- `java.util.concurrent.ThreadPoolExecutor$Worker.run (ThreadPoolExecutor.java:642)`
  - `java.util.concurrent.ThreadPoolExecutor$Worker` retains 48 B (9.2%)
- `java.lang.Thread.runWith (Thread.java:1596)`
  - `java.lang.Class` retains 128 B (24.6%)
  - `java.util.concurrent.ThreadPoolExecutor$Worker` retains 48 B (9.2%)
- `java.lang.Thread.run (Thread.java:1583)`
  - `java.lang.Class` retains 128 B (24.6%)
  - `java.util.concurrent.ThreadPoolExecutor$Worker` retains 48 B (9.2%)

<a id="thread-96"></a>

### Thread 96 "block-manager-storage-async-thread-pool-19" (java/lang/Thread)

_Local roots: 14._

**Local root objects:**

| Object                                                                  | Shallow | Retained |
| ----------------------------------------------------------------------- | ------: | -------: |
| `java/util/concurrent/ThreadPoolExecutor`                               |    80 B |   4.6 KB |
| `java/util/concurrent/ThreadPoolExecutor`                               |    80 B |   4.6 KB |
| `java/util/concurrent/LinkedBlockingQueue`                              |    48 B |    144 B |
| `java/lang/Class`                                                       |    32 B |    128 B |
| `java/lang/Class`                                                       |    32 B |    128 B |
| `java/util/concurrent/TimeUnit`                                         |    80 B |     80 B |
| `java/util/concurrent/ThreadPoolExecutor$Worker`                        |    48 B |     48 B |
| `java/util/concurrent/ThreadPoolExecutor$Worker`                        |    48 B |     48 B |
| `java/util/concurrent/ThreadPoolExecutor$Worker`                        |    48 B |     48 B |
| `java/util/concurrent/ThreadPoolExecutor$Worker`                        |    48 B |     48 B |
| `java/util/concurrent/locks/AbstractQueuedSynchronizer$ConditionNode`   |    32 B |     32 B |
| `java/util/concurrent/locks/AbstractQueuedSynchronizer$ConditionObject` |    24 B |     24 B |
| `java/util/concurrent/atomic/AtomicInteger`                             |    16 B |     16 B |
| `java/util/concurrent/locks/ReentrantLock`                              |    16 B |     16 B |

- `java.util.concurrent.locks.AbstractQueuedSynchronizer$ConditionObject.awaitNanos (AbstractQueuedSynchronizer.java:1797)`
  - `java.util.concurrent.locks.AbstractQueuedSynchronizer$ConditionNode` retains 32 B (8.3%)
  - `java.util.concurrent.locks.AbstractQueuedSynchronizer$ConditionObject` retains 24 B (6.2%)
- `java.util.concurrent.LinkedBlockingQueue.poll (LinkedBlockingQueue.java:460)`
  - `java.util.concurrent.LinkedBlockingQueue` retains 144 B (37.5%)
  - `java.util.concurrent.TimeUnit` retains 80 B (20.8%)
  - `java.util.concurrent.atomic.AtomicInteger` retains 16 B (4.2%)
  - `java.util.concurrent.locks.ReentrantLock` retains 16 B (4.2%)
- `java.util.concurrent.ThreadPoolExecutor.getTask (ThreadPoolExecutor.java:1069)`
  - `java.util.concurrent.ThreadPoolExecutor` retains 4.6 KB (1233.3%)
- `java.util.concurrent.ThreadPoolExecutor.runWorker (ThreadPoolExecutor.java:1130)`
  - `java.util.concurrent.ThreadPoolExecutor` retains 4.6 KB (1233.3%)
  - `java.util.concurrent.ThreadPoolExecutor$Worker` retains 48 B (12.5%)
- `java.util.concurrent.ThreadPoolExecutor$Worker.run (ThreadPoolExecutor.java:642)`
  - `java.util.concurrent.ThreadPoolExecutor$Worker` retains 48 B (12.5%)
- `java.lang.Thread.runWith (Thread.java:1596)`
  - `java.lang.Class` retains 128 B (33.3%)
  - `java.util.concurrent.ThreadPoolExecutor$Worker` retains 48 B (12.5%)
- `java.lang.Thread.run (Thread.java:1583)`
  - `java.lang.Class` retains 128 B (33.3%)
  - `java.util.concurrent.ThreadPoolExecutor$Worker` retains 48 B (12.5%)

<a id="thread-97"></a>

### Thread 97 "block-manager-storage-async-thread-pool-20" (java/lang/Thread)

_Local roots: 13._

**Local root objects:**

| Object                                                                  | Shallow | Retained |
| ----------------------------------------------------------------------- | ------: | -------: |
| `java/util/concurrent/ThreadPoolExecutor`                               |    80 B |   4.6 KB |
| `java/util/concurrent/ThreadPoolExecutor`                               |    80 B |   4.6 KB |
| `java/util/concurrent/LinkedBlockingQueue`                              |    48 B |    144 B |
| `java/lang/Class`                                                       |    32 B |    128 B |
| `java/lang/Class`                                                       |    32 B |    128 B |
| `java/util/concurrent/ThreadPoolExecutor$Worker`                        |    48 B |     48 B |
| `java/util/concurrent/ThreadPoolExecutor$Worker`                        |    48 B |     48 B |
| `java/util/concurrent/ThreadPoolExecutor$Worker`                        |    48 B |     48 B |
| `java/util/concurrent/ThreadPoolExecutor$Worker`                        |    48 B |     48 B |
| `java/util/concurrent/locks/AbstractQueuedSynchronizer$ConditionNode`   |    32 B |     32 B |
| `java/util/concurrent/locks/AbstractQueuedSynchronizer$ConditionObject` |    24 B |     24 B |
| `java/util/concurrent/atomic/AtomicInteger`                             |    16 B |     16 B |
| `java/util/concurrent/locks/ReentrantLock`                              |    16 B |     16 B |

- `java.util.concurrent.locks.AbstractQueuedSynchronizer$ConditionObject.awaitNanos (AbstractQueuedSynchronizer.java:1797)`
  - `java.util.concurrent.locks.AbstractQueuedSynchronizer$ConditionNode` retains 32 B (5.8%)
  - `java.util.concurrent.locks.AbstractQueuedSynchronizer$ConditionObject` retains 24 B (4.3%)
- `java.util.concurrent.LinkedBlockingQueue.poll (LinkedBlockingQueue.java:460)`
  - `java.util.concurrent.LinkedBlockingQueue` retains 144 B (26.1%)
  - `java.util.concurrent.atomic.AtomicInteger` retains 16 B (2.9%)
  - `java.util.concurrent.locks.ReentrantLock` retains 16 B (2.9%)
- `java.util.concurrent.ThreadPoolExecutor.getTask (ThreadPoolExecutor.java:1069)`
  - `java.util.concurrent.ThreadPoolExecutor` retains 4.6 KB (858.0%)
- `java.util.concurrent.ThreadPoolExecutor.runWorker (ThreadPoolExecutor.java:1130)`
  - `java.util.concurrent.ThreadPoolExecutor` retains 4.6 KB (858.0%)
  - `java.util.concurrent.ThreadPoolExecutor$Worker` retains 48 B (8.7%)
- `java.util.concurrent.ThreadPoolExecutor$Worker.run (ThreadPoolExecutor.java:642)`
  - `java.util.concurrent.ThreadPoolExecutor$Worker` retains 48 B (8.7%)
- `java.lang.Thread.runWith (Thread.java:1596)`
  - `java.lang.Class` retains 128 B (23.2%)
  - `java.util.concurrent.ThreadPoolExecutor$Worker` retains 48 B (8.7%)
- `java.lang.Thread.run (Thread.java:1583)`
  - `java.lang.Class` retains 128 B (23.2%)
  - `java.util.concurrent.ThreadPoolExecutor$Worker` retains 48 B (8.7%)

<a id="thread-98"></a>

### Thread 98 "block-manager-ask-thread-pool-12" (java/lang/Thread)

_Local roots: 13._

**Local root objects:**

| Object                                                                  | Shallow | Retained |
| ----------------------------------------------------------------------- | ------: | -------: |
| `java/util/concurrent/ThreadPoolExecutor`                               |    80 B |   4.6 KB |
| `java/util/concurrent/ThreadPoolExecutor`                               |    80 B |   4.6 KB |
| `java/util/concurrent/LinkedBlockingQueue`                              |    48 B |    144 B |
| `java/lang/Class`                                                       |    32 B |    128 B |
| `java/lang/Class`                                                       |    32 B |    128 B |
| `java/util/concurrent/ThreadPoolExecutor$Worker`                        |    48 B |     48 B |
| `java/util/concurrent/ThreadPoolExecutor$Worker`                        |    48 B |     48 B |
| `java/util/concurrent/ThreadPoolExecutor$Worker`                        |    48 B |     48 B |
| `java/util/concurrent/ThreadPoolExecutor$Worker`                        |    48 B |     48 B |
| `java/util/concurrent/locks/AbstractQueuedSynchronizer$ConditionNode`   |    32 B |     32 B |
| `java/util/concurrent/locks/AbstractQueuedSynchronizer$ConditionObject` |    24 B |     24 B |
| `java/util/concurrent/atomic/AtomicInteger`                             |    16 B |     16 B |
| `java/util/concurrent/locks/ReentrantLock`                              |    16 B |     16 B |

- `java.util.concurrent.locks.AbstractQueuedSynchronizer$ConditionObject.awaitNanos (AbstractQueuedSynchronizer.java:1797)`
  - `java.util.concurrent.locks.AbstractQueuedSynchronizer$ConditionNode` retains 32 B (6.3%)
  - `java.util.concurrent.locks.AbstractQueuedSynchronizer$ConditionObject` retains 24 B (4.8%)
- `java.util.concurrent.LinkedBlockingQueue.poll (LinkedBlockingQueue.java:460)`
  - `java.util.concurrent.LinkedBlockingQueue` retains 144 B (28.6%)
  - `java.util.concurrent.atomic.AtomicInteger` retains 16 B (3.2%)
  - `java.util.concurrent.locks.ReentrantLock` retains 16 B (3.2%)
- `java.util.concurrent.ThreadPoolExecutor.getTask (ThreadPoolExecutor.java:1069)`
  - `java.util.concurrent.ThreadPoolExecutor` retains 4.6 KB (936.5%)
- `java.util.concurrent.ThreadPoolExecutor.runWorker (ThreadPoolExecutor.java:1130)`
  - `java.util.concurrent.ThreadPoolExecutor` retains 4.6 KB (936.5%)
  - `java.util.concurrent.ThreadPoolExecutor$Worker` retains 48 B (9.5%)
- `java.util.concurrent.ThreadPoolExecutor$Worker.run (ThreadPoolExecutor.java:642)`
  - `java.util.concurrent.ThreadPoolExecutor$Worker` retains 48 B (9.5%)
- `java.lang.Thread.runWith (Thread.java:1596)`
  - `java.lang.Class` retains 128 B (25.4%)
  - `java.util.concurrent.ThreadPoolExecutor$Worker` retains 48 B (9.5%)
- `java.lang.Thread.run (Thread.java:1583)`
  - `java.lang.Class` retains 128 B (25.4%)
  - `java.util.concurrent.ThreadPoolExecutor$Worker` retains 48 B (9.5%)

<a id="thread-99"></a>

### Thread 99 "block-manager-ask-thread-pool-13" (java/lang/Thread)

_Local roots: 14._

**Local root objects:**

| Object                                                                  | Shallow | Retained |
| ----------------------------------------------------------------------- | ------: | -------: |
| `java/util/concurrent/ThreadPoolExecutor`                               |    80 B |   4.6 KB |
| `java/util/concurrent/ThreadPoolExecutor`                               |    80 B |   4.6 KB |
| `java/util/concurrent/LinkedBlockingQueue`                              |    48 B |    144 B |
| `java/lang/Class`                                                       |    32 B |    128 B |
| `java/lang/Class`                                                       |    32 B |    128 B |
| `java/util/concurrent/TimeUnit`                                         |    80 B |     80 B |
| `java/util/concurrent/ThreadPoolExecutor$Worker`                        |    48 B |     48 B |
| `java/util/concurrent/ThreadPoolExecutor$Worker`                        |    48 B |     48 B |
| `java/util/concurrent/ThreadPoolExecutor$Worker`                        |    48 B |     48 B |
| `java/util/concurrent/ThreadPoolExecutor$Worker`                        |    48 B |     48 B |
| `java/util/concurrent/locks/AbstractQueuedSynchronizer$ConditionNode`   |    32 B |     32 B |
| `java/util/concurrent/locks/AbstractQueuedSynchronizer$ConditionObject` |    24 B |     24 B |
| `java/util/concurrent/atomic/AtomicInteger`                             |    16 B |     16 B |
| `java/util/concurrent/locks/ReentrantLock`                              |    16 B |     16 B |

- `java.util.concurrent.locks.AbstractQueuedSynchronizer$ConditionObject.awaitNanos (AbstractQueuedSynchronizer.java:1797)`
  - `java.util.concurrent.locks.AbstractQueuedSynchronizer$ConditionNode` retains 32 B (6.3%)
  - `java.util.concurrent.locks.AbstractQueuedSynchronizer$ConditionObject` retains 24 B (4.8%)
- `java.util.concurrent.LinkedBlockingQueue.poll (LinkedBlockingQueue.java:460)`
  - `java.util.concurrent.LinkedBlockingQueue` retains 144 B (28.6%)
  - `java.util.concurrent.TimeUnit` retains 80 B (15.9%)
  - `java.util.concurrent.atomic.AtomicInteger` retains 16 B (3.2%)
  - `java.util.concurrent.locks.ReentrantLock` retains 16 B (3.2%)
- `java.util.concurrent.ThreadPoolExecutor.getTask (ThreadPoolExecutor.java:1069)`
  - `java.util.concurrent.ThreadPoolExecutor` retains 4.6 KB (936.5%)
- `java.util.concurrent.ThreadPoolExecutor.runWorker (ThreadPoolExecutor.java:1130)`
  - `java.util.concurrent.ThreadPoolExecutor` retains 4.6 KB (936.5%)
  - `java.util.concurrent.ThreadPoolExecutor$Worker` retains 48 B (9.5%)
- `java.util.concurrent.ThreadPoolExecutor$Worker.run (ThreadPoolExecutor.java:642)`
  - `java.util.concurrent.ThreadPoolExecutor$Worker` retains 48 B (9.5%)
- `java.lang.Thread.runWith (Thread.java:1596)`
  - `java.lang.Class` retains 128 B (25.4%)
  - `java.util.concurrent.ThreadPoolExecutor$Worker` retains 48 B (9.5%)
- `java.lang.Thread.run (Thread.java:1583)`
  - `java.lang.Class` retains 128 B (25.4%)
  - `java.util.concurrent.ThreadPoolExecutor$Worker` retains 48 B (9.5%)

<a id="thread-100"></a>

### Thread 100 "block-manager-storage-async-thread-pool-21" (java/lang/Thread)

_Local roots: 14._

**Local root objects:**

| Object                                                                  | Shallow | Retained |
| ----------------------------------------------------------------------- | ------: | -------: |
| `java/util/concurrent/ThreadPoolExecutor`                               |    80 B |   4.6 KB |
| `java/util/concurrent/ThreadPoolExecutor`                               |    80 B |   4.6 KB |
| `java/util/concurrent/LinkedBlockingQueue`                              |    48 B |    144 B |
| `java/lang/Class`                                                       |    32 B |    128 B |
| `java/lang/Class`                                                       |    32 B |    128 B |
| `java/util/concurrent/TimeUnit`                                         |    80 B |     80 B |
| `java/util/concurrent/ThreadPoolExecutor$Worker`                        |    48 B |     48 B |
| `java/util/concurrent/ThreadPoolExecutor$Worker`                        |    48 B |     48 B |
| `java/util/concurrent/ThreadPoolExecutor$Worker`                        |    48 B |     48 B |
| `java/util/concurrent/ThreadPoolExecutor$Worker`                        |    48 B |     48 B |
| `java/util/concurrent/locks/AbstractQueuedSynchronizer$ConditionNode`   |    32 B |     32 B |
| `java/util/concurrent/locks/AbstractQueuedSynchronizer$ConditionObject` |    24 B |     24 B |
| `java/util/concurrent/atomic/AtomicInteger`                             |    16 B |     16 B |
| `java/util/concurrent/locks/ReentrantLock`                              |    16 B |     16 B |

- `java.util.concurrent.locks.AbstractQueuedSynchronizer$ConditionObject.awaitNanos (AbstractQueuedSynchronizer.java:1797)`
  - `java.util.concurrent.locks.AbstractQueuedSynchronizer$ConditionNode` retains 32 B (6.2%)
  - `java.util.concurrent.locks.AbstractQueuedSynchronizer$ConditionObject` retains 24 B (4.6%)
- `java.util.concurrent.LinkedBlockingQueue.poll (LinkedBlockingQueue.java:460)`
  - `java.util.concurrent.LinkedBlockingQueue` retains 144 B (27.7%)
  - `java.util.concurrent.TimeUnit` retains 80 B (15.4%)
  - `java.util.concurrent.atomic.AtomicInteger` retains 16 B (3.1%)
  - `java.util.concurrent.locks.ReentrantLock` retains 16 B (3.1%)
- `java.util.concurrent.ThreadPoolExecutor.getTask (ThreadPoolExecutor.java:1069)`
  - `java.util.concurrent.ThreadPoolExecutor` retains 4.6 KB (910.8%)
- `java.util.concurrent.ThreadPoolExecutor.runWorker (ThreadPoolExecutor.java:1130)`
  - `java.util.concurrent.ThreadPoolExecutor` retains 4.6 KB (910.8%)
  - `java.util.concurrent.ThreadPoolExecutor$Worker` retains 48 B (9.2%)
- `java.util.concurrent.ThreadPoolExecutor$Worker.run (ThreadPoolExecutor.java:642)`
  - `java.util.concurrent.ThreadPoolExecutor$Worker` retains 48 B (9.2%)
- `java.lang.Thread.runWith (Thread.java:1596)`
  - `java.lang.Class` retains 128 B (24.6%)
  - `java.util.concurrent.ThreadPoolExecutor$Worker` retains 48 B (9.2%)
- `java.lang.Thread.run (Thread.java:1583)`
  - `java.lang.Class` retains 128 B (24.6%)
  - `java.util.concurrent.ThreadPoolExecutor$Worker` retains 48 B (9.2%)

<a id="thread-101"></a>

### Thread 101 "block-manager-storage-async-thread-pool-22" (java/lang/Thread)

_Local roots: 14._

**Local root objects:**

| Object                                                                  | Shallow | Retained |
| ----------------------------------------------------------------------- | ------: | -------: |
| `java/util/concurrent/ThreadPoolExecutor`                               |    80 B |   4.6 KB |
| `java/util/concurrent/ThreadPoolExecutor`                               |    80 B |   4.6 KB |
| `java/util/concurrent/LinkedBlockingQueue`                              |    48 B |    144 B |
| `java/lang/Class`                                                       |    32 B |    128 B |
| `java/lang/Class`                                                       |    32 B |    128 B |
| `java/util/concurrent/TimeUnit`                                         |    80 B |     80 B |
| `java/util/concurrent/ThreadPoolExecutor$Worker`                        |    48 B |     48 B |
| `java/util/concurrent/ThreadPoolExecutor$Worker`                        |    48 B |     48 B |
| `java/util/concurrent/ThreadPoolExecutor$Worker`                        |    48 B |     48 B |
| `java/util/concurrent/ThreadPoolExecutor$Worker`                        |    48 B |     48 B |
| `java/util/concurrent/locks/AbstractQueuedSynchronizer$ConditionNode`   |    32 B |     32 B |
| `java/util/concurrent/locks/AbstractQueuedSynchronizer$ConditionObject` |    24 B |     24 B |
| `java/util/concurrent/atomic/AtomicInteger`                             |    16 B |     16 B |
| `java/util/concurrent/locks/ReentrantLock`                              |    16 B |     16 B |

- `java.util.concurrent.locks.AbstractQueuedSynchronizer$ConditionObject.awaitNanos (AbstractQueuedSynchronizer.java:1797)`
  - `java.util.concurrent.locks.AbstractQueuedSynchronizer$ConditionNode` retains 32 B (8.3%)
  - `java.util.concurrent.locks.AbstractQueuedSynchronizer$ConditionObject` retains 24 B (6.2%)
- `java.util.concurrent.LinkedBlockingQueue.poll (LinkedBlockingQueue.java:460)`
  - `java.util.concurrent.LinkedBlockingQueue` retains 144 B (37.5%)
  - `java.util.concurrent.TimeUnit` retains 80 B (20.8%)
  - `java.util.concurrent.atomic.AtomicInteger` retains 16 B (4.2%)
  - `java.util.concurrent.locks.ReentrantLock` retains 16 B (4.2%)
- `java.util.concurrent.ThreadPoolExecutor.getTask (ThreadPoolExecutor.java:1069)`
  - `java.util.concurrent.ThreadPoolExecutor` retains 4.6 KB (1233.3%)
- `java.util.concurrent.ThreadPoolExecutor.runWorker (ThreadPoolExecutor.java:1130)`
  - `java.util.concurrent.ThreadPoolExecutor` retains 4.6 KB (1233.3%)
  - `java.util.concurrent.ThreadPoolExecutor$Worker` retains 48 B (12.5%)
- `java.util.concurrent.ThreadPoolExecutor$Worker.run (ThreadPoolExecutor.java:642)`
  - `java.util.concurrent.ThreadPoolExecutor$Worker` retains 48 B (12.5%)
- `java.lang.Thread.runWith (Thread.java:1596)`
  - `java.lang.Class` retains 128 B (33.3%)
  - `java.util.concurrent.ThreadPoolExecutor$Worker` retains 48 B (12.5%)
- `java.lang.Thread.run (Thread.java:1583)`
  - `java.lang.Class` retains 128 B (33.3%)
  - `java.util.concurrent.ThreadPoolExecutor$Worker` retains 48 B (12.5%)

<a id="thread-102"></a>

### Thread 102 "block-manager-storage-async-thread-pool-23" (java/lang/Thread)

_Local roots: 13._

**Local root objects:**

| Object                                                                  | Shallow | Retained |
| ----------------------------------------------------------------------- | ------: | -------: |
| `java/util/concurrent/ThreadPoolExecutor`                               |    80 B |   4.6 KB |
| `java/util/concurrent/ThreadPoolExecutor`                               |    80 B |   4.6 KB |
| `java/util/concurrent/LinkedBlockingQueue`                              |    48 B |    144 B |
| `java/lang/Class`                                                       |    32 B |    128 B |
| `java/lang/Class`                                                       |    32 B |    128 B |
| `java/util/concurrent/ThreadPoolExecutor$Worker`                        |    48 B |     48 B |
| `java/util/concurrent/ThreadPoolExecutor$Worker`                        |    48 B |     48 B |
| `java/util/concurrent/ThreadPoolExecutor$Worker`                        |    48 B |     48 B |
| `java/util/concurrent/ThreadPoolExecutor$Worker`                        |    48 B |     48 B |
| `java/util/concurrent/locks/AbstractQueuedSynchronizer$ConditionNode`   |    32 B |     32 B |
| `java/util/concurrent/locks/AbstractQueuedSynchronizer$ConditionObject` |    24 B |     24 B |
| `java/util/concurrent/atomic/AtomicInteger`                             |    16 B |     16 B |
| `java/util/concurrent/locks/ReentrantLock`                              |    16 B |     16 B |

- `java.util.concurrent.locks.AbstractQueuedSynchronizer$ConditionObject.awaitNanos (AbstractQueuedSynchronizer.java:1797)`
  - `java.util.concurrent.locks.AbstractQueuedSynchronizer$ConditionNode` retains 32 B (5.8%)
  - `java.util.concurrent.locks.AbstractQueuedSynchronizer$ConditionObject` retains 24 B (4.3%)
- `java.util.concurrent.LinkedBlockingQueue.poll (LinkedBlockingQueue.java:460)`
  - `java.util.concurrent.LinkedBlockingQueue` retains 144 B (26.1%)
  - `java.util.concurrent.atomic.AtomicInteger` retains 16 B (2.9%)
  - `java.util.concurrent.locks.ReentrantLock` retains 16 B (2.9%)
- `java.util.concurrent.ThreadPoolExecutor.getTask (ThreadPoolExecutor.java:1069)`
  - `java.util.concurrent.ThreadPoolExecutor` retains 4.6 KB (858.0%)
- `java.util.concurrent.ThreadPoolExecutor.runWorker (ThreadPoolExecutor.java:1130)`
  - `java.util.concurrent.ThreadPoolExecutor` retains 4.6 KB (858.0%)
  - `java.util.concurrent.ThreadPoolExecutor$Worker` retains 48 B (8.7%)
- `java.util.concurrent.ThreadPoolExecutor$Worker.run (ThreadPoolExecutor.java:642)`
  - `java.util.concurrent.ThreadPoolExecutor$Worker` retains 48 B (8.7%)
- `java.lang.Thread.runWith (Thread.java:1596)`
  - `java.lang.Class` retains 128 B (23.2%)
  - `java.util.concurrent.ThreadPoolExecutor$Worker` retains 48 B (8.7%)
- `java.lang.Thread.run (Thread.java:1583)`
  - `java.lang.Class` retains 128 B (23.2%)
  - `java.util.concurrent.ThreadPoolExecutor$Worker` retains 48 B (8.7%)

<a id="thread-103"></a>

### Thread 103 "block-manager-ask-thread-pool-14" (java/lang/Thread)

_Local roots: 13._

**Local root objects:**

| Object                                                                  | Shallow | Retained |
| ----------------------------------------------------------------------- | ------: | -------: |
| `java/util/concurrent/ThreadPoolExecutor`                               |    80 B |   4.6 KB |
| `java/util/concurrent/ThreadPoolExecutor`                               |    80 B |   4.6 KB |
| `java/util/concurrent/LinkedBlockingQueue`                              |    48 B |    144 B |
| `java/lang/Class`                                                       |    32 B |    128 B |
| `java/lang/Class`                                                       |    32 B |    128 B |
| `java/util/concurrent/ThreadPoolExecutor$Worker`                        |    48 B |     48 B |
| `java/util/concurrent/ThreadPoolExecutor$Worker`                        |    48 B |     48 B |
| `java/util/concurrent/ThreadPoolExecutor$Worker`                        |    48 B |     48 B |
| `java/util/concurrent/ThreadPoolExecutor$Worker`                        |    48 B |     48 B |
| `java/util/concurrent/locks/AbstractQueuedSynchronizer$ConditionNode`   |    32 B |     32 B |
| `java/util/concurrent/locks/AbstractQueuedSynchronizer$ConditionObject` |    24 B |     24 B |
| `java/util/concurrent/atomic/AtomicInteger`                             |    16 B |     16 B |
| `java/util/concurrent/locks/ReentrantLock`                              |    16 B |     16 B |

- `java.util.concurrent.locks.AbstractQueuedSynchronizer$ConditionObject.awaitNanos (AbstractQueuedSynchronizer.java:1797)`
  - `java.util.concurrent.locks.AbstractQueuedSynchronizer$ConditionNode` retains 32 B (6.3%)
  - `java.util.concurrent.locks.AbstractQueuedSynchronizer$ConditionObject` retains 24 B (4.8%)
- `java.util.concurrent.LinkedBlockingQueue.poll (LinkedBlockingQueue.java:460)`
  - `java.util.concurrent.LinkedBlockingQueue` retains 144 B (28.6%)
  - `java.util.concurrent.atomic.AtomicInteger` retains 16 B (3.2%)
  - `java.util.concurrent.locks.ReentrantLock` retains 16 B (3.2%)
- `java.util.concurrent.ThreadPoolExecutor.getTask (ThreadPoolExecutor.java:1069)`
  - `java.util.concurrent.ThreadPoolExecutor` retains 4.6 KB (936.5%)
- `java.util.concurrent.ThreadPoolExecutor.runWorker (ThreadPoolExecutor.java:1130)`
  - `java.util.concurrent.ThreadPoolExecutor` retains 4.6 KB (936.5%)
  - `java.util.concurrent.ThreadPoolExecutor$Worker` retains 48 B (9.5%)
- `java.util.concurrent.ThreadPoolExecutor$Worker.run (ThreadPoolExecutor.java:642)`
  - `java.util.concurrent.ThreadPoolExecutor$Worker` retains 48 B (9.5%)
- `java.lang.Thread.runWith (Thread.java:1596)`
  - `java.lang.Class` retains 128 B (25.4%)
  - `java.util.concurrent.ThreadPoolExecutor$Worker` retains 48 B (9.5%)
- `java.lang.Thread.run (Thread.java:1583)`
  - `java.lang.Class` retains 128 B (25.4%)
  - `java.util.concurrent.ThreadPoolExecutor$Worker` retains 48 B (9.5%)

<a id="thread-104"></a>

### Thread 104 "block-manager-ask-thread-pool-15" (java/lang/Thread)

_Local roots: 14._

**Local root objects:**

| Object                                                                  | Shallow | Retained |
| ----------------------------------------------------------------------- | ------: | -------: |
| `java/util/concurrent/ThreadPoolExecutor`                               |    80 B |   4.6 KB |
| `java/util/concurrent/ThreadPoolExecutor`                               |    80 B |   4.6 KB |
| `java/util/concurrent/LinkedBlockingQueue`                              |    48 B |    144 B |
| `java/lang/Class`                                                       |    32 B |    128 B |
| `java/lang/Class`                                                       |    32 B |    128 B |
| `java/util/concurrent/TimeUnit`                                         |    80 B |     80 B |
| `java/util/concurrent/ThreadPoolExecutor$Worker`                        |    48 B |     48 B |
| `java/util/concurrent/ThreadPoolExecutor$Worker`                        |    48 B |     48 B |
| `java/util/concurrent/ThreadPoolExecutor$Worker`                        |    48 B |     48 B |
| `java/util/concurrent/ThreadPoolExecutor$Worker`                        |    48 B |     48 B |
| `java/util/concurrent/locks/AbstractQueuedSynchronizer$ConditionNode`   |    32 B |     32 B |
| `java/util/concurrent/locks/AbstractQueuedSynchronizer$ConditionObject` |    24 B |     24 B |
| `java/util/concurrent/atomic/AtomicInteger`                             |    16 B |     16 B |
| `java/util/concurrent/locks/ReentrantLock`                              |    16 B |     16 B |

- `java.util.concurrent.locks.AbstractQueuedSynchronizer$ConditionObject.awaitNanos (AbstractQueuedSynchronizer.java:1797)`
  - `java.util.concurrent.locks.AbstractQueuedSynchronizer$ConditionNode` retains 32 B (6.3%)
  - `java.util.concurrent.locks.AbstractQueuedSynchronizer$ConditionObject` retains 24 B (4.8%)
- `java.util.concurrent.LinkedBlockingQueue.poll (LinkedBlockingQueue.java:460)`
  - `java.util.concurrent.LinkedBlockingQueue` retains 144 B (28.6%)
  - `java.util.concurrent.TimeUnit` retains 80 B (15.9%)
  - `java.util.concurrent.atomic.AtomicInteger` retains 16 B (3.2%)
  - `java.util.concurrent.locks.ReentrantLock` retains 16 B (3.2%)
- `java.util.concurrent.ThreadPoolExecutor.getTask (ThreadPoolExecutor.java:1069)`
  - `java.util.concurrent.ThreadPoolExecutor` retains 4.6 KB (936.5%)
- `java.util.concurrent.ThreadPoolExecutor.runWorker (ThreadPoolExecutor.java:1130)`
  - `java.util.concurrent.ThreadPoolExecutor` retains 4.6 KB (936.5%)
  - `java.util.concurrent.ThreadPoolExecutor$Worker` retains 48 B (9.5%)
- `java.util.concurrent.ThreadPoolExecutor$Worker.run (ThreadPoolExecutor.java:642)`
  - `java.util.concurrent.ThreadPoolExecutor$Worker` retains 48 B (9.5%)
- `java.lang.Thread.runWith (Thread.java:1596)`
  - `java.lang.Class` retains 128 B (25.4%)
  - `java.util.concurrent.ThreadPoolExecutor$Worker` retains 48 B (9.5%)
- `java.lang.Thread.run (Thread.java:1583)`
  - `java.lang.Class` retains 128 B (25.4%)
  - `java.util.concurrent.ThreadPoolExecutor$Worker` retains 48 B (9.5%)

<a id="thread-105"></a>

### Thread 105 "block-manager-storage-async-thread-pool-24" (java/lang/Thread)

_Local roots: 14._

**Local root objects:**

| Object                                                                  | Shallow | Retained |
| ----------------------------------------------------------------------- | ------: | -------: |
| `java/util/concurrent/ThreadPoolExecutor`                               |    80 B |   4.6 KB |
| `java/util/concurrent/ThreadPoolExecutor`                               |    80 B |   4.6 KB |
| `java/util/concurrent/LinkedBlockingQueue`                              |    48 B |    144 B |
| `java/lang/Class`                                                       |    32 B |    128 B |
| `java/lang/Class`                                                       |    32 B |    128 B |
| `java/util/concurrent/TimeUnit`                                         |    80 B |     80 B |
| `java/util/concurrent/ThreadPoolExecutor$Worker`                        |    48 B |     48 B |
| `java/util/concurrent/ThreadPoolExecutor$Worker`                        |    48 B |     48 B |
| `java/util/concurrent/ThreadPoolExecutor$Worker`                        |    48 B |     48 B |
| `java/util/concurrent/ThreadPoolExecutor$Worker`                        |    48 B |     48 B |
| `java/util/concurrent/locks/AbstractQueuedSynchronizer$ConditionNode`   |    32 B |     32 B |
| `java/util/concurrent/locks/AbstractQueuedSynchronizer$ConditionObject` |    24 B |     24 B |
| `java/util/concurrent/atomic/AtomicInteger`                             |    16 B |     16 B |
| `java/util/concurrent/locks/ReentrantLock`                              |    16 B |     16 B |

- `java.util.concurrent.locks.AbstractQueuedSynchronizer$ConditionObject.awaitNanos (AbstractQueuedSynchronizer.java:1797)`
  - `java.util.concurrent.locks.AbstractQueuedSynchronizer$ConditionNode` retains 32 B (5.8%)
  - `java.util.concurrent.locks.AbstractQueuedSynchronizer$ConditionObject` retains 24 B (4.3%)
- `java.util.concurrent.LinkedBlockingQueue.poll (LinkedBlockingQueue.java:460)`
  - `java.util.concurrent.LinkedBlockingQueue` retains 144 B (26.1%)
  - `java.util.concurrent.TimeUnit` retains 80 B (14.5%)
  - `java.util.concurrent.atomic.AtomicInteger` retains 16 B (2.9%)
  - `java.util.concurrent.locks.ReentrantLock` retains 16 B (2.9%)
- `java.util.concurrent.ThreadPoolExecutor.getTask (ThreadPoolExecutor.java:1069)`
  - `java.util.concurrent.ThreadPoolExecutor` retains 4.6 KB (858.0%)
- `java.util.concurrent.ThreadPoolExecutor.runWorker (ThreadPoolExecutor.java:1130)`
  - `java.util.concurrent.ThreadPoolExecutor` retains 4.6 KB (858.0%)
  - `java.util.concurrent.ThreadPoolExecutor$Worker` retains 48 B (8.7%)
- `java.util.concurrent.ThreadPoolExecutor$Worker.run (ThreadPoolExecutor.java:642)`
  - `java.util.concurrent.ThreadPoolExecutor$Worker` retains 48 B (8.7%)
- `java.lang.Thread.runWith (Thread.java:1596)`
  - `java.lang.Class` retains 128 B (23.2%)
  - `java.util.concurrent.ThreadPoolExecutor$Worker` retains 48 B (8.7%)
- `java.lang.Thread.run (Thread.java:1583)`
  - `java.lang.Class` retains 128 B (23.2%)
  - `java.util.concurrent.ThreadPoolExecutor$Worker` retains 48 B (8.7%)

<a id="thread-106"></a>

### Thread 106 "block-manager-storage-async-thread-pool-25" (java/lang/Thread)

_Local roots: 14._

**Local root objects:**

| Object                                                                  | Shallow | Retained |
| ----------------------------------------------------------------------- | ------: | -------: |
| `java/util/concurrent/ThreadPoolExecutor`                               |    80 B |   4.6 KB |
| `java/util/concurrent/ThreadPoolExecutor`                               |    80 B |   4.6 KB |
| `java/util/concurrent/LinkedBlockingQueue`                              |    48 B |    144 B |
| `java/lang/Class`                                                       |    32 B |    128 B |
| `java/lang/Class`                                                       |    32 B |    128 B |
| `java/util/concurrent/TimeUnit`                                         |    80 B |     80 B |
| `java/util/concurrent/ThreadPoolExecutor$Worker`                        |    48 B |     48 B |
| `java/util/concurrent/ThreadPoolExecutor$Worker`                        |    48 B |     48 B |
| `java/util/concurrent/ThreadPoolExecutor$Worker`                        |    48 B |     48 B |
| `java/util/concurrent/ThreadPoolExecutor$Worker`                        |    48 B |     48 B |
| `java/util/concurrent/locks/AbstractQueuedSynchronizer$ConditionNode`   |    32 B |     32 B |
| `java/util/concurrent/locks/AbstractQueuedSynchronizer$ConditionObject` |    24 B |     24 B |
| `java/util/concurrent/atomic/AtomicInteger`                             |    16 B |     16 B |
| `java/util/concurrent/locks/ReentrantLock`                              |    16 B |     16 B |

- `java.util.concurrent.locks.AbstractQueuedSynchronizer$ConditionObject.awaitNanos (AbstractQueuedSynchronizer.java:1797)`
  - `java.util.concurrent.locks.AbstractQueuedSynchronizer$ConditionNode` retains 32 B (8.3%)
  - `java.util.concurrent.locks.AbstractQueuedSynchronizer$ConditionObject` retains 24 B (6.2%)
- `java.util.concurrent.LinkedBlockingQueue.poll (LinkedBlockingQueue.java:460)`
  - `java.util.concurrent.LinkedBlockingQueue` retains 144 B (37.5%)
  - `java.util.concurrent.TimeUnit` retains 80 B (20.8%)
  - `java.util.concurrent.atomic.AtomicInteger` retains 16 B (4.2%)
  - `java.util.concurrent.locks.ReentrantLock` retains 16 B (4.2%)
- `java.util.concurrent.ThreadPoolExecutor.getTask (ThreadPoolExecutor.java:1069)`
  - `java.util.concurrent.ThreadPoolExecutor` retains 4.6 KB (1233.3%)
- `java.util.concurrent.ThreadPoolExecutor.runWorker (ThreadPoolExecutor.java:1130)`
  - `java.util.concurrent.ThreadPoolExecutor` retains 4.6 KB (1233.3%)
  - `java.util.concurrent.ThreadPoolExecutor$Worker` retains 48 B (12.5%)
- `java.util.concurrent.ThreadPoolExecutor$Worker.run (ThreadPoolExecutor.java:642)`
  - `java.util.concurrent.ThreadPoolExecutor$Worker` retains 48 B (12.5%)
- `java.lang.Thread.runWith (Thread.java:1596)`
  - `java.lang.Class` retains 128 B (33.3%)
  - `java.util.concurrent.ThreadPoolExecutor$Worker` retains 48 B (12.5%)
- `java.lang.Thread.run (Thread.java:1583)`
  - `java.lang.Class` retains 128 B (33.3%)
  - `java.util.concurrent.ThreadPoolExecutor$Worker` retains 48 B (12.5%)

<a id="thread-107"></a>

### Thread 107 "block-manager-storage-async-thread-pool-26" (java/lang/Thread)

_Local roots: 13._

**Local root objects:**

| Object                                                                  | Shallow | Retained |
| ----------------------------------------------------------------------- | ------: | -------: |
| `java/util/concurrent/ThreadPoolExecutor`                               |    80 B |   4.6 KB |
| `java/util/concurrent/ThreadPoolExecutor`                               |    80 B |   4.6 KB |
| `java/util/concurrent/LinkedBlockingQueue`                              |    48 B |    144 B |
| `java/lang/Class`                                                       |    32 B |    128 B |
| `java/lang/Class`                                                       |    32 B |    128 B |
| `java/util/concurrent/ThreadPoolExecutor$Worker`                        |    48 B |     48 B |
| `java/util/concurrent/ThreadPoolExecutor$Worker`                        |    48 B |     48 B |
| `java/util/concurrent/ThreadPoolExecutor$Worker`                        |    48 B |     48 B |
| `java/util/concurrent/ThreadPoolExecutor$Worker`                        |    48 B |     48 B |
| `java/util/concurrent/locks/AbstractQueuedSynchronizer$ConditionNode`   |    32 B |     32 B |
| `java/util/concurrent/locks/AbstractQueuedSynchronizer$ConditionObject` |    24 B |     24 B |
| `java/util/concurrent/atomic/AtomicInteger`                             |    16 B |     16 B |
| `java/util/concurrent/locks/ReentrantLock`                              |    16 B |     16 B |

- `java.util.concurrent.locks.AbstractQueuedSynchronizer$ConditionObject.awaitNanos (AbstractQueuedSynchronizer.java:1797)`
  - `java.util.concurrent.locks.AbstractQueuedSynchronizer$ConditionNode` retains 32 B (4.0%)
  - `java.util.concurrent.locks.AbstractQueuedSynchronizer$ConditionObject` retains 24 B (3.0%)
- `java.util.concurrent.LinkedBlockingQueue.poll (LinkedBlockingQueue.java:460)`
  - `java.util.concurrent.LinkedBlockingQueue` retains 144 B (17.8%)
  - `java.util.concurrent.atomic.AtomicInteger` retains 16 B (2.0%)
  - `java.util.concurrent.locks.ReentrantLock` retains 16 B (2.0%)
- `java.util.concurrent.ThreadPoolExecutor.getTask (ThreadPoolExecutor.java:1069)`
  - `java.util.concurrent.ThreadPoolExecutor` retains 4.6 KB (586.1%)
- `java.util.concurrent.ThreadPoolExecutor.runWorker (ThreadPoolExecutor.java:1130)`
  - `java.util.concurrent.ThreadPoolExecutor` retains 4.6 KB (586.1%)
  - `java.util.concurrent.ThreadPoolExecutor$Worker` retains 48 B (5.9%)
- `java.util.concurrent.ThreadPoolExecutor$Worker.run (ThreadPoolExecutor.java:642)`
  - `java.util.concurrent.ThreadPoolExecutor$Worker` retains 48 B (5.9%)
- `java.lang.Thread.runWith (Thread.java:1596)`
  - `java.lang.Class` retains 128 B (15.8%)
  - `java.util.concurrent.ThreadPoolExecutor$Worker` retains 48 B (5.9%)
- `java.lang.Thread.run (Thread.java:1583)`
  - `java.lang.Class` retains 128 B (15.8%)
  - `java.util.concurrent.ThreadPoolExecutor$Worker` retains 48 B (5.9%)

<a id="thread-108"></a>

### Thread 108 "block-manager-ask-thread-pool-16" (java/lang/Thread)

_Local roots: 13._

**Local root objects:**

| Object                                                                  | Shallow | Retained |
| ----------------------------------------------------------------------- | ------: | -------: |
| `java/util/concurrent/ThreadPoolExecutor`                               |    80 B |   4.6 KB |
| `java/util/concurrent/ThreadPoolExecutor`                               |    80 B |   4.6 KB |
| `java/util/concurrent/LinkedBlockingQueue`                              |    48 B |    144 B |
| `java/lang/Class`                                                       |    32 B |    128 B |
| `java/lang/Class`                                                       |    32 B |    128 B |
| `java/util/concurrent/ThreadPoolExecutor$Worker`                        |    48 B |     48 B |
| `java/util/concurrent/ThreadPoolExecutor$Worker`                        |    48 B |     48 B |
| `java/util/concurrent/ThreadPoolExecutor$Worker`                        |    48 B |     48 B |
| `java/util/concurrent/ThreadPoolExecutor$Worker`                        |    48 B |     48 B |
| `java/util/concurrent/locks/AbstractQueuedSynchronizer$ConditionNode`   |    32 B |     32 B |
| `java/util/concurrent/locks/AbstractQueuedSynchronizer$ConditionObject` |    24 B |     24 B |
| `java/util/concurrent/atomic/AtomicInteger`                             |    16 B |     16 B |
| `java/util/concurrent/locks/ReentrantLock`                              |    16 B |     16 B |

- `java.util.concurrent.locks.AbstractQueuedSynchronizer$ConditionObject.awaitNanos (AbstractQueuedSynchronizer.java:1797)`
  - `java.util.concurrent.locks.AbstractQueuedSynchronizer$ConditionNode` retains 32 B (6.3%)
  - `java.util.concurrent.locks.AbstractQueuedSynchronizer$ConditionObject` retains 24 B (4.8%)
- `java.util.concurrent.LinkedBlockingQueue.poll (LinkedBlockingQueue.java:460)`
  - `java.util.concurrent.LinkedBlockingQueue` retains 144 B (28.6%)
  - `java.util.concurrent.atomic.AtomicInteger` retains 16 B (3.2%)
  - `java.util.concurrent.locks.ReentrantLock` retains 16 B (3.2%)
- `java.util.concurrent.ThreadPoolExecutor.getTask (ThreadPoolExecutor.java:1069)`
  - `java.util.concurrent.ThreadPoolExecutor` retains 4.6 KB (936.5%)
- `java.util.concurrent.ThreadPoolExecutor.runWorker (ThreadPoolExecutor.java:1130)`
  - `java.util.concurrent.ThreadPoolExecutor` retains 4.6 KB (936.5%)
  - `java.util.concurrent.ThreadPoolExecutor$Worker` retains 48 B (9.5%)
- `java.util.concurrent.ThreadPoolExecutor$Worker.run (ThreadPoolExecutor.java:642)`
  - `java.util.concurrent.ThreadPoolExecutor$Worker` retains 48 B (9.5%)
- `java.lang.Thread.runWith (Thread.java:1596)`
  - `java.lang.Class` retains 128 B (25.4%)
  - `java.util.concurrent.ThreadPoolExecutor$Worker` retains 48 B (9.5%)
- `java.lang.Thread.run (Thread.java:1583)`
  - `java.lang.Class` retains 128 B (25.4%)
  - `java.util.concurrent.ThreadPoolExecutor$Worker` retains 48 B (9.5%)

<a id="thread-109"></a>

### Thread 109 "block-manager-ask-thread-pool-17" (java/lang/Thread)

_Local roots: 14._

**Local root objects:**

| Object                                                                  | Shallow | Retained |
| ----------------------------------------------------------------------- | ------: | -------: |
| `java/util/concurrent/ThreadPoolExecutor`                               |    80 B |   4.6 KB |
| `java/util/concurrent/ThreadPoolExecutor`                               |    80 B |   4.6 KB |
| `java/util/concurrent/LinkedBlockingQueue`                              |    48 B |    144 B |
| `java/lang/Class`                                                       |    32 B |    128 B |
| `java/lang/Class`                                                       |    32 B |    128 B |
| `java/util/concurrent/TimeUnit`                                         |    80 B |     80 B |
| `java/util/concurrent/ThreadPoolExecutor$Worker`                        |    48 B |     48 B |
| `java/util/concurrent/ThreadPoolExecutor$Worker`                        |    48 B |     48 B |
| `java/util/concurrent/ThreadPoolExecutor$Worker`                        |    48 B |     48 B |
| `java/util/concurrent/ThreadPoolExecutor$Worker`                        |    48 B |     48 B |
| `java/util/concurrent/locks/AbstractQueuedSynchronizer$ConditionNode`   |    32 B |     32 B |
| `java/util/concurrent/locks/AbstractQueuedSynchronizer$ConditionObject` |    24 B |     24 B |
| `java/util/concurrent/atomic/AtomicInteger`                             |    16 B |     16 B |
| `java/util/concurrent/locks/ReentrantLock`                              |    16 B |     16 B |

- `java.util.concurrent.locks.AbstractQueuedSynchronizer$ConditionObject.awaitNanos (AbstractQueuedSynchronizer.java:1797)`
  - `java.util.concurrent.locks.AbstractQueuedSynchronizer$ConditionNode` retains 32 B (6.3%)
  - `java.util.concurrent.locks.AbstractQueuedSynchronizer$ConditionObject` retains 24 B (4.8%)
- `java.util.concurrent.LinkedBlockingQueue.poll (LinkedBlockingQueue.java:460)`
  - `java.util.concurrent.LinkedBlockingQueue` retains 144 B (28.6%)
  - `java.util.concurrent.TimeUnit` retains 80 B (15.9%)
  - `java.util.concurrent.atomic.AtomicInteger` retains 16 B (3.2%)
  - `java.util.concurrent.locks.ReentrantLock` retains 16 B (3.2%)
- `java.util.concurrent.ThreadPoolExecutor.getTask (ThreadPoolExecutor.java:1069)`
  - `java.util.concurrent.ThreadPoolExecutor` retains 4.6 KB (936.5%)
- `java.util.concurrent.ThreadPoolExecutor.runWorker (ThreadPoolExecutor.java:1130)`
  - `java.util.concurrent.ThreadPoolExecutor` retains 4.6 KB (936.5%)
  - `java.util.concurrent.ThreadPoolExecutor$Worker` retains 48 B (9.5%)
- `java.util.concurrent.ThreadPoolExecutor$Worker.run (ThreadPoolExecutor.java:642)`
  - `java.util.concurrent.ThreadPoolExecutor$Worker` retains 48 B (9.5%)
- `java.lang.Thread.runWith (Thread.java:1596)`
  - `java.lang.Class` retains 128 B (25.4%)
  - `java.util.concurrent.ThreadPoolExecutor$Worker` retains 48 B (9.5%)
- `java.lang.Thread.run (Thread.java:1583)`
  - `java.lang.Class` retains 128 B (25.4%)
  - `java.util.concurrent.ThreadPoolExecutor$Worker` retains 48 B (9.5%)

<a id="thread-110"></a>

### Thread 110 "block-manager-storage-async-thread-pool-27" (java/lang/Thread)

_Local roots: 14._

**Local root objects:**

| Object                                                                  | Shallow | Retained |
| ----------------------------------------------------------------------- | ------: | -------: |
| `java/util/concurrent/ThreadPoolExecutor`                               |    80 B |   4.6 KB |
| `java/util/concurrent/ThreadPoolExecutor`                               |    80 B |   4.6 KB |
| `java/util/concurrent/LinkedBlockingQueue`                              |    48 B |    144 B |
| `java/lang/Class`                                                       |    32 B |    128 B |
| `java/lang/Class`                                                       |    32 B |    128 B |
| `java/util/concurrent/TimeUnit`                                         |    80 B |     80 B |
| `java/util/concurrent/ThreadPoolExecutor$Worker`                        |    48 B |     48 B |
| `java/util/concurrent/ThreadPoolExecutor$Worker`                        |    48 B |     48 B |
| `java/util/concurrent/ThreadPoolExecutor$Worker`                        |    48 B |     48 B |
| `java/util/concurrent/ThreadPoolExecutor$Worker`                        |    48 B |     48 B |
| `java/util/concurrent/locks/AbstractQueuedSynchronizer$ConditionNode`   |    32 B |     32 B |
| `java/util/concurrent/locks/AbstractQueuedSynchronizer$ConditionObject` |    24 B |     24 B |
| `java/util/concurrent/atomic/AtomicInteger`                             |    16 B |     16 B |
| `java/util/concurrent/locks/ReentrantLock`                              |    16 B |     16 B |

- `java.util.concurrent.locks.AbstractQueuedSynchronizer$ConditionObject.awaitNanos (AbstractQueuedSynchronizer.java:1797)`
  - `java.util.concurrent.locks.AbstractQueuedSynchronizer$ConditionNode` retains 32 B (5.8%)
  - `java.util.concurrent.locks.AbstractQueuedSynchronizer$ConditionObject` retains 24 B (4.3%)
- `java.util.concurrent.LinkedBlockingQueue.poll (LinkedBlockingQueue.java:460)`
  - `java.util.concurrent.LinkedBlockingQueue` retains 144 B (26.1%)
  - `java.util.concurrent.TimeUnit` retains 80 B (14.5%)
  - `java.util.concurrent.atomic.AtomicInteger` retains 16 B (2.9%)
  - `java.util.concurrent.locks.ReentrantLock` retains 16 B (2.9%)
- `java.util.concurrent.ThreadPoolExecutor.getTask (ThreadPoolExecutor.java:1069)`
  - `java.util.concurrent.ThreadPoolExecutor` retains 4.6 KB (858.0%)
- `java.util.concurrent.ThreadPoolExecutor.runWorker (ThreadPoolExecutor.java:1130)`
  - `java.util.concurrent.ThreadPoolExecutor` retains 4.6 KB (858.0%)
  - `java.util.concurrent.ThreadPoolExecutor$Worker` retains 48 B (8.7%)
- `java.util.concurrent.ThreadPoolExecutor$Worker.run (ThreadPoolExecutor.java:642)`
  - `java.util.concurrent.ThreadPoolExecutor$Worker` retains 48 B (8.7%)
- `java.lang.Thread.runWith (Thread.java:1596)`
  - `java.lang.Class` retains 128 B (23.2%)
  - `java.util.concurrent.ThreadPoolExecutor$Worker` retains 48 B (8.7%)
- `java.lang.Thread.run (Thread.java:1583)`
  - `java.lang.Class` retains 128 B (23.2%)
  - `java.util.concurrent.ThreadPoolExecutor$Worker` retains 48 B (8.7%)

<a id="thread-111"></a>

### Thread 111 "block-manager-storage-async-thread-pool-28" (java/lang/Thread)

_Local roots: 14._

**Local root objects:**

| Object                                                                  | Shallow | Retained |
| ----------------------------------------------------------------------- | ------: | -------: |
| `java/util/concurrent/ThreadPoolExecutor`                               |    80 B |   4.6 KB |
| `java/util/concurrent/ThreadPoolExecutor`                               |    80 B |   4.6 KB |
| `java/util/concurrent/LinkedBlockingQueue`                              |    48 B |    144 B |
| `java/lang/Class`                                                       |    32 B |    128 B |
| `java/lang/Class`                                                       |    32 B |    128 B |
| `java/util/concurrent/TimeUnit`                                         |    80 B |     80 B |
| `java/util/concurrent/ThreadPoolExecutor$Worker`                        |    48 B |     48 B |
| `java/util/concurrent/ThreadPoolExecutor$Worker`                        |    48 B |     48 B |
| `java/util/concurrent/ThreadPoolExecutor$Worker`                        |    48 B |     48 B |
| `java/util/concurrent/ThreadPoolExecutor$Worker`                        |    48 B |     48 B |
| `java/util/concurrent/locks/AbstractQueuedSynchronizer$ConditionNode`   |    32 B |     32 B |
| `java/util/concurrent/locks/AbstractQueuedSynchronizer$ConditionObject` |    24 B |     24 B |
| `java/util/concurrent/atomic/AtomicInteger`                             |    16 B |     16 B |
| `java/util/concurrent/locks/ReentrantLock`                              |    16 B |     16 B |

- `java.util.concurrent.locks.AbstractQueuedSynchronizer$ConditionObject.awaitNanos (AbstractQueuedSynchronizer.java:1797)`
  - `java.util.concurrent.locks.AbstractQueuedSynchronizer$ConditionNode` retains 32 B (8.3%)
  - `java.util.concurrent.locks.AbstractQueuedSynchronizer$ConditionObject` retains 24 B (6.2%)
- `java.util.concurrent.LinkedBlockingQueue.poll (LinkedBlockingQueue.java:460)`
  - `java.util.concurrent.LinkedBlockingQueue` retains 144 B (37.5%)
  - `java.util.concurrent.TimeUnit` retains 80 B (20.8%)
  - `java.util.concurrent.atomic.AtomicInteger` retains 16 B (4.2%)
  - `java.util.concurrent.locks.ReentrantLock` retains 16 B (4.2%)
- `java.util.concurrent.ThreadPoolExecutor.getTask (ThreadPoolExecutor.java:1069)`
  - `java.util.concurrent.ThreadPoolExecutor` retains 4.6 KB (1233.3%)
- `java.util.concurrent.ThreadPoolExecutor.runWorker (ThreadPoolExecutor.java:1130)`
  - `java.util.concurrent.ThreadPoolExecutor` retains 4.6 KB (1233.3%)
  - `java.util.concurrent.ThreadPoolExecutor$Worker` retains 48 B (12.5%)
- `java.util.concurrent.ThreadPoolExecutor$Worker.run (ThreadPoolExecutor.java:642)`
  - `java.util.concurrent.ThreadPoolExecutor$Worker` retains 48 B (12.5%)
- `java.lang.Thread.runWith (Thread.java:1596)`
  - `java.lang.Class` retains 128 B (33.3%)
  - `java.util.concurrent.ThreadPoolExecutor$Worker` retains 48 B (12.5%)
- `java.lang.Thread.run (Thread.java:1583)`
  - `java.lang.Class` retains 128 B (33.3%)
  - `java.util.concurrent.ThreadPoolExecutor$Worker` retains 48 B (12.5%)

<a id="thread-112"></a>

### Thread 112 "block-manager-storage-async-thread-pool-29" (java/lang/Thread)

_Local roots: 13._

**Local root objects:**

| Object                                                                  | Shallow | Retained |
| ----------------------------------------------------------------------- | ------: | -------: |
| `java/util/concurrent/ThreadPoolExecutor`                               |    80 B |   4.6 KB |
| `java/util/concurrent/ThreadPoolExecutor`                               |    80 B |   4.6 KB |
| `java/util/concurrent/LinkedBlockingQueue`                              |    48 B |    144 B |
| `java/lang/Class`                                                       |    32 B |    128 B |
| `java/lang/Class`                                                       |    32 B |    128 B |
| `java/util/concurrent/ThreadPoolExecutor$Worker`                        |    48 B |     48 B |
| `java/util/concurrent/ThreadPoolExecutor$Worker`                        |    48 B |     48 B |
| `java/util/concurrent/ThreadPoolExecutor$Worker`                        |    48 B |     48 B |
| `java/util/concurrent/ThreadPoolExecutor$Worker`                        |    48 B |     48 B |
| `java/util/concurrent/locks/AbstractQueuedSynchronizer$ConditionNode`   |    32 B |     32 B |
| `java/util/concurrent/locks/AbstractQueuedSynchronizer$ConditionObject` |    24 B |     24 B |
| `java/util/concurrent/atomic/AtomicInteger`                             |    16 B |     16 B |
| `java/util/concurrent/locks/ReentrantLock`                              |    16 B |     16 B |

- `java.util.concurrent.locks.AbstractQueuedSynchronizer$ConditionObject.awaitNanos (AbstractQueuedSynchronizer.java:1797)`
  - `java.util.concurrent.locks.AbstractQueuedSynchronizer$ConditionNode` retains 32 B (5.8%)
  - `java.util.concurrent.locks.AbstractQueuedSynchronizer$ConditionObject` retains 24 B (4.3%)
- `java.util.concurrent.LinkedBlockingQueue.poll (LinkedBlockingQueue.java:460)`
  - `java.util.concurrent.LinkedBlockingQueue` retains 144 B (26.1%)
  - `java.util.concurrent.atomic.AtomicInteger` retains 16 B (2.9%)
  - `java.util.concurrent.locks.ReentrantLock` retains 16 B (2.9%)
- `java.util.concurrent.ThreadPoolExecutor.getTask (ThreadPoolExecutor.java:1069)`
  - `java.util.concurrent.ThreadPoolExecutor` retains 4.6 KB (858.0%)
- `java.util.concurrent.ThreadPoolExecutor.runWorker (ThreadPoolExecutor.java:1130)`
  - `java.util.concurrent.ThreadPoolExecutor` retains 4.6 KB (858.0%)
  - `java.util.concurrent.ThreadPoolExecutor$Worker` retains 48 B (8.7%)
- `java.util.concurrent.ThreadPoolExecutor$Worker.run (ThreadPoolExecutor.java:642)`
  - `java.util.concurrent.ThreadPoolExecutor$Worker` retains 48 B (8.7%)
- `java.lang.Thread.runWith (Thread.java:1596)`
  - `java.lang.Class` retains 128 B (23.2%)
  - `java.util.concurrent.ThreadPoolExecutor$Worker` retains 48 B (8.7%)
- `java.lang.Thread.run (Thread.java:1583)`
  - `java.lang.Class` retains 128 B (23.2%)
  - `java.util.concurrent.ThreadPoolExecutor$Worker` retains 48 B (8.7%)

<a id="thread-113"></a>

### Thread 113 "block-manager-ask-thread-pool-18" (java/lang/Thread)

_Local roots: 13._

**Local root objects:**

| Object                                                                  | Shallow | Retained |
| ----------------------------------------------------------------------- | ------: | -------: |
| `java/util/concurrent/ThreadPoolExecutor`                               |    80 B |   4.6 KB |
| `java/util/concurrent/ThreadPoolExecutor`                               |    80 B |   4.6 KB |
| `java/util/concurrent/LinkedBlockingQueue`                              |    48 B |    144 B |
| `java/lang/Class`                                                       |    32 B |    128 B |
| `java/lang/Class`                                                       |    32 B |    128 B |
| `java/util/concurrent/ThreadPoolExecutor$Worker`                        |    48 B |     48 B |
| `java/util/concurrent/ThreadPoolExecutor$Worker`                        |    48 B |     48 B |
| `java/util/concurrent/ThreadPoolExecutor$Worker`                        |    48 B |     48 B |
| `java/util/concurrent/ThreadPoolExecutor$Worker`                        |    48 B |     48 B |
| `java/util/concurrent/locks/AbstractQueuedSynchronizer$ConditionNode`   |    32 B |     32 B |
| `java/util/concurrent/locks/AbstractQueuedSynchronizer$ConditionObject` |    24 B |     24 B |
| `java/util/concurrent/atomic/AtomicInteger`                             |    16 B |     16 B |
| `java/util/concurrent/locks/ReentrantLock`                              |    16 B |     16 B |

- `java.util.concurrent.locks.AbstractQueuedSynchronizer$ConditionObject.awaitNanos (AbstractQueuedSynchronizer.java:1797)`
  - `java.util.concurrent.locks.AbstractQueuedSynchronizer$ConditionNode` retains 32 B (6.3%)
  - `java.util.concurrent.locks.AbstractQueuedSynchronizer$ConditionObject` retains 24 B (4.8%)
- `java.util.concurrent.LinkedBlockingQueue.poll (LinkedBlockingQueue.java:460)`
  - `java.util.concurrent.LinkedBlockingQueue` retains 144 B (28.6%)
  - `java.util.concurrent.atomic.AtomicInteger` retains 16 B (3.2%)
  - `java.util.concurrent.locks.ReentrantLock` retains 16 B (3.2%)
- `java.util.concurrent.ThreadPoolExecutor.getTask (ThreadPoolExecutor.java:1069)`
  - `java.util.concurrent.ThreadPoolExecutor` retains 4.6 KB (936.5%)
- `java.util.concurrent.ThreadPoolExecutor.runWorker (ThreadPoolExecutor.java:1130)`
  - `java.util.concurrent.ThreadPoolExecutor` retains 4.6 KB (936.5%)
  - `java.util.concurrent.ThreadPoolExecutor$Worker` retains 48 B (9.5%)
- `java.util.concurrent.ThreadPoolExecutor$Worker.run (ThreadPoolExecutor.java:642)`
  - `java.util.concurrent.ThreadPoolExecutor$Worker` retains 48 B (9.5%)
- `java.lang.Thread.runWith (Thread.java:1596)`
  - `java.lang.Class` retains 128 B (25.4%)
  - `java.util.concurrent.ThreadPoolExecutor$Worker` retains 48 B (9.5%)
- `java.lang.Thread.run (Thread.java:1583)`
  - `java.lang.Class` retains 128 B (25.4%)
  - `java.util.concurrent.ThreadPoolExecutor$Worker` retains 48 B (9.5%)

<a id="thread-114"></a>

### Thread 114 "block-manager-ask-thread-pool-19" (java/lang/Thread)

_Local roots: 14._

**Local root objects:**

| Object                                                                  | Shallow | Retained |
| ----------------------------------------------------------------------- | ------: | -------: |
| `java/util/concurrent/ThreadPoolExecutor`                               |    80 B |   4.6 KB |
| `java/util/concurrent/ThreadPoolExecutor`                               |    80 B |   4.6 KB |
| `java/util/concurrent/LinkedBlockingQueue`                              |    48 B |    144 B |
| `java/lang/Class`                                                       |    32 B |    128 B |
| `java/lang/Class`                                                       |    32 B |    128 B |
| `java/util/concurrent/TimeUnit`                                         |    80 B |     80 B |
| `java/util/concurrent/ThreadPoolExecutor$Worker`                        |    48 B |     48 B |
| `java/util/concurrent/ThreadPoolExecutor$Worker`                        |    48 B |     48 B |
| `java/util/concurrent/ThreadPoolExecutor$Worker`                        |    48 B |     48 B |
| `java/util/concurrent/ThreadPoolExecutor$Worker`                        |    48 B |     48 B |
| `java/util/concurrent/locks/AbstractQueuedSynchronizer$ConditionNode`   |    32 B |     32 B |
| `java/util/concurrent/locks/AbstractQueuedSynchronizer$ConditionObject` |    24 B |     24 B |
| `java/util/concurrent/atomic/AtomicInteger`                             |    16 B |     16 B |
| `java/util/concurrent/locks/ReentrantLock`                              |    16 B |     16 B |

- `java.util.concurrent.locks.AbstractQueuedSynchronizer$ConditionObject.awaitNanos (AbstractQueuedSynchronizer.java:1797)`
  - `java.util.concurrent.locks.AbstractQueuedSynchronizer$ConditionNode` retains 32 B (6.3%)
  - `java.util.concurrent.locks.AbstractQueuedSynchronizer$ConditionObject` retains 24 B (4.8%)
- `java.util.concurrent.LinkedBlockingQueue.poll (LinkedBlockingQueue.java:460)`
  - `java.util.concurrent.LinkedBlockingQueue` retains 144 B (28.6%)
  - `java.util.concurrent.TimeUnit` retains 80 B (15.9%)
  - `java.util.concurrent.atomic.AtomicInteger` retains 16 B (3.2%)
  - `java.util.concurrent.locks.ReentrantLock` retains 16 B (3.2%)
- `java.util.concurrent.ThreadPoolExecutor.getTask (ThreadPoolExecutor.java:1069)`
  - `java.util.concurrent.ThreadPoolExecutor` retains 4.6 KB (936.5%)
- `java.util.concurrent.ThreadPoolExecutor.runWorker (ThreadPoolExecutor.java:1130)`
  - `java.util.concurrent.ThreadPoolExecutor` retains 4.6 KB (936.5%)
  - `java.util.concurrent.ThreadPoolExecutor$Worker` retains 48 B (9.5%)
- `java.util.concurrent.ThreadPoolExecutor$Worker.run (ThreadPoolExecutor.java:642)`
  - `java.util.concurrent.ThreadPoolExecutor$Worker` retains 48 B (9.5%)
- `java.lang.Thread.runWith (Thread.java:1596)`
  - `java.lang.Class` retains 128 B (25.4%)
  - `java.util.concurrent.ThreadPoolExecutor$Worker` retains 48 B (9.5%)
- `java.lang.Thread.run (Thread.java:1583)`
  - `java.lang.Class` retains 128 B (25.4%)
  - `java.util.concurrent.ThreadPoolExecutor$Worker` retains 48 B (9.5%)

<a id="thread-115"></a>

### Thread 115 "block-manager-storage-async-thread-pool-30" (java/lang/Thread)

_Local roots: 14._

**Local root objects:**

| Object                                                                  | Shallow | Retained |
| ----------------------------------------------------------------------- | ------: | -------: |
| `java/util/concurrent/ThreadPoolExecutor`                               |    80 B |   4.6 KB |
| `java/util/concurrent/ThreadPoolExecutor`                               |    80 B |   4.6 KB |
| `java/util/concurrent/LinkedBlockingQueue`                              |    48 B |    144 B |
| `java/lang/Class`                                                       |    32 B |    128 B |
| `java/lang/Class`                                                       |    32 B |    128 B |
| `java/util/concurrent/TimeUnit`                                         |    80 B |     80 B |
| `java/util/concurrent/ThreadPoolExecutor$Worker`                        |    48 B |     48 B |
| `java/util/concurrent/ThreadPoolExecutor$Worker`                        |    48 B |     48 B |
| `java/util/concurrent/ThreadPoolExecutor$Worker`                        |    48 B |     48 B |
| `java/util/concurrent/ThreadPoolExecutor$Worker`                        |    48 B |     48 B |
| `java/util/concurrent/locks/AbstractQueuedSynchronizer$ConditionNode`   |    32 B |     32 B |
| `java/util/concurrent/locks/AbstractQueuedSynchronizer$ConditionObject` |    24 B |     24 B |
| `java/util/concurrent/atomic/AtomicInteger`                             |    16 B |     16 B |
| `java/util/concurrent/locks/ReentrantLock`                              |    16 B |     16 B |

- `java.util.concurrent.locks.AbstractQueuedSynchronizer$ConditionObject.awaitNanos (AbstractQueuedSynchronizer.java:1797)`
  - `java.util.concurrent.locks.AbstractQueuedSynchronizer$ConditionNode` retains 32 B (5.8%)
  - `java.util.concurrent.locks.AbstractQueuedSynchronizer$ConditionObject` retains 24 B (4.3%)
- `java.util.concurrent.LinkedBlockingQueue.poll (LinkedBlockingQueue.java:460)`
  - `java.util.concurrent.LinkedBlockingQueue` retains 144 B (26.1%)
  - `java.util.concurrent.TimeUnit` retains 80 B (14.5%)
  - `java.util.concurrent.atomic.AtomicInteger` retains 16 B (2.9%)
  - `java.util.concurrent.locks.ReentrantLock` retains 16 B (2.9%)
- `java.util.concurrent.ThreadPoolExecutor.getTask (ThreadPoolExecutor.java:1069)`
  - `java.util.concurrent.ThreadPoolExecutor` retains 4.6 KB (858.0%)
- `java.util.concurrent.ThreadPoolExecutor.runWorker (ThreadPoolExecutor.java:1130)`
  - `java.util.concurrent.ThreadPoolExecutor` retains 4.6 KB (858.0%)
  - `java.util.concurrent.ThreadPoolExecutor$Worker` retains 48 B (8.7%)
- `java.util.concurrent.ThreadPoolExecutor$Worker.run (ThreadPoolExecutor.java:642)`
  - `java.util.concurrent.ThreadPoolExecutor$Worker` retains 48 B (8.7%)
- `java.lang.Thread.runWith (Thread.java:1596)`
  - `java.lang.Class` retains 128 B (23.2%)
  - `java.util.concurrent.ThreadPoolExecutor$Worker` retains 48 B (8.7%)
- `java.lang.Thread.run (Thread.java:1583)`
  - `java.lang.Class` retains 128 B (23.2%)
  - `java.util.concurrent.ThreadPoolExecutor$Worker` retains 48 B (8.7%)

<a id="thread-116"></a>

### Thread 116 "block-manager-storage-async-thread-pool-31" (java/lang/Thread)

_Local roots: 14._

**Local root objects:**

| Object                                                                  | Shallow | Retained |
| ----------------------------------------------------------------------- | ------: | -------: |
| `java/util/concurrent/ThreadPoolExecutor`                               |    80 B |   4.6 KB |
| `java/util/concurrent/ThreadPoolExecutor`                               |    80 B |   4.6 KB |
| `java/util/concurrent/LinkedBlockingQueue`                              |    48 B |    144 B |
| `java/lang/Class`                                                       |    32 B |    128 B |
| `java/lang/Class`                                                       |    32 B |    128 B |
| `java/util/concurrent/TimeUnit`                                         |    80 B |     80 B |
| `java/util/concurrent/ThreadPoolExecutor$Worker`                        |    48 B |     48 B |
| `java/util/concurrent/ThreadPoolExecutor$Worker`                        |    48 B |     48 B |
| `java/util/concurrent/ThreadPoolExecutor$Worker`                        |    48 B |     48 B |
| `java/util/concurrent/ThreadPoolExecutor$Worker`                        |    48 B |     48 B |
| `java/util/concurrent/locks/AbstractQueuedSynchronizer$ConditionNode`   |    32 B |     32 B |
| `java/util/concurrent/locks/AbstractQueuedSynchronizer$ConditionObject` |    24 B |     24 B |
| `java/util/concurrent/atomic/AtomicInteger`                             |    16 B |     16 B |
| `java/util/concurrent/locks/ReentrantLock`                              |    16 B |     16 B |

- `java.util.concurrent.locks.AbstractQueuedSynchronizer$ConditionObject.awaitNanos (AbstractQueuedSynchronizer.java:1797)`
  - `java.util.concurrent.locks.AbstractQueuedSynchronizer$ConditionNode` retains 32 B (8.3%)
  - `java.util.concurrent.locks.AbstractQueuedSynchronizer$ConditionObject` retains 24 B (6.2%)
- `java.util.concurrent.LinkedBlockingQueue.poll (LinkedBlockingQueue.java:460)`
  - `java.util.concurrent.LinkedBlockingQueue` retains 144 B (37.5%)
  - `java.util.concurrent.TimeUnit` retains 80 B (20.8%)
  - `java.util.concurrent.atomic.AtomicInteger` retains 16 B (4.2%)
  - `java.util.concurrent.locks.ReentrantLock` retains 16 B (4.2%)
- `java.util.concurrent.ThreadPoolExecutor.getTask (ThreadPoolExecutor.java:1069)`
  - `java.util.concurrent.ThreadPoolExecutor` retains 4.6 KB (1233.3%)
- `java.util.concurrent.ThreadPoolExecutor.runWorker (ThreadPoolExecutor.java:1130)`
  - `java.util.concurrent.ThreadPoolExecutor` retains 4.6 KB (1233.3%)
  - `java.util.concurrent.ThreadPoolExecutor$Worker` retains 48 B (12.5%)
- `java.util.concurrent.ThreadPoolExecutor$Worker.run (ThreadPoolExecutor.java:642)`
  - `java.util.concurrent.ThreadPoolExecutor$Worker` retains 48 B (12.5%)
- `java.lang.Thread.runWith (Thread.java:1596)`
  - `java.lang.Class` retains 128 B (33.3%)
  - `java.util.concurrent.ThreadPoolExecutor$Worker` retains 48 B (12.5%)
- `java.lang.Thread.run (Thread.java:1583)`
  - `java.lang.Class` retains 128 B (33.3%)
  - `java.util.concurrent.ThreadPoolExecutor$Worker` retains 48 B (12.5%)

<a id="thread-117"></a>

### Thread 117 "block-manager-storage-async-thread-pool-32" (java/lang/Thread)

_Local roots: 13._

**Local root objects:**

| Object                                                                  | Shallow | Retained |
| ----------------------------------------------------------------------- | ------: | -------: |
| `java/util/concurrent/ThreadPoolExecutor`                               |    80 B |   4.6 KB |
| `java/util/concurrent/ThreadPoolExecutor`                               |    80 B |   4.6 KB |
| `java/util/concurrent/LinkedBlockingQueue`                              |    48 B |    144 B |
| `java/lang/Class`                                                       |    32 B |    128 B |
| `java/lang/Class`                                                       |    32 B |    128 B |
| `java/util/concurrent/ThreadPoolExecutor$Worker`                        |    48 B |     48 B |
| `java/util/concurrent/ThreadPoolExecutor$Worker`                        |    48 B |     48 B |
| `java/util/concurrent/ThreadPoolExecutor$Worker`                        |    48 B |     48 B |
| `java/util/concurrent/ThreadPoolExecutor$Worker`                        |    48 B |     48 B |
| `java/util/concurrent/locks/AbstractQueuedSynchronizer$ConditionNode`   |    32 B |     32 B |
| `java/util/concurrent/locks/AbstractQueuedSynchronizer$ConditionObject` |    24 B |     24 B |
| `java/util/concurrent/atomic/AtomicInteger`                             |    16 B |     16 B |
| `java/util/concurrent/locks/ReentrantLock`                              |    16 B |     16 B |

- `java.util.concurrent.locks.AbstractQueuedSynchronizer$ConditionObject.awaitNanos (AbstractQueuedSynchronizer.java:1797)`
  - `java.util.concurrent.locks.AbstractQueuedSynchronizer$ConditionNode` retains 32 B (5.8%)
  - `java.util.concurrent.locks.AbstractQueuedSynchronizer$ConditionObject` retains 24 B (4.3%)
- `java.util.concurrent.LinkedBlockingQueue.poll (LinkedBlockingQueue.java:460)`
  - `java.util.concurrent.LinkedBlockingQueue` retains 144 B (26.1%)
  - `java.util.concurrent.atomic.AtomicInteger` retains 16 B (2.9%)
  - `java.util.concurrent.locks.ReentrantLock` retains 16 B (2.9%)
- `java.util.concurrent.ThreadPoolExecutor.getTask (ThreadPoolExecutor.java:1069)`
  - `java.util.concurrent.ThreadPoolExecutor` retains 4.6 KB (858.0%)
- `java.util.concurrent.ThreadPoolExecutor.runWorker (ThreadPoolExecutor.java:1130)`
  - `java.util.concurrent.ThreadPoolExecutor` retains 4.6 KB (858.0%)
  - `java.util.concurrent.ThreadPoolExecutor$Worker` retains 48 B (8.7%)
- `java.util.concurrent.ThreadPoolExecutor$Worker.run (ThreadPoolExecutor.java:642)`
  - `java.util.concurrent.ThreadPoolExecutor$Worker` retains 48 B (8.7%)
- `java.lang.Thread.runWith (Thread.java:1596)`
  - `java.lang.Class` retains 128 B (23.2%)
  - `java.util.concurrent.ThreadPoolExecutor$Worker` retains 48 B (8.7%)
- `java.lang.Thread.run (Thread.java:1583)`
  - `java.lang.Class` retains 128 B (23.2%)
  - `java.util.concurrent.ThreadPoolExecutor$Worker` retains 48 B (8.7%)

<a id="thread-118"></a>

### Thread 118 "block-manager-ask-thread-pool-20" (java/lang/Thread)

_Local roots: 13._

**Local root objects:**

| Object                                                                  | Shallow | Retained |
| ----------------------------------------------------------------------- | ------: | -------: |
| `java/util/concurrent/ThreadPoolExecutor`                               |    80 B |   4.6 KB |
| `java/util/concurrent/ThreadPoolExecutor`                               |    80 B |   4.6 KB |
| `java/util/concurrent/LinkedBlockingQueue`                              |    48 B |    144 B |
| `java/lang/Class`                                                       |    32 B |    128 B |
| `java/lang/Class`                                                       |    32 B |    128 B |
| `java/util/concurrent/ThreadPoolExecutor$Worker`                        |    48 B |     48 B |
| `java/util/concurrent/ThreadPoolExecutor$Worker`                        |    48 B |     48 B |
| `java/util/concurrent/ThreadPoolExecutor$Worker`                        |    48 B |     48 B |
| `java/util/concurrent/ThreadPoolExecutor$Worker`                        |    48 B |     48 B |
| `java/util/concurrent/locks/AbstractQueuedSynchronizer$ConditionNode`   |    32 B |     32 B |
| `java/util/concurrent/locks/AbstractQueuedSynchronizer$ConditionObject` |    24 B |     24 B |
| `java/util/concurrent/atomic/AtomicInteger`                             |    16 B |     16 B |
| `java/util/concurrent/locks/ReentrantLock`                              |    16 B |     16 B |

- `java.util.concurrent.locks.AbstractQueuedSynchronizer$ConditionObject.awaitNanos (AbstractQueuedSynchronizer.java:1797)`
  - `java.util.concurrent.locks.AbstractQueuedSynchronizer$ConditionNode` retains 32 B (6.3%)
  - `java.util.concurrent.locks.AbstractQueuedSynchronizer$ConditionObject` retains 24 B (4.8%)
- `java.util.concurrent.LinkedBlockingQueue.poll (LinkedBlockingQueue.java:460)`
  - `java.util.concurrent.LinkedBlockingQueue` retains 144 B (28.6%)
  - `java.util.concurrent.atomic.AtomicInteger` retains 16 B (3.2%)
  - `java.util.concurrent.locks.ReentrantLock` retains 16 B (3.2%)
- `java.util.concurrent.ThreadPoolExecutor.getTask (ThreadPoolExecutor.java:1069)`
  - `java.util.concurrent.ThreadPoolExecutor` retains 4.6 KB (936.5%)
- `java.util.concurrent.ThreadPoolExecutor.runWorker (ThreadPoolExecutor.java:1130)`
  - `java.util.concurrent.ThreadPoolExecutor` retains 4.6 KB (936.5%)
  - `java.util.concurrent.ThreadPoolExecutor$Worker` retains 48 B (9.5%)
- `java.util.concurrent.ThreadPoolExecutor$Worker.run (ThreadPoolExecutor.java:642)`
  - `java.util.concurrent.ThreadPoolExecutor$Worker` retains 48 B (9.5%)
- `java.lang.Thread.runWith (Thread.java:1596)`
  - `java.lang.Class` retains 128 B (25.4%)
  - `java.util.concurrent.ThreadPoolExecutor$Worker` retains 48 B (9.5%)
- `java.lang.Thread.run (Thread.java:1583)`
  - `java.lang.Class` retains 128 B (25.4%)
  - `java.util.concurrent.ThreadPoolExecutor$Worker` retains 48 B (9.5%)

<a id="thread-119"></a>

### Thread 119 "block-manager-ask-thread-pool-21" (java/lang/Thread)

_Local roots: 14._

**Local root objects:**

| Object                                                                  | Shallow | Retained |
| ----------------------------------------------------------------------- | ------: | -------: |
| `java/util/concurrent/ThreadPoolExecutor`                               |    80 B |   4.6 KB |
| `java/util/concurrent/ThreadPoolExecutor`                               |    80 B |   4.6 KB |
| `java/util/concurrent/LinkedBlockingQueue`                              |    48 B |    144 B |
| `java/lang/Class`                                                       |    32 B |    128 B |
| `java/lang/Class`                                                       |    32 B |    128 B |
| `java/util/concurrent/TimeUnit`                                         |    80 B |     80 B |
| `java/util/concurrent/ThreadPoolExecutor$Worker`                        |    48 B |     48 B |
| `java/util/concurrent/ThreadPoolExecutor$Worker`                        |    48 B |     48 B |
| `java/util/concurrent/ThreadPoolExecutor$Worker`                        |    48 B |     48 B |
| `java/util/concurrent/ThreadPoolExecutor$Worker`                        |    48 B |     48 B |
| `java/util/concurrent/locks/AbstractQueuedSynchronizer$ConditionNode`   |    32 B |     32 B |
| `java/util/concurrent/locks/AbstractQueuedSynchronizer$ConditionObject` |    24 B |     24 B |
| `java/util/concurrent/atomic/AtomicInteger`                             |    16 B |     16 B |
| `java/util/concurrent/locks/ReentrantLock`                              |    16 B |     16 B |

- `java.util.concurrent.locks.AbstractQueuedSynchronizer$ConditionObject.awaitNanos (AbstractQueuedSynchronizer.java:1797)`
  - `java.util.concurrent.locks.AbstractQueuedSynchronizer$ConditionNode` retains 32 B (6.3%)
  - `java.util.concurrent.locks.AbstractQueuedSynchronizer$ConditionObject` retains 24 B (4.8%)
- `java.util.concurrent.LinkedBlockingQueue.poll (LinkedBlockingQueue.java:460)`
  - `java.util.concurrent.LinkedBlockingQueue` retains 144 B (28.6%)
  - `java.util.concurrent.TimeUnit` retains 80 B (15.9%)
  - `java.util.concurrent.atomic.AtomicInteger` retains 16 B (3.2%)
  - `java.util.concurrent.locks.ReentrantLock` retains 16 B (3.2%)
- `java.util.concurrent.ThreadPoolExecutor.getTask (ThreadPoolExecutor.java:1069)`
  - `java.util.concurrent.ThreadPoolExecutor` retains 4.6 KB (936.5%)
- `java.util.concurrent.ThreadPoolExecutor.runWorker (ThreadPoolExecutor.java:1130)`
  - `java.util.concurrent.ThreadPoolExecutor` retains 4.6 KB (936.5%)
  - `java.util.concurrent.ThreadPoolExecutor$Worker` retains 48 B (9.5%)
- `java.util.concurrent.ThreadPoolExecutor$Worker.run (ThreadPoolExecutor.java:642)`
  - `java.util.concurrent.ThreadPoolExecutor$Worker` retains 48 B (9.5%)
- `java.lang.Thread.runWith (Thread.java:1596)`
  - `java.lang.Class` retains 128 B (25.4%)
  - `java.util.concurrent.ThreadPoolExecutor$Worker` retains 48 B (9.5%)
- `java.lang.Thread.run (Thread.java:1583)`
  - `java.lang.Class` retains 128 B (25.4%)
  - `java.util.concurrent.ThreadPoolExecutor$Worker` retains 48 B (9.5%)

<a id="thread-120"></a>

### Thread 120 "block-manager-storage-async-thread-pool-33" (java/lang/Thread)

_Local roots: 14._

**Local root objects:**

| Object                                                                  | Shallow | Retained |
| ----------------------------------------------------------------------- | ------: | -------: |
| `java/util/concurrent/ThreadPoolExecutor`                               |    80 B |   4.6 KB |
| `java/util/concurrent/ThreadPoolExecutor`                               |    80 B |   4.6 KB |
| `java/util/concurrent/LinkedBlockingQueue`                              |    48 B |    144 B |
| `java/lang/Class`                                                       |    32 B |    128 B |
| `java/lang/Class`                                                       |    32 B |    128 B |
| `java/util/concurrent/TimeUnit`                                         |    80 B |     80 B |
| `java/util/concurrent/ThreadPoolExecutor$Worker`                        |    48 B |     48 B |
| `java/util/concurrent/ThreadPoolExecutor$Worker`                        |    48 B |     48 B |
| `java/util/concurrent/ThreadPoolExecutor$Worker`                        |    48 B |     48 B |
| `java/util/concurrent/ThreadPoolExecutor$Worker`                        |    48 B |     48 B |
| `java/util/concurrent/locks/AbstractQueuedSynchronizer$ConditionNode`   |    32 B |     32 B |
| `java/util/concurrent/locks/AbstractQueuedSynchronizer$ConditionObject` |    24 B |     24 B |
| `java/util/concurrent/atomic/AtomicInteger`                             |    16 B |     16 B |
| `java/util/concurrent/locks/ReentrantLock`                              |    16 B |     16 B |

- `java.util.concurrent.locks.AbstractQueuedSynchronizer$ConditionObject.awaitNanos (AbstractQueuedSynchronizer.java:1797)`
  - `java.util.concurrent.locks.AbstractQueuedSynchronizer$ConditionNode` retains 32 B (6.2%)
  - `java.util.concurrent.locks.AbstractQueuedSynchronizer$ConditionObject` retains 24 B (4.6%)
- `java.util.concurrent.LinkedBlockingQueue.poll (LinkedBlockingQueue.java:460)`
  - `java.util.concurrent.LinkedBlockingQueue` retains 144 B (27.7%)
  - `java.util.concurrent.TimeUnit` retains 80 B (15.4%)
  - `java.util.concurrent.atomic.AtomicInteger` retains 16 B (3.1%)
  - `java.util.concurrent.locks.ReentrantLock` retains 16 B (3.1%)
- `java.util.concurrent.ThreadPoolExecutor.getTask (ThreadPoolExecutor.java:1069)`
  - `java.util.concurrent.ThreadPoolExecutor` retains 4.6 KB (910.8%)
- `java.util.concurrent.ThreadPoolExecutor.runWorker (ThreadPoolExecutor.java:1130)`
  - `java.util.concurrent.ThreadPoolExecutor` retains 4.6 KB (910.8%)
  - `java.util.concurrent.ThreadPoolExecutor$Worker` retains 48 B (9.2%)
- `java.util.concurrent.ThreadPoolExecutor$Worker.run (ThreadPoolExecutor.java:642)`
  - `java.util.concurrent.ThreadPoolExecutor$Worker` retains 48 B (9.2%)
- `java.lang.Thread.runWith (Thread.java:1596)`
  - `java.lang.Class` retains 128 B (24.6%)
  - `java.util.concurrent.ThreadPoolExecutor$Worker` retains 48 B (9.2%)
- `java.lang.Thread.run (Thread.java:1583)`
  - `java.lang.Class` retains 128 B (24.6%)
  - `java.util.concurrent.ThreadPoolExecutor$Worker` retains 48 B (9.2%)

<a id="thread-121"></a>

### Thread 121 "block-manager-storage-async-thread-pool-34" (java/lang/Thread)

_Local roots: 14._

**Local root objects:**

| Object                                                                  | Shallow | Retained |
| ----------------------------------------------------------------------- | ------: | -------: |
| `java/util/concurrent/ThreadPoolExecutor`                               |    80 B |   4.6 KB |
| `java/util/concurrent/ThreadPoolExecutor`                               |    80 B |   4.6 KB |
| `java/util/concurrent/LinkedBlockingQueue`                              |    48 B |    144 B |
| `java/lang/Class`                                                       |    32 B |    128 B |
| `java/lang/Class`                                                       |    32 B |    128 B |
| `java/util/concurrent/TimeUnit`                                         |    80 B |     80 B |
| `java/util/concurrent/ThreadPoolExecutor$Worker`                        |    48 B |     48 B |
| `java/util/concurrent/ThreadPoolExecutor$Worker`                        |    48 B |     48 B |
| `java/util/concurrent/ThreadPoolExecutor$Worker`                        |    48 B |     48 B |
| `java/util/concurrent/ThreadPoolExecutor$Worker`                        |    48 B |     48 B |
| `java/util/concurrent/locks/AbstractQueuedSynchronizer$ConditionNode`   |    32 B |     32 B |
| `java/util/concurrent/locks/AbstractQueuedSynchronizer$ConditionObject` |    24 B |     24 B |
| `java/util/concurrent/atomic/AtomicInteger`                             |    16 B |     16 B |
| `java/util/concurrent/locks/ReentrantLock`                              |    16 B |     16 B |

- `java.util.concurrent.locks.AbstractQueuedSynchronizer$ConditionObject.awaitNanos (AbstractQueuedSynchronizer.java:1797)`
  - `java.util.concurrent.locks.AbstractQueuedSynchronizer$ConditionNode` retains 32 B (8.3%)
  - `java.util.concurrent.locks.AbstractQueuedSynchronizer$ConditionObject` retains 24 B (6.2%)
- `java.util.concurrent.LinkedBlockingQueue.poll (LinkedBlockingQueue.java:460)`
  - `java.util.concurrent.LinkedBlockingQueue` retains 144 B (37.5%)
  - `java.util.concurrent.TimeUnit` retains 80 B (20.8%)
  - `java.util.concurrent.atomic.AtomicInteger` retains 16 B (4.2%)
  - `java.util.concurrent.locks.ReentrantLock` retains 16 B (4.2%)
- `java.util.concurrent.ThreadPoolExecutor.getTask (ThreadPoolExecutor.java:1069)`
  - `java.util.concurrent.ThreadPoolExecutor` retains 4.6 KB (1233.3%)
- `java.util.concurrent.ThreadPoolExecutor.runWorker (ThreadPoolExecutor.java:1130)`
  - `java.util.concurrent.ThreadPoolExecutor` retains 4.6 KB (1233.3%)
  - `java.util.concurrent.ThreadPoolExecutor$Worker` retains 48 B (12.5%)
- `java.util.concurrent.ThreadPoolExecutor$Worker.run (ThreadPoolExecutor.java:642)`
  - `java.util.concurrent.ThreadPoolExecutor$Worker` retains 48 B (12.5%)
- `java.lang.Thread.runWith (Thread.java:1596)`
  - `java.lang.Class` retains 128 B (33.3%)
  - `java.util.concurrent.ThreadPoolExecutor$Worker` retains 48 B (12.5%)
- `java.lang.Thread.run (Thread.java:1583)`
  - `java.lang.Class` retains 128 B (33.3%)
  - `java.util.concurrent.ThreadPoolExecutor$Worker` retains 48 B (12.5%)

<a id="thread-122"></a>

### Thread 122 "block-manager-storage-async-thread-pool-35" (java/lang/Thread)

_Local roots: 13._

**Local root objects:**

| Object                                                                  | Shallow | Retained |
| ----------------------------------------------------------------------- | ------: | -------: |
| `java/util/concurrent/ThreadPoolExecutor`                               |    80 B |   4.6 KB |
| `java/util/concurrent/ThreadPoolExecutor`                               |    80 B |   4.6 KB |
| `java/util/concurrent/LinkedBlockingQueue`                              |    48 B |    144 B |
| `java/lang/Class`                                                       |    32 B |    128 B |
| `java/lang/Class`                                                       |    32 B |    128 B |
| `java/util/concurrent/ThreadPoolExecutor$Worker`                        |    48 B |     48 B |
| `java/util/concurrent/ThreadPoolExecutor$Worker`                        |    48 B |     48 B |
| `java/util/concurrent/ThreadPoolExecutor$Worker`                        |    48 B |     48 B |
| `java/util/concurrent/ThreadPoolExecutor$Worker`                        |    48 B |     48 B |
| `java/util/concurrent/locks/AbstractQueuedSynchronizer$ConditionNode`   |    32 B |     32 B |
| `java/util/concurrent/locks/AbstractQueuedSynchronizer$ConditionObject` |    24 B |     24 B |
| `java/util/concurrent/atomic/AtomicInteger`                             |    16 B |     16 B |
| `java/util/concurrent/locks/ReentrantLock`                              |    16 B |     16 B |

- `java.util.concurrent.locks.AbstractQueuedSynchronizer$ConditionObject.awaitNanos (AbstractQueuedSynchronizer.java:1797)`
  - `java.util.concurrent.locks.AbstractQueuedSynchronizer$ConditionNode` retains 32 B (5.8%)
  - `java.util.concurrent.locks.AbstractQueuedSynchronizer$ConditionObject` retains 24 B (4.3%)
- `java.util.concurrent.LinkedBlockingQueue.poll (LinkedBlockingQueue.java:460)`
  - `java.util.concurrent.LinkedBlockingQueue` retains 144 B (26.1%)
  - `java.util.concurrent.atomic.AtomicInteger` retains 16 B (2.9%)
  - `java.util.concurrent.locks.ReentrantLock` retains 16 B (2.9%)
- `java.util.concurrent.ThreadPoolExecutor.getTask (ThreadPoolExecutor.java:1069)`
  - `java.util.concurrent.ThreadPoolExecutor` retains 4.6 KB (858.0%)
- `java.util.concurrent.ThreadPoolExecutor.runWorker (ThreadPoolExecutor.java:1130)`
  - `java.util.concurrent.ThreadPoolExecutor` retains 4.6 KB (858.0%)
  - `java.util.concurrent.ThreadPoolExecutor$Worker` retains 48 B (8.7%)
- `java.util.concurrent.ThreadPoolExecutor$Worker.run (ThreadPoolExecutor.java:642)`
  - `java.util.concurrent.ThreadPoolExecutor$Worker` retains 48 B (8.7%)
- `java.lang.Thread.runWith (Thread.java:1596)`
  - `java.lang.Class` retains 128 B (23.2%)
  - `java.util.concurrent.ThreadPoolExecutor$Worker` retains 48 B (8.7%)
- `java.lang.Thread.run (Thread.java:1583)`
  - `java.lang.Class` retains 128 B (23.2%)
  - `java.util.concurrent.ThreadPoolExecutor$Worker` retains 48 B (8.7%)

<a id="thread-123"></a>

### Thread 123 "block-manager-ask-thread-pool-22" (java/lang/Thread)

_Local roots: 13._

**Local root objects:**

| Object                                                                  | Shallow | Retained |
| ----------------------------------------------------------------------- | ------: | -------: |
| `java/util/concurrent/ThreadPoolExecutor`                               |    80 B |   4.6 KB |
| `java/util/concurrent/ThreadPoolExecutor`                               |    80 B |   4.6 KB |
| `java/util/concurrent/LinkedBlockingQueue`                              |    48 B |    144 B |
| `java/lang/Class`                                                       |    32 B |    128 B |
| `java/lang/Class`                                                       |    32 B |    128 B |
| `java/util/concurrent/ThreadPoolExecutor$Worker`                        |    48 B |     48 B |
| `java/util/concurrent/ThreadPoolExecutor$Worker`                        |    48 B |     48 B |
| `java/util/concurrent/ThreadPoolExecutor$Worker`                        |    48 B |     48 B |
| `java/util/concurrent/ThreadPoolExecutor$Worker`                        |    48 B |     48 B |
| `java/util/concurrent/locks/AbstractQueuedSynchronizer$ConditionNode`   |    32 B |     32 B |
| `java/util/concurrent/locks/AbstractQueuedSynchronizer$ConditionObject` |    24 B |     24 B |
| `java/util/concurrent/atomic/AtomicInteger`                             |    16 B |     16 B |
| `java/util/concurrent/locks/ReentrantLock`                              |    16 B |     16 B |

- `java.util.concurrent.locks.AbstractQueuedSynchronizer$ConditionObject.awaitNanos (AbstractQueuedSynchronizer.java:1797)`
  - `java.util.concurrent.locks.AbstractQueuedSynchronizer$ConditionNode` retains 32 B (6.3%)
  - `java.util.concurrent.locks.AbstractQueuedSynchronizer$ConditionObject` retains 24 B (4.8%)
- `java.util.concurrent.LinkedBlockingQueue.poll (LinkedBlockingQueue.java:460)`
  - `java.util.concurrent.LinkedBlockingQueue` retains 144 B (28.6%)
  - `java.util.concurrent.atomic.AtomicInteger` retains 16 B (3.2%)
  - `java.util.concurrent.locks.ReentrantLock` retains 16 B (3.2%)
- `java.util.concurrent.ThreadPoolExecutor.getTask (ThreadPoolExecutor.java:1069)`
  - `java.util.concurrent.ThreadPoolExecutor` retains 4.6 KB (936.5%)
- `java.util.concurrent.ThreadPoolExecutor.runWorker (ThreadPoolExecutor.java:1130)`
  - `java.util.concurrent.ThreadPoolExecutor` retains 4.6 KB (936.5%)
  - `java.util.concurrent.ThreadPoolExecutor$Worker` retains 48 B (9.5%)
- `java.util.concurrent.ThreadPoolExecutor$Worker.run (ThreadPoolExecutor.java:642)`
  - `java.util.concurrent.ThreadPoolExecutor$Worker` retains 48 B (9.5%)
- `java.lang.Thread.runWith (Thread.java:1596)`
  - `java.lang.Class` retains 128 B (25.4%)
  - `java.util.concurrent.ThreadPoolExecutor$Worker` retains 48 B (9.5%)
- `java.lang.Thread.run (Thread.java:1583)`
  - `java.lang.Class` retains 128 B (25.4%)
  - `java.util.concurrent.ThreadPoolExecutor$Worker` retains 48 B (9.5%)

<a id="thread-124"></a>

### Thread 124 "block-manager-ask-thread-pool-23" (java/lang/Thread)

_Local roots: 14._

**Local root objects:**

| Object                                                                  | Shallow | Retained |
| ----------------------------------------------------------------------- | ------: | -------: |
| `java/util/concurrent/ThreadPoolExecutor`                               |    80 B |   4.6 KB |
| `java/util/concurrent/ThreadPoolExecutor`                               |    80 B |   4.6 KB |
| `java/util/concurrent/LinkedBlockingQueue`                              |    48 B |    144 B |
| `java/lang/Class`                                                       |    32 B |    128 B |
| `java/lang/Class`                                                       |    32 B |    128 B |
| `java/util/concurrent/TimeUnit`                                         |    80 B |     80 B |
| `java/util/concurrent/ThreadPoolExecutor$Worker`                        |    48 B |     48 B |
| `java/util/concurrent/ThreadPoolExecutor$Worker`                        |    48 B |     48 B |
| `java/util/concurrent/ThreadPoolExecutor$Worker`                        |    48 B |     48 B |
| `java/util/concurrent/ThreadPoolExecutor$Worker`                        |    48 B |     48 B |
| `java/util/concurrent/locks/AbstractQueuedSynchronizer$ConditionNode`   |    32 B |     32 B |
| `java/util/concurrent/locks/AbstractQueuedSynchronizer$ConditionObject` |    24 B |     24 B |
| `java/util/concurrent/atomic/AtomicInteger`                             |    16 B |     16 B |
| `java/util/concurrent/locks/ReentrantLock`                              |    16 B |     16 B |

- `java.util.concurrent.locks.AbstractQueuedSynchronizer$ConditionObject.awaitNanos (AbstractQueuedSynchronizer.java:1797)`
  - `java.util.concurrent.locks.AbstractQueuedSynchronizer$ConditionNode` retains 32 B (6.3%)
  - `java.util.concurrent.locks.AbstractQueuedSynchronizer$ConditionObject` retains 24 B (4.8%)
- `java.util.concurrent.LinkedBlockingQueue.poll (LinkedBlockingQueue.java:460)`
  - `java.util.concurrent.LinkedBlockingQueue` retains 144 B (28.6%)
  - `java.util.concurrent.TimeUnit` retains 80 B (15.9%)
  - `java.util.concurrent.atomic.AtomicInteger` retains 16 B (3.2%)
  - `java.util.concurrent.locks.ReentrantLock` retains 16 B (3.2%)
- `java.util.concurrent.ThreadPoolExecutor.getTask (ThreadPoolExecutor.java:1069)`
  - `java.util.concurrent.ThreadPoolExecutor` retains 4.6 KB (936.5%)
- `java.util.concurrent.ThreadPoolExecutor.runWorker (ThreadPoolExecutor.java:1130)`
  - `java.util.concurrent.ThreadPoolExecutor` retains 4.6 KB (936.5%)
  - `java.util.concurrent.ThreadPoolExecutor$Worker` retains 48 B (9.5%)
- `java.util.concurrent.ThreadPoolExecutor$Worker.run (ThreadPoolExecutor.java:642)`
  - `java.util.concurrent.ThreadPoolExecutor$Worker` retains 48 B (9.5%)
- `java.lang.Thread.runWith (Thread.java:1596)`
  - `java.lang.Class` retains 128 B (25.4%)
  - `java.util.concurrent.ThreadPoolExecutor$Worker` retains 48 B (9.5%)
- `java.lang.Thread.run (Thread.java:1583)`
  - `java.lang.Class` retains 128 B (25.4%)
  - `java.util.concurrent.ThreadPoolExecutor$Worker` retains 48 B (9.5%)

<a id="thread-125"></a>

### Thread 125 "block-manager-storage-async-thread-pool-36" (java/lang/Thread)

_Local roots: 14._

**Local root objects:**

| Object                                                                  | Shallow | Retained |
| ----------------------------------------------------------------------- | ------: | -------: |
| `java/util/concurrent/ThreadPoolExecutor`                               |    80 B |   4.6 KB |
| `java/util/concurrent/ThreadPoolExecutor`                               |    80 B |   4.6 KB |
| `java/util/concurrent/LinkedBlockingQueue`                              |    48 B |    144 B |
| `java/lang/Class`                                                       |    32 B |    128 B |
| `java/lang/Class`                                                       |    32 B |    128 B |
| `java/util/concurrent/TimeUnit`                                         |    80 B |     80 B |
| `java/util/concurrent/ThreadPoolExecutor$Worker`                        |    48 B |     48 B |
| `java/util/concurrent/ThreadPoolExecutor$Worker`                        |    48 B |     48 B |
| `java/util/concurrent/ThreadPoolExecutor$Worker`                        |    48 B |     48 B |
| `java/util/concurrent/ThreadPoolExecutor$Worker`                        |    48 B |     48 B |
| `java/util/concurrent/locks/AbstractQueuedSynchronizer$ConditionNode`   |    32 B |     32 B |
| `java/util/concurrent/locks/AbstractQueuedSynchronizer$ConditionObject` |    24 B |     24 B |
| `java/util/concurrent/atomic/AtomicInteger`                             |    16 B |     16 B |
| `java/util/concurrent/locks/ReentrantLock`                              |    16 B |     16 B |

- `java.util.concurrent.locks.AbstractQueuedSynchronizer$ConditionObject.awaitNanos (AbstractQueuedSynchronizer.java:1797)`
  - `java.util.concurrent.locks.AbstractQueuedSynchronizer$ConditionNode` retains 32 B (5.8%)
  - `java.util.concurrent.locks.AbstractQueuedSynchronizer$ConditionObject` retains 24 B (4.3%)
- `java.util.concurrent.LinkedBlockingQueue.poll (LinkedBlockingQueue.java:460)`
  - `java.util.concurrent.LinkedBlockingQueue` retains 144 B (26.1%)
  - `java.util.concurrent.TimeUnit` retains 80 B (14.5%)
  - `java.util.concurrent.atomic.AtomicInteger` retains 16 B (2.9%)
  - `java.util.concurrent.locks.ReentrantLock` retains 16 B (2.9%)
- `java.util.concurrent.ThreadPoolExecutor.getTask (ThreadPoolExecutor.java:1069)`
  - `java.util.concurrent.ThreadPoolExecutor` retains 4.6 KB (858.0%)
- `java.util.concurrent.ThreadPoolExecutor.runWorker (ThreadPoolExecutor.java:1130)`
  - `java.util.concurrent.ThreadPoolExecutor` retains 4.6 KB (858.0%)
  - `java.util.concurrent.ThreadPoolExecutor$Worker` retains 48 B (8.7%)
- `java.util.concurrent.ThreadPoolExecutor$Worker.run (ThreadPoolExecutor.java:642)`
  - `java.util.concurrent.ThreadPoolExecutor$Worker` retains 48 B (8.7%)
- `java.lang.Thread.runWith (Thread.java:1596)`
  - `java.lang.Class` retains 128 B (23.2%)
  - `java.util.concurrent.ThreadPoolExecutor$Worker` retains 48 B (8.7%)
- `java.lang.Thread.run (Thread.java:1583)`
  - `java.lang.Class` retains 128 B (23.2%)
  - `java.util.concurrent.ThreadPoolExecutor$Worker` retains 48 B (8.7%)

<a id="thread-126"></a>

### Thread 126 "block-manager-storage-async-thread-pool-37" (java/lang/Thread)

_Local roots: 14._

**Local root objects:**

| Object                                                                  | Shallow | Retained |
| ----------------------------------------------------------------------- | ------: | -------: |
| `java/util/concurrent/ThreadPoolExecutor`                               |    80 B |   4.6 KB |
| `java/util/concurrent/ThreadPoolExecutor`                               |    80 B |   4.6 KB |
| `java/util/concurrent/LinkedBlockingQueue`                              |    48 B |    144 B |
| `java/lang/Class`                                                       |    32 B |    128 B |
| `java/lang/Class`                                                       |    32 B |    128 B |
| `java/util/concurrent/TimeUnit`                                         |    80 B |     80 B |
| `java/util/concurrent/ThreadPoolExecutor$Worker`                        |    48 B |     48 B |
| `java/util/concurrent/ThreadPoolExecutor$Worker`                        |    48 B |     48 B |
| `java/util/concurrent/ThreadPoolExecutor$Worker`                        |    48 B |     48 B |
| `java/util/concurrent/ThreadPoolExecutor$Worker`                        |    48 B |     48 B |
| `java/util/concurrent/locks/AbstractQueuedSynchronizer$ConditionNode`   |    32 B |     32 B |
| `java/util/concurrent/locks/AbstractQueuedSynchronizer$ConditionObject` |    24 B |     24 B |
| `java/util/concurrent/atomic/AtomicInteger`                             |    16 B |     16 B |
| `java/util/concurrent/locks/ReentrantLock`                              |    16 B |     16 B |

- `java.util.concurrent.locks.AbstractQueuedSynchronizer$ConditionObject.awaitNanos (AbstractQueuedSynchronizer.java:1797)`
  - `java.util.concurrent.locks.AbstractQueuedSynchronizer$ConditionNode` retains 32 B (8.3%)
  - `java.util.concurrent.locks.AbstractQueuedSynchronizer$ConditionObject` retains 24 B (6.2%)
- `java.util.concurrent.LinkedBlockingQueue.poll (LinkedBlockingQueue.java:460)`
  - `java.util.concurrent.LinkedBlockingQueue` retains 144 B (37.5%)
  - `java.util.concurrent.TimeUnit` retains 80 B (20.8%)
  - `java.util.concurrent.atomic.AtomicInteger` retains 16 B (4.2%)
  - `java.util.concurrent.locks.ReentrantLock` retains 16 B (4.2%)
- `java.util.concurrent.ThreadPoolExecutor.getTask (ThreadPoolExecutor.java:1069)`
  - `java.util.concurrent.ThreadPoolExecutor` retains 4.6 KB (1233.3%)
- `java.util.concurrent.ThreadPoolExecutor.runWorker (ThreadPoolExecutor.java:1130)`
  - `java.util.concurrent.ThreadPoolExecutor` retains 4.6 KB (1233.3%)
  - `java.util.concurrent.ThreadPoolExecutor$Worker` retains 48 B (12.5%)
- `java.util.concurrent.ThreadPoolExecutor$Worker.run (ThreadPoolExecutor.java:642)`
  - `java.util.concurrent.ThreadPoolExecutor$Worker` retains 48 B (12.5%)
- `java.lang.Thread.runWith (Thread.java:1596)`
  - `java.lang.Class` retains 128 B (33.3%)
  - `java.util.concurrent.ThreadPoolExecutor$Worker` retains 48 B (12.5%)
- `java.lang.Thread.run (Thread.java:1583)`
  - `java.lang.Class` retains 128 B (33.3%)
  - `java.util.concurrent.ThreadPoolExecutor$Worker` retains 48 B (12.5%)

<a id="thread-127"></a>

### Thread 127 "block-manager-storage-async-thread-pool-38" (java/lang/Thread)

_Local roots: 13._

**Local root objects:**

| Object                                                                  | Shallow | Retained |
| ----------------------------------------------------------------------- | ------: | -------: |
| `java/util/concurrent/ThreadPoolExecutor`                               |    80 B |   4.6 KB |
| `java/util/concurrent/ThreadPoolExecutor`                               |    80 B |   4.6 KB |
| `java/util/concurrent/LinkedBlockingQueue`                              |    48 B |    144 B |
| `java/lang/Class`                                                       |    32 B |    128 B |
| `java/lang/Class`                                                       |    32 B |    128 B |
| `java/util/concurrent/ThreadPoolExecutor$Worker`                        |    48 B |     48 B |
| `java/util/concurrent/ThreadPoolExecutor$Worker`                        |    48 B |     48 B |
| `java/util/concurrent/ThreadPoolExecutor$Worker`                        |    48 B |     48 B |
| `java/util/concurrent/ThreadPoolExecutor$Worker`                        |    48 B |     48 B |
| `java/util/concurrent/locks/AbstractQueuedSynchronizer$ConditionNode`   |    32 B |     32 B |
| `java/util/concurrent/locks/AbstractQueuedSynchronizer$ConditionObject` |    24 B |     24 B |
| `java/util/concurrent/atomic/AtomicInteger`                             |    16 B |     16 B |
| `java/util/concurrent/locks/ReentrantLock`                              |    16 B |     16 B |

- `java.util.concurrent.locks.AbstractQueuedSynchronizer$ConditionObject.awaitNanos (AbstractQueuedSynchronizer.java:1797)`
  - `java.util.concurrent.locks.AbstractQueuedSynchronizer$ConditionNode` retains 32 B (5.8%)
  - `java.util.concurrent.locks.AbstractQueuedSynchronizer$ConditionObject` retains 24 B (4.3%)
- `java.util.concurrent.LinkedBlockingQueue.poll (LinkedBlockingQueue.java:460)`
  - `java.util.concurrent.LinkedBlockingQueue` retains 144 B (26.1%)
  - `java.util.concurrent.atomic.AtomicInteger` retains 16 B (2.9%)
  - `java.util.concurrent.locks.ReentrantLock` retains 16 B (2.9%)
- `java.util.concurrent.ThreadPoolExecutor.getTask (ThreadPoolExecutor.java:1069)`
  - `java.util.concurrent.ThreadPoolExecutor` retains 4.6 KB (858.0%)
- `java.util.concurrent.ThreadPoolExecutor.runWorker (ThreadPoolExecutor.java:1130)`
  - `java.util.concurrent.ThreadPoolExecutor` retains 4.6 KB (858.0%)
  - `java.util.concurrent.ThreadPoolExecutor$Worker` retains 48 B (8.7%)
- `java.util.concurrent.ThreadPoolExecutor$Worker.run (ThreadPoolExecutor.java:642)`
  - `java.util.concurrent.ThreadPoolExecutor$Worker` retains 48 B (8.7%)
- `java.lang.Thread.runWith (Thread.java:1596)`
  - `java.lang.Class` retains 128 B (23.2%)
  - `java.util.concurrent.ThreadPoolExecutor$Worker` retains 48 B (8.7%)
- `java.lang.Thread.run (Thread.java:1583)`
  - `java.lang.Class` retains 128 B (23.2%)
  - `java.util.concurrent.ThreadPoolExecutor$Worker` retains 48 B (8.7%)

<a id="thread-128"></a>

### Thread 128 "block-manager-ask-thread-pool-24" (java/lang/Thread)

_Local roots: 13._

**Local root objects:**

| Object                                                                  | Shallow | Retained |
| ----------------------------------------------------------------------- | ------: | -------: |
| `java/util/concurrent/ThreadPoolExecutor`                               |    80 B |   4.6 KB |
| `java/util/concurrent/ThreadPoolExecutor`                               |    80 B |   4.6 KB |
| `java/util/concurrent/LinkedBlockingQueue`                              |    48 B |    144 B |
| `java/lang/Class`                                                       |    32 B |    128 B |
| `java/lang/Class`                                                       |    32 B |    128 B |
| `java/util/concurrent/ThreadPoolExecutor$Worker`                        |    48 B |     48 B |
| `java/util/concurrent/ThreadPoolExecutor$Worker`                        |    48 B |     48 B |
| `java/util/concurrent/ThreadPoolExecutor$Worker`                        |    48 B |     48 B |
| `java/util/concurrent/ThreadPoolExecutor$Worker`                        |    48 B |     48 B |
| `java/util/concurrent/locks/AbstractQueuedSynchronizer$ConditionNode`   |    32 B |     32 B |
| `java/util/concurrent/locks/AbstractQueuedSynchronizer$ConditionObject` |    24 B |     24 B |
| `java/util/concurrent/atomic/AtomicInteger`                             |    16 B |     16 B |
| `java/util/concurrent/locks/ReentrantLock`                              |    16 B |     16 B |

- `java.util.concurrent.locks.AbstractQueuedSynchronizer$ConditionObject.awaitNanos (AbstractQueuedSynchronizer.java:1797)`
  - `java.util.concurrent.locks.AbstractQueuedSynchronizer$ConditionNode` retains 32 B (6.3%)
  - `java.util.concurrent.locks.AbstractQueuedSynchronizer$ConditionObject` retains 24 B (4.8%)
- `java.util.concurrent.LinkedBlockingQueue.poll (LinkedBlockingQueue.java:460)`
  - `java.util.concurrent.LinkedBlockingQueue` retains 144 B (28.6%)
  - `java.util.concurrent.atomic.AtomicInteger` retains 16 B (3.2%)
  - `java.util.concurrent.locks.ReentrantLock` retains 16 B (3.2%)
- `java.util.concurrent.ThreadPoolExecutor.getTask (ThreadPoolExecutor.java:1069)`
  - `java.util.concurrent.ThreadPoolExecutor` retains 4.6 KB (936.5%)
- `java.util.concurrent.ThreadPoolExecutor.runWorker (ThreadPoolExecutor.java:1130)`
  - `java.util.concurrent.ThreadPoolExecutor` retains 4.6 KB (936.5%)
  - `java.util.concurrent.ThreadPoolExecutor$Worker` retains 48 B (9.5%)
- `java.util.concurrent.ThreadPoolExecutor$Worker.run (ThreadPoolExecutor.java:642)`
  - `java.util.concurrent.ThreadPoolExecutor$Worker` retains 48 B (9.5%)
- `java.lang.Thread.runWith (Thread.java:1596)`
  - `java.lang.Class` retains 128 B (25.4%)
  - `java.util.concurrent.ThreadPoolExecutor$Worker` retains 48 B (9.5%)
- `java.lang.Thread.run (Thread.java:1583)`
  - `java.lang.Class` retains 128 B (25.4%)
  - `java.util.concurrent.ThreadPoolExecutor$Worker` retains 48 B (9.5%)

<a id="thread-129"></a>

### Thread 129 "block-manager-ask-thread-pool-25" (java/lang/Thread)

_Local roots: 14._

**Local root objects:**

| Object                                                                  | Shallow | Retained |
| ----------------------------------------------------------------------- | ------: | -------: |
| `java/util/concurrent/ThreadPoolExecutor`                               |    80 B |   4.6 KB |
| `java/util/concurrent/ThreadPoolExecutor`                               |    80 B |   4.6 KB |
| `java/util/concurrent/LinkedBlockingQueue`                              |    48 B |    144 B |
| `java/lang/Class`                                                       |    32 B |    128 B |
| `java/lang/Class`                                                       |    32 B |    128 B |
| `java/util/concurrent/TimeUnit`                                         |    80 B |     80 B |
| `java/util/concurrent/ThreadPoolExecutor$Worker`                        |    48 B |     48 B |
| `java/util/concurrent/ThreadPoolExecutor$Worker`                        |    48 B |     48 B |
| `java/util/concurrent/ThreadPoolExecutor$Worker`                        |    48 B |     48 B |
| `java/util/concurrent/ThreadPoolExecutor$Worker`                        |    48 B |     48 B |
| `java/util/concurrent/locks/AbstractQueuedSynchronizer$ConditionNode`   |    32 B |     32 B |
| `java/util/concurrent/locks/AbstractQueuedSynchronizer$ConditionObject` |    24 B |     24 B |
| `java/util/concurrent/atomic/AtomicInteger`                             |    16 B |     16 B |
| `java/util/concurrent/locks/ReentrantLock`                              |    16 B |     16 B |

- `java.util.concurrent.locks.AbstractQueuedSynchronizer$ConditionObject.awaitNanos (AbstractQueuedSynchronizer.java:1797)`
  - `java.util.concurrent.locks.AbstractQueuedSynchronizer$ConditionNode` retains 32 B (6.3%)
  - `java.util.concurrent.locks.AbstractQueuedSynchronizer$ConditionObject` retains 24 B (4.8%)
- `java.util.concurrent.LinkedBlockingQueue.poll (LinkedBlockingQueue.java:460)`
  - `java.util.concurrent.LinkedBlockingQueue` retains 144 B (28.6%)
  - `java.util.concurrent.TimeUnit` retains 80 B (15.9%)
  - `java.util.concurrent.atomic.AtomicInteger` retains 16 B (3.2%)
  - `java.util.concurrent.locks.ReentrantLock` retains 16 B (3.2%)
- `java.util.concurrent.ThreadPoolExecutor.getTask (ThreadPoolExecutor.java:1069)`
  - `java.util.concurrent.ThreadPoolExecutor` retains 4.6 KB (936.5%)
- `java.util.concurrent.ThreadPoolExecutor.runWorker (ThreadPoolExecutor.java:1130)`
  - `java.util.concurrent.ThreadPoolExecutor` retains 4.6 KB (936.5%)
  - `java.util.concurrent.ThreadPoolExecutor$Worker` retains 48 B (9.5%)
- `java.util.concurrent.ThreadPoolExecutor$Worker.run (ThreadPoolExecutor.java:642)`
  - `java.util.concurrent.ThreadPoolExecutor$Worker` retains 48 B (9.5%)
- `java.lang.Thread.runWith (Thread.java:1596)`
  - `java.lang.Class` retains 128 B (25.4%)
  - `java.util.concurrent.ThreadPoolExecutor$Worker` retains 48 B (9.5%)
- `java.lang.Thread.run (Thread.java:1583)`
  - `java.lang.Class` retains 128 B (25.4%)
  - `java.util.concurrent.ThreadPoolExecutor$Worker` retains 48 B (9.5%)

<a id="thread-130"></a>

### Thread 130 "block-manager-storage-async-thread-pool-39" (java/lang/Thread)

_Local roots: 14._

**Local root objects:**

| Object                                                                  | Shallow | Retained |
| ----------------------------------------------------------------------- | ------: | -------: |
| `java/util/concurrent/ThreadPoolExecutor`                               |    80 B |   4.6 KB |
| `java/util/concurrent/ThreadPoolExecutor`                               |    80 B |   4.6 KB |
| `java/util/concurrent/LinkedBlockingQueue`                              |    48 B |    144 B |
| `java/lang/Class`                                                       |    32 B |    128 B |
| `java/lang/Class`                                                       |    32 B |    128 B |
| `java/util/concurrent/TimeUnit`                                         |    80 B |     80 B |
| `java/util/concurrent/ThreadPoolExecutor$Worker`                        |    48 B |     48 B |
| `java/util/concurrent/ThreadPoolExecutor$Worker`                        |    48 B |     48 B |
| `java/util/concurrent/ThreadPoolExecutor$Worker`                        |    48 B |     48 B |
| `java/util/concurrent/ThreadPoolExecutor$Worker`                        |    48 B |     48 B |
| `java/util/concurrent/locks/AbstractQueuedSynchronizer$ConditionNode`   |    32 B |     32 B |
| `java/util/concurrent/locks/AbstractQueuedSynchronizer$ConditionObject` |    24 B |     24 B |
| `java/util/concurrent/atomic/AtomicInteger`                             |    16 B |     16 B |
| `java/util/concurrent/locks/ReentrantLock`                              |    16 B |     16 B |

- `java.util.concurrent.locks.AbstractQueuedSynchronizer$ConditionObject.awaitNanos (AbstractQueuedSynchronizer.java:1797)`
  - `java.util.concurrent.locks.AbstractQueuedSynchronizer$ConditionNode` retains 32 B (5.8%)
  - `java.util.concurrent.locks.AbstractQueuedSynchronizer$ConditionObject` retains 24 B (4.3%)
- `java.util.concurrent.LinkedBlockingQueue.poll (LinkedBlockingQueue.java:460)`
  - `java.util.concurrent.LinkedBlockingQueue` retains 144 B (26.1%)
  - `java.util.concurrent.TimeUnit` retains 80 B (14.5%)
  - `java.util.concurrent.atomic.AtomicInteger` retains 16 B (2.9%)
  - `java.util.concurrent.locks.ReentrantLock` retains 16 B (2.9%)
- `java.util.concurrent.ThreadPoolExecutor.getTask (ThreadPoolExecutor.java:1069)`
  - `java.util.concurrent.ThreadPoolExecutor` retains 4.6 KB (858.0%)
- `java.util.concurrent.ThreadPoolExecutor.runWorker (ThreadPoolExecutor.java:1130)`
  - `java.util.concurrent.ThreadPoolExecutor` retains 4.6 KB (858.0%)
  - `java.util.concurrent.ThreadPoolExecutor$Worker` retains 48 B (8.7%)
- `java.util.concurrent.ThreadPoolExecutor$Worker.run (ThreadPoolExecutor.java:642)`
  - `java.util.concurrent.ThreadPoolExecutor$Worker` retains 48 B (8.7%)
- `java.lang.Thread.runWith (Thread.java:1596)`
  - `java.lang.Class` retains 128 B (23.2%)
  - `java.util.concurrent.ThreadPoolExecutor$Worker` retains 48 B (8.7%)
- `java.lang.Thread.run (Thread.java:1583)`
  - `java.lang.Class` retains 128 B (23.2%)
  - `java.util.concurrent.ThreadPoolExecutor$Worker` retains 48 B (8.7%)

<a id="thread-131"></a>

### Thread 131 "block-manager-storage-async-thread-pool-40" (java/lang/Thread)

_Local roots: 14._

**Local root objects:**

| Object                                                                  | Shallow | Retained |
| ----------------------------------------------------------------------- | ------: | -------: |
| `java/util/concurrent/ThreadPoolExecutor`                               |    80 B |   4.6 KB |
| `java/util/concurrent/ThreadPoolExecutor`                               |    80 B |   4.6 KB |
| `java/util/concurrent/LinkedBlockingQueue`                              |    48 B |    144 B |
| `java/lang/Class`                                                       |    32 B |    128 B |
| `java/lang/Class`                                                       |    32 B |    128 B |
| `java/util/concurrent/TimeUnit`                                         |    80 B |     80 B |
| `java/util/concurrent/ThreadPoolExecutor$Worker`                        |    48 B |     48 B |
| `java/util/concurrent/ThreadPoolExecutor$Worker`                        |    48 B |     48 B |
| `java/util/concurrent/ThreadPoolExecutor$Worker`                        |    48 B |     48 B |
| `java/util/concurrent/ThreadPoolExecutor$Worker`                        |    48 B |     48 B |
| `java/util/concurrent/locks/AbstractQueuedSynchronizer$ConditionNode`   |    32 B |     32 B |
| `java/util/concurrent/locks/AbstractQueuedSynchronizer$ConditionObject` |    24 B |     24 B |
| `java/util/concurrent/atomic/AtomicInteger`                             |    16 B |     16 B |
| `java/util/concurrent/locks/ReentrantLock`                              |    16 B |     16 B |

- `java.util.concurrent.locks.AbstractQueuedSynchronizer$ConditionObject.awaitNanos (AbstractQueuedSynchronizer.java:1797)`
  - `java.util.concurrent.locks.AbstractQueuedSynchronizer$ConditionNode` retains 32 B (8.3%)
  - `java.util.concurrent.locks.AbstractQueuedSynchronizer$ConditionObject` retains 24 B (6.2%)
- `java.util.concurrent.LinkedBlockingQueue.poll (LinkedBlockingQueue.java:460)`
  - `java.util.concurrent.LinkedBlockingQueue` retains 144 B (37.5%)
  - `java.util.concurrent.TimeUnit` retains 80 B (20.8%)
  - `java.util.concurrent.atomic.AtomicInteger` retains 16 B (4.2%)
  - `java.util.concurrent.locks.ReentrantLock` retains 16 B (4.2%)
- `java.util.concurrent.ThreadPoolExecutor.getTask (ThreadPoolExecutor.java:1069)`
  - `java.util.concurrent.ThreadPoolExecutor` retains 4.6 KB (1233.3%)
- `java.util.concurrent.ThreadPoolExecutor.runWorker (ThreadPoolExecutor.java:1130)`
  - `java.util.concurrent.ThreadPoolExecutor` retains 4.6 KB (1233.3%)
  - `java.util.concurrent.ThreadPoolExecutor$Worker` retains 48 B (12.5%)
- `java.util.concurrent.ThreadPoolExecutor$Worker.run (ThreadPoolExecutor.java:642)`
  - `java.util.concurrent.ThreadPoolExecutor$Worker` retains 48 B (12.5%)
- `java.lang.Thread.runWith (Thread.java:1596)`
  - `java.lang.Class` retains 128 B (33.3%)
  - `java.util.concurrent.ThreadPoolExecutor$Worker` retains 48 B (12.5%)
- `java.lang.Thread.run (Thread.java:1583)`
  - `java.lang.Class` retains 128 B (33.3%)
  - `java.util.concurrent.ThreadPoolExecutor$Worker` retains 48 B (12.5%)

<a id="thread-132"></a>

### Thread 132 "block-manager-storage-async-thread-pool-41" (java/lang/Thread)

_Local roots: 13._

**Local root objects:**

| Object                                                                  | Shallow | Retained |
| ----------------------------------------------------------------------- | ------: | -------: |
| `java/util/concurrent/ThreadPoolExecutor`                               |    80 B |   4.6 KB |
| `java/util/concurrent/ThreadPoolExecutor`                               |    80 B |   4.6 KB |
| `java/util/concurrent/LinkedBlockingQueue`                              |    48 B |    144 B |
| `java/lang/Class`                                                       |    32 B |    128 B |
| `java/lang/Class`                                                       |    32 B |    128 B |
| `java/util/concurrent/ThreadPoolExecutor$Worker`                        |    48 B |     48 B |
| `java/util/concurrent/ThreadPoolExecutor$Worker`                        |    48 B |     48 B |
| `java/util/concurrent/ThreadPoolExecutor$Worker`                        |    48 B |     48 B |
| `java/util/concurrent/ThreadPoolExecutor$Worker`                        |    48 B |     48 B |
| `java/util/concurrent/locks/AbstractQueuedSynchronizer$ConditionNode`   |    32 B |     32 B |
| `java/util/concurrent/locks/AbstractQueuedSynchronizer$ConditionObject` |    24 B |     24 B |
| `java/util/concurrent/atomic/AtomicInteger`                             |    16 B |     16 B |
| `java/util/concurrent/locks/ReentrantLock`                              |    16 B |     16 B |

- `java.util.concurrent.locks.AbstractQueuedSynchronizer$ConditionObject.awaitNanos (AbstractQueuedSynchronizer.java:1797)`
  - `java.util.concurrent.locks.AbstractQueuedSynchronizer$ConditionNode` retains 32 B (5.8%)
  - `java.util.concurrent.locks.AbstractQueuedSynchronizer$ConditionObject` retains 24 B (4.3%)
- `java.util.concurrent.LinkedBlockingQueue.poll (LinkedBlockingQueue.java:460)`
  - `java.util.concurrent.LinkedBlockingQueue` retains 144 B (26.1%)
  - `java.util.concurrent.atomic.AtomicInteger` retains 16 B (2.9%)
  - `java.util.concurrent.locks.ReentrantLock` retains 16 B (2.9%)
- `java.util.concurrent.ThreadPoolExecutor.getTask (ThreadPoolExecutor.java:1069)`
  - `java.util.concurrent.ThreadPoolExecutor` retains 4.6 KB (858.0%)
- `java.util.concurrent.ThreadPoolExecutor.runWorker (ThreadPoolExecutor.java:1130)`
  - `java.util.concurrent.ThreadPoolExecutor` retains 4.6 KB (858.0%)
  - `java.util.concurrent.ThreadPoolExecutor$Worker` retains 48 B (8.7%)
- `java.util.concurrent.ThreadPoolExecutor$Worker.run (ThreadPoolExecutor.java:642)`
  - `java.util.concurrent.ThreadPoolExecutor$Worker` retains 48 B (8.7%)
- `java.lang.Thread.runWith (Thread.java:1596)`
  - `java.lang.Class` retains 128 B (23.2%)
  - `java.util.concurrent.ThreadPoolExecutor$Worker` retains 48 B (8.7%)
- `java.lang.Thread.run (Thread.java:1583)`
  - `java.lang.Class` retains 128 B (23.2%)
  - `java.util.concurrent.ThreadPoolExecutor$Worker` retains 48 B (8.7%)

<a id="thread-133"></a>

### Thread 133 "block-manager-ask-thread-pool-26" (java/lang/Thread)

_Local roots: 13._

**Local root objects:**

| Object                                                                  | Shallow | Retained |
| ----------------------------------------------------------------------- | ------: | -------: |
| `java/util/concurrent/ThreadPoolExecutor`                               |    80 B |   4.6 KB |
| `java/util/concurrent/ThreadPoolExecutor`                               |    80 B |   4.6 KB |
| `java/util/concurrent/LinkedBlockingQueue`                              |    48 B |    144 B |
| `java/lang/Class`                                                       |    32 B |    128 B |
| `java/lang/Class`                                                       |    32 B |    128 B |
| `java/util/concurrent/ThreadPoolExecutor$Worker`                        |    48 B |     48 B |
| `java/util/concurrent/ThreadPoolExecutor$Worker`                        |    48 B |     48 B |
| `java/util/concurrent/ThreadPoolExecutor$Worker`                        |    48 B |     48 B |
| `java/util/concurrent/ThreadPoolExecutor$Worker`                        |    48 B |     48 B |
| `java/util/concurrent/locks/AbstractQueuedSynchronizer$ConditionNode`   |    32 B |     32 B |
| `java/util/concurrent/locks/AbstractQueuedSynchronizer$ConditionObject` |    24 B |     24 B |
| `java/util/concurrent/atomic/AtomicInteger`                             |    16 B |     16 B |
| `java/util/concurrent/locks/ReentrantLock`                              |    16 B |     16 B |

- `java.util.concurrent.locks.AbstractQueuedSynchronizer$ConditionObject.awaitNanos (AbstractQueuedSynchronizer.java:1797)`
  - `java.util.concurrent.locks.AbstractQueuedSynchronizer$ConditionNode` retains 32 B (6.3%)
  - `java.util.concurrent.locks.AbstractQueuedSynchronizer$ConditionObject` retains 24 B (4.8%)
- `java.util.concurrent.LinkedBlockingQueue.poll (LinkedBlockingQueue.java:460)`
  - `java.util.concurrent.LinkedBlockingQueue` retains 144 B (28.6%)
  - `java.util.concurrent.atomic.AtomicInteger` retains 16 B (3.2%)
  - `java.util.concurrent.locks.ReentrantLock` retains 16 B (3.2%)
- `java.util.concurrent.ThreadPoolExecutor.getTask (ThreadPoolExecutor.java:1069)`
  - `java.util.concurrent.ThreadPoolExecutor` retains 4.6 KB (936.5%)
- `java.util.concurrent.ThreadPoolExecutor.runWorker (ThreadPoolExecutor.java:1130)`
  - `java.util.concurrent.ThreadPoolExecutor` retains 4.6 KB (936.5%)
  - `java.util.concurrent.ThreadPoolExecutor$Worker` retains 48 B (9.5%)
- `java.util.concurrent.ThreadPoolExecutor$Worker.run (ThreadPoolExecutor.java:642)`
  - `java.util.concurrent.ThreadPoolExecutor$Worker` retains 48 B (9.5%)
- `java.lang.Thread.runWith (Thread.java:1596)`
  - `java.lang.Class` retains 128 B (25.4%)
  - `java.util.concurrent.ThreadPoolExecutor$Worker` retains 48 B (9.5%)
- `java.lang.Thread.run (Thread.java:1583)`
  - `java.lang.Class` retains 128 B (25.4%)
  - `java.util.concurrent.ThreadPoolExecutor$Worker` retains 48 B (9.5%)

<a id="thread-134"></a>

### Thread 134 "block-manager-ask-thread-pool-27" (java/lang/Thread)

_Local roots: 14._

**Local root objects:**

| Object                                                                  | Shallow | Retained |
| ----------------------------------------------------------------------- | ------: | -------: |
| `java/util/concurrent/ThreadPoolExecutor`                               |    80 B |   4.6 KB |
| `java/util/concurrent/ThreadPoolExecutor`                               |    80 B |   4.6 KB |
| `java/util/concurrent/LinkedBlockingQueue`                              |    48 B |    144 B |
| `java/lang/Class`                                                       |    32 B |    128 B |
| `java/lang/Class`                                                       |    32 B |    128 B |
| `java/util/concurrent/TimeUnit`                                         |    80 B |     80 B |
| `java/util/concurrent/ThreadPoolExecutor$Worker`                        |    48 B |     48 B |
| `java/util/concurrent/ThreadPoolExecutor$Worker`                        |    48 B |     48 B |
| `java/util/concurrent/ThreadPoolExecutor$Worker`                        |    48 B |     48 B |
| `java/util/concurrent/ThreadPoolExecutor$Worker`                        |    48 B |     48 B |
| `java/util/concurrent/locks/AbstractQueuedSynchronizer$ConditionNode`   |    32 B |     32 B |
| `java/util/concurrent/locks/AbstractQueuedSynchronizer$ConditionObject` |    24 B |     24 B |
| `java/util/concurrent/atomic/AtomicInteger`                             |    16 B |     16 B |
| `java/util/concurrent/locks/ReentrantLock`                              |    16 B |     16 B |

- `java.util.concurrent.locks.AbstractQueuedSynchronizer$ConditionObject.awaitNanos (AbstractQueuedSynchronizer.java:1797)`
  - `java.util.concurrent.locks.AbstractQueuedSynchronizer$ConditionNode` retains 32 B (6.3%)
  - `java.util.concurrent.locks.AbstractQueuedSynchronizer$ConditionObject` retains 24 B (4.8%)
- `java.util.concurrent.LinkedBlockingQueue.poll (LinkedBlockingQueue.java:460)`
  - `java.util.concurrent.LinkedBlockingQueue` retains 144 B (28.6%)
  - `java.util.concurrent.TimeUnit` retains 80 B (15.9%)
  - `java.util.concurrent.atomic.AtomicInteger` retains 16 B (3.2%)
  - `java.util.concurrent.locks.ReentrantLock` retains 16 B (3.2%)
- `java.util.concurrent.ThreadPoolExecutor.getTask (ThreadPoolExecutor.java:1069)`
  - `java.util.concurrent.ThreadPoolExecutor` retains 4.6 KB (936.5%)
- `java.util.concurrent.ThreadPoolExecutor.runWorker (ThreadPoolExecutor.java:1130)`
  - `java.util.concurrent.ThreadPoolExecutor` retains 4.6 KB (936.5%)
  - `java.util.concurrent.ThreadPoolExecutor$Worker` retains 48 B (9.5%)
- `java.util.concurrent.ThreadPoolExecutor$Worker.run (ThreadPoolExecutor.java:642)`
  - `java.util.concurrent.ThreadPoolExecutor$Worker` retains 48 B (9.5%)
- `java.lang.Thread.runWith (Thread.java:1596)`
  - `java.lang.Class` retains 128 B (25.4%)
  - `java.util.concurrent.ThreadPoolExecutor$Worker` retains 48 B (9.5%)
- `java.lang.Thread.run (Thread.java:1583)`
  - `java.lang.Class` retains 128 B (25.4%)
  - `java.util.concurrent.ThreadPoolExecutor$Worker` retains 48 B (9.5%)

<a id="thread-135"></a>

### Thread 135 "block-manager-storage-async-thread-pool-42" (java/lang/Thread)

_Local roots: 14._

**Local root objects:**

| Object                                                                  | Shallow | Retained |
| ----------------------------------------------------------------------- | ------: | -------: |
| `java/util/concurrent/ThreadPoolExecutor`                               |    80 B |   4.6 KB |
| `java/util/concurrent/ThreadPoolExecutor`                               |    80 B |   4.6 KB |
| `java/util/concurrent/LinkedBlockingQueue`                              |    48 B |    144 B |
| `java/lang/Class`                                                       |    32 B |    128 B |
| `java/lang/Class`                                                       |    32 B |    128 B |
| `java/util/concurrent/TimeUnit`                                         |    80 B |     80 B |
| `java/util/concurrent/ThreadPoolExecutor$Worker`                        |    48 B |     48 B |
| `java/util/concurrent/ThreadPoolExecutor$Worker`                        |    48 B |     48 B |
| `java/util/concurrent/ThreadPoolExecutor$Worker`                        |    48 B |     48 B |
| `java/util/concurrent/ThreadPoolExecutor$Worker`                        |    48 B |     48 B |
| `java/util/concurrent/locks/AbstractQueuedSynchronizer$ConditionNode`   |    32 B |     32 B |
| `java/util/concurrent/locks/AbstractQueuedSynchronizer$ConditionObject` |    24 B |     24 B |
| `java/util/concurrent/atomic/AtomicInteger`                             |    16 B |     16 B |
| `java/util/concurrent/locks/ReentrantLock`                              |    16 B |     16 B |

- `java.util.concurrent.locks.AbstractQueuedSynchronizer$ConditionObject.awaitNanos (AbstractQueuedSynchronizer.java:1797)`
  - `java.util.concurrent.locks.AbstractQueuedSynchronizer$ConditionNode` retains 32 B (5.8%)
  - `java.util.concurrent.locks.AbstractQueuedSynchronizer$ConditionObject` retains 24 B (4.3%)
- `java.util.concurrent.LinkedBlockingQueue.poll (LinkedBlockingQueue.java:460)`
  - `java.util.concurrent.LinkedBlockingQueue` retains 144 B (26.1%)
  - `java.util.concurrent.TimeUnit` retains 80 B (14.5%)
  - `java.util.concurrent.atomic.AtomicInteger` retains 16 B (2.9%)
  - `java.util.concurrent.locks.ReentrantLock` retains 16 B (2.9%)
- `java.util.concurrent.ThreadPoolExecutor.getTask (ThreadPoolExecutor.java:1069)`
  - `java.util.concurrent.ThreadPoolExecutor` retains 4.6 KB (858.0%)
- `java.util.concurrent.ThreadPoolExecutor.runWorker (ThreadPoolExecutor.java:1130)`
  - `java.util.concurrent.ThreadPoolExecutor` retains 4.6 KB (858.0%)
  - `java.util.concurrent.ThreadPoolExecutor$Worker` retains 48 B (8.7%)
- `java.util.concurrent.ThreadPoolExecutor$Worker.run (ThreadPoolExecutor.java:642)`
  - `java.util.concurrent.ThreadPoolExecutor$Worker` retains 48 B (8.7%)
- `java.lang.Thread.runWith (Thread.java:1596)`
  - `java.lang.Class` retains 128 B (23.2%)
  - `java.util.concurrent.ThreadPoolExecutor$Worker` retains 48 B (8.7%)
- `java.lang.Thread.run (Thread.java:1583)`
  - `java.lang.Class` retains 128 B (23.2%)
  - `java.util.concurrent.ThreadPoolExecutor$Worker` retains 48 B (8.7%)

<a id="thread-136"></a>

### Thread 136 "block-manager-storage-async-thread-pool-43" (java/lang/Thread)

_Local roots: 14._

**Local root objects:**

| Object                                                                  | Shallow | Retained |
| ----------------------------------------------------------------------- | ------: | -------: |
| `java/util/concurrent/ThreadPoolExecutor`                               |    80 B |   4.6 KB |
| `java/util/concurrent/ThreadPoolExecutor`                               |    80 B |   4.6 KB |
| `java/util/concurrent/LinkedBlockingQueue`                              |    48 B |    144 B |
| `java/lang/Class`                                                       |    32 B |    128 B |
| `java/lang/Class`                                                       |    32 B |    128 B |
| `java/util/concurrent/TimeUnit`                                         |    80 B |     80 B |
| `java/util/concurrent/ThreadPoolExecutor$Worker`                        |    48 B |     48 B |
| `java/util/concurrent/ThreadPoolExecutor$Worker`                        |    48 B |     48 B |
| `java/util/concurrent/ThreadPoolExecutor$Worker`                        |    48 B |     48 B |
| `java/util/concurrent/ThreadPoolExecutor$Worker`                        |    48 B |     48 B |
| `java/util/concurrent/locks/AbstractQueuedSynchronizer$ConditionNode`   |    32 B |     32 B |
| `java/util/concurrent/locks/AbstractQueuedSynchronizer$ConditionObject` |    24 B |     24 B |
| `java/util/concurrent/atomic/AtomicInteger`                             |    16 B |     16 B |
| `java/util/concurrent/locks/ReentrantLock`                              |    16 B |     16 B |

- `java.util.concurrent.locks.AbstractQueuedSynchronizer$ConditionObject.awaitNanos (AbstractQueuedSynchronizer.java:1797)`
  - `java.util.concurrent.locks.AbstractQueuedSynchronizer$ConditionNode` retains 32 B (8.3%)
  - `java.util.concurrent.locks.AbstractQueuedSynchronizer$ConditionObject` retains 24 B (6.2%)
- `java.util.concurrent.LinkedBlockingQueue.poll (LinkedBlockingQueue.java:460)`
  - `java.util.concurrent.LinkedBlockingQueue` retains 144 B (37.5%)
  - `java.util.concurrent.TimeUnit` retains 80 B (20.8%)
  - `java.util.concurrent.atomic.AtomicInteger` retains 16 B (4.2%)
  - `java.util.concurrent.locks.ReentrantLock` retains 16 B (4.2%)
- `java.util.concurrent.ThreadPoolExecutor.getTask (ThreadPoolExecutor.java:1069)`
  - `java.util.concurrent.ThreadPoolExecutor` retains 4.6 KB (1233.3%)
- `java.util.concurrent.ThreadPoolExecutor.runWorker (ThreadPoolExecutor.java:1130)`
  - `java.util.concurrent.ThreadPoolExecutor` retains 4.6 KB (1233.3%)
  - `java.util.concurrent.ThreadPoolExecutor$Worker` retains 48 B (12.5%)
- `java.util.concurrent.ThreadPoolExecutor$Worker.run (ThreadPoolExecutor.java:642)`
  - `java.util.concurrent.ThreadPoolExecutor$Worker` retains 48 B (12.5%)
- `java.lang.Thread.runWith (Thread.java:1596)`
  - `java.lang.Class` retains 128 B (33.3%)
  - `java.util.concurrent.ThreadPoolExecutor$Worker` retains 48 B (12.5%)
- `java.lang.Thread.run (Thread.java:1583)`
  - `java.lang.Class` retains 128 B (33.3%)
  - `java.util.concurrent.ThreadPoolExecutor$Worker` retains 48 B (12.5%)

<a id="thread-137"></a>

### Thread 137 "block-manager-storage-async-thread-pool-44" (java/lang/Thread)

_Local roots: 13._

**Local root objects:**

| Object                                                                  | Shallow | Retained |
| ----------------------------------------------------------------------- | ------: | -------: |
| `java/util/concurrent/ThreadPoolExecutor`                               |    80 B |   4.6 KB |
| `java/util/concurrent/ThreadPoolExecutor`                               |    80 B |   4.6 KB |
| `java/util/concurrent/LinkedBlockingQueue`                              |    48 B |    144 B |
| `java/lang/Class`                                                       |    32 B |    128 B |
| `java/lang/Class`                                                       |    32 B |    128 B |
| `java/util/concurrent/ThreadPoolExecutor$Worker`                        |    48 B |     48 B |
| `java/util/concurrent/ThreadPoolExecutor$Worker`                        |    48 B |     48 B |
| `java/util/concurrent/ThreadPoolExecutor$Worker`                        |    48 B |     48 B |
| `java/util/concurrent/ThreadPoolExecutor$Worker`                        |    48 B |     48 B |
| `java/util/concurrent/locks/AbstractQueuedSynchronizer$ConditionNode`   |    32 B |     32 B |
| `java/util/concurrent/locks/AbstractQueuedSynchronizer$ConditionObject` |    24 B |     24 B |
| `java/util/concurrent/atomic/AtomicInteger`                             |    16 B |     16 B |
| `java/util/concurrent/locks/ReentrantLock`                              |    16 B |     16 B |

- `java.util.concurrent.locks.AbstractQueuedSynchronizer$ConditionObject.awaitNanos (AbstractQueuedSynchronizer.java:1797)`
  - `java.util.concurrent.locks.AbstractQueuedSynchronizer$ConditionNode` retains 32 B (5.8%)
  - `java.util.concurrent.locks.AbstractQueuedSynchronizer$ConditionObject` retains 24 B (4.3%)
- `java.util.concurrent.LinkedBlockingQueue.poll (LinkedBlockingQueue.java:460)`
  - `java.util.concurrent.LinkedBlockingQueue` retains 144 B (26.1%)
  - `java.util.concurrent.atomic.AtomicInteger` retains 16 B (2.9%)
  - `java.util.concurrent.locks.ReentrantLock` retains 16 B (2.9%)
- `java.util.concurrent.ThreadPoolExecutor.getTask (ThreadPoolExecutor.java:1069)`
  - `java.util.concurrent.ThreadPoolExecutor` retains 4.6 KB (858.0%)
- `java.util.concurrent.ThreadPoolExecutor.runWorker (ThreadPoolExecutor.java:1130)`
  - `java.util.concurrent.ThreadPoolExecutor` retains 4.6 KB (858.0%)
  - `java.util.concurrent.ThreadPoolExecutor$Worker` retains 48 B (8.7%)
- `java.util.concurrent.ThreadPoolExecutor$Worker.run (ThreadPoolExecutor.java:642)`
  - `java.util.concurrent.ThreadPoolExecutor$Worker` retains 48 B (8.7%)
- `java.lang.Thread.runWith (Thread.java:1596)`
  - `java.lang.Class` retains 128 B (23.2%)
  - `java.util.concurrent.ThreadPoolExecutor$Worker` retains 48 B (8.7%)
- `java.lang.Thread.run (Thread.java:1583)`
  - `java.lang.Class` retains 128 B (23.2%)
  - `java.util.concurrent.ThreadPoolExecutor$Worker` retains 48 B (8.7%)

<a id="thread-138"></a>

### Thread 138 "block-manager-ask-thread-pool-28" (java/lang/Thread)

_Local roots: 13._

**Local root objects:**

| Object                                                                  | Shallow | Retained |
| ----------------------------------------------------------------------- | ------: | -------: |
| `java/util/concurrent/ThreadPoolExecutor`                               |    80 B |   4.6 KB |
| `java/util/concurrent/ThreadPoolExecutor`                               |    80 B |   4.6 KB |
| `java/util/concurrent/LinkedBlockingQueue`                              |    48 B |    144 B |
| `java/lang/Class`                                                       |    32 B |    128 B |
| `java/lang/Class`                                                       |    32 B |    128 B |
| `java/util/concurrent/ThreadPoolExecutor$Worker`                        |    48 B |     48 B |
| `java/util/concurrent/ThreadPoolExecutor$Worker`                        |    48 B |     48 B |
| `java/util/concurrent/ThreadPoolExecutor$Worker`                        |    48 B |     48 B |
| `java/util/concurrent/ThreadPoolExecutor$Worker`                        |    48 B |     48 B |
| `java/util/concurrent/locks/AbstractQueuedSynchronizer$ConditionNode`   |    32 B |     32 B |
| `java/util/concurrent/locks/AbstractQueuedSynchronizer$ConditionObject` |    24 B |     24 B |
| `java/util/concurrent/atomic/AtomicInteger`                             |    16 B |     16 B |
| `java/util/concurrent/locks/ReentrantLock`                              |    16 B |     16 B |

- `java.util.concurrent.locks.AbstractQueuedSynchronizer$ConditionObject.awaitNanos (AbstractQueuedSynchronizer.java:1797)`
  - `java.util.concurrent.locks.AbstractQueuedSynchronizer$ConditionNode` retains 32 B (6.3%)
  - `java.util.concurrent.locks.AbstractQueuedSynchronizer$ConditionObject` retains 24 B (4.8%)
- `java.util.concurrent.LinkedBlockingQueue.poll (LinkedBlockingQueue.java:460)`
  - `java.util.concurrent.LinkedBlockingQueue` retains 144 B (28.6%)
  - `java.util.concurrent.atomic.AtomicInteger` retains 16 B (3.2%)
  - `java.util.concurrent.locks.ReentrantLock` retains 16 B (3.2%)
- `java.util.concurrent.ThreadPoolExecutor.getTask (ThreadPoolExecutor.java:1069)`
  - `java.util.concurrent.ThreadPoolExecutor` retains 4.6 KB (936.5%)
- `java.util.concurrent.ThreadPoolExecutor.runWorker (ThreadPoolExecutor.java:1130)`
  - `java.util.concurrent.ThreadPoolExecutor` retains 4.6 KB (936.5%)
  - `java.util.concurrent.ThreadPoolExecutor$Worker` retains 48 B (9.5%)
- `java.util.concurrent.ThreadPoolExecutor$Worker.run (ThreadPoolExecutor.java:642)`
  - `java.util.concurrent.ThreadPoolExecutor$Worker` retains 48 B (9.5%)
- `java.lang.Thread.runWith (Thread.java:1596)`
  - `java.lang.Class` retains 128 B (25.4%)
  - `java.util.concurrent.ThreadPoolExecutor$Worker` retains 48 B (9.5%)
- `java.lang.Thread.run (Thread.java:1583)`
  - `java.lang.Class` retains 128 B (25.4%)
  - `java.util.concurrent.ThreadPoolExecutor$Worker` retains 48 B (9.5%)

<a id="thread-139"></a>

### Thread 139 "block-manager-ask-thread-pool-29" (java/lang/Thread)

_Local roots: 14._

**Local root objects:**

| Object                                                                  | Shallow | Retained |
| ----------------------------------------------------------------------- | ------: | -------: |
| `java/util/concurrent/ThreadPoolExecutor`                               |    80 B |   4.6 KB |
| `java/util/concurrent/ThreadPoolExecutor`                               |    80 B |   4.6 KB |
| `java/util/concurrent/LinkedBlockingQueue`                              |    48 B |    144 B |
| `java/lang/Class`                                                       |    32 B |    128 B |
| `java/lang/Class`                                                       |    32 B |    128 B |
| `java/util/concurrent/TimeUnit`                                         |    80 B |     80 B |
| `java/util/concurrent/ThreadPoolExecutor$Worker`                        |    48 B |     48 B |
| `java/util/concurrent/ThreadPoolExecutor$Worker`                        |    48 B |     48 B |
| `java/util/concurrent/ThreadPoolExecutor$Worker`                        |    48 B |     48 B |
| `java/util/concurrent/ThreadPoolExecutor$Worker`                        |    48 B |     48 B |
| `java/util/concurrent/locks/AbstractQueuedSynchronizer$ConditionNode`   |    32 B |     32 B |
| `java/util/concurrent/locks/AbstractQueuedSynchronizer$ConditionObject` |    24 B |     24 B |
| `java/util/concurrent/atomic/AtomicInteger`                             |    16 B |     16 B |
| `java/util/concurrent/locks/ReentrantLock`                              |    16 B |     16 B |

- `java.util.concurrent.locks.AbstractQueuedSynchronizer$ConditionObject.awaitNanos (AbstractQueuedSynchronizer.java:1797)`
  - `java.util.concurrent.locks.AbstractQueuedSynchronizer$ConditionNode` retains 32 B (6.3%)
  - `java.util.concurrent.locks.AbstractQueuedSynchronizer$ConditionObject` retains 24 B (4.8%)
- `java.util.concurrent.LinkedBlockingQueue.poll (LinkedBlockingQueue.java:460)`
  - `java.util.concurrent.LinkedBlockingQueue` retains 144 B (28.6%)
  - `java.util.concurrent.TimeUnit` retains 80 B (15.9%)
  - `java.util.concurrent.atomic.AtomicInteger` retains 16 B (3.2%)
  - `java.util.concurrent.locks.ReentrantLock` retains 16 B (3.2%)
- `java.util.concurrent.ThreadPoolExecutor.getTask (ThreadPoolExecutor.java:1069)`
  - `java.util.concurrent.ThreadPoolExecutor` retains 4.6 KB (936.5%)
- `java.util.concurrent.ThreadPoolExecutor.runWorker (ThreadPoolExecutor.java:1130)`
  - `java.util.concurrent.ThreadPoolExecutor` retains 4.6 KB (936.5%)
  - `java.util.concurrent.ThreadPoolExecutor$Worker` retains 48 B (9.5%)
- `java.util.concurrent.ThreadPoolExecutor$Worker.run (ThreadPoolExecutor.java:642)`
  - `java.util.concurrent.ThreadPoolExecutor$Worker` retains 48 B (9.5%)
- `java.lang.Thread.runWith (Thread.java:1596)`
  - `java.lang.Class` retains 128 B (25.4%)
  - `java.util.concurrent.ThreadPoolExecutor$Worker` retains 48 B (9.5%)
- `java.lang.Thread.run (Thread.java:1583)`
  - `java.lang.Class` retains 128 B (25.4%)
  - `java.util.concurrent.ThreadPoolExecutor$Worker` retains 48 B (9.5%)

<a id="thread-140"></a>

### Thread 140 "block-manager-storage-async-thread-pool-45" (java/lang/Thread)

_Local roots: 14._

**Local root objects:**

| Object                                                                  | Shallow | Retained |
| ----------------------------------------------------------------------- | ------: | -------: |
| `java/util/concurrent/ThreadPoolExecutor`                               |    80 B |   4.6 KB |
| `java/util/concurrent/ThreadPoolExecutor`                               |    80 B |   4.6 KB |
| `java/util/concurrent/LinkedBlockingQueue`                              |    48 B |    144 B |
| `java/lang/Class`                                                       |    32 B |    128 B |
| `java/lang/Class`                                                       |    32 B |    128 B |
| `java/util/concurrent/TimeUnit`                                         |    80 B |     80 B |
| `java/util/concurrent/ThreadPoolExecutor$Worker`                        |    48 B |     48 B |
| `java/util/concurrent/ThreadPoolExecutor$Worker`                        |    48 B |     48 B |
| `java/util/concurrent/ThreadPoolExecutor$Worker`                        |    48 B |     48 B |
| `java/util/concurrent/ThreadPoolExecutor$Worker`                        |    48 B |     48 B |
| `java/util/concurrent/locks/AbstractQueuedSynchronizer$ConditionNode`   |    32 B |     32 B |
| `java/util/concurrent/locks/AbstractQueuedSynchronizer$ConditionObject` |    24 B |     24 B |
| `java/util/concurrent/atomic/AtomicInteger`                             |    16 B |     16 B |
| `java/util/concurrent/locks/ReentrantLock`                              |    16 B |     16 B |

- `java.util.concurrent.locks.AbstractQueuedSynchronizer$ConditionObject.awaitNanos (AbstractQueuedSynchronizer.java:1797)`
  - `java.util.concurrent.locks.AbstractQueuedSynchronizer$ConditionNode` retains 32 B (5.8%)
  - `java.util.concurrent.locks.AbstractQueuedSynchronizer$ConditionObject` retains 24 B (4.3%)
- `java.util.concurrent.LinkedBlockingQueue.poll (LinkedBlockingQueue.java:460)`
  - `java.util.concurrent.LinkedBlockingQueue` retains 144 B (26.1%)
  - `java.util.concurrent.TimeUnit` retains 80 B (14.5%)
  - `java.util.concurrent.atomic.AtomicInteger` retains 16 B (2.9%)
  - `java.util.concurrent.locks.ReentrantLock` retains 16 B (2.9%)
- `java.util.concurrent.ThreadPoolExecutor.getTask (ThreadPoolExecutor.java:1069)`
  - `java.util.concurrent.ThreadPoolExecutor` retains 4.6 KB (858.0%)
- `java.util.concurrent.ThreadPoolExecutor.runWorker (ThreadPoolExecutor.java:1130)`
  - `java.util.concurrent.ThreadPoolExecutor` retains 4.6 KB (858.0%)
  - `java.util.concurrent.ThreadPoolExecutor$Worker` retains 48 B (8.7%)
- `java.util.concurrent.ThreadPoolExecutor$Worker.run (ThreadPoolExecutor.java:642)`
  - `java.util.concurrent.ThreadPoolExecutor$Worker` retains 48 B (8.7%)
- `java.lang.Thread.runWith (Thread.java:1596)`
  - `java.lang.Class` retains 128 B (23.2%)
  - `java.util.concurrent.ThreadPoolExecutor$Worker` retains 48 B (8.7%)
- `java.lang.Thread.run (Thread.java:1583)`
  - `java.lang.Class` retains 128 B (23.2%)
  - `java.util.concurrent.ThreadPoolExecutor$Worker` retains 48 B (8.7%)

<a id="thread-141"></a>

### Thread 141 "block-manager-storage-async-thread-pool-46" (java/lang/Thread)

_Local roots: 14._

**Local root objects:**

| Object                                                                  | Shallow | Retained |
| ----------------------------------------------------------------------- | ------: | -------: |
| `java/util/concurrent/ThreadPoolExecutor`                               |    80 B |   4.6 KB |
| `java/util/concurrent/ThreadPoolExecutor`                               |    80 B |   4.6 KB |
| `java/util/concurrent/LinkedBlockingQueue`                              |    48 B |    144 B |
| `java/lang/Class`                                                       |    32 B |    128 B |
| `java/lang/Class`                                                       |    32 B |    128 B |
| `java/util/concurrent/TimeUnit`                                         |    80 B |     80 B |
| `java/util/concurrent/ThreadPoolExecutor$Worker`                        |    48 B |     48 B |
| `java/util/concurrent/ThreadPoolExecutor$Worker`                        |    48 B |     48 B |
| `java/util/concurrent/ThreadPoolExecutor$Worker`                        |    48 B |     48 B |
| `java/util/concurrent/ThreadPoolExecutor$Worker`                        |    48 B |     48 B |
| `java/util/concurrent/locks/AbstractQueuedSynchronizer$ConditionNode`   |    32 B |     32 B |
| `java/util/concurrent/locks/AbstractQueuedSynchronizer$ConditionObject` |    24 B |     24 B |
| `java/util/concurrent/atomic/AtomicInteger`                             |    16 B |     16 B |
| `java/util/concurrent/locks/ReentrantLock`                              |    16 B |     16 B |

- `java.util.concurrent.locks.AbstractQueuedSynchronizer$ConditionObject.awaitNanos (AbstractQueuedSynchronizer.java:1797)`
  - `java.util.concurrent.locks.AbstractQueuedSynchronizer$ConditionNode` retains 32 B (8.3%)
  - `java.util.concurrent.locks.AbstractQueuedSynchronizer$ConditionObject` retains 24 B (6.2%)
- `java.util.concurrent.LinkedBlockingQueue.poll (LinkedBlockingQueue.java:460)`
  - `java.util.concurrent.LinkedBlockingQueue` retains 144 B (37.5%)
  - `java.util.concurrent.TimeUnit` retains 80 B (20.8%)
  - `java.util.concurrent.atomic.AtomicInteger` retains 16 B (4.2%)
  - `java.util.concurrent.locks.ReentrantLock` retains 16 B (4.2%)
- `java.util.concurrent.ThreadPoolExecutor.getTask (ThreadPoolExecutor.java:1069)`
  - `java.util.concurrent.ThreadPoolExecutor` retains 4.6 KB (1233.3%)
- `java.util.concurrent.ThreadPoolExecutor.runWorker (ThreadPoolExecutor.java:1130)`
  - `java.util.concurrent.ThreadPoolExecutor` retains 4.6 KB (1233.3%)
  - `java.util.concurrent.ThreadPoolExecutor$Worker` retains 48 B (12.5%)
- `java.util.concurrent.ThreadPoolExecutor$Worker.run (ThreadPoolExecutor.java:642)`
  - `java.util.concurrent.ThreadPoolExecutor$Worker` retains 48 B (12.5%)
- `java.lang.Thread.runWith (Thread.java:1596)`
  - `java.lang.Class` retains 128 B (33.3%)
  - `java.util.concurrent.ThreadPoolExecutor$Worker` retains 48 B (12.5%)
- `java.lang.Thread.run (Thread.java:1583)`
  - `java.lang.Class` retains 128 B (33.3%)
  - `java.util.concurrent.ThreadPoolExecutor$Worker` retains 48 B (12.5%)

<a id="thread-142"></a>

### Thread 142 "block-manager-storage-async-thread-pool-47" (java/lang/Thread)

_Local roots: 13._

**Local root objects:**

| Object                                                                  | Shallow | Retained |
| ----------------------------------------------------------------------- | ------: | -------: |
| `java/util/concurrent/ThreadPoolExecutor`                               |    80 B |   4.6 KB |
| `java/util/concurrent/ThreadPoolExecutor`                               |    80 B |   4.6 KB |
| `java/util/concurrent/LinkedBlockingQueue`                              |    48 B |    144 B |
| `java/lang/Class`                                                       |    32 B |    128 B |
| `java/lang/Class`                                                       |    32 B |    128 B |
| `java/util/concurrent/ThreadPoolExecutor$Worker`                        |    48 B |     48 B |
| `java/util/concurrent/ThreadPoolExecutor$Worker`                        |    48 B |     48 B |
| `java/util/concurrent/ThreadPoolExecutor$Worker`                        |    48 B |     48 B |
| `java/util/concurrent/ThreadPoolExecutor$Worker`                        |    48 B |     48 B |
| `java/util/concurrent/locks/AbstractQueuedSynchronizer$ConditionNode`   |    32 B |     32 B |
| `java/util/concurrent/locks/AbstractQueuedSynchronizer$ConditionObject` |    24 B |     24 B |
| `java/util/concurrent/atomic/AtomicInteger`                             |    16 B |     16 B |
| `java/util/concurrent/locks/ReentrantLock`                              |    16 B |     16 B |

- `java.util.concurrent.locks.AbstractQueuedSynchronizer$ConditionObject.awaitNanos (AbstractQueuedSynchronizer.java:1797)`
  - `java.util.concurrent.locks.AbstractQueuedSynchronizer$ConditionNode` retains 32 B (5.8%)
  - `java.util.concurrent.locks.AbstractQueuedSynchronizer$ConditionObject` retains 24 B (4.3%)
- `java.util.concurrent.LinkedBlockingQueue.poll (LinkedBlockingQueue.java:460)`
  - `java.util.concurrent.LinkedBlockingQueue` retains 144 B (26.1%)
  - `java.util.concurrent.atomic.AtomicInteger` retains 16 B (2.9%)
  - `java.util.concurrent.locks.ReentrantLock` retains 16 B (2.9%)
- `java.util.concurrent.ThreadPoolExecutor.getTask (ThreadPoolExecutor.java:1069)`
  - `java.util.concurrent.ThreadPoolExecutor` retains 4.6 KB (858.0%)
- `java.util.concurrent.ThreadPoolExecutor.runWorker (ThreadPoolExecutor.java:1130)`
  - `java.util.concurrent.ThreadPoolExecutor` retains 4.6 KB (858.0%)
  - `java.util.concurrent.ThreadPoolExecutor$Worker` retains 48 B (8.7%)
- `java.util.concurrent.ThreadPoolExecutor$Worker.run (ThreadPoolExecutor.java:642)`
  - `java.util.concurrent.ThreadPoolExecutor$Worker` retains 48 B (8.7%)
- `java.lang.Thread.runWith (Thread.java:1596)`
  - `java.lang.Class` retains 128 B (23.2%)
  - `java.util.concurrent.ThreadPoolExecutor$Worker` retains 48 B (8.7%)
- `java.lang.Thread.run (Thread.java:1583)`
  - `java.lang.Class` retains 128 B (23.2%)
  - `java.util.concurrent.ThreadPoolExecutor$Worker` retains 48 B (8.7%)

<a id="thread-143"></a>

### Thread 143 "block-manager-ask-thread-pool-30" (java/lang/Thread)

_Local roots: 13._

**Local root objects:**

| Object                                                                  | Shallow | Retained |
| ----------------------------------------------------------------------- | ------: | -------: |
| `java/util/concurrent/ThreadPoolExecutor`                               |    80 B |   4.6 KB |
| `java/util/concurrent/ThreadPoolExecutor`                               |    80 B |   4.6 KB |
| `java/util/concurrent/LinkedBlockingQueue`                              |    48 B |    144 B |
| `java/lang/Class`                                                       |    32 B |    128 B |
| `java/lang/Class`                                                       |    32 B |    128 B |
| `java/util/concurrent/ThreadPoolExecutor$Worker`                        |    48 B |     48 B |
| `java/util/concurrent/ThreadPoolExecutor$Worker`                        |    48 B |     48 B |
| `java/util/concurrent/ThreadPoolExecutor$Worker`                        |    48 B |     48 B |
| `java/util/concurrent/ThreadPoolExecutor$Worker`                        |    48 B |     48 B |
| `java/util/concurrent/locks/AbstractQueuedSynchronizer$ConditionNode`   |    32 B |     32 B |
| `java/util/concurrent/locks/AbstractQueuedSynchronizer$ConditionObject` |    24 B |     24 B |
| `java/util/concurrent/atomic/AtomicInteger`                             |    16 B |     16 B |
| `java/util/concurrent/locks/ReentrantLock`                              |    16 B |     16 B |

- `java.util.concurrent.locks.AbstractQueuedSynchronizer$ConditionObject.awaitNanos (AbstractQueuedSynchronizer.java:1797)`
  - `java.util.concurrent.locks.AbstractQueuedSynchronizer$ConditionNode` retains 32 B (6.3%)
  - `java.util.concurrent.locks.AbstractQueuedSynchronizer$ConditionObject` retains 24 B (4.8%)
- `java.util.concurrent.LinkedBlockingQueue.poll (LinkedBlockingQueue.java:460)`
  - `java.util.concurrent.LinkedBlockingQueue` retains 144 B (28.6%)
  - `java.util.concurrent.atomic.AtomicInteger` retains 16 B (3.2%)
  - `java.util.concurrent.locks.ReentrantLock` retains 16 B (3.2%)
- `java.util.concurrent.ThreadPoolExecutor.getTask (ThreadPoolExecutor.java:1069)`
  - `java.util.concurrent.ThreadPoolExecutor` retains 4.6 KB (936.5%)
- `java.util.concurrent.ThreadPoolExecutor.runWorker (ThreadPoolExecutor.java:1130)`
  - `java.util.concurrent.ThreadPoolExecutor` retains 4.6 KB (936.5%)
  - `java.util.concurrent.ThreadPoolExecutor$Worker` retains 48 B (9.5%)
- `java.util.concurrent.ThreadPoolExecutor$Worker.run (ThreadPoolExecutor.java:642)`
  - `java.util.concurrent.ThreadPoolExecutor$Worker` retains 48 B (9.5%)
- `java.lang.Thread.runWith (Thread.java:1596)`
  - `java.lang.Class` retains 128 B (25.4%)
  - `java.util.concurrent.ThreadPoolExecutor$Worker` retains 48 B (9.5%)
- `java.lang.Thread.run (Thread.java:1583)`
  - `java.lang.Class` retains 128 B (25.4%)
  - `java.util.concurrent.ThreadPoolExecutor$Worker` retains 48 B (9.5%)

<a id="thread-144"></a>

### Thread 144 "block-manager-ask-thread-pool-31" (java/lang/Thread)

_Local roots: 14._

**Local root objects:**

| Object                                                                  | Shallow | Retained |
| ----------------------------------------------------------------------- | ------: | -------: |
| `java/util/concurrent/ThreadPoolExecutor`                               |    80 B |   4.6 KB |
| `java/util/concurrent/ThreadPoolExecutor`                               |    80 B |   4.6 KB |
| `java/util/concurrent/LinkedBlockingQueue`                              |    48 B |    144 B |
| `java/lang/Class`                                                       |    32 B |    128 B |
| `java/lang/Class`                                                       |    32 B |    128 B |
| `java/util/concurrent/TimeUnit`                                         |    80 B |     80 B |
| `java/util/concurrent/ThreadPoolExecutor$Worker`                        |    48 B |     48 B |
| `java/util/concurrent/ThreadPoolExecutor$Worker`                        |    48 B |     48 B |
| `java/util/concurrent/ThreadPoolExecutor$Worker`                        |    48 B |     48 B |
| `java/util/concurrent/ThreadPoolExecutor$Worker`                        |    48 B |     48 B |
| `java/util/concurrent/locks/AbstractQueuedSynchronizer$ConditionNode`   |    32 B |     32 B |
| `java/util/concurrent/locks/AbstractQueuedSynchronizer$ConditionObject` |    24 B |     24 B |
| `java/util/concurrent/atomic/AtomicInteger`                             |    16 B |     16 B |
| `java/util/concurrent/locks/ReentrantLock`                              |    16 B |     16 B |

- `java.util.concurrent.locks.AbstractQueuedSynchronizer$ConditionObject.awaitNanos (AbstractQueuedSynchronizer.java:1797)`
  - `java.util.concurrent.locks.AbstractQueuedSynchronizer$ConditionNode` retains 32 B (6.3%)
  - `java.util.concurrent.locks.AbstractQueuedSynchronizer$ConditionObject` retains 24 B (4.8%)
- `java.util.concurrent.LinkedBlockingQueue.poll (LinkedBlockingQueue.java:460)`
  - `java.util.concurrent.LinkedBlockingQueue` retains 144 B (28.6%)
  - `java.util.concurrent.TimeUnit` retains 80 B (15.9%)
  - `java.util.concurrent.atomic.AtomicInteger` retains 16 B (3.2%)
  - `java.util.concurrent.locks.ReentrantLock` retains 16 B (3.2%)
- `java.util.concurrent.ThreadPoolExecutor.getTask (ThreadPoolExecutor.java:1069)`
  - `java.util.concurrent.ThreadPoolExecutor` retains 4.6 KB (936.5%)
- `java.util.concurrent.ThreadPoolExecutor.runWorker (ThreadPoolExecutor.java:1130)`
  - `java.util.concurrent.ThreadPoolExecutor` retains 4.6 KB (936.5%)
  - `java.util.concurrent.ThreadPoolExecutor$Worker` retains 48 B (9.5%)
- `java.util.concurrent.ThreadPoolExecutor$Worker.run (ThreadPoolExecutor.java:642)`
  - `java.util.concurrent.ThreadPoolExecutor$Worker` retains 48 B (9.5%)
- `java.lang.Thread.runWith (Thread.java:1596)`
  - `java.lang.Class` retains 128 B (25.4%)
  - `java.util.concurrent.ThreadPoolExecutor$Worker` retains 48 B (9.5%)
- `java.lang.Thread.run (Thread.java:1583)`
  - `java.lang.Class` retains 128 B (25.4%)
  - `java.util.concurrent.ThreadPoolExecutor$Worker` retains 48 B (9.5%)

<a id="thread-145"></a>

### Thread 145 "block-manager-storage-async-thread-pool-48" (java/lang/Thread)

_Local roots: 14._

**Local root objects:**

| Object                                                                  | Shallow | Retained |
| ----------------------------------------------------------------------- | ------: | -------: |
| `java/util/concurrent/ThreadPoolExecutor`                               |    80 B |   4.6 KB |
| `java/util/concurrent/ThreadPoolExecutor`                               |    80 B |   4.6 KB |
| `java/util/concurrent/LinkedBlockingQueue`                              |    48 B |    144 B |
| `java/lang/Class`                                                       |    32 B |    128 B |
| `java/lang/Class`                                                       |    32 B |    128 B |
| `java/util/concurrent/TimeUnit`                                         |    80 B |     80 B |
| `java/util/concurrent/ThreadPoolExecutor$Worker`                        |    48 B |     48 B |
| `java/util/concurrent/ThreadPoolExecutor$Worker`                        |    48 B |     48 B |
| `java/util/concurrent/ThreadPoolExecutor$Worker`                        |    48 B |     48 B |
| `java/util/concurrent/ThreadPoolExecutor$Worker`                        |    48 B |     48 B |
| `java/util/concurrent/locks/AbstractQueuedSynchronizer$ConditionNode`   |    32 B |     32 B |
| `java/util/concurrent/locks/AbstractQueuedSynchronizer$ConditionObject` |    24 B |     24 B |
| `java/util/concurrent/atomic/AtomicInteger`                             |    16 B |     16 B |
| `java/util/concurrent/locks/ReentrantLock`                              |    16 B |     16 B |

- `java.util.concurrent.locks.AbstractQueuedSynchronizer$ConditionObject.awaitNanos (AbstractQueuedSynchronizer.java:1797)`
  - `java.util.concurrent.locks.AbstractQueuedSynchronizer$ConditionNode` retains 32 B (5.8%)
  - `java.util.concurrent.locks.AbstractQueuedSynchronizer$ConditionObject` retains 24 B (4.3%)
- `java.util.concurrent.LinkedBlockingQueue.poll (LinkedBlockingQueue.java:460)`
  - `java.util.concurrent.LinkedBlockingQueue` retains 144 B (26.1%)
  - `java.util.concurrent.TimeUnit` retains 80 B (14.5%)
  - `java.util.concurrent.atomic.AtomicInteger` retains 16 B (2.9%)
  - `java.util.concurrent.locks.ReentrantLock` retains 16 B (2.9%)
- `java.util.concurrent.ThreadPoolExecutor.getTask (ThreadPoolExecutor.java:1069)`
  - `java.util.concurrent.ThreadPoolExecutor` retains 4.6 KB (858.0%)
- `java.util.concurrent.ThreadPoolExecutor.runWorker (ThreadPoolExecutor.java:1130)`
  - `java.util.concurrent.ThreadPoolExecutor` retains 4.6 KB (858.0%)
  - `java.util.concurrent.ThreadPoolExecutor$Worker` retains 48 B (8.7%)
- `java.util.concurrent.ThreadPoolExecutor$Worker.run (ThreadPoolExecutor.java:642)`
  - `java.util.concurrent.ThreadPoolExecutor$Worker` retains 48 B (8.7%)
- `java.lang.Thread.runWith (Thread.java:1596)`
  - `java.lang.Class` retains 128 B (23.2%)
  - `java.util.concurrent.ThreadPoolExecutor$Worker` retains 48 B (8.7%)
- `java.lang.Thread.run (Thread.java:1583)`
  - `java.lang.Class` retains 128 B (23.2%)
  - `java.util.concurrent.ThreadPoolExecutor$Worker` retains 48 B (8.7%)

<a id="thread-146"></a>

### Thread 146 "block-manager-storage-async-thread-pool-49" (java/lang/Thread)

_Local roots: 14._

**Local root objects:**

| Object                                                                  | Shallow | Retained |
| ----------------------------------------------------------------------- | ------: | -------: |
| `java/util/concurrent/ThreadPoolExecutor`                               |    80 B |   4.6 KB |
| `java/util/concurrent/ThreadPoolExecutor`                               |    80 B |   4.6 KB |
| `java/util/concurrent/LinkedBlockingQueue`                              |    48 B |    144 B |
| `java/lang/Class`                                                       |    32 B |    128 B |
| `java/lang/Class`                                                       |    32 B |    128 B |
| `java/util/concurrent/TimeUnit`                                         |    80 B |     80 B |
| `java/util/concurrent/ThreadPoolExecutor$Worker`                        |    48 B |     48 B |
| `java/util/concurrent/ThreadPoolExecutor$Worker`                        |    48 B |     48 B |
| `java/util/concurrent/ThreadPoolExecutor$Worker`                        |    48 B |     48 B |
| `java/util/concurrent/ThreadPoolExecutor$Worker`                        |    48 B |     48 B |
| `java/util/concurrent/locks/AbstractQueuedSynchronizer$ConditionNode`   |    32 B |     32 B |
| `java/util/concurrent/locks/AbstractQueuedSynchronizer$ConditionObject` |    24 B |     24 B |
| `java/util/concurrent/atomic/AtomicInteger`                             |    16 B |     16 B |
| `java/util/concurrent/locks/ReentrantLock`                              |    16 B |     16 B |

- `java.util.concurrent.locks.AbstractQueuedSynchronizer$ConditionObject.awaitNanos (AbstractQueuedSynchronizer.java:1797)`
  - `java.util.concurrent.locks.AbstractQueuedSynchronizer$ConditionNode` retains 32 B (8.3%)
  - `java.util.concurrent.locks.AbstractQueuedSynchronizer$ConditionObject` retains 24 B (6.2%)
- `java.util.concurrent.LinkedBlockingQueue.poll (LinkedBlockingQueue.java:460)`
  - `java.util.concurrent.LinkedBlockingQueue` retains 144 B (37.5%)
  - `java.util.concurrent.TimeUnit` retains 80 B (20.8%)
  - `java.util.concurrent.atomic.AtomicInteger` retains 16 B (4.2%)
  - `java.util.concurrent.locks.ReentrantLock` retains 16 B (4.2%)
- `java.util.concurrent.ThreadPoolExecutor.getTask (ThreadPoolExecutor.java:1069)`
  - `java.util.concurrent.ThreadPoolExecutor` retains 4.6 KB (1233.3%)
- `java.util.concurrent.ThreadPoolExecutor.runWorker (ThreadPoolExecutor.java:1130)`
  - `java.util.concurrent.ThreadPoolExecutor` retains 4.6 KB (1233.3%)
  - `java.util.concurrent.ThreadPoolExecutor$Worker` retains 48 B (12.5%)
- `java.util.concurrent.ThreadPoolExecutor$Worker.run (ThreadPoolExecutor.java:642)`
  - `java.util.concurrent.ThreadPoolExecutor$Worker` retains 48 B (12.5%)
- `java.lang.Thread.runWith (Thread.java:1596)`
  - `java.lang.Class` retains 128 B (33.3%)
  - `java.util.concurrent.ThreadPoolExecutor$Worker` retains 48 B (12.5%)
- `java.lang.Thread.run (Thread.java:1583)`
  - `java.lang.Class` retains 128 B (33.3%)
  - `java.util.concurrent.ThreadPoolExecutor$Worker` retains 48 B (12.5%)

<a id="thread-147"></a>

### Thread 147 "block-manager-storage-async-thread-pool-50" (java/lang/Thread)

_Local roots: 14._

**Local root objects:**

| Object                                                                  | Shallow | Retained |
| ----------------------------------------------------------------------- | ------: | -------: |
| `java/util/concurrent/ThreadPoolExecutor`                               |    80 B |   4.6 KB |
| `java/util/concurrent/ThreadPoolExecutor`                               |    80 B |   4.6 KB |
| `java/util/concurrent/LinkedBlockingQueue`                              |    48 B |    144 B |
| `java/lang/Class`                                                       |    32 B |    128 B |
| `java/lang/Class`                                                       |    32 B |    128 B |
| `java/util/concurrent/TimeUnit`                                         |    80 B |     80 B |
| `java/util/concurrent/ThreadPoolExecutor$Worker`                        |    48 B |     48 B |
| `java/util/concurrent/ThreadPoolExecutor$Worker`                        |    48 B |     48 B |
| `java/util/concurrent/ThreadPoolExecutor$Worker`                        |    48 B |     48 B |
| `java/util/concurrent/ThreadPoolExecutor$Worker`                        |    48 B |     48 B |
| `java/util/concurrent/locks/AbstractQueuedSynchronizer$ConditionNode`   |    32 B |     32 B |
| `java/util/concurrent/locks/AbstractQueuedSynchronizer$ConditionObject` |    24 B |     24 B |
| `java/util/concurrent/atomic/AtomicInteger`                             |    16 B |     16 B |
| `java/util/concurrent/locks/ReentrantLock`                              |    16 B |     16 B |

- `java.util.concurrent.locks.AbstractQueuedSynchronizer$ConditionObject.awaitNanos (AbstractQueuedSynchronizer.java:1797)`
  - `java.util.concurrent.locks.AbstractQueuedSynchronizer$ConditionNode` retains 32 B (5.8%)
  - `java.util.concurrent.locks.AbstractQueuedSynchronizer$ConditionObject` retains 24 B (4.3%)
- `java.util.concurrent.LinkedBlockingQueue.poll (LinkedBlockingQueue.java:460)`
  - `java.util.concurrent.LinkedBlockingQueue` retains 144 B (26.1%)
  - `java.util.concurrent.TimeUnit` retains 80 B (14.5%)
  - `java.util.concurrent.atomic.AtomicInteger` retains 16 B (2.9%)
  - `java.util.concurrent.locks.ReentrantLock` retains 16 B (2.9%)
- `java.util.concurrent.ThreadPoolExecutor.getTask (ThreadPoolExecutor.java:1069)`
  - `java.util.concurrent.ThreadPoolExecutor` retains 4.6 KB (858.0%)
- `java.util.concurrent.ThreadPoolExecutor.runWorker (ThreadPoolExecutor.java:1130)`
  - `java.util.concurrent.ThreadPoolExecutor` retains 4.6 KB (858.0%)
  - `java.util.concurrent.ThreadPoolExecutor$Worker` retains 48 B (8.7%)
- `java.util.concurrent.ThreadPoolExecutor$Worker.run (ThreadPoolExecutor.java:642)`
  - `java.util.concurrent.ThreadPoolExecutor$Worker` retains 48 B (8.7%)
- `java.lang.Thread.runWith (Thread.java:1596)`
  - `java.lang.Class` retains 128 B (23.2%)
  - `java.util.concurrent.ThreadPoolExecutor$Worker` retains 48 B (8.7%)
- `java.lang.Thread.run (Thread.java:1583)`
  - `java.lang.Class` retains 128 B (23.2%)
  - `java.util.concurrent.ThreadPoolExecutor$Worker` retains 48 B (8.7%)

<a id="thread-148"></a>

### Thread 148 "block-manager-ask-thread-pool-32" (java/lang/Thread)

_Local roots: 13._

**Local root objects:**

| Object                                                                  | Shallow | Retained |
| ----------------------------------------------------------------------- | ------: | -------: |
| `java/util/concurrent/ThreadPoolExecutor`                               |    80 B |   4.6 KB |
| `java/util/concurrent/ThreadPoolExecutor`                               |    80 B |   4.6 KB |
| `java/util/concurrent/LinkedBlockingQueue`                              |    48 B |    144 B |
| `java/lang/Class`                                                       |    32 B |    128 B |
| `java/lang/Class`                                                       |    32 B |    128 B |
| `java/util/concurrent/ThreadPoolExecutor$Worker`                        |    48 B |     48 B |
| `java/util/concurrent/ThreadPoolExecutor$Worker`                        |    48 B |     48 B |
| `java/util/concurrent/ThreadPoolExecutor$Worker`                        |    48 B |     48 B |
| `java/util/concurrent/ThreadPoolExecutor$Worker`                        |    48 B |     48 B |
| `java/util/concurrent/locks/AbstractQueuedSynchronizer$ConditionNode`   |    32 B |     32 B |
| `java/util/concurrent/locks/AbstractQueuedSynchronizer$ConditionObject` |    24 B |     24 B |
| `java/util/concurrent/atomic/AtomicInteger`                             |    16 B |     16 B |
| `java/util/concurrent/locks/ReentrantLock`                              |    16 B |     16 B |

- `java.util.concurrent.locks.AbstractQueuedSynchronizer$ConditionObject.awaitNanos (AbstractQueuedSynchronizer.java:1797)`
  - `java.util.concurrent.locks.AbstractQueuedSynchronizer$ConditionNode` retains 32 B (6.3%)
  - `java.util.concurrent.locks.AbstractQueuedSynchronizer$ConditionObject` retains 24 B (4.8%)
- `java.util.concurrent.LinkedBlockingQueue.poll (LinkedBlockingQueue.java:460)`
  - `java.util.concurrent.LinkedBlockingQueue` retains 144 B (28.6%)
  - `java.util.concurrent.atomic.AtomicInteger` retains 16 B (3.2%)
  - `java.util.concurrent.locks.ReentrantLock` retains 16 B (3.2%)
- `java.util.concurrent.ThreadPoolExecutor.getTask (ThreadPoolExecutor.java:1069)`
  - `java.util.concurrent.ThreadPoolExecutor` retains 4.6 KB (936.5%)
- `java.util.concurrent.ThreadPoolExecutor.runWorker (ThreadPoolExecutor.java:1130)`
  - `java.util.concurrent.ThreadPoolExecutor` retains 4.6 KB (936.5%)
  - `java.util.concurrent.ThreadPoolExecutor$Worker` retains 48 B (9.5%)
- `java.util.concurrent.ThreadPoolExecutor$Worker.run (ThreadPoolExecutor.java:642)`
  - `java.util.concurrent.ThreadPoolExecutor$Worker` retains 48 B (9.5%)
- `java.lang.Thread.runWith (Thread.java:1596)`
  - `java.lang.Class` retains 128 B (25.4%)
  - `java.util.concurrent.ThreadPoolExecutor$Worker` retains 48 B (9.5%)
- `java.lang.Thread.run (Thread.java:1583)`
  - `java.lang.Class` retains 128 B (25.4%)
  - `java.util.concurrent.ThreadPoolExecutor$Worker` retains 48 B (9.5%)

<a id="thread-149"></a>

### Thread 149 "block-manager-ask-thread-pool-33" (java/lang/Thread)

_Local roots: 14._

**Local root objects:**

| Object                                                                  | Shallow | Retained |
| ----------------------------------------------------------------------- | ------: | -------: |
| `java/util/concurrent/ThreadPoolExecutor`                               |    80 B |   4.6 KB |
| `java/util/concurrent/ThreadPoolExecutor`                               |    80 B |   4.6 KB |
| `java/util/concurrent/LinkedBlockingQueue`                              |    48 B |    144 B |
| `java/lang/Class`                                                       |    32 B |    128 B |
| `java/lang/Class`                                                       |    32 B |    128 B |
| `java/util/concurrent/TimeUnit`                                         |    80 B |     80 B |
| `java/util/concurrent/ThreadPoolExecutor$Worker`                        |    48 B |     48 B |
| `java/util/concurrent/ThreadPoolExecutor$Worker`                        |    48 B |     48 B |
| `java/util/concurrent/ThreadPoolExecutor$Worker`                        |    48 B |     48 B |
| `java/util/concurrent/ThreadPoolExecutor$Worker`                        |    48 B |     48 B |
| `java/util/concurrent/locks/AbstractQueuedSynchronizer$ConditionNode`   |    32 B |     32 B |
| `java/util/concurrent/locks/AbstractQueuedSynchronizer$ConditionObject` |    24 B |     24 B |
| `java/util/concurrent/atomic/AtomicInteger`                             |    16 B |     16 B |
| `java/util/concurrent/locks/ReentrantLock`                              |    16 B |     16 B |

- `java.util.concurrent.locks.AbstractQueuedSynchronizer$ConditionObject.awaitNanos (AbstractQueuedSynchronizer.java:1797)`
  - `java.util.concurrent.locks.AbstractQueuedSynchronizer$ConditionNode` retains 32 B (6.3%)
  - `java.util.concurrent.locks.AbstractQueuedSynchronizer$ConditionObject` retains 24 B (4.8%)
- `java.util.concurrent.LinkedBlockingQueue.poll (LinkedBlockingQueue.java:460)`
  - `java.util.concurrent.LinkedBlockingQueue` retains 144 B (28.6%)
  - `java.util.concurrent.TimeUnit` retains 80 B (15.9%)
  - `java.util.concurrent.atomic.AtomicInteger` retains 16 B (3.2%)
  - `java.util.concurrent.locks.ReentrantLock` retains 16 B (3.2%)
- `java.util.concurrent.ThreadPoolExecutor.getTask (ThreadPoolExecutor.java:1069)`
  - `java.util.concurrent.ThreadPoolExecutor` retains 4.6 KB (936.5%)
- `java.util.concurrent.ThreadPoolExecutor.runWorker (ThreadPoolExecutor.java:1130)`
  - `java.util.concurrent.ThreadPoolExecutor` retains 4.6 KB (936.5%)
  - `java.util.concurrent.ThreadPoolExecutor$Worker` retains 48 B (9.5%)
- `java.util.concurrent.ThreadPoolExecutor$Worker.run (ThreadPoolExecutor.java:642)`
  - `java.util.concurrent.ThreadPoolExecutor$Worker` retains 48 B (9.5%)
- `java.lang.Thread.runWith (Thread.java:1596)`
  - `java.lang.Class` retains 128 B (25.4%)
  - `java.util.concurrent.ThreadPoolExecutor$Worker` retains 48 B (9.5%)
- `java.lang.Thread.run (Thread.java:1583)`
  - `java.lang.Class` retains 128 B (25.4%)
  - `java.util.concurrent.ThreadPoolExecutor$Worker` retains 48 B (9.5%)

<a id="thread-150"></a>

### Thread 150 "block-manager-storage-async-thread-pool-51" (java/lang/Thread)

_Local roots: 13._

**Local root objects:**

| Object                                                                  | Shallow | Retained |
| ----------------------------------------------------------------------- | ------: | -------: |
| `java/util/concurrent/ThreadPoolExecutor`                               |    80 B |   4.6 KB |
| `java/util/concurrent/ThreadPoolExecutor`                               |    80 B |   4.6 KB |
| `java/util/concurrent/LinkedBlockingQueue`                              |    48 B |    144 B |
| `java/lang/Class`                                                       |    32 B |    128 B |
| `java/lang/Class`                                                       |    32 B |    128 B |
| `java/util/concurrent/ThreadPoolExecutor$Worker`                        |    48 B |     48 B |
| `java/util/concurrent/ThreadPoolExecutor$Worker`                        |    48 B |     48 B |
| `java/util/concurrent/ThreadPoolExecutor$Worker`                        |    48 B |     48 B |
| `java/util/concurrent/ThreadPoolExecutor$Worker`                        |    48 B |     48 B |
| `java/util/concurrent/locks/AbstractQueuedSynchronizer$ConditionNode`   |    32 B |     32 B |
| `java/util/concurrent/locks/AbstractQueuedSynchronizer$ConditionObject` |    24 B |     24 B |
| `java/util/concurrent/atomic/AtomicInteger`                             |    16 B |     16 B |
| `java/util/concurrent/locks/ReentrantLock`                              |    16 B |     16 B |

- `java.util.concurrent.locks.AbstractQueuedSynchronizer$ConditionObject.awaitNanos (AbstractQueuedSynchronizer.java:1797)`
  - `java.util.concurrent.locks.AbstractQueuedSynchronizer$ConditionNode` retains 32 B (5.8%)
  - `java.util.concurrent.locks.AbstractQueuedSynchronizer$ConditionObject` retains 24 B (4.3%)
- `java.util.concurrent.LinkedBlockingQueue.poll (LinkedBlockingQueue.java:460)`
  - `java.util.concurrent.LinkedBlockingQueue` retains 144 B (26.1%)
  - `java.util.concurrent.atomic.AtomicInteger` retains 16 B (2.9%)
  - `java.util.concurrent.locks.ReentrantLock` retains 16 B (2.9%)
- `java.util.concurrent.ThreadPoolExecutor.getTask (ThreadPoolExecutor.java:1069)`
  - `java.util.concurrent.ThreadPoolExecutor` retains 4.6 KB (858.0%)
- `java.util.concurrent.ThreadPoolExecutor.runWorker (ThreadPoolExecutor.java:1130)`
  - `java.util.concurrent.ThreadPoolExecutor` retains 4.6 KB (858.0%)
  - `java.util.concurrent.ThreadPoolExecutor$Worker` retains 48 B (8.7%)
- `java.util.concurrent.ThreadPoolExecutor$Worker.run (ThreadPoolExecutor.java:642)`
  - `java.util.concurrent.ThreadPoolExecutor$Worker` retains 48 B (8.7%)
- `java.lang.Thread.runWith (Thread.java:1596)`
  - `java.lang.Class` retains 128 B (23.2%)
  - `java.util.concurrent.ThreadPoolExecutor$Worker` retains 48 B (8.7%)
- `java.lang.Thread.run (Thread.java:1583)`
  - `java.lang.Class` retains 128 B (23.2%)
  - `java.util.concurrent.ThreadPoolExecutor$Worker` retains 48 B (8.7%)

<a id="thread-151"></a>

### Thread 151 "block-manager-storage-async-thread-pool-52" (java/lang/Thread)

_Local roots: 14._

**Local root objects:**

| Object                                                                  | Shallow | Retained |
| ----------------------------------------------------------------------- | ------: | -------: |
| `java/util/concurrent/ThreadPoolExecutor`                               |    80 B |   4.6 KB |
| `java/util/concurrent/ThreadPoolExecutor`                               |    80 B |   4.6 KB |
| `java/util/concurrent/LinkedBlockingQueue`                              |    48 B |    144 B |
| `java/lang/Class`                                                       |    32 B |    128 B |
| `java/lang/Class`                                                       |    32 B |    128 B |
| `java/util/concurrent/TimeUnit`                                         |    80 B |     80 B |
| `java/util/concurrent/ThreadPoolExecutor$Worker`                        |    48 B |     48 B |
| `java/util/concurrent/ThreadPoolExecutor$Worker`                        |    48 B |     48 B |
| `java/util/concurrent/ThreadPoolExecutor$Worker`                        |    48 B |     48 B |
| `java/util/concurrent/ThreadPoolExecutor$Worker`                        |    48 B |     48 B |
| `java/util/concurrent/locks/AbstractQueuedSynchronizer$ConditionNode`   |    32 B |     32 B |
| `java/util/concurrent/locks/AbstractQueuedSynchronizer$ConditionObject` |    24 B |     24 B |
| `java/util/concurrent/atomic/AtomicInteger`                             |    16 B |     16 B |
| `java/util/concurrent/locks/ReentrantLock`                              |    16 B |     16 B |

- `java.util.concurrent.locks.AbstractQueuedSynchronizer$ConditionObject.awaitNanos (AbstractQueuedSynchronizer.java:1797)`
  - `java.util.concurrent.locks.AbstractQueuedSynchronizer$ConditionNode` retains 32 B (8.3%)
  - `java.util.concurrent.locks.AbstractQueuedSynchronizer$ConditionObject` retains 24 B (6.2%)
- `java.util.concurrent.LinkedBlockingQueue.poll (LinkedBlockingQueue.java:460)`
  - `java.util.concurrent.LinkedBlockingQueue` retains 144 B (37.5%)
  - `java.util.concurrent.TimeUnit` retains 80 B (20.8%)
  - `java.util.concurrent.atomic.AtomicInteger` retains 16 B (4.2%)
  - `java.util.concurrent.locks.ReentrantLock` retains 16 B (4.2%)
- `java.util.concurrent.ThreadPoolExecutor.getTask (ThreadPoolExecutor.java:1069)`
  - `java.util.concurrent.ThreadPoolExecutor` retains 4.6 KB (1233.3%)
- `java.util.concurrent.ThreadPoolExecutor.runWorker (ThreadPoolExecutor.java:1130)`
  - `java.util.concurrent.ThreadPoolExecutor` retains 4.6 KB (1233.3%)
  - `java.util.concurrent.ThreadPoolExecutor$Worker` retains 48 B (12.5%)
- `java.util.concurrent.ThreadPoolExecutor$Worker.run (ThreadPoolExecutor.java:642)`
  - `java.util.concurrent.ThreadPoolExecutor$Worker` retains 48 B (12.5%)
- `java.lang.Thread.runWith (Thread.java:1596)`
  - `java.lang.Class` retains 128 B (33.3%)
  - `java.util.concurrent.ThreadPoolExecutor$Worker` retains 48 B (12.5%)
- `java.lang.Thread.run (Thread.java:1583)`
  - `java.lang.Class` retains 128 B (33.3%)
  - `java.util.concurrent.ThreadPoolExecutor$Worker` retains 48 B (12.5%)

<a id="thread-152"></a>

### Thread 152 "block-manager-storage-async-thread-pool-53" (java/lang/Thread)

_Local roots: 13._

**Local root objects:**

| Object                                                                  | Shallow | Retained |
| ----------------------------------------------------------------------- | ------: | -------: |
| `java/util/concurrent/ThreadPoolExecutor`                               |    80 B |   4.6 KB |
| `java/util/concurrent/ThreadPoolExecutor`                               |    80 B |   4.6 KB |
| `java/util/concurrent/LinkedBlockingQueue`                              |    48 B |    144 B |
| `java/lang/Class`                                                       |    32 B |    128 B |
| `java/lang/Class`                                                       |    32 B |    128 B |
| `java/util/concurrent/ThreadPoolExecutor$Worker`                        |    48 B |     48 B |
| `java/util/concurrent/ThreadPoolExecutor$Worker`                        |    48 B |     48 B |
| `java/util/concurrent/ThreadPoolExecutor$Worker`                        |    48 B |     48 B |
| `java/util/concurrent/ThreadPoolExecutor$Worker`                        |    48 B |     48 B |
| `java/util/concurrent/locks/AbstractQueuedSynchronizer$ConditionNode`   |    32 B |     32 B |
| `java/util/concurrent/locks/AbstractQueuedSynchronizer$ConditionObject` |    24 B |     24 B |
| `java/util/concurrent/atomic/AtomicInteger`                             |    16 B |     16 B |
| `java/util/concurrent/locks/ReentrantLock`                              |    16 B |     16 B |

- `java.util.concurrent.locks.AbstractQueuedSynchronizer$ConditionObject.awaitNanos (AbstractQueuedSynchronizer.java:1797)`
  - `java.util.concurrent.locks.AbstractQueuedSynchronizer$ConditionNode` retains 32 B (5.8%)
  - `java.util.concurrent.locks.AbstractQueuedSynchronizer$ConditionObject` retains 24 B (4.3%)
- `java.util.concurrent.LinkedBlockingQueue.poll (LinkedBlockingQueue.java:460)`
  - `java.util.concurrent.LinkedBlockingQueue` retains 144 B (26.1%)
  - `java.util.concurrent.atomic.AtomicInteger` retains 16 B (2.9%)
  - `java.util.concurrent.locks.ReentrantLock` retains 16 B (2.9%)
- `java.util.concurrent.ThreadPoolExecutor.getTask (ThreadPoolExecutor.java:1069)`
  - `java.util.concurrent.ThreadPoolExecutor` retains 4.6 KB (858.0%)
- `java.util.concurrent.ThreadPoolExecutor.runWorker (ThreadPoolExecutor.java:1130)`
  - `java.util.concurrent.ThreadPoolExecutor` retains 4.6 KB (858.0%)
  - `java.util.concurrent.ThreadPoolExecutor$Worker` retains 48 B (8.7%)
- `java.util.concurrent.ThreadPoolExecutor$Worker.run (ThreadPoolExecutor.java:642)`
  - `java.util.concurrent.ThreadPoolExecutor$Worker` retains 48 B (8.7%)
- `java.lang.Thread.runWith (Thread.java:1596)`
  - `java.lang.Class` retains 128 B (23.2%)
  - `java.util.concurrent.ThreadPoolExecutor$Worker` retains 48 B (8.7%)
- `java.lang.Thread.run (Thread.java:1583)`
  - `java.lang.Class` retains 128 B (23.2%)
  - `java.util.concurrent.ThreadPoolExecutor$Worker` retains 48 B (8.7%)

<a id="thread-153"></a>

### Thread 153 "block-manager-ask-thread-pool-34" (java/lang/Thread)

_Local roots: 13._

**Local root objects:**

| Object                                                                  | Shallow | Retained |
| ----------------------------------------------------------------------- | ------: | -------: |
| `java/util/concurrent/ThreadPoolExecutor`                               |    80 B |   4.6 KB |
| `java/util/concurrent/ThreadPoolExecutor`                               |    80 B |   4.6 KB |
| `java/util/concurrent/LinkedBlockingQueue`                              |    48 B |    144 B |
| `java/lang/Class`                                                       |    32 B |    128 B |
| `java/lang/Class`                                                       |    32 B |    128 B |
| `java/util/concurrent/ThreadPoolExecutor$Worker`                        |    48 B |     48 B |
| `java/util/concurrent/ThreadPoolExecutor$Worker`                        |    48 B |     48 B |
| `java/util/concurrent/ThreadPoolExecutor$Worker`                        |    48 B |     48 B |
| `java/util/concurrent/ThreadPoolExecutor$Worker`                        |    48 B |     48 B |
| `java/util/concurrent/locks/AbstractQueuedSynchronizer$ConditionNode`   |    32 B |     32 B |
| `java/util/concurrent/locks/AbstractQueuedSynchronizer$ConditionObject` |    24 B |     24 B |
| `java/util/concurrent/atomic/AtomicInteger`                             |    16 B |     16 B |
| `java/util/concurrent/locks/ReentrantLock`                              |    16 B |     16 B |

- `java.util.concurrent.locks.AbstractQueuedSynchronizer$ConditionObject.awaitNanos (AbstractQueuedSynchronizer.java:1797)`
  - `java.util.concurrent.locks.AbstractQueuedSynchronizer$ConditionNode` retains 32 B (6.3%)
  - `java.util.concurrent.locks.AbstractQueuedSynchronizer$ConditionObject` retains 24 B (4.8%)
- `java.util.concurrent.LinkedBlockingQueue.poll (LinkedBlockingQueue.java:460)`
  - `java.util.concurrent.LinkedBlockingQueue` retains 144 B (28.6%)
  - `java.util.concurrent.atomic.AtomicInteger` retains 16 B (3.2%)
  - `java.util.concurrent.locks.ReentrantLock` retains 16 B (3.2%)
- `java.util.concurrent.ThreadPoolExecutor.getTask (ThreadPoolExecutor.java:1069)`
  - `java.util.concurrent.ThreadPoolExecutor` retains 4.6 KB (936.5%)
- `java.util.concurrent.ThreadPoolExecutor.runWorker (ThreadPoolExecutor.java:1130)`
  - `java.util.concurrent.ThreadPoolExecutor` retains 4.6 KB (936.5%)
  - `java.util.concurrent.ThreadPoolExecutor$Worker` retains 48 B (9.5%)
- `java.util.concurrent.ThreadPoolExecutor$Worker.run (ThreadPoolExecutor.java:642)`
  - `java.util.concurrent.ThreadPoolExecutor$Worker` retains 48 B (9.5%)
- `java.lang.Thread.runWith (Thread.java:1596)`
  - `java.lang.Class` retains 128 B (25.4%)
  - `java.util.concurrent.ThreadPoolExecutor$Worker` retains 48 B (9.5%)
- `java.lang.Thread.run (Thread.java:1583)`
  - `java.lang.Class` retains 128 B (25.4%)
  - `java.util.concurrent.ThreadPoolExecutor$Worker` retains 48 B (9.5%)

<a id="thread-154"></a>

### Thread 154 "block-manager-ask-thread-pool-35" (java/lang/Thread)

_Local roots: 14._

**Local root objects:**

| Object                                                                  | Shallow | Retained |
| ----------------------------------------------------------------------- | ------: | -------: |
| `java/util/concurrent/ThreadPoolExecutor`                               |    80 B |   4.6 KB |
| `java/util/concurrent/ThreadPoolExecutor`                               |    80 B |   4.6 KB |
| `java/util/concurrent/LinkedBlockingQueue`                              |    48 B |    144 B |
| `java/lang/Class`                                                       |    32 B |    128 B |
| `java/lang/Class`                                                       |    32 B |    128 B |
| `java/util/concurrent/TimeUnit`                                         |    80 B |     80 B |
| `java/util/concurrent/ThreadPoolExecutor$Worker`                        |    48 B |     48 B |
| `java/util/concurrent/ThreadPoolExecutor$Worker`                        |    48 B |     48 B |
| `java/util/concurrent/ThreadPoolExecutor$Worker`                        |    48 B |     48 B |
| `java/util/concurrent/ThreadPoolExecutor$Worker`                        |    48 B |     48 B |
| `java/util/concurrent/locks/AbstractQueuedSynchronizer$ConditionNode`   |    32 B |     32 B |
| `java/util/concurrent/locks/AbstractQueuedSynchronizer$ConditionObject` |    24 B |     24 B |
| `java/util/concurrent/atomic/AtomicInteger`                             |    16 B |     16 B |
| `java/util/concurrent/locks/ReentrantLock`                              |    16 B |     16 B |

- `java.util.concurrent.locks.AbstractQueuedSynchronizer$ConditionObject.awaitNanos (AbstractQueuedSynchronizer.java:1797)`
  - `java.util.concurrent.locks.AbstractQueuedSynchronizer$ConditionNode` retains 32 B (6.3%)
  - `java.util.concurrent.locks.AbstractQueuedSynchronizer$ConditionObject` retains 24 B (4.8%)
- `java.util.concurrent.LinkedBlockingQueue.poll (LinkedBlockingQueue.java:460)`
  - `java.util.concurrent.LinkedBlockingQueue` retains 144 B (28.6%)
  - `java.util.concurrent.TimeUnit` retains 80 B (15.9%)
  - `java.util.concurrent.atomic.AtomicInteger` retains 16 B (3.2%)
  - `java.util.concurrent.locks.ReentrantLock` retains 16 B (3.2%)
- `java.util.concurrent.ThreadPoolExecutor.getTask (ThreadPoolExecutor.java:1069)`
  - `java.util.concurrent.ThreadPoolExecutor` retains 4.6 KB (936.5%)
- `java.util.concurrent.ThreadPoolExecutor.runWorker (ThreadPoolExecutor.java:1130)`
  - `java.util.concurrent.ThreadPoolExecutor` retains 4.6 KB (936.5%)
  - `java.util.concurrent.ThreadPoolExecutor$Worker` retains 48 B (9.5%)
- `java.util.concurrent.ThreadPoolExecutor$Worker.run (ThreadPoolExecutor.java:642)`
  - `java.util.concurrent.ThreadPoolExecutor$Worker` retains 48 B (9.5%)
- `java.lang.Thread.runWith (Thread.java:1596)`
  - `java.lang.Class` retains 128 B (25.4%)
  - `java.util.concurrent.ThreadPoolExecutor$Worker` retains 48 B (9.5%)
- `java.lang.Thread.run (Thread.java:1583)`
  - `java.lang.Class` retains 128 B (25.4%)
  - `java.util.concurrent.ThreadPoolExecutor$Worker` retains 48 B (9.5%)

<a id="thread-155"></a>

### Thread 155 "block-manager-storage-async-thread-pool-54" (java/lang/Thread)

_Local roots: 14._

**Local root objects:**

| Object                                                                  | Shallow | Retained |
| ----------------------------------------------------------------------- | ------: | -------: |
| `java/util/concurrent/ThreadPoolExecutor`                               |    80 B |   4.6 KB |
| `java/util/concurrent/ThreadPoolExecutor`                               |    80 B |   4.6 KB |
| `java/util/concurrent/LinkedBlockingQueue`                              |    48 B |    144 B |
| `java/lang/Class`                                                       |    32 B |    128 B |
| `java/lang/Class`                                                       |    32 B |    128 B |
| `java/util/concurrent/TimeUnit`                                         |    80 B |     80 B |
| `java/util/concurrent/ThreadPoolExecutor$Worker`                        |    48 B |     48 B |
| `java/util/concurrent/ThreadPoolExecutor$Worker`                        |    48 B |     48 B |
| `java/util/concurrent/ThreadPoolExecutor$Worker`                        |    48 B |     48 B |
| `java/util/concurrent/ThreadPoolExecutor$Worker`                        |    48 B |     48 B |
| `java/util/concurrent/locks/AbstractQueuedSynchronizer$ConditionNode`   |    32 B |     32 B |
| `java/util/concurrent/locks/AbstractQueuedSynchronizer$ConditionObject` |    24 B |     24 B |
| `java/util/concurrent/atomic/AtomicInteger`                             |    16 B |     16 B |
| `java/util/concurrent/locks/ReentrantLock`                              |    16 B |     16 B |

- `java.util.concurrent.locks.AbstractQueuedSynchronizer$ConditionObject.awaitNanos (AbstractQueuedSynchronizer.java:1797)`
  - `java.util.concurrent.locks.AbstractQueuedSynchronizer$ConditionNode` retains 32 B (6.2%)
  - `java.util.concurrent.locks.AbstractQueuedSynchronizer$ConditionObject` retains 24 B (4.6%)
- `java.util.concurrent.LinkedBlockingQueue.poll (LinkedBlockingQueue.java:460)`
  - `java.util.concurrent.LinkedBlockingQueue` retains 144 B (27.7%)
  - `java.util.concurrent.TimeUnit` retains 80 B (15.4%)
  - `java.util.concurrent.atomic.AtomicInteger` retains 16 B (3.1%)
  - `java.util.concurrent.locks.ReentrantLock` retains 16 B (3.1%)
- `java.util.concurrent.ThreadPoolExecutor.getTask (ThreadPoolExecutor.java:1069)`
  - `java.util.concurrent.ThreadPoolExecutor` retains 4.6 KB (910.8%)
- `java.util.concurrent.ThreadPoolExecutor.runWorker (ThreadPoolExecutor.java:1130)`
  - `java.util.concurrent.ThreadPoolExecutor` retains 4.6 KB (910.8%)
  - `java.util.concurrent.ThreadPoolExecutor$Worker` retains 48 B (9.2%)
- `java.util.concurrent.ThreadPoolExecutor$Worker.run (ThreadPoolExecutor.java:642)`
  - `java.util.concurrent.ThreadPoolExecutor$Worker` retains 48 B (9.2%)
- `java.lang.Thread.runWith (Thread.java:1596)`
  - `java.lang.Class` retains 128 B (24.6%)
  - `java.util.concurrent.ThreadPoolExecutor$Worker` retains 48 B (9.2%)
- `java.lang.Thread.run (Thread.java:1583)`
  - `java.lang.Class` retains 128 B (24.6%)
  - `java.util.concurrent.ThreadPoolExecutor$Worker` retains 48 B (9.2%)

<a id="thread-156"></a>

### Thread 156 "block-manager-storage-async-thread-pool-55" (java/lang/Thread)

_Local roots: 14._

**Local root objects:**

| Object                                                                  | Shallow | Retained |
| ----------------------------------------------------------------------- | ------: | -------: |
| `java/util/concurrent/ThreadPoolExecutor`                               |    80 B |   4.6 KB |
| `java/util/concurrent/ThreadPoolExecutor`                               |    80 B |   4.6 KB |
| `java/util/concurrent/LinkedBlockingQueue`                              |    48 B |    144 B |
| `java/lang/Class`                                                       |    32 B |    128 B |
| `java/lang/Class`                                                       |    32 B |    128 B |
| `java/util/concurrent/TimeUnit`                                         |    80 B |     80 B |
| `java/util/concurrent/ThreadPoolExecutor$Worker`                        |    48 B |     48 B |
| `java/util/concurrent/ThreadPoolExecutor$Worker`                        |    48 B |     48 B |
| `java/util/concurrent/ThreadPoolExecutor$Worker`                        |    48 B |     48 B |
| `java/util/concurrent/ThreadPoolExecutor$Worker`                        |    48 B |     48 B |
| `java/util/concurrent/locks/AbstractQueuedSynchronizer$ConditionNode`   |    32 B |     32 B |
| `java/util/concurrent/locks/AbstractQueuedSynchronizer$ConditionObject` |    24 B |     24 B |
| `java/util/concurrent/atomic/AtomicInteger`                             |    16 B |     16 B |
| `java/util/concurrent/locks/ReentrantLock`                              |    16 B |     16 B |

- `java.util.concurrent.locks.AbstractQueuedSynchronizer$ConditionObject.awaitNanos (AbstractQueuedSynchronizer.java:1797)`
  - `java.util.concurrent.locks.AbstractQueuedSynchronizer$ConditionNode` retains 32 B (8.3%)
  - `java.util.concurrent.locks.AbstractQueuedSynchronizer$ConditionObject` retains 24 B (6.2%)
- `java.util.concurrent.LinkedBlockingQueue.poll (LinkedBlockingQueue.java:460)`
  - `java.util.concurrent.LinkedBlockingQueue` retains 144 B (37.5%)
  - `java.util.concurrent.TimeUnit` retains 80 B (20.8%)
  - `java.util.concurrent.atomic.AtomicInteger` retains 16 B (4.2%)
  - `java.util.concurrent.locks.ReentrantLock` retains 16 B (4.2%)
- `java.util.concurrent.ThreadPoolExecutor.getTask (ThreadPoolExecutor.java:1069)`
  - `java.util.concurrent.ThreadPoolExecutor` retains 4.6 KB (1233.3%)
- `java.util.concurrent.ThreadPoolExecutor.runWorker (ThreadPoolExecutor.java:1130)`
  - `java.util.concurrent.ThreadPoolExecutor` retains 4.6 KB (1233.3%)
  - `java.util.concurrent.ThreadPoolExecutor$Worker` retains 48 B (12.5%)
- `java.util.concurrent.ThreadPoolExecutor$Worker.run (ThreadPoolExecutor.java:642)`
  - `java.util.concurrent.ThreadPoolExecutor$Worker` retains 48 B (12.5%)
- `java.lang.Thread.runWith (Thread.java:1596)`
  - `java.lang.Class` retains 128 B (33.3%)
  - `java.util.concurrent.ThreadPoolExecutor$Worker` retains 48 B (12.5%)
- `java.lang.Thread.run (Thread.java:1583)`
  - `java.lang.Class` retains 128 B (33.3%)
  - `java.util.concurrent.ThreadPoolExecutor$Worker` retains 48 B (12.5%)

<a id="thread-157"></a>

### Thread 157 "block-manager-storage-async-thread-pool-56" (java/lang/Thread)

_Local roots: 14._

**Local root objects:**

| Object                                                                  | Shallow | Retained |
| ----------------------------------------------------------------------- | ------: | -------: |
| `java/util/concurrent/ThreadPoolExecutor`                               |    80 B |   4.6 KB |
| `java/util/concurrent/ThreadPoolExecutor`                               |    80 B |   4.6 KB |
| `java/util/concurrent/LinkedBlockingQueue`                              |    48 B |    144 B |
| `java/lang/Class`                                                       |    32 B |    128 B |
| `java/lang/Class`                                                       |    32 B |    128 B |
| `java/util/concurrent/TimeUnit`                                         |    80 B |     80 B |
| `java/util/concurrent/ThreadPoolExecutor$Worker`                        |    48 B |     48 B |
| `java/util/concurrent/ThreadPoolExecutor$Worker`                        |    48 B |     48 B |
| `java/util/concurrent/ThreadPoolExecutor$Worker`                        |    48 B |     48 B |
| `java/util/concurrent/ThreadPoolExecutor$Worker`                        |    48 B |     48 B |
| `java/util/concurrent/locks/AbstractQueuedSynchronizer$ConditionNode`   |    32 B |     32 B |
| `java/util/concurrent/locks/AbstractQueuedSynchronizer$ConditionObject` |    24 B |     24 B |
| `java/util/concurrent/atomic/AtomicInteger`                             |    16 B |     16 B |
| `java/util/concurrent/locks/ReentrantLock`                              |    16 B |     16 B |

- `java.util.concurrent.locks.AbstractQueuedSynchronizer$ConditionObject.awaitNanos (AbstractQueuedSynchronizer.java:1797)`
  - `java.util.concurrent.locks.AbstractQueuedSynchronizer$ConditionNode` retains 32 B (5.8%)
  - `java.util.concurrent.locks.AbstractQueuedSynchronizer$ConditionObject` retains 24 B (4.3%)
- `java.util.concurrent.LinkedBlockingQueue.poll (LinkedBlockingQueue.java:460)`
  - `java.util.concurrent.LinkedBlockingQueue` retains 144 B (26.1%)
  - `java.util.concurrent.TimeUnit` retains 80 B (14.5%)
  - `java.util.concurrent.atomic.AtomicInteger` retains 16 B (2.9%)
  - `java.util.concurrent.locks.ReentrantLock` retains 16 B (2.9%)
- `java.util.concurrent.ThreadPoolExecutor.getTask (ThreadPoolExecutor.java:1069)`
  - `java.util.concurrent.ThreadPoolExecutor` retains 4.6 KB (858.0%)
- `java.util.concurrent.ThreadPoolExecutor.runWorker (ThreadPoolExecutor.java:1130)`
  - `java.util.concurrent.ThreadPoolExecutor` retains 4.6 KB (858.0%)
  - `java.util.concurrent.ThreadPoolExecutor$Worker` retains 48 B (8.7%)
- `java.util.concurrent.ThreadPoolExecutor$Worker.run (ThreadPoolExecutor.java:642)`
  - `java.util.concurrent.ThreadPoolExecutor$Worker` retains 48 B (8.7%)
- `java.lang.Thread.runWith (Thread.java:1596)`
  - `java.lang.Class` retains 128 B (23.2%)
  - `java.util.concurrent.ThreadPoolExecutor$Worker` retains 48 B (8.7%)
- `java.lang.Thread.run (Thread.java:1583)`
  - `java.lang.Class` retains 128 B (23.2%)
  - `java.util.concurrent.ThreadPoolExecutor$Worker` retains 48 B (8.7%)

<a id="thread-158"></a>

### Thread 158 "block-manager-ask-thread-pool-36" (java/lang/Thread)

_Local roots: 13._

**Local root objects:**

| Object                                                                  | Shallow | Retained |
| ----------------------------------------------------------------------- | ------: | -------: |
| `java/util/concurrent/ThreadPoolExecutor`                               |    80 B |   4.6 KB |
| `java/util/concurrent/ThreadPoolExecutor`                               |    80 B |   4.6 KB |
| `java/util/concurrent/LinkedBlockingQueue`                              |    48 B |    144 B |
| `java/lang/Class`                                                       |    32 B |    128 B |
| `java/lang/Class`                                                       |    32 B |    128 B |
| `java/util/concurrent/ThreadPoolExecutor$Worker`                        |    48 B |     48 B |
| `java/util/concurrent/ThreadPoolExecutor$Worker`                        |    48 B |     48 B |
| `java/util/concurrent/ThreadPoolExecutor$Worker`                        |    48 B |     48 B |
| `java/util/concurrent/ThreadPoolExecutor$Worker`                        |    48 B |     48 B |
| `java/util/concurrent/locks/AbstractQueuedSynchronizer$ConditionNode`   |    32 B |     32 B |
| `java/util/concurrent/locks/AbstractQueuedSynchronizer$ConditionObject` |    24 B |     24 B |
| `java/util/concurrent/atomic/AtomicInteger`                             |    16 B |     16 B |
| `java/util/concurrent/locks/ReentrantLock`                              |    16 B |     16 B |

- `java.util.concurrent.locks.AbstractQueuedSynchronizer$ConditionObject.awaitNanos (AbstractQueuedSynchronizer.java:1797)`
  - `java.util.concurrent.locks.AbstractQueuedSynchronizer$ConditionNode` retains 32 B (6.3%)
  - `java.util.concurrent.locks.AbstractQueuedSynchronizer$ConditionObject` retains 24 B (4.8%)
- `java.util.concurrent.LinkedBlockingQueue.poll (LinkedBlockingQueue.java:460)`
  - `java.util.concurrent.LinkedBlockingQueue` retains 144 B (28.6%)
  - `java.util.concurrent.atomic.AtomicInteger` retains 16 B (3.2%)
  - `java.util.concurrent.locks.ReentrantLock` retains 16 B (3.2%)
- `java.util.concurrent.ThreadPoolExecutor.getTask (ThreadPoolExecutor.java:1069)`
  - `java.util.concurrent.ThreadPoolExecutor` retains 4.6 KB (936.5%)
- `java.util.concurrent.ThreadPoolExecutor.runWorker (ThreadPoolExecutor.java:1130)`
  - `java.util.concurrent.ThreadPoolExecutor` retains 4.6 KB (936.5%)
  - `java.util.concurrent.ThreadPoolExecutor$Worker` retains 48 B (9.5%)
- `java.util.concurrent.ThreadPoolExecutor$Worker.run (ThreadPoolExecutor.java:642)`
  - `java.util.concurrent.ThreadPoolExecutor$Worker` retains 48 B (9.5%)
- `java.lang.Thread.runWith (Thread.java:1596)`
  - `java.lang.Class` retains 128 B (25.4%)
  - `java.util.concurrent.ThreadPoolExecutor$Worker` retains 48 B (9.5%)
- `java.lang.Thread.run (Thread.java:1583)`
  - `java.lang.Class` retains 128 B (25.4%)
  - `java.util.concurrent.ThreadPoolExecutor$Worker` retains 48 B (9.5%)

<a id="thread-159"></a>

### Thread 159 "block-manager-ask-thread-pool-37" (java/lang/Thread)

_Local roots: 14._

**Local root objects:**

| Object                                                                  | Shallow | Retained |
| ----------------------------------------------------------------------- | ------: | -------: |
| `java/util/concurrent/ThreadPoolExecutor`                               |    80 B |   4.6 KB |
| `java/util/concurrent/ThreadPoolExecutor`                               |    80 B |   4.6 KB |
| `java/util/concurrent/LinkedBlockingQueue`                              |    48 B |    144 B |
| `java/lang/Class`                                                       |    32 B |    128 B |
| `java/lang/Class`                                                       |    32 B |    128 B |
| `java/util/concurrent/TimeUnit`                                         |    80 B |     80 B |
| `java/util/concurrent/ThreadPoolExecutor$Worker`                        |    48 B |     48 B |
| `java/util/concurrent/ThreadPoolExecutor$Worker`                        |    48 B |     48 B |
| `java/util/concurrent/ThreadPoolExecutor$Worker`                        |    48 B |     48 B |
| `java/util/concurrent/ThreadPoolExecutor$Worker`                        |    48 B |     48 B |
| `java/util/concurrent/locks/AbstractQueuedSynchronizer$ConditionNode`   |    32 B |     32 B |
| `java/util/concurrent/locks/AbstractQueuedSynchronizer$ConditionObject` |    24 B |     24 B |
| `java/util/concurrent/atomic/AtomicInteger`                             |    16 B |     16 B |
| `java/util/concurrent/locks/ReentrantLock`                              |    16 B |     16 B |

- `java.util.concurrent.locks.AbstractQueuedSynchronizer$ConditionObject.awaitNanos (AbstractQueuedSynchronizer.java:1797)`
  - `java.util.concurrent.locks.AbstractQueuedSynchronizer$ConditionNode` retains 32 B (6.3%)
  - `java.util.concurrent.locks.AbstractQueuedSynchronizer$ConditionObject` retains 24 B (4.8%)
- `java.util.concurrent.LinkedBlockingQueue.poll (LinkedBlockingQueue.java:460)`
  - `java.util.concurrent.LinkedBlockingQueue` retains 144 B (28.6%)
  - `java.util.concurrent.TimeUnit` retains 80 B (15.9%)
  - `java.util.concurrent.atomic.AtomicInteger` retains 16 B (3.2%)
  - `java.util.concurrent.locks.ReentrantLock` retains 16 B (3.2%)
- `java.util.concurrent.ThreadPoolExecutor.getTask (ThreadPoolExecutor.java:1069)`
  - `java.util.concurrent.ThreadPoolExecutor` retains 4.6 KB (936.5%)
- `java.util.concurrent.ThreadPoolExecutor.runWorker (ThreadPoolExecutor.java:1130)`
  - `java.util.concurrent.ThreadPoolExecutor` retains 4.6 KB (936.5%)
  - `java.util.concurrent.ThreadPoolExecutor$Worker` retains 48 B (9.5%)
- `java.util.concurrent.ThreadPoolExecutor$Worker.run (ThreadPoolExecutor.java:642)`
  - `java.util.concurrent.ThreadPoolExecutor$Worker` retains 48 B (9.5%)
- `java.lang.Thread.runWith (Thread.java:1596)`
  - `java.lang.Class` retains 128 B (25.4%)
  - `java.util.concurrent.ThreadPoolExecutor$Worker` retains 48 B (9.5%)
- `java.lang.Thread.run (Thread.java:1583)`
  - `java.lang.Class` retains 128 B (25.4%)
  - `java.util.concurrent.ThreadPoolExecutor$Worker` retains 48 B (9.5%)

<a id="thread-160"></a>

### Thread 160 "block-manager-storage-async-thread-pool-57" (java/lang/Thread)

_Local roots: 14._

**Local root objects:**

| Object                                                                  | Shallow | Retained |
| ----------------------------------------------------------------------- | ------: | -------: |
| `java/util/concurrent/ThreadPoolExecutor`                               |    80 B |   4.6 KB |
| `java/util/concurrent/ThreadPoolExecutor`                               |    80 B |   4.6 KB |
| `java/util/concurrent/LinkedBlockingQueue`                              |    48 B |    144 B |
| `java/lang/Class`                                                       |    32 B |    128 B |
| `java/lang/Class`                                                       |    32 B |    128 B |
| `java/util/concurrent/TimeUnit`                                         |    80 B |     80 B |
| `java/util/concurrent/ThreadPoolExecutor$Worker`                        |    48 B |     48 B |
| `java/util/concurrent/ThreadPoolExecutor$Worker`                        |    48 B |     48 B |
| `java/util/concurrent/ThreadPoolExecutor$Worker`                        |    48 B |     48 B |
| `java/util/concurrent/ThreadPoolExecutor$Worker`                        |    48 B |     48 B |
| `java/util/concurrent/locks/AbstractQueuedSynchronizer$ConditionNode`   |    32 B |     32 B |
| `java/util/concurrent/locks/AbstractQueuedSynchronizer$ConditionObject` |    24 B |     24 B |
| `java/util/concurrent/atomic/AtomicInteger`                             |    16 B |     16 B |
| `java/util/concurrent/locks/ReentrantLock`                              |    16 B |     16 B |

- `java.util.concurrent.locks.AbstractQueuedSynchronizer$ConditionObject.awaitNanos (AbstractQueuedSynchronizer.java:1797)`
  - `java.util.concurrent.locks.AbstractQueuedSynchronizer$ConditionNode` retains 32 B (6.2%)
  - `java.util.concurrent.locks.AbstractQueuedSynchronizer$ConditionObject` retains 24 B (4.6%)
- `java.util.concurrent.LinkedBlockingQueue.poll (LinkedBlockingQueue.java:460)`
  - `java.util.concurrent.LinkedBlockingQueue` retains 144 B (27.7%)
  - `java.util.concurrent.TimeUnit` retains 80 B (15.4%)
  - `java.util.concurrent.atomic.AtomicInteger` retains 16 B (3.1%)
  - `java.util.concurrent.locks.ReentrantLock` retains 16 B (3.1%)
- `java.util.concurrent.ThreadPoolExecutor.getTask (ThreadPoolExecutor.java:1069)`
  - `java.util.concurrent.ThreadPoolExecutor` retains 4.6 KB (910.8%)
- `java.util.concurrent.ThreadPoolExecutor.runWorker (ThreadPoolExecutor.java:1130)`
  - `java.util.concurrent.ThreadPoolExecutor` retains 4.6 KB (910.8%)
  - `java.util.concurrent.ThreadPoolExecutor$Worker` retains 48 B (9.2%)
- `java.util.concurrent.ThreadPoolExecutor$Worker.run (ThreadPoolExecutor.java:642)`
  - `java.util.concurrent.ThreadPoolExecutor$Worker` retains 48 B (9.2%)
- `java.lang.Thread.runWith (Thread.java:1596)`
  - `java.lang.Class` retains 128 B (24.6%)
  - `java.util.concurrent.ThreadPoolExecutor$Worker` retains 48 B (9.2%)
- `java.lang.Thread.run (Thread.java:1583)`
  - `java.lang.Class` retains 128 B (24.6%)
  - `java.util.concurrent.ThreadPoolExecutor$Worker` retains 48 B (9.2%)

<a id="thread-161"></a>

### Thread 161 "block-manager-storage-async-thread-pool-58" (java/lang/Thread)

_Local roots: 13._

**Local root objects:**

| Object                                                                  | Shallow | Retained |
| ----------------------------------------------------------------------- | ------: | -------: |
| `java/util/concurrent/ThreadPoolExecutor`                               |    80 B |   4.6 KB |
| `java/util/concurrent/ThreadPoolExecutor`                               |    80 B |   4.6 KB |
| `java/util/concurrent/LinkedBlockingQueue`                              |    48 B |    144 B |
| `java/lang/Class`                                                       |    32 B |    128 B |
| `java/lang/Class`                                                       |    32 B |    128 B |
| `java/util/concurrent/ThreadPoolExecutor$Worker`                        |    48 B |     48 B |
| `java/util/concurrent/ThreadPoolExecutor$Worker`                        |    48 B |     48 B |
| `java/util/concurrent/ThreadPoolExecutor$Worker`                        |    48 B |     48 B |
| `java/util/concurrent/ThreadPoolExecutor$Worker`                        |    48 B |     48 B |
| `java/util/concurrent/locks/AbstractQueuedSynchronizer$ConditionNode`   |    32 B |     32 B |
| `java/util/concurrent/locks/AbstractQueuedSynchronizer$ConditionObject` |    24 B |     24 B |
| `java/util/concurrent/atomic/AtomicInteger`                             |    16 B |     16 B |
| `java/util/concurrent/locks/ReentrantLock`                              |    16 B |     16 B |

- `java.util.concurrent.locks.AbstractQueuedSynchronizer$ConditionObject.awaitNanos (AbstractQueuedSynchronizer.java:1797)`
  - `java.util.concurrent.locks.AbstractQueuedSynchronizer$ConditionNode` retains 32 B (5.8%)
  - `java.util.concurrent.locks.AbstractQueuedSynchronizer$ConditionObject` retains 24 B (4.3%)
- `java.util.concurrent.LinkedBlockingQueue.poll (LinkedBlockingQueue.java:460)`
  - `java.util.concurrent.LinkedBlockingQueue` retains 144 B (26.1%)
  - `java.util.concurrent.atomic.AtomicInteger` retains 16 B (2.9%)
  - `java.util.concurrent.locks.ReentrantLock` retains 16 B (2.9%)
- `java.util.concurrent.ThreadPoolExecutor.getTask (ThreadPoolExecutor.java:1069)`
  - `java.util.concurrent.ThreadPoolExecutor` retains 4.6 KB (858.0%)
- `java.util.concurrent.ThreadPoolExecutor.runWorker (ThreadPoolExecutor.java:1130)`
  - `java.util.concurrent.ThreadPoolExecutor` retains 4.6 KB (858.0%)
  - `java.util.concurrent.ThreadPoolExecutor$Worker` retains 48 B (8.7%)
- `java.util.concurrent.ThreadPoolExecutor$Worker.run (ThreadPoolExecutor.java:642)`
  - `java.util.concurrent.ThreadPoolExecutor$Worker` retains 48 B (8.7%)
- `java.lang.Thread.runWith (Thread.java:1596)`
  - `java.lang.Class` retains 128 B (23.2%)
  - `java.util.concurrent.ThreadPoolExecutor$Worker` retains 48 B (8.7%)
- `java.lang.Thread.run (Thread.java:1583)`
  - `java.lang.Class` retains 128 B (23.2%)
  - `java.util.concurrent.ThreadPoolExecutor$Worker` retains 48 B (8.7%)

<a id="thread-162"></a>

### Thread 162 "block-manager-storage-async-thread-pool-59" (java/lang/Thread)

_Local roots: 14._

**Local root objects:**

| Object                                                                  | Shallow | Retained |
| ----------------------------------------------------------------------- | ------: | -------: |
| `java/util/concurrent/ThreadPoolExecutor`                               |    80 B |   4.6 KB |
| `java/util/concurrent/ThreadPoolExecutor`                               |    80 B |   4.6 KB |
| `java/util/concurrent/LinkedBlockingQueue`                              |    48 B |    144 B |
| `java/lang/Class`                                                       |    32 B |    128 B |
| `java/lang/Class`                                                       |    32 B |    128 B |
| `java/util/concurrent/TimeUnit`                                         |    80 B |     80 B |
| `java/util/concurrent/ThreadPoolExecutor$Worker`                        |    48 B |     48 B |
| `java/util/concurrent/ThreadPoolExecutor$Worker`                        |    48 B |     48 B |
| `java/util/concurrent/ThreadPoolExecutor$Worker`                        |    48 B |     48 B |
| `java/util/concurrent/ThreadPoolExecutor$Worker`                        |    48 B |     48 B |
| `java/util/concurrent/locks/AbstractQueuedSynchronizer$ConditionNode`   |    32 B |     32 B |
| `java/util/concurrent/locks/AbstractQueuedSynchronizer$ConditionObject` |    24 B |     24 B |
| `java/util/concurrent/atomic/AtomicInteger`                             |    16 B |     16 B |
| `java/util/concurrent/locks/ReentrantLock`                              |    16 B |     16 B |

- `java.util.concurrent.locks.AbstractQueuedSynchronizer$ConditionObject.awaitNanos (AbstractQueuedSynchronizer.java:1797)`
  - `java.util.concurrent.locks.AbstractQueuedSynchronizer$ConditionNode` retains 32 B (5.8%)
  - `java.util.concurrent.locks.AbstractQueuedSynchronizer$ConditionObject` retains 24 B (4.3%)
- `java.util.concurrent.LinkedBlockingQueue.poll (LinkedBlockingQueue.java:460)`
  - `java.util.concurrent.LinkedBlockingQueue` retains 144 B (26.1%)
  - `java.util.concurrent.TimeUnit` retains 80 B (14.5%)
  - `java.util.concurrent.atomic.AtomicInteger` retains 16 B (2.9%)
  - `java.util.concurrent.locks.ReentrantLock` retains 16 B (2.9%)
- `java.util.concurrent.ThreadPoolExecutor.getTask (ThreadPoolExecutor.java:1069)`
  - `java.util.concurrent.ThreadPoolExecutor` retains 4.6 KB (858.0%)
- `java.util.concurrent.ThreadPoolExecutor.runWorker (ThreadPoolExecutor.java:1130)`
  - `java.util.concurrent.ThreadPoolExecutor` retains 4.6 KB (858.0%)
  - `java.util.concurrent.ThreadPoolExecutor$Worker` retains 48 B (8.7%)
- `java.util.concurrent.ThreadPoolExecutor$Worker.run (ThreadPoolExecutor.java:642)`
  - `java.util.concurrent.ThreadPoolExecutor$Worker` retains 48 B (8.7%)
- `java.lang.Thread.runWith (Thread.java:1596)`
  - `java.lang.Class` retains 128 B (23.2%)
  - `java.util.concurrent.ThreadPoolExecutor$Worker` retains 48 B (8.7%)
- `java.lang.Thread.run (Thread.java:1583)`
  - `java.lang.Class` retains 128 B (23.2%)
  - `java.util.concurrent.ThreadPoolExecutor$Worker` retains 48 B (8.7%)

<a id="thread-163"></a>

### Thread 163 "block-manager-ask-thread-pool-38" (java/lang/Thread)

_Local roots: 13._

**Local root objects:**

| Object                                                                  | Shallow | Retained |
| ----------------------------------------------------------------------- | ------: | -------: |
| `java/util/concurrent/ThreadPoolExecutor`                               |    80 B |   4.6 KB |
| `java/util/concurrent/ThreadPoolExecutor`                               |    80 B |   4.6 KB |
| `java/util/concurrent/LinkedBlockingQueue`                              |    48 B |    144 B |
| `java/lang/Class`                                                       |    32 B |    128 B |
| `java/lang/Class`                                                       |    32 B |    128 B |
| `java/util/concurrent/ThreadPoolExecutor$Worker`                        |    48 B |     48 B |
| `java/util/concurrent/ThreadPoolExecutor$Worker`                        |    48 B |     48 B |
| `java/util/concurrent/ThreadPoolExecutor$Worker`                        |    48 B |     48 B |
| `java/util/concurrent/ThreadPoolExecutor$Worker`                        |    48 B |     48 B |
| `java/util/concurrent/locks/AbstractQueuedSynchronizer$ConditionNode`   |    32 B |     32 B |
| `java/util/concurrent/locks/AbstractQueuedSynchronizer$ConditionObject` |    24 B |     24 B |
| `java/util/concurrent/atomic/AtomicInteger`                             |    16 B |     16 B |
| `java/util/concurrent/locks/ReentrantLock`                              |    16 B |     16 B |

- `java.util.concurrent.locks.AbstractQueuedSynchronizer$ConditionObject.awaitNanos (AbstractQueuedSynchronizer.java:1797)`
  - `java.util.concurrent.locks.AbstractQueuedSynchronizer$ConditionNode` retains 32 B (6.3%)
  - `java.util.concurrent.locks.AbstractQueuedSynchronizer$ConditionObject` retains 24 B (4.8%)
- `java.util.concurrent.LinkedBlockingQueue.poll (LinkedBlockingQueue.java:460)`
  - `java.util.concurrent.LinkedBlockingQueue` retains 144 B (28.6%)
  - `java.util.concurrent.atomic.AtomicInteger` retains 16 B (3.2%)
  - `java.util.concurrent.locks.ReentrantLock` retains 16 B (3.2%)
- `java.util.concurrent.ThreadPoolExecutor.getTask (ThreadPoolExecutor.java:1069)`
  - `java.util.concurrent.ThreadPoolExecutor` retains 4.6 KB (936.5%)
- `java.util.concurrent.ThreadPoolExecutor.runWorker (ThreadPoolExecutor.java:1130)`
  - `java.util.concurrent.ThreadPoolExecutor` retains 4.6 KB (936.5%)
  - `java.util.concurrent.ThreadPoolExecutor$Worker` retains 48 B (9.5%)
- `java.util.concurrent.ThreadPoolExecutor$Worker.run (ThreadPoolExecutor.java:642)`
  - `java.util.concurrent.ThreadPoolExecutor$Worker` retains 48 B (9.5%)
- `java.lang.Thread.runWith (Thread.java:1596)`
  - `java.lang.Class` retains 128 B (25.4%)
  - `java.util.concurrent.ThreadPoolExecutor$Worker` retains 48 B (9.5%)
- `java.lang.Thread.run (Thread.java:1583)`
  - `java.lang.Class` retains 128 B (25.4%)
  - `java.util.concurrent.ThreadPoolExecutor$Worker` retains 48 B (9.5%)

<a id="thread-164"></a>

### Thread 164 "block-manager-ask-thread-pool-39" (java/lang/Thread)

_Local roots: 14._

**Local root objects:**

| Object                                                                  | Shallow | Retained |
| ----------------------------------------------------------------------- | ------: | -------: |
| `java/util/concurrent/ThreadPoolExecutor`                               |    80 B |   4.6 KB |
| `java/util/concurrent/ThreadPoolExecutor`                               |    80 B |   4.6 KB |
| `java/util/concurrent/LinkedBlockingQueue`                              |    48 B |    144 B |
| `java/lang/Class`                                                       |    32 B |    128 B |
| `java/lang/Class`                                                       |    32 B |    128 B |
| `java/util/concurrent/TimeUnit`                                         |    80 B |     80 B |
| `java/util/concurrent/ThreadPoolExecutor$Worker`                        |    48 B |     48 B |
| `java/util/concurrent/ThreadPoolExecutor$Worker`                        |    48 B |     48 B |
| `java/util/concurrent/ThreadPoolExecutor$Worker`                        |    48 B |     48 B |
| `java/util/concurrent/ThreadPoolExecutor$Worker`                        |    48 B |     48 B |
| `java/util/concurrent/locks/AbstractQueuedSynchronizer$ConditionNode`   |    32 B |     32 B |
| `java/util/concurrent/locks/AbstractQueuedSynchronizer$ConditionObject` |    24 B |     24 B |
| `java/util/concurrent/atomic/AtomicInteger`                             |    16 B |     16 B |
| `java/util/concurrent/locks/ReentrantLock`                              |    16 B |     16 B |

- `java.util.concurrent.locks.AbstractQueuedSynchronizer$ConditionObject.awaitNanos (AbstractQueuedSynchronizer.java:1797)`
  - `java.util.concurrent.locks.AbstractQueuedSynchronizer$ConditionNode` retains 32 B (6.3%)
  - `java.util.concurrent.locks.AbstractQueuedSynchronizer$ConditionObject` retains 24 B (4.8%)
- `java.util.concurrent.LinkedBlockingQueue.poll (LinkedBlockingQueue.java:460)`
  - `java.util.concurrent.LinkedBlockingQueue` retains 144 B (28.6%)
  - `java.util.concurrent.TimeUnit` retains 80 B (15.9%)
  - `java.util.concurrent.atomic.AtomicInteger` retains 16 B (3.2%)
  - `java.util.concurrent.locks.ReentrantLock` retains 16 B (3.2%)
- `java.util.concurrent.ThreadPoolExecutor.getTask (ThreadPoolExecutor.java:1069)`
  - `java.util.concurrent.ThreadPoolExecutor` retains 4.6 KB (936.5%)
- `java.util.concurrent.ThreadPoolExecutor.runWorker (ThreadPoolExecutor.java:1130)`
  - `java.util.concurrent.ThreadPoolExecutor` retains 4.6 KB (936.5%)
  - `java.util.concurrent.ThreadPoolExecutor$Worker` retains 48 B (9.5%)
- `java.util.concurrent.ThreadPoolExecutor$Worker.run (ThreadPoolExecutor.java:642)`
  - `java.util.concurrent.ThreadPoolExecutor$Worker` retains 48 B (9.5%)
- `java.lang.Thread.runWith (Thread.java:1596)`
  - `java.lang.Class` retains 128 B (25.4%)
  - `java.util.concurrent.ThreadPoolExecutor$Worker` retains 48 B (9.5%)
- `java.lang.Thread.run (Thread.java:1583)`
  - `java.lang.Class` retains 128 B (25.4%)
  - `java.util.concurrent.ThreadPoolExecutor$Worker` retains 48 B (9.5%)

<a id="thread-165"></a>

### Thread 165 "block-manager-storage-async-thread-pool-60" (java/lang/Thread)

_Local roots: 13._

**Local root objects:**

| Object                                                                  | Shallow | Retained |
| ----------------------------------------------------------------------- | ------: | -------: |
| `java/util/concurrent/ThreadPoolExecutor`                               |    80 B |   4.6 KB |
| `java/util/concurrent/ThreadPoolExecutor`                               |    80 B |   4.6 KB |
| `java/util/concurrent/LinkedBlockingQueue`                              |    48 B |    144 B |
| `java/lang/Class`                                                       |    32 B |    128 B |
| `java/lang/Class`                                                       |    32 B |    128 B |
| `java/util/concurrent/ThreadPoolExecutor$Worker`                        |    48 B |     48 B |
| `java/util/concurrent/ThreadPoolExecutor$Worker`                        |    48 B |     48 B |
| `java/util/concurrent/ThreadPoolExecutor$Worker`                        |    48 B |     48 B |
| `java/util/concurrent/ThreadPoolExecutor$Worker`                        |    48 B |     48 B |
| `java/util/concurrent/locks/AbstractQueuedSynchronizer$ConditionNode`   |    32 B |     32 B |
| `java/util/concurrent/locks/AbstractQueuedSynchronizer$ConditionObject` |    24 B |     24 B |
| `java/util/concurrent/atomic/AtomicInteger`                             |    16 B |     16 B |
| `java/util/concurrent/locks/ReentrantLock`                              |    16 B |     16 B |

- `java.util.concurrent.locks.AbstractQueuedSynchronizer$ConditionObject.awaitNanos (AbstractQueuedSynchronizer.java:1797)`
  - `java.util.concurrent.locks.AbstractQueuedSynchronizer$ConditionNode` retains 32 B (5.8%)
  - `java.util.concurrent.locks.AbstractQueuedSynchronizer$ConditionObject` retains 24 B (4.3%)
- `java.util.concurrent.LinkedBlockingQueue.poll (LinkedBlockingQueue.java:460)`
  - `java.util.concurrent.LinkedBlockingQueue` retains 144 B (26.1%)
  - `java.util.concurrent.atomic.AtomicInteger` retains 16 B (2.9%)
  - `java.util.concurrent.locks.ReentrantLock` retains 16 B (2.9%)
- `java.util.concurrent.ThreadPoolExecutor.getTask (ThreadPoolExecutor.java:1069)`
  - `java.util.concurrent.ThreadPoolExecutor` retains 4.6 KB (858.0%)
- `java.util.concurrent.ThreadPoolExecutor.runWorker (ThreadPoolExecutor.java:1130)`
  - `java.util.concurrent.ThreadPoolExecutor` retains 4.6 KB (858.0%)
  - `java.util.concurrent.ThreadPoolExecutor$Worker` retains 48 B (8.7%)
- `java.util.concurrent.ThreadPoolExecutor$Worker.run (ThreadPoolExecutor.java:642)`
  - `java.util.concurrent.ThreadPoolExecutor$Worker` retains 48 B (8.7%)
- `java.lang.Thread.runWith (Thread.java:1596)`
  - `java.lang.Class` retains 128 B (23.2%)
  - `java.util.concurrent.ThreadPoolExecutor$Worker` retains 48 B (8.7%)
- `java.lang.Thread.run (Thread.java:1583)`
  - `java.lang.Class` retains 128 B (23.2%)
  - `java.util.concurrent.ThreadPoolExecutor$Worker` retains 48 B (8.7%)

<a id="thread-166"></a>

### Thread 166 "block-manager-storage-async-thread-pool-61" (java/lang/Thread)

_Local roots: 14._

**Local root objects:**

| Object                                                                  | Shallow | Retained |
| ----------------------------------------------------------------------- | ------: | -------: |
| `java/util/concurrent/ThreadPoolExecutor`                               |    80 B |   4.6 KB |
| `java/util/concurrent/ThreadPoolExecutor`                               |    80 B |   4.6 KB |
| `java/util/concurrent/LinkedBlockingQueue`                              |    48 B |    144 B |
| `java/lang/Class`                                                       |    32 B |    128 B |
| `java/lang/Class`                                                       |    32 B |    128 B |
| `java/util/concurrent/TimeUnit`                                         |    80 B |     80 B |
| `java/util/concurrent/ThreadPoolExecutor$Worker`                        |    48 B |     48 B |
| `java/util/concurrent/ThreadPoolExecutor$Worker`                        |    48 B |     48 B |
| `java/util/concurrent/ThreadPoolExecutor$Worker`                        |    48 B |     48 B |
| `java/util/concurrent/ThreadPoolExecutor$Worker`                        |    48 B |     48 B |
| `java/util/concurrent/locks/AbstractQueuedSynchronizer$ConditionNode`   |    32 B |     32 B |
| `java/util/concurrent/locks/AbstractQueuedSynchronizer$ConditionObject` |    24 B |     24 B |
| `java/util/concurrent/atomic/AtomicInteger`                             |    16 B |     16 B |
| `java/util/concurrent/locks/ReentrantLock`                              |    16 B |     16 B |

- `java.util.concurrent.locks.AbstractQueuedSynchronizer$ConditionObject.awaitNanos (AbstractQueuedSynchronizer.java:1797)`
  - `java.util.concurrent.locks.AbstractQueuedSynchronizer$ConditionNode` retains 32 B (8.3%)
  - `java.util.concurrent.locks.AbstractQueuedSynchronizer$ConditionObject` retains 24 B (6.2%)
- `java.util.concurrent.LinkedBlockingQueue.poll (LinkedBlockingQueue.java:460)`
  - `java.util.concurrent.LinkedBlockingQueue` retains 144 B (37.5%)
  - `java.util.concurrent.TimeUnit` retains 80 B (20.8%)
  - `java.util.concurrent.atomic.AtomicInteger` retains 16 B (4.2%)
  - `java.util.concurrent.locks.ReentrantLock` retains 16 B (4.2%)
- `java.util.concurrent.ThreadPoolExecutor.getTask (ThreadPoolExecutor.java:1069)`
  - `java.util.concurrent.ThreadPoolExecutor` retains 4.6 KB (1233.3%)
- `java.util.concurrent.ThreadPoolExecutor.runWorker (ThreadPoolExecutor.java:1130)`
  - `java.util.concurrent.ThreadPoolExecutor` retains 4.6 KB (1233.3%)
  - `java.util.concurrent.ThreadPoolExecutor$Worker` retains 48 B (12.5%)
- `java.util.concurrent.ThreadPoolExecutor$Worker.run (ThreadPoolExecutor.java:642)`
  - `java.util.concurrent.ThreadPoolExecutor$Worker` retains 48 B (12.5%)
- `java.lang.Thread.runWith (Thread.java:1596)`
  - `java.lang.Class` retains 128 B (33.3%)
  - `java.util.concurrent.ThreadPoolExecutor$Worker` retains 48 B (12.5%)
- `java.lang.Thread.run (Thread.java:1583)`
  - `java.lang.Class` retains 128 B (33.3%)
  - `java.util.concurrent.ThreadPoolExecutor$Worker` retains 48 B (12.5%)

<a id="thread-167"></a>

### Thread 167 "block-manager-storage-async-thread-pool-62" (java/lang/Thread)

_Local roots: 13._

**Local root objects:**

| Object                                                                  | Shallow | Retained |
| ----------------------------------------------------------------------- | ------: | -------: |
| `java/util/concurrent/ThreadPoolExecutor`                               |    80 B |   4.6 KB |
| `java/util/concurrent/ThreadPoolExecutor`                               |    80 B |   4.6 KB |
| `java/util/concurrent/LinkedBlockingQueue`                              |    48 B |    144 B |
| `java/lang/Class`                                                       |    32 B |    128 B |
| `java/lang/Class`                                                       |    32 B |    128 B |
| `java/util/concurrent/ThreadPoolExecutor$Worker`                        |    48 B |     48 B |
| `java/util/concurrent/ThreadPoolExecutor$Worker`                        |    48 B |     48 B |
| `java/util/concurrent/ThreadPoolExecutor$Worker`                        |    48 B |     48 B |
| `java/util/concurrent/ThreadPoolExecutor$Worker`                        |    48 B |     48 B |
| `java/util/concurrent/locks/AbstractQueuedSynchronizer$ConditionNode`   |    32 B |     32 B |
| `java/util/concurrent/locks/AbstractQueuedSynchronizer$ConditionObject` |    24 B |     24 B |
| `java/util/concurrent/atomic/AtomicInteger`                             |    16 B |     16 B |
| `java/util/concurrent/locks/ReentrantLock`                              |    16 B |     16 B |

- `java.util.concurrent.locks.AbstractQueuedSynchronizer$ConditionObject.awaitNanos (AbstractQueuedSynchronizer.java:1797)`
  - `java.util.concurrent.locks.AbstractQueuedSynchronizer$ConditionNode` retains 32 B (5.8%)
  - `java.util.concurrent.locks.AbstractQueuedSynchronizer$ConditionObject` retains 24 B (4.3%)
- `java.util.concurrent.LinkedBlockingQueue.poll (LinkedBlockingQueue.java:460)`
  - `java.util.concurrent.LinkedBlockingQueue` retains 144 B (26.1%)
  - `java.util.concurrent.atomic.AtomicInteger` retains 16 B (2.9%)
  - `java.util.concurrent.locks.ReentrantLock` retains 16 B (2.9%)
- `java.util.concurrent.ThreadPoolExecutor.getTask (ThreadPoolExecutor.java:1069)`
  - `java.util.concurrent.ThreadPoolExecutor` retains 4.6 KB (858.0%)
- `java.util.concurrent.ThreadPoolExecutor.runWorker (ThreadPoolExecutor.java:1130)`
  - `java.util.concurrent.ThreadPoolExecutor` retains 4.6 KB (858.0%)
  - `java.util.concurrent.ThreadPoolExecutor$Worker` retains 48 B (8.7%)
- `java.util.concurrent.ThreadPoolExecutor$Worker.run (ThreadPoolExecutor.java:642)`
  - `java.util.concurrent.ThreadPoolExecutor$Worker` retains 48 B (8.7%)
- `java.lang.Thread.runWith (Thread.java:1596)`
  - `java.lang.Class` retains 128 B (23.2%)
  - `java.util.concurrent.ThreadPoolExecutor$Worker` retains 48 B (8.7%)
- `java.lang.Thread.run (Thread.java:1583)`
  - `java.lang.Class` retains 128 B (23.2%)
  - `java.util.concurrent.ThreadPoolExecutor$Worker` retains 48 B (8.7%)

<a id="thread-168"></a>

### Thread 168 "block-manager-ask-thread-pool-40" (java/lang/Thread)

_Local roots: 13._

**Local root objects:**

| Object                                                                  | Shallow | Retained |
| ----------------------------------------------------------------------- | ------: | -------: |
| `java/util/concurrent/ThreadPoolExecutor`                               |    80 B |   4.6 KB |
| `java/util/concurrent/ThreadPoolExecutor`                               |    80 B |   4.6 KB |
| `java/util/concurrent/LinkedBlockingQueue`                              |    48 B |    144 B |
| `java/lang/Class`                                                       |    32 B |    128 B |
| `java/lang/Class`                                                       |    32 B |    128 B |
| `java/util/concurrent/ThreadPoolExecutor$Worker`                        |    48 B |     48 B |
| `java/util/concurrent/ThreadPoolExecutor$Worker`                        |    48 B |     48 B |
| `java/util/concurrent/ThreadPoolExecutor$Worker`                        |    48 B |     48 B |
| `java/util/concurrent/ThreadPoolExecutor$Worker`                        |    48 B |     48 B |
| `java/util/concurrent/locks/AbstractQueuedSynchronizer$ConditionNode`   |    32 B |     32 B |
| `java/util/concurrent/locks/AbstractQueuedSynchronizer$ConditionObject` |    24 B |     24 B |
| `java/util/concurrent/atomic/AtomicInteger`                             |    16 B |     16 B |
| `java/util/concurrent/locks/ReentrantLock`                              |    16 B |     16 B |

- `java.util.concurrent.locks.AbstractQueuedSynchronizer$ConditionObject.awaitNanos (AbstractQueuedSynchronizer.java:1797)`
  - `java.util.concurrent.locks.AbstractQueuedSynchronizer$ConditionNode` retains 32 B (6.3%)
  - `java.util.concurrent.locks.AbstractQueuedSynchronizer$ConditionObject` retains 24 B (4.8%)
- `java.util.concurrent.LinkedBlockingQueue.poll (LinkedBlockingQueue.java:460)`
  - `java.util.concurrent.LinkedBlockingQueue` retains 144 B (28.6%)
  - `java.util.concurrent.atomic.AtomicInteger` retains 16 B (3.2%)
  - `java.util.concurrent.locks.ReentrantLock` retains 16 B (3.2%)
- `java.util.concurrent.ThreadPoolExecutor.getTask (ThreadPoolExecutor.java:1069)`
  - `java.util.concurrent.ThreadPoolExecutor` retains 4.6 KB (936.5%)
- `java.util.concurrent.ThreadPoolExecutor.runWorker (ThreadPoolExecutor.java:1130)`
  - `java.util.concurrent.ThreadPoolExecutor` retains 4.6 KB (936.5%)
  - `java.util.concurrent.ThreadPoolExecutor$Worker` retains 48 B (9.5%)
- `java.util.concurrent.ThreadPoolExecutor$Worker.run (ThreadPoolExecutor.java:642)`
  - `java.util.concurrent.ThreadPoolExecutor$Worker` retains 48 B (9.5%)
- `java.lang.Thread.runWith (Thread.java:1596)`
  - `java.lang.Class` retains 128 B (25.4%)
  - `java.util.concurrent.ThreadPoolExecutor$Worker` retains 48 B (9.5%)
- `java.lang.Thread.run (Thread.java:1583)`
  - `java.lang.Class` retains 128 B (25.4%)
  - `java.util.concurrent.ThreadPoolExecutor$Worker` retains 48 B (9.5%)

<a id="thread-169"></a>

### Thread 169 "block-manager-ask-thread-pool-41" (java/lang/Thread)

_Local roots: 14._

**Local root objects:**

| Object                                                                  | Shallow | Retained |
| ----------------------------------------------------------------------- | ------: | -------: |
| `java/util/concurrent/ThreadPoolExecutor`                               |    80 B |   4.6 KB |
| `java/util/concurrent/ThreadPoolExecutor`                               |    80 B |   4.6 KB |
| `java/util/concurrent/LinkedBlockingQueue`                              |    48 B |    144 B |
| `java/lang/Class`                                                       |    32 B |    128 B |
| `java/lang/Class`                                                       |    32 B |    128 B |
| `java/util/concurrent/TimeUnit`                                         |    80 B |     80 B |
| `java/util/concurrent/ThreadPoolExecutor$Worker`                        |    48 B |     48 B |
| `java/util/concurrent/ThreadPoolExecutor$Worker`                        |    48 B |     48 B |
| `java/util/concurrent/ThreadPoolExecutor$Worker`                        |    48 B |     48 B |
| `java/util/concurrent/ThreadPoolExecutor$Worker`                        |    48 B |     48 B |
| `java/util/concurrent/locks/AbstractQueuedSynchronizer$ConditionNode`   |    32 B |     32 B |
| `java/util/concurrent/locks/AbstractQueuedSynchronizer$ConditionObject` |    24 B |     24 B |
| `java/util/concurrent/atomic/AtomicInteger`                             |    16 B |     16 B |
| `java/util/concurrent/locks/ReentrantLock`                              |    16 B |     16 B |

- `java.util.concurrent.locks.AbstractQueuedSynchronizer$ConditionObject.awaitNanos (AbstractQueuedSynchronizer.java:1797)`
  - `java.util.concurrent.locks.AbstractQueuedSynchronizer$ConditionNode` retains 32 B (6.3%)
  - `java.util.concurrent.locks.AbstractQueuedSynchronizer$ConditionObject` retains 24 B (4.8%)
- `java.util.concurrent.LinkedBlockingQueue.poll (LinkedBlockingQueue.java:460)`
  - `java.util.concurrent.LinkedBlockingQueue` retains 144 B (28.6%)
  - `java.util.concurrent.TimeUnit` retains 80 B (15.9%)
  - `java.util.concurrent.atomic.AtomicInteger` retains 16 B (3.2%)
  - `java.util.concurrent.locks.ReentrantLock` retains 16 B (3.2%)
- `java.util.concurrent.ThreadPoolExecutor.getTask (ThreadPoolExecutor.java:1069)`
  - `java.util.concurrent.ThreadPoolExecutor` retains 4.6 KB (936.5%)
- `java.util.concurrent.ThreadPoolExecutor.runWorker (ThreadPoolExecutor.java:1130)`
  - `java.util.concurrent.ThreadPoolExecutor` retains 4.6 KB (936.5%)
  - `java.util.concurrent.ThreadPoolExecutor$Worker` retains 48 B (9.5%)
- `java.util.concurrent.ThreadPoolExecutor$Worker.run (ThreadPoolExecutor.java:642)`
  - `java.util.concurrent.ThreadPoolExecutor$Worker` retains 48 B (9.5%)
- `java.lang.Thread.runWith (Thread.java:1596)`
  - `java.lang.Class` retains 128 B (25.4%)
  - `java.util.concurrent.ThreadPoolExecutor$Worker` retains 48 B (9.5%)
- `java.lang.Thread.run (Thread.java:1583)`
  - `java.lang.Class` retains 128 B (25.4%)
  - `java.util.concurrent.ThreadPoolExecutor$Worker` retains 48 B (9.5%)

<a id="thread-170"></a>

### Thread 170 "block-manager-storage-async-thread-pool-63" (java/lang/Thread)

_Local roots: 14._

**Local root objects:**

| Object                                                                  | Shallow | Retained |
| ----------------------------------------------------------------------- | ------: | -------: |
| `java/util/concurrent/ThreadPoolExecutor`                               |    80 B |   4.6 KB |
| `java/util/concurrent/ThreadPoolExecutor`                               |    80 B |   4.6 KB |
| `java/util/concurrent/LinkedBlockingQueue`                              |    48 B |    144 B |
| `java/lang/Class`                                                       |    32 B |    128 B |
| `java/lang/Class`                                                       |    32 B |    128 B |
| `java/util/concurrent/TimeUnit`                                         |    80 B |     80 B |
| `java/util/concurrent/ThreadPoolExecutor$Worker`                        |    48 B |     48 B |
| `java/util/concurrent/ThreadPoolExecutor$Worker`                        |    48 B |     48 B |
| `java/util/concurrent/ThreadPoolExecutor$Worker`                        |    48 B |     48 B |
| `java/util/concurrent/ThreadPoolExecutor$Worker`                        |    48 B |     48 B |
| `java/util/concurrent/locks/AbstractQueuedSynchronizer$ConditionNode`   |    32 B |     32 B |
| `java/util/concurrent/locks/AbstractQueuedSynchronizer$ConditionObject` |    24 B |     24 B |
| `java/util/concurrent/atomic/AtomicInteger`                             |    16 B |     16 B |
| `java/util/concurrent/locks/ReentrantLock`                              |    16 B |     16 B |

- `java.util.concurrent.locks.AbstractQueuedSynchronizer$ConditionObject.awaitNanos (AbstractQueuedSynchronizer.java:1797)`
  - `java.util.concurrent.locks.AbstractQueuedSynchronizer$ConditionNode` retains 32 B (5.8%)
  - `java.util.concurrent.locks.AbstractQueuedSynchronizer$ConditionObject` retains 24 B (4.3%)
- `java.util.concurrent.LinkedBlockingQueue.poll (LinkedBlockingQueue.java:460)`
  - `java.util.concurrent.LinkedBlockingQueue` retains 144 B (26.1%)
  - `java.util.concurrent.TimeUnit` retains 80 B (14.5%)
  - `java.util.concurrent.atomic.AtomicInteger` retains 16 B (2.9%)
  - `java.util.concurrent.locks.ReentrantLock` retains 16 B (2.9%)
- `java.util.concurrent.ThreadPoolExecutor.getTask (ThreadPoolExecutor.java:1069)`
  - `java.util.concurrent.ThreadPoolExecutor` retains 4.6 KB (858.0%)
- `java.util.concurrent.ThreadPoolExecutor.runWorker (ThreadPoolExecutor.java:1130)`
  - `java.util.concurrent.ThreadPoolExecutor` retains 4.6 KB (858.0%)
  - `java.util.concurrent.ThreadPoolExecutor$Worker` retains 48 B (8.7%)
- `java.util.concurrent.ThreadPoolExecutor$Worker.run (ThreadPoolExecutor.java:642)`
  - `java.util.concurrent.ThreadPoolExecutor$Worker` retains 48 B (8.7%)
- `java.lang.Thread.runWith (Thread.java:1596)`
  - `java.lang.Class` retains 128 B (23.2%)
  - `java.util.concurrent.ThreadPoolExecutor$Worker` retains 48 B (8.7%)
- `java.lang.Thread.run (Thread.java:1583)`
  - `java.lang.Class` retains 128 B (23.2%)
  - `java.util.concurrent.ThreadPoolExecutor$Worker` retains 48 B (8.7%)

<a id="thread-171"></a>

### Thread 171 "block-manager-storage-async-thread-pool-64" (java/lang/Thread)

_Local roots: 13._

**Local root objects:**

| Object                                                                  | Shallow | Retained |
| ----------------------------------------------------------------------- | ------: | -------: |
| `java/util/concurrent/ThreadPoolExecutor`                               |    80 B |   4.6 KB |
| `java/util/concurrent/ThreadPoolExecutor`                               |    80 B |   4.6 KB |
| `java/util/concurrent/LinkedBlockingQueue`                              |    48 B |    144 B |
| `java/lang/Class`                                                       |    32 B |    128 B |
| `java/lang/Class`                                                       |    32 B |    128 B |
| `java/util/concurrent/ThreadPoolExecutor$Worker`                        |    48 B |     48 B |
| `java/util/concurrent/ThreadPoolExecutor$Worker`                        |    48 B |     48 B |
| `java/util/concurrent/ThreadPoolExecutor$Worker`                        |    48 B |     48 B |
| `java/util/concurrent/ThreadPoolExecutor$Worker`                        |    48 B |     48 B |
| `java/util/concurrent/locks/AbstractQueuedSynchronizer$ConditionNode`   |    32 B |     32 B |
| `java/util/concurrent/locks/AbstractQueuedSynchronizer$ConditionObject` |    24 B |     24 B |
| `java/util/concurrent/atomic/AtomicInteger`                             |    16 B |     16 B |
| `java/util/concurrent/locks/ReentrantLock`                              |    16 B |     16 B |

- `java.util.concurrent.locks.AbstractQueuedSynchronizer$ConditionObject.awaitNanos (AbstractQueuedSynchronizer.java:1797)`
  - `java.util.concurrent.locks.AbstractQueuedSynchronizer$ConditionNode` retains 32 B (6.2%)
  - `java.util.concurrent.locks.AbstractQueuedSynchronizer$ConditionObject` retains 24 B (4.6%)
- `java.util.concurrent.LinkedBlockingQueue.poll (LinkedBlockingQueue.java:460)`
  - `java.util.concurrent.LinkedBlockingQueue` retains 144 B (27.7%)
  - `java.util.concurrent.atomic.AtomicInteger` retains 16 B (3.1%)
  - `java.util.concurrent.locks.ReentrantLock` retains 16 B (3.1%)
- `java.util.concurrent.ThreadPoolExecutor.getTask (ThreadPoolExecutor.java:1069)`
  - `java.util.concurrent.ThreadPoolExecutor` retains 4.6 KB (910.8%)
- `java.util.concurrent.ThreadPoolExecutor.runWorker (ThreadPoolExecutor.java:1130)`
  - `java.util.concurrent.ThreadPoolExecutor` retains 4.6 KB (910.8%)
  - `java.util.concurrent.ThreadPoolExecutor$Worker` retains 48 B (9.2%)
- `java.util.concurrent.ThreadPoolExecutor$Worker.run (ThreadPoolExecutor.java:642)`
  - `java.util.concurrent.ThreadPoolExecutor$Worker` retains 48 B (9.2%)
- `java.lang.Thread.runWith (Thread.java:1596)`
  - `java.lang.Class` retains 128 B (24.6%)
  - `java.util.concurrent.ThreadPoolExecutor$Worker` retains 48 B (9.2%)
- `java.lang.Thread.run (Thread.java:1583)`
  - `java.lang.Class` retains 128 B (24.6%)
  - `java.util.concurrent.ThreadPoolExecutor$Worker` retains 48 B (9.2%)

<a id="thread-172"></a>

### Thread 172 "block-manager-storage-async-thread-pool-65" (java/lang/Thread)

_Local roots: 13._

**Local root objects:**

| Object                                                                  | Shallow | Retained |
| ----------------------------------------------------------------------- | ------: | -------: |
| `java/util/concurrent/ThreadPoolExecutor`                               |    80 B |   4.6 KB |
| `java/util/concurrent/ThreadPoolExecutor`                               |    80 B |   4.6 KB |
| `java/util/concurrent/LinkedBlockingQueue`                              |    48 B |    144 B |
| `java/lang/Class`                                                       |    32 B |    128 B |
| `java/lang/Class`                                                       |    32 B |    128 B |
| `java/util/concurrent/ThreadPoolExecutor$Worker`                        |    48 B |     48 B |
| `java/util/concurrent/ThreadPoolExecutor$Worker`                        |    48 B |     48 B |
| `java/util/concurrent/ThreadPoolExecutor$Worker`                        |    48 B |     48 B |
| `java/util/concurrent/ThreadPoolExecutor$Worker`                        |    48 B |     48 B |
| `java/util/concurrent/locks/AbstractQueuedSynchronizer$ConditionNode`   |    32 B |     32 B |
| `java/util/concurrent/locks/AbstractQueuedSynchronizer$ConditionObject` |    24 B |     24 B |
| `java/util/concurrent/atomic/AtomicInteger`                             |    16 B |     16 B |
| `java/util/concurrent/locks/ReentrantLock`                              |    16 B |     16 B |

- `java.util.concurrent.locks.AbstractQueuedSynchronizer$ConditionObject.awaitNanos (AbstractQueuedSynchronizer.java:1797)`
  - `java.util.concurrent.locks.AbstractQueuedSynchronizer$ConditionNode` retains 32 B (5.8%)
  - `java.util.concurrent.locks.AbstractQueuedSynchronizer$ConditionObject` retains 24 B (4.3%)
- `java.util.concurrent.LinkedBlockingQueue.poll (LinkedBlockingQueue.java:460)`
  - `java.util.concurrent.LinkedBlockingQueue` retains 144 B (26.1%)
  - `java.util.concurrent.atomic.AtomicInteger` retains 16 B (2.9%)
  - `java.util.concurrent.locks.ReentrantLock` retains 16 B (2.9%)
- `java.util.concurrent.ThreadPoolExecutor.getTask (ThreadPoolExecutor.java:1069)`
  - `java.util.concurrent.ThreadPoolExecutor` retains 4.6 KB (858.0%)
- `java.util.concurrent.ThreadPoolExecutor.runWorker (ThreadPoolExecutor.java:1130)`
  - `java.util.concurrent.ThreadPoolExecutor` retains 4.6 KB (858.0%)
  - `java.util.concurrent.ThreadPoolExecutor$Worker` retains 48 B (8.7%)
- `java.util.concurrent.ThreadPoolExecutor$Worker.run (ThreadPoolExecutor.java:642)`
  - `java.util.concurrent.ThreadPoolExecutor$Worker` retains 48 B (8.7%)
- `java.lang.Thread.runWith (Thread.java:1596)`
  - `java.lang.Class` retains 128 B (23.2%)
  - `java.util.concurrent.ThreadPoolExecutor$Worker` retains 48 B (8.7%)
- `java.lang.Thread.run (Thread.java:1583)`
  - `java.lang.Class` retains 128 B (23.2%)
  - `java.util.concurrent.ThreadPoolExecutor$Worker` retains 48 B (8.7%)

<a id="thread-173"></a>

### Thread 173 "block-manager-ask-thread-pool-42" (java/lang/Thread)

_Local roots: 13._

**Local root objects:**

| Object                                                                  | Shallow | Retained |
| ----------------------------------------------------------------------- | ------: | -------: |
| `java/util/concurrent/ThreadPoolExecutor`                               |    80 B |   4.6 KB |
| `java/util/concurrent/ThreadPoolExecutor`                               |    80 B |   4.6 KB |
| `java/util/concurrent/LinkedBlockingQueue`                              |    48 B |    144 B |
| `java/lang/Class`                                                       |    32 B |    128 B |
| `java/lang/Class`                                                       |    32 B |    128 B |
| `java/util/concurrent/ThreadPoolExecutor$Worker`                        |    48 B |     48 B |
| `java/util/concurrent/ThreadPoolExecutor$Worker`                        |    48 B |     48 B |
| `java/util/concurrent/ThreadPoolExecutor$Worker`                        |    48 B |     48 B |
| `java/util/concurrent/ThreadPoolExecutor$Worker`                        |    48 B |     48 B |
| `java/util/concurrent/locks/AbstractQueuedSynchronizer$ConditionNode`   |    32 B |     32 B |
| `java/util/concurrent/locks/AbstractQueuedSynchronizer$ConditionObject` |    24 B |     24 B |
| `java/util/concurrent/atomic/AtomicInteger`                             |    16 B |     16 B |
| `java/util/concurrent/locks/ReentrantLock`                              |    16 B |     16 B |

- `java.util.concurrent.locks.AbstractQueuedSynchronizer$ConditionObject.awaitNanos (AbstractQueuedSynchronizer.java:1797)`
  - `java.util.concurrent.locks.AbstractQueuedSynchronizer$ConditionNode` retains 32 B (6.3%)
  - `java.util.concurrent.locks.AbstractQueuedSynchronizer$ConditionObject` retains 24 B (4.8%)
- `java.util.concurrent.LinkedBlockingQueue.poll (LinkedBlockingQueue.java:460)`
  - `java.util.concurrent.LinkedBlockingQueue` retains 144 B (28.6%)
  - `java.util.concurrent.atomic.AtomicInteger` retains 16 B (3.2%)
  - `java.util.concurrent.locks.ReentrantLock` retains 16 B (3.2%)
- `java.util.concurrent.ThreadPoolExecutor.getTask (ThreadPoolExecutor.java:1069)`
  - `java.util.concurrent.ThreadPoolExecutor` retains 4.6 KB (936.5%)
- `java.util.concurrent.ThreadPoolExecutor.runWorker (ThreadPoolExecutor.java:1130)`
  - `java.util.concurrent.ThreadPoolExecutor` retains 4.6 KB (936.5%)
  - `java.util.concurrent.ThreadPoolExecutor$Worker` retains 48 B (9.5%)
- `java.util.concurrent.ThreadPoolExecutor$Worker.run (ThreadPoolExecutor.java:642)`
  - `java.util.concurrent.ThreadPoolExecutor$Worker` retains 48 B (9.5%)
- `java.lang.Thread.runWith (Thread.java:1596)`
  - `java.lang.Class` retains 128 B (25.4%)
  - `java.util.concurrent.ThreadPoolExecutor$Worker` retains 48 B (9.5%)
- `java.lang.Thread.run (Thread.java:1583)`
  - `java.lang.Class` retains 128 B (25.4%)
  - `java.util.concurrent.ThreadPoolExecutor$Worker` retains 48 B (9.5%)

<a id="thread-174"></a>

### Thread 174 "block-manager-ask-thread-pool-43" (java/lang/Thread)

_Local roots: 14._

**Local root objects:**

| Object                                                                  | Shallow | Retained |
| ----------------------------------------------------------------------- | ------: | -------: |
| `java/util/concurrent/ThreadPoolExecutor`                               |    80 B |   4.6 KB |
| `java/util/concurrent/ThreadPoolExecutor`                               |    80 B |   4.6 KB |
| `java/util/concurrent/LinkedBlockingQueue`                              |    48 B |    144 B |
| `java/lang/Class`                                                       |    32 B |    128 B |
| `java/lang/Class`                                                       |    32 B |    128 B |
| `java/util/concurrent/TimeUnit`                                         |    80 B |     80 B |
| `java/util/concurrent/ThreadPoolExecutor$Worker`                        |    48 B |     48 B |
| `java/util/concurrent/ThreadPoolExecutor$Worker`                        |    48 B |     48 B |
| `java/util/concurrent/ThreadPoolExecutor$Worker`                        |    48 B |     48 B |
| `java/util/concurrent/ThreadPoolExecutor$Worker`                        |    48 B |     48 B |
| `java/util/concurrent/locks/AbstractQueuedSynchronizer$ConditionNode`   |    32 B |     32 B |
| `java/util/concurrent/locks/AbstractQueuedSynchronizer$ConditionObject` |    24 B |     24 B |
| `java/util/concurrent/atomic/AtomicInteger`                             |    16 B |     16 B |
| `java/util/concurrent/locks/ReentrantLock`                              |    16 B |     16 B |

- `java.util.concurrent.locks.AbstractQueuedSynchronizer$ConditionObject.awaitNanos (AbstractQueuedSynchronizer.java:1797)`
  - `java.util.concurrent.locks.AbstractQueuedSynchronizer$ConditionNode` retains 32 B (6.3%)
  - `java.util.concurrent.locks.AbstractQueuedSynchronizer$ConditionObject` retains 24 B (4.8%)
- `java.util.concurrent.LinkedBlockingQueue.poll (LinkedBlockingQueue.java:460)`
  - `java.util.concurrent.LinkedBlockingQueue` retains 144 B (28.6%)
  - `java.util.concurrent.TimeUnit` retains 80 B (15.9%)
  - `java.util.concurrent.atomic.AtomicInteger` retains 16 B (3.2%)
  - `java.util.concurrent.locks.ReentrantLock` retains 16 B (3.2%)
- `java.util.concurrent.ThreadPoolExecutor.getTask (ThreadPoolExecutor.java:1069)`
  - `java.util.concurrent.ThreadPoolExecutor` retains 4.6 KB (936.5%)
- `java.util.concurrent.ThreadPoolExecutor.runWorker (ThreadPoolExecutor.java:1130)`
  - `java.util.concurrent.ThreadPoolExecutor` retains 4.6 KB (936.5%)
  - `java.util.concurrent.ThreadPoolExecutor$Worker` retains 48 B (9.5%)
- `java.util.concurrent.ThreadPoolExecutor$Worker.run (ThreadPoolExecutor.java:642)`
  - `java.util.concurrent.ThreadPoolExecutor$Worker` retains 48 B (9.5%)
- `java.lang.Thread.runWith (Thread.java:1596)`
  - `java.lang.Class` retains 128 B (25.4%)
  - `java.util.concurrent.ThreadPoolExecutor$Worker` retains 48 B (9.5%)
- `java.lang.Thread.run (Thread.java:1583)`
  - `java.lang.Class` retains 128 B (25.4%)
  - `java.util.concurrent.ThreadPoolExecutor$Worker` retains 48 B (9.5%)

<a id="thread-175"></a>

### Thread 175 "block-manager-storage-async-thread-pool-66" (java/lang/Thread)

_Local roots: 14._

**Local root objects:**

| Object                                                                  | Shallow | Retained |
| ----------------------------------------------------------------------- | ------: | -------: |
| `java/util/concurrent/ThreadPoolExecutor`                               |    80 B |   4.6 KB |
| `java/util/concurrent/ThreadPoolExecutor`                               |    80 B |   4.6 KB |
| `java/util/concurrent/LinkedBlockingQueue`                              |    48 B |    144 B |
| `java/lang/Class`                                                       |    32 B |    128 B |
| `java/lang/Class`                                                       |    32 B |    128 B |
| `java/util/concurrent/TimeUnit`                                         |    80 B |     80 B |
| `java/util/concurrent/ThreadPoolExecutor$Worker`                        |    48 B |     48 B |
| `java/util/concurrent/ThreadPoolExecutor$Worker`                        |    48 B |     48 B |
| `java/util/concurrent/ThreadPoolExecutor$Worker`                        |    48 B |     48 B |
| `java/util/concurrent/ThreadPoolExecutor$Worker`                        |    48 B |     48 B |
| `java/util/concurrent/locks/AbstractQueuedSynchronizer$ConditionNode`   |    32 B |     32 B |
| `java/util/concurrent/locks/AbstractQueuedSynchronizer$ConditionObject` |    24 B |     24 B |
| `java/util/concurrent/atomic/AtomicInteger`                             |    16 B |     16 B |
| `java/util/concurrent/locks/ReentrantLock`                              |    16 B |     16 B |

- `java.util.concurrent.locks.AbstractQueuedSynchronizer$ConditionObject.awaitNanos (AbstractQueuedSynchronizer.java:1797)`
  - `java.util.concurrent.locks.AbstractQueuedSynchronizer$ConditionNode` retains 32 B (6.2%)
  - `java.util.concurrent.locks.AbstractQueuedSynchronizer$ConditionObject` retains 24 B (4.6%)
- `java.util.concurrent.LinkedBlockingQueue.poll (LinkedBlockingQueue.java:460)`
  - `java.util.concurrent.LinkedBlockingQueue` retains 144 B (27.7%)
  - `java.util.concurrent.TimeUnit` retains 80 B (15.4%)
  - `java.util.concurrent.atomic.AtomicInteger` retains 16 B (3.1%)
  - `java.util.concurrent.locks.ReentrantLock` retains 16 B (3.1%)
- `java.util.concurrent.ThreadPoolExecutor.getTask (ThreadPoolExecutor.java:1069)`
  - `java.util.concurrent.ThreadPoolExecutor` retains 4.6 KB (910.8%)
- `java.util.concurrent.ThreadPoolExecutor.runWorker (ThreadPoolExecutor.java:1130)`
  - `java.util.concurrent.ThreadPoolExecutor` retains 4.6 KB (910.8%)
  - `java.util.concurrent.ThreadPoolExecutor$Worker` retains 48 B (9.2%)
- `java.util.concurrent.ThreadPoolExecutor$Worker.run (ThreadPoolExecutor.java:642)`
  - `java.util.concurrent.ThreadPoolExecutor$Worker` retains 48 B (9.2%)
- `java.lang.Thread.runWith (Thread.java:1596)`
  - `java.lang.Class` retains 128 B (24.6%)
  - `java.util.concurrent.ThreadPoolExecutor$Worker` retains 48 B (9.2%)
- `java.lang.Thread.run (Thread.java:1583)`
  - `java.lang.Class` retains 128 B (24.6%)
  - `java.util.concurrent.ThreadPoolExecutor$Worker` retains 48 B (9.2%)

<a id="thread-176"></a>

### Thread 176 "block-manager-storage-async-thread-pool-67" (java/lang/Thread)

_Local roots: 14._

**Local root objects:**

| Object                                                                  | Shallow | Retained |
| ----------------------------------------------------------------------- | ------: | -------: |
| `java/util/concurrent/ThreadPoolExecutor`                               |    80 B |   4.6 KB |
| `java/util/concurrent/ThreadPoolExecutor`                               |    80 B |   4.6 KB |
| `java/util/concurrent/LinkedBlockingQueue`                              |    48 B |    144 B |
| `java/lang/Class`                                                       |    32 B |    128 B |
| `java/lang/Class`                                                       |    32 B |    128 B |
| `java/util/concurrent/TimeUnit`                                         |    80 B |     80 B |
| `java/util/concurrent/ThreadPoolExecutor$Worker`                        |    48 B |     48 B |
| `java/util/concurrent/ThreadPoolExecutor$Worker`                        |    48 B |     48 B |
| `java/util/concurrent/ThreadPoolExecutor$Worker`                        |    48 B |     48 B |
| `java/util/concurrent/ThreadPoolExecutor$Worker`                        |    48 B |     48 B |
| `java/util/concurrent/locks/AbstractQueuedSynchronizer$ConditionNode`   |    32 B |     32 B |
| `java/util/concurrent/locks/AbstractQueuedSynchronizer$ConditionObject` |    24 B |     24 B |
| `java/util/concurrent/atomic/AtomicInteger`                             |    16 B |     16 B |
| `java/util/concurrent/locks/ReentrantLock`                              |    16 B |     16 B |

- `java.util.concurrent.locks.AbstractQueuedSynchronizer$ConditionObject.awaitNanos (AbstractQueuedSynchronizer.java:1797)`
  - `java.util.concurrent.locks.AbstractQueuedSynchronizer$ConditionNode` retains 32 B (8.3%)
  - `java.util.concurrent.locks.AbstractQueuedSynchronizer$ConditionObject` retains 24 B (6.2%)
- `java.util.concurrent.LinkedBlockingQueue.poll (LinkedBlockingQueue.java:460)`
  - `java.util.concurrent.LinkedBlockingQueue` retains 144 B (37.5%)
  - `java.util.concurrent.TimeUnit` retains 80 B (20.8%)
  - `java.util.concurrent.atomic.AtomicInteger` retains 16 B (4.2%)
  - `java.util.concurrent.locks.ReentrantLock` retains 16 B (4.2%)
- `java.util.concurrent.ThreadPoolExecutor.getTask (ThreadPoolExecutor.java:1069)`
  - `java.util.concurrent.ThreadPoolExecutor` retains 4.6 KB (1233.3%)
- `java.util.concurrent.ThreadPoolExecutor.runWorker (ThreadPoolExecutor.java:1130)`
  - `java.util.concurrent.ThreadPoolExecutor` retains 4.6 KB (1233.3%)
  - `java.util.concurrent.ThreadPoolExecutor$Worker` retains 48 B (12.5%)
- `java.util.concurrent.ThreadPoolExecutor$Worker.run (ThreadPoolExecutor.java:642)`
  - `java.util.concurrent.ThreadPoolExecutor$Worker` retains 48 B (12.5%)
- `java.lang.Thread.runWith (Thread.java:1596)`
  - `java.lang.Class` retains 128 B (33.3%)
  - `java.util.concurrent.ThreadPoolExecutor$Worker` retains 48 B (12.5%)
- `java.lang.Thread.run (Thread.java:1583)`
  - `java.lang.Class` retains 128 B (33.3%)
  - `java.util.concurrent.ThreadPoolExecutor$Worker` retains 48 B (12.5%)

<a id="thread-177"></a>

### Thread 177 "block-manager-storage-async-thread-pool-68" (java/lang/Thread)

_Local roots: 13._

**Local root objects:**

| Object                                                                  | Shallow | Retained |
| ----------------------------------------------------------------------- | ------: | -------: |
| `java/util/concurrent/ThreadPoolExecutor`                               |    80 B |   4.6 KB |
| `java/util/concurrent/ThreadPoolExecutor`                               |    80 B |   4.6 KB |
| `java/util/concurrent/LinkedBlockingQueue`                              |    48 B |    144 B |
| `java/lang/Class`                                                       |    32 B |    128 B |
| `java/lang/Class`                                                       |    32 B |    128 B |
| `java/util/concurrent/ThreadPoolExecutor$Worker`                        |    48 B |     48 B |
| `java/util/concurrent/ThreadPoolExecutor$Worker`                        |    48 B |     48 B |
| `java/util/concurrent/ThreadPoolExecutor$Worker`                        |    48 B |     48 B |
| `java/util/concurrent/ThreadPoolExecutor$Worker`                        |    48 B |     48 B |
| `java/util/concurrent/locks/AbstractQueuedSynchronizer$ConditionNode`   |    32 B |     32 B |
| `java/util/concurrent/locks/AbstractQueuedSynchronizer$ConditionObject` |    24 B |     24 B |
| `java/util/concurrent/atomic/AtomicInteger`                             |    16 B |     16 B |
| `java/util/concurrent/locks/ReentrantLock`                              |    16 B |     16 B |

- `java.util.concurrent.locks.AbstractQueuedSynchronizer$ConditionObject.awaitNanos (AbstractQueuedSynchronizer.java:1797)`
  - `java.util.concurrent.locks.AbstractQueuedSynchronizer$ConditionNode` retains 32 B (5.8%)
  - `java.util.concurrent.locks.AbstractQueuedSynchronizer$ConditionObject` retains 24 B (4.3%)
- `java.util.concurrent.LinkedBlockingQueue.poll (LinkedBlockingQueue.java:460)`
  - `java.util.concurrent.LinkedBlockingQueue` retains 144 B (26.1%)
  - `java.util.concurrent.atomic.AtomicInteger` retains 16 B (2.9%)
  - `java.util.concurrent.locks.ReentrantLock` retains 16 B (2.9%)
- `java.util.concurrent.ThreadPoolExecutor.getTask (ThreadPoolExecutor.java:1069)`
  - `java.util.concurrent.ThreadPoolExecutor` retains 4.6 KB (858.0%)
- `java.util.concurrent.ThreadPoolExecutor.runWorker (ThreadPoolExecutor.java:1130)`
  - `java.util.concurrent.ThreadPoolExecutor` retains 4.6 KB (858.0%)
  - `java.util.concurrent.ThreadPoolExecutor$Worker` retains 48 B (8.7%)
- `java.util.concurrent.ThreadPoolExecutor$Worker.run (ThreadPoolExecutor.java:642)`
  - `java.util.concurrent.ThreadPoolExecutor$Worker` retains 48 B (8.7%)
- `java.lang.Thread.runWith (Thread.java:1596)`
  - `java.lang.Class` retains 128 B (23.2%)
  - `java.util.concurrent.ThreadPoolExecutor$Worker` retains 48 B (8.7%)
- `java.lang.Thread.run (Thread.java:1583)`
  - `java.lang.Class` retains 128 B (23.2%)
  - `java.util.concurrent.ThreadPoolExecutor$Worker` retains 48 B (8.7%)

<a id="thread-178"></a>

### Thread 178 "block-manager-storage-async-thread-pool-69" (java/lang/Thread)

_Local roots: 13._

**Local root objects:**

| Object                                                                  | Shallow | Retained |
| ----------------------------------------------------------------------- | ------: | -------: |
| `java/util/concurrent/ThreadPoolExecutor`                               |    80 B |   4.6 KB |
| `java/util/concurrent/ThreadPoolExecutor`                               |    80 B |   4.6 KB |
| `java/util/concurrent/LinkedBlockingQueue`                              |    48 B |    144 B |
| `java/lang/Class`                                                       |    32 B |    128 B |
| `java/lang/Class`                                                       |    32 B |    128 B |
| `java/util/concurrent/ThreadPoolExecutor$Worker`                        |    48 B |     48 B |
| `java/util/concurrent/ThreadPoolExecutor$Worker`                        |    48 B |     48 B |
| `java/util/concurrent/ThreadPoolExecutor$Worker`                        |    48 B |     48 B |
| `java/util/concurrent/ThreadPoolExecutor$Worker`                        |    48 B |     48 B |
| `java/util/concurrent/locks/AbstractQueuedSynchronizer$ConditionNode`   |    32 B |     32 B |
| `java/util/concurrent/locks/AbstractQueuedSynchronizer$ConditionObject` |    24 B |     24 B |
| `java/util/concurrent/atomic/AtomicInteger`                             |    16 B |     16 B |
| `java/util/concurrent/locks/ReentrantLock`                              |    16 B |     16 B |

- `java.util.concurrent.locks.AbstractQueuedSynchronizer$ConditionObject.awaitNanos (AbstractQueuedSynchronizer.java:1797)`
  - `java.util.concurrent.locks.AbstractQueuedSynchronizer$ConditionNode` retains 32 B (5.8%)
  - `java.util.concurrent.locks.AbstractQueuedSynchronizer$ConditionObject` retains 24 B (4.3%)
- `java.util.concurrent.LinkedBlockingQueue.poll (LinkedBlockingQueue.java:460)`
  - `java.util.concurrent.LinkedBlockingQueue` retains 144 B (26.1%)
  - `java.util.concurrent.atomic.AtomicInteger` retains 16 B (2.9%)
  - `java.util.concurrent.locks.ReentrantLock` retains 16 B (2.9%)
- `java.util.concurrent.ThreadPoolExecutor.getTask (ThreadPoolExecutor.java:1069)`
  - `java.util.concurrent.ThreadPoolExecutor` retains 4.6 KB (858.0%)
- `java.util.concurrent.ThreadPoolExecutor.runWorker (ThreadPoolExecutor.java:1130)`
  - `java.util.concurrent.ThreadPoolExecutor` retains 4.6 KB (858.0%)
  - `java.util.concurrent.ThreadPoolExecutor$Worker` retains 48 B (8.7%)
- `java.util.concurrent.ThreadPoolExecutor$Worker.run (ThreadPoolExecutor.java:642)`
  - `java.util.concurrent.ThreadPoolExecutor$Worker` retains 48 B (8.7%)
- `java.lang.Thread.runWith (Thread.java:1596)`
  - `java.lang.Class` retains 128 B (23.2%)
  - `java.util.concurrent.ThreadPoolExecutor$Worker` retains 48 B (8.7%)
- `java.lang.Thread.run (Thread.java:1583)`
  - `java.lang.Class` retains 128 B (23.2%)
  - `java.util.concurrent.ThreadPoolExecutor$Worker` retains 48 B (8.7%)

<a id="thread-179"></a>

### Thread 179 "block-manager-ask-thread-pool-44" (java/lang/Thread)

_Local roots: 13._

**Local root objects:**

| Object                                                                  | Shallow | Retained |
| ----------------------------------------------------------------------- | ------: | -------: |
| `java/util/concurrent/ThreadPoolExecutor`                               |    80 B |   4.6 KB |
| `java/util/concurrent/ThreadPoolExecutor`                               |    80 B |   4.6 KB |
| `java/util/concurrent/LinkedBlockingQueue`                              |    48 B |    144 B |
| `java/lang/Class`                                                       |    32 B |    128 B |
| `java/lang/Class`                                                       |    32 B |    128 B |
| `java/util/concurrent/ThreadPoolExecutor$Worker`                        |    48 B |     48 B |
| `java/util/concurrent/ThreadPoolExecutor$Worker`                        |    48 B |     48 B |
| `java/util/concurrent/ThreadPoolExecutor$Worker`                        |    48 B |     48 B |
| `java/util/concurrent/ThreadPoolExecutor$Worker`                        |    48 B |     48 B |
| `java/util/concurrent/locks/AbstractQueuedSynchronizer$ConditionNode`   |    32 B |     32 B |
| `java/util/concurrent/locks/AbstractQueuedSynchronizer$ConditionObject` |    24 B |     24 B |
| `java/util/concurrent/atomic/AtomicInteger`                             |    16 B |     16 B |
| `java/util/concurrent/locks/ReentrantLock`                              |    16 B |     16 B |

- `java.util.concurrent.locks.AbstractQueuedSynchronizer$ConditionObject.awaitNanos (AbstractQueuedSynchronizer.java:1797)`
  - `java.util.concurrent.locks.AbstractQueuedSynchronizer$ConditionNode` retains 32 B (6.3%)
  - `java.util.concurrent.locks.AbstractQueuedSynchronizer$ConditionObject` retains 24 B (4.8%)
- `java.util.concurrent.LinkedBlockingQueue.poll (LinkedBlockingQueue.java:460)`
  - `java.util.concurrent.LinkedBlockingQueue` retains 144 B (28.6%)
  - `java.util.concurrent.atomic.AtomicInteger` retains 16 B (3.2%)
  - `java.util.concurrent.locks.ReentrantLock` retains 16 B (3.2%)
- `java.util.concurrent.ThreadPoolExecutor.getTask (ThreadPoolExecutor.java:1069)`
  - `java.util.concurrent.ThreadPoolExecutor` retains 4.6 KB (936.5%)
- `java.util.concurrent.ThreadPoolExecutor.runWorker (ThreadPoolExecutor.java:1130)`
  - `java.util.concurrent.ThreadPoolExecutor` retains 4.6 KB (936.5%)
  - `java.util.concurrent.ThreadPoolExecutor$Worker` retains 48 B (9.5%)
- `java.util.concurrent.ThreadPoolExecutor$Worker.run (ThreadPoolExecutor.java:642)`
  - `java.util.concurrent.ThreadPoolExecutor$Worker` retains 48 B (9.5%)
- `java.lang.Thread.runWith (Thread.java:1596)`
  - `java.lang.Class` retains 128 B (25.4%)
  - `java.util.concurrent.ThreadPoolExecutor$Worker` retains 48 B (9.5%)
- `java.lang.Thread.run (Thread.java:1583)`
  - `java.lang.Class` retains 128 B (25.4%)
  - `java.util.concurrent.ThreadPoolExecutor$Worker` retains 48 B (9.5%)

<a id="thread-180"></a>

### Thread 180 "block-manager-ask-thread-pool-45" (java/lang/Thread)

_Local roots: 14._

**Local root objects:**

| Object                                                                  | Shallow | Retained |
| ----------------------------------------------------------------------- | ------: | -------: |
| `java/util/concurrent/ThreadPoolExecutor`                               |    80 B |   4.6 KB |
| `java/util/concurrent/ThreadPoolExecutor`                               |    80 B |   4.6 KB |
| `java/util/concurrent/LinkedBlockingQueue`                              |    48 B |    144 B |
| `java/lang/Class`                                                       |    32 B |    128 B |
| `java/lang/Class`                                                       |    32 B |    128 B |
| `java/util/concurrent/TimeUnit`                                         |    80 B |     80 B |
| `java/util/concurrent/ThreadPoolExecutor$Worker`                        |    48 B |     48 B |
| `java/util/concurrent/ThreadPoolExecutor$Worker`                        |    48 B |     48 B |
| `java/util/concurrent/ThreadPoolExecutor$Worker`                        |    48 B |     48 B |
| `java/util/concurrent/ThreadPoolExecutor$Worker`                        |    48 B |     48 B |
| `java/util/concurrent/locks/AbstractQueuedSynchronizer$ConditionNode`   |    32 B |     32 B |
| `java/util/concurrent/locks/AbstractQueuedSynchronizer$ConditionObject` |    24 B |     24 B |
| `java/util/concurrent/atomic/AtomicInteger`                             |    16 B |     16 B |
| `java/util/concurrent/locks/ReentrantLock`                              |    16 B |     16 B |

- `java.util.concurrent.locks.AbstractQueuedSynchronizer$ConditionObject.awaitNanos (AbstractQueuedSynchronizer.java:1797)`
  - `java.util.concurrent.locks.AbstractQueuedSynchronizer$ConditionNode` retains 32 B (6.3%)
  - `java.util.concurrent.locks.AbstractQueuedSynchronizer$ConditionObject` retains 24 B (4.8%)
- `java.util.concurrent.LinkedBlockingQueue.poll (LinkedBlockingQueue.java:460)`
  - `java.util.concurrent.LinkedBlockingQueue` retains 144 B (28.6%)
  - `java.util.concurrent.TimeUnit` retains 80 B (15.9%)
  - `java.util.concurrent.atomic.AtomicInteger` retains 16 B (3.2%)
  - `java.util.concurrent.locks.ReentrantLock` retains 16 B (3.2%)
- `java.util.concurrent.ThreadPoolExecutor.getTask (ThreadPoolExecutor.java:1069)`
  - `java.util.concurrent.ThreadPoolExecutor` retains 4.6 KB (936.5%)
- `java.util.concurrent.ThreadPoolExecutor.runWorker (ThreadPoolExecutor.java:1130)`
  - `java.util.concurrent.ThreadPoolExecutor` retains 4.6 KB (936.5%)
  - `java.util.concurrent.ThreadPoolExecutor$Worker` retains 48 B (9.5%)
- `java.util.concurrent.ThreadPoolExecutor$Worker.run (ThreadPoolExecutor.java:642)`
  - `java.util.concurrent.ThreadPoolExecutor$Worker` retains 48 B (9.5%)
- `java.lang.Thread.runWith (Thread.java:1596)`
  - `java.lang.Class` retains 128 B (25.4%)
  - `java.util.concurrent.ThreadPoolExecutor$Worker` retains 48 B (9.5%)
- `java.lang.Thread.run (Thread.java:1583)`
  - `java.lang.Class` retains 128 B (25.4%)
  - `java.util.concurrent.ThreadPoolExecutor$Worker` retains 48 B (9.5%)

<a id="thread-181"></a>

### Thread 181 "block-manager-storage-async-thread-pool-70" (java/lang/Thread)

_Local roots: 14._

**Local root objects:**

| Object                                                                  | Shallow | Retained |
| ----------------------------------------------------------------------- | ------: | -------: |
| `java/util/concurrent/ThreadPoolExecutor`                               |    80 B |   4.6 KB |
| `java/util/concurrent/ThreadPoolExecutor`                               |    80 B |   4.6 KB |
| `java/util/concurrent/LinkedBlockingQueue`                              |    48 B |    144 B |
| `java/lang/Class`                                                       |    32 B |    128 B |
| `java/lang/Class`                                                       |    32 B |    128 B |
| `java/util/concurrent/TimeUnit`                                         |    80 B |     80 B |
| `java/util/concurrent/ThreadPoolExecutor$Worker`                        |    48 B |     48 B |
| `java/util/concurrent/ThreadPoolExecutor$Worker`                        |    48 B |     48 B |
| `java/util/concurrent/ThreadPoolExecutor$Worker`                        |    48 B |     48 B |
| `java/util/concurrent/ThreadPoolExecutor$Worker`                        |    48 B |     48 B |
| `java/util/concurrent/locks/AbstractQueuedSynchronizer$ConditionNode`   |    32 B |     32 B |
| `java/util/concurrent/locks/AbstractQueuedSynchronizer$ConditionObject` |    24 B |     24 B |
| `java/util/concurrent/atomic/AtomicInteger`                             |    16 B |     16 B |
| `java/util/concurrent/locks/ReentrantLock`                              |    16 B |     16 B |

- `java.util.concurrent.locks.AbstractQueuedSynchronizer$ConditionObject.awaitNanos (AbstractQueuedSynchronizer.java:1797)`
  - `java.util.concurrent.locks.AbstractQueuedSynchronizer$ConditionNode` retains 32 B (8.3%)
  - `java.util.concurrent.locks.AbstractQueuedSynchronizer$ConditionObject` retains 24 B (6.2%)
- `java.util.concurrent.LinkedBlockingQueue.poll (LinkedBlockingQueue.java:460)`
  - `java.util.concurrent.LinkedBlockingQueue` retains 144 B (37.5%)
  - `java.util.concurrent.TimeUnit` retains 80 B (20.8%)
  - `java.util.concurrent.atomic.AtomicInteger` retains 16 B (4.2%)
  - `java.util.concurrent.locks.ReentrantLock` retains 16 B (4.2%)
- `java.util.concurrent.ThreadPoolExecutor.getTask (ThreadPoolExecutor.java:1069)`
  - `java.util.concurrent.ThreadPoolExecutor` retains 4.6 KB (1233.3%)
- `java.util.concurrent.ThreadPoolExecutor.runWorker (ThreadPoolExecutor.java:1130)`
  - `java.util.concurrent.ThreadPoolExecutor` retains 4.6 KB (1233.3%)
  - `java.util.concurrent.ThreadPoolExecutor$Worker` retains 48 B (12.5%)
- `java.util.concurrent.ThreadPoolExecutor$Worker.run (ThreadPoolExecutor.java:642)`
  - `java.util.concurrent.ThreadPoolExecutor$Worker` retains 48 B (12.5%)
- `java.lang.Thread.runWith (Thread.java:1596)`
  - `java.lang.Class` retains 128 B (33.3%)
  - `java.util.concurrent.ThreadPoolExecutor$Worker` retains 48 B (12.5%)
- `java.lang.Thread.run (Thread.java:1583)`
  - `java.lang.Class` retains 128 B (33.3%)
  - `java.util.concurrent.ThreadPoolExecutor$Worker` retains 48 B (12.5%)

<a id="thread-182"></a>

### Thread 182 "block-manager-storage-async-thread-pool-71" (java/lang/Thread)

_Local roots: 13._

**Local root objects:**

| Object                                                                  | Shallow | Retained |
| ----------------------------------------------------------------------- | ------: | -------: |
| `java/util/concurrent/ThreadPoolExecutor`                               |    80 B |   4.6 KB |
| `java/util/concurrent/ThreadPoolExecutor`                               |    80 B |   4.6 KB |
| `java/util/concurrent/LinkedBlockingQueue`                              |    48 B |    144 B |
| `java/lang/Class`                                                       |    32 B |    128 B |
| `java/lang/Class`                                                       |    32 B |    128 B |
| `java/util/concurrent/ThreadPoolExecutor$Worker`                        |    48 B |     48 B |
| `java/util/concurrent/ThreadPoolExecutor$Worker`                        |    48 B |     48 B |
| `java/util/concurrent/ThreadPoolExecutor$Worker`                        |    48 B |     48 B |
| `java/util/concurrent/ThreadPoolExecutor$Worker`                        |    48 B |     48 B |
| `java/util/concurrent/locks/AbstractQueuedSynchronizer$ConditionNode`   |    32 B |     32 B |
| `java/util/concurrent/locks/AbstractQueuedSynchronizer$ConditionObject` |    24 B |     24 B |
| `java/util/concurrent/atomic/AtomicInteger`                             |    16 B |     16 B |
| `java/util/concurrent/locks/ReentrantLock`                              |    16 B |     16 B |

- `java.util.concurrent.locks.AbstractQueuedSynchronizer$ConditionObject.awaitNanos (AbstractQueuedSynchronizer.java:1797)`
  - `java.util.concurrent.locks.AbstractQueuedSynchronizer$ConditionNode` retains 32 B (5.8%)
  - `java.util.concurrent.locks.AbstractQueuedSynchronizer$ConditionObject` retains 24 B (4.3%)
- `java.util.concurrent.LinkedBlockingQueue.poll (LinkedBlockingQueue.java:460)`
  - `java.util.concurrent.LinkedBlockingQueue` retains 144 B (26.1%)
  - `java.util.concurrent.atomic.AtomicInteger` retains 16 B (2.9%)
  - `java.util.concurrent.locks.ReentrantLock` retains 16 B (2.9%)
- `java.util.concurrent.ThreadPoolExecutor.getTask (ThreadPoolExecutor.java:1069)`
  - `java.util.concurrent.ThreadPoolExecutor` retains 4.6 KB (858.0%)
- `java.util.concurrent.ThreadPoolExecutor.runWorker (ThreadPoolExecutor.java:1130)`
  - `java.util.concurrent.ThreadPoolExecutor` retains 4.6 KB (858.0%)
  - `java.util.concurrent.ThreadPoolExecutor$Worker` retains 48 B (8.7%)
- `java.util.concurrent.ThreadPoolExecutor$Worker.run (ThreadPoolExecutor.java:642)`
  - `java.util.concurrent.ThreadPoolExecutor$Worker` retains 48 B (8.7%)
- `java.lang.Thread.runWith (Thread.java:1596)`
  - `java.lang.Class` retains 128 B (23.2%)
  - `java.util.concurrent.ThreadPoolExecutor$Worker` retains 48 B (8.7%)
- `java.lang.Thread.run (Thread.java:1583)`
  - `java.lang.Class` retains 128 B (23.2%)
  - `java.util.concurrent.ThreadPoolExecutor$Worker` retains 48 B (8.7%)

<a id="thread-183"></a>

### Thread 183 "block-manager-storage-async-thread-pool-72" (java/lang/Thread)

_Local roots: 13._

**Local root objects:**

| Object                                                                  | Shallow | Retained |
| ----------------------------------------------------------------------- | ------: | -------: |
| `java/util/concurrent/ThreadPoolExecutor`                               |    80 B |   4.6 KB |
| `java/util/concurrent/ThreadPoolExecutor`                               |    80 B |   4.6 KB |
| `java/util/concurrent/LinkedBlockingQueue`                              |    48 B |    144 B |
| `java/lang/Class`                                                       |    32 B |    128 B |
| `java/lang/Class`                                                       |    32 B |    128 B |
| `java/util/concurrent/ThreadPoolExecutor$Worker`                        |    48 B |     48 B |
| `java/util/concurrent/ThreadPoolExecutor$Worker`                        |    48 B |     48 B |
| `java/util/concurrent/ThreadPoolExecutor$Worker`                        |    48 B |     48 B |
| `java/util/concurrent/ThreadPoolExecutor$Worker`                        |    48 B |     48 B |
| `java/util/concurrent/locks/AbstractQueuedSynchronizer$ConditionNode`   |    32 B |     32 B |
| `java/util/concurrent/locks/AbstractQueuedSynchronizer$ConditionObject` |    24 B |     24 B |
| `java/util/concurrent/atomic/AtomicInteger`                             |    16 B |     16 B |
| `java/util/concurrent/locks/ReentrantLock`                              |    16 B |     16 B |

- `java.util.concurrent.locks.AbstractQueuedSynchronizer$ConditionObject.awaitNanos (AbstractQueuedSynchronizer.java:1797)`
  - `java.util.concurrent.locks.AbstractQueuedSynchronizer$ConditionNode` retains 32 B (6.2%)
  - `java.util.concurrent.locks.AbstractQueuedSynchronizer$ConditionObject` retains 24 B (4.6%)
- `java.util.concurrent.LinkedBlockingQueue.poll (LinkedBlockingQueue.java:460)`
  - `java.util.concurrent.LinkedBlockingQueue` retains 144 B (27.7%)
  - `java.util.concurrent.atomic.AtomicInteger` retains 16 B (3.1%)
  - `java.util.concurrent.locks.ReentrantLock` retains 16 B (3.1%)
- `java.util.concurrent.ThreadPoolExecutor.getTask (ThreadPoolExecutor.java:1069)`
  - `java.util.concurrent.ThreadPoolExecutor` retains 4.6 KB (910.8%)
- `java.util.concurrent.ThreadPoolExecutor.runWorker (ThreadPoolExecutor.java:1130)`
  - `java.util.concurrent.ThreadPoolExecutor` retains 4.6 KB (910.8%)
  - `java.util.concurrent.ThreadPoolExecutor$Worker` retains 48 B (9.2%)
- `java.util.concurrent.ThreadPoolExecutor$Worker.run (ThreadPoolExecutor.java:642)`
  - `java.util.concurrent.ThreadPoolExecutor$Worker` retains 48 B (9.2%)
- `java.lang.Thread.runWith (Thread.java:1596)`
  - `java.lang.Class` retains 128 B (24.6%)
  - `java.util.concurrent.ThreadPoolExecutor$Worker` retains 48 B (9.2%)
- `java.lang.Thread.run (Thread.java:1583)`
  - `java.lang.Class` retains 128 B (24.6%)
  - `java.util.concurrent.ThreadPoolExecutor$Worker` retains 48 B (9.2%)

<a id="thread-184"></a>

### Thread 184 "block-manager-ask-thread-pool-46" (java/lang/Thread)

_Local roots: 13._

**Local root objects:**

| Object                                                                  | Shallow | Retained |
| ----------------------------------------------------------------------- | ------: | -------: |
| `java/util/concurrent/ThreadPoolExecutor`                               |    80 B |   4.6 KB |
| `java/util/concurrent/ThreadPoolExecutor`                               |    80 B |   4.6 KB |
| `java/util/concurrent/LinkedBlockingQueue`                              |    48 B |    144 B |
| `java/lang/Class`                                                       |    32 B |    128 B |
| `java/lang/Class`                                                       |    32 B |    128 B |
| `java/util/concurrent/ThreadPoolExecutor$Worker`                        |    48 B |     48 B |
| `java/util/concurrent/ThreadPoolExecutor$Worker`                        |    48 B |     48 B |
| `java/util/concurrent/ThreadPoolExecutor$Worker`                        |    48 B |     48 B |
| `java/util/concurrent/ThreadPoolExecutor$Worker`                        |    48 B |     48 B |
| `java/util/concurrent/locks/AbstractQueuedSynchronizer$ConditionNode`   |    32 B |     32 B |
| `java/util/concurrent/locks/AbstractQueuedSynchronizer$ConditionObject` |    24 B |     24 B |
| `java/util/concurrent/atomic/AtomicInteger`                             |    16 B |     16 B |
| `java/util/concurrent/locks/ReentrantLock`                              |    16 B |     16 B |

- `java.util.concurrent.locks.AbstractQueuedSynchronizer$ConditionObject.awaitNanos (AbstractQueuedSynchronizer.java:1797)`
  - `java.util.concurrent.locks.AbstractQueuedSynchronizer$ConditionNode` retains 32 B (6.3%)
  - `java.util.concurrent.locks.AbstractQueuedSynchronizer$ConditionObject` retains 24 B (4.8%)
- `java.util.concurrent.LinkedBlockingQueue.poll (LinkedBlockingQueue.java:460)`
  - `java.util.concurrent.LinkedBlockingQueue` retains 144 B (28.6%)
  - `java.util.concurrent.atomic.AtomicInteger` retains 16 B (3.2%)
  - `java.util.concurrent.locks.ReentrantLock` retains 16 B (3.2%)
- `java.util.concurrent.ThreadPoolExecutor.getTask (ThreadPoolExecutor.java:1069)`
  - `java.util.concurrent.ThreadPoolExecutor` retains 4.6 KB (936.5%)
- `java.util.concurrent.ThreadPoolExecutor.runWorker (ThreadPoolExecutor.java:1130)`
  - `java.util.concurrent.ThreadPoolExecutor` retains 4.6 KB (936.5%)
  - `java.util.concurrent.ThreadPoolExecutor$Worker` retains 48 B (9.5%)
- `java.util.concurrent.ThreadPoolExecutor$Worker.run (ThreadPoolExecutor.java:642)`
  - `java.util.concurrent.ThreadPoolExecutor$Worker` retains 48 B (9.5%)
- `java.lang.Thread.runWith (Thread.java:1596)`
  - `java.lang.Class` retains 128 B (25.4%)
  - `java.util.concurrent.ThreadPoolExecutor$Worker` retains 48 B (9.5%)
- `java.lang.Thread.run (Thread.java:1583)`
  - `java.lang.Class` retains 128 B (25.4%)
  - `java.util.concurrent.ThreadPoolExecutor$Worker` retains 48 B (9.5%)

<a id="thread-185"></a>

### Thread 185 "block-manager-storage-async-thread-pool-73" (java/lang/Thread)

_Local roots: 14._

**Local root objects:**

| Object                                                                  | Shallow | Retained |
| ----------------------------------------------------------------------- | ------: | -------: |
| `java/util/concurrent/ThreadPoolExecutor`                               |    80 B |   4.6 KB |
| `java/util/concurrent/ThreadPoolExecutor`                               |    80 B |   4.6 KB |
| `java/util/concurrent/LinkedBlockingQueue`                              |    48 B |    144 B |
| `java/lang/Class`                                                       |    32 B |    128 B |
| `java/lang/Class`                                                       |    32 B |    128 B |
| `java/util/concurrent/TimeUnit`                                         |    80 B |     80 B |
| `java/util/concurrent/ThreadPoolExecutor$Worker`                        |    48 B |     48 B |
| `java/util/concurrent/ThreadPoolExecutor$Worker`                        |    48 B |     48 B |
| `java/util/concurrent/ThreadPoolExecutor$Worker`                        |    48 B |     48 B |
| `java/util/concurrent/ThreadPoolExecutor$Worker`                        |    48 B |     48 B |
| `java/util/concurrent/locks/AbstractQueuedSynchronizer$ConditionNode`   |    32 B |     32 B |
| `java/util/concurrent/locks/AbstractQueuedSynchronizer$ConditionObject` |    24 B |     24 B |
| `java/util/concurrent/atomic/AtomicInteger`                             |    16 B |     16 B |
| `java/util/concurrent/locks/ReentrantLock`                              |    16 B |     16 B |

- `java.util.concurrent.locks.AbstractQueuedSynchronizer$ConditionObject.awaitNanos (AbstractQueuedSynchronizer.java:1797)`
  - `java.util.concurrent.locks.AbstractQueuedSynchronizer$ConditionNode` retains 32 B (8.3%)
  - `java.util.concurrent.locks.AbstractQueuedSynchronizer$ConditionObject` retains 24 B (6.2%)
- `java.util.concurrent.LinkedBlockingQueue.poll (LinkedBlockingQueue.java:460)`
  - `java.util.concurrent.LinkedBlockingQueue` retains 144 B (37.5%)
  - `java.util.concurrent.TimeUnit` retains 80 B (20.8%)
  - `java.util.concurrent.atomic.AtomicInteger` retains 16 B (4.2%)
  - `java.util.concurrent.locks.ReentrantLock` retains 16 B (4.2%)
- `java.util.concurrent.ThreadPoolExecutor.getTask (ThreadPoolExecutor.java:1069)`
  - `java.util.concurrent.ThreadPoolExecutor` retains 4.6 KB (1233.3%)
- `java.util.concurrent.ThreadPoolExecutor.runWorker (ThreadPoolExecutor.java:1130)`
  - `java.util.concurrent.ThreadPoolExecutor` retains 4.6 KB (1233.3%)
  - `java.util.concurrent.ThreadPoolExecutor$Worker` retains 48 B (12.5%)
- `java.util.concurrent.ThreadPoolExecutor$Worker.run (ThreadPoolExecutor.java:642)`
  - `java.util.concurrent.ThreadPoolExecutor$Worker` retains 48 B (12.5%)
- `java.lang.Thread.runWith (Thread.java:1596)`
  - `java.lang.Class` retains 128 B (33.3%)
  - `java.util.concurrent.ThreadPoolExecutor$Worker` retains 48 B (12.5%)
- `java.lang.Thread.run (Thread.java:1583)`
  - `java.lang.Class` retains 128 B (33.3%)
  - `java.util.concurrent.ThreadPoolExecutor$Worker` retains 48 B (12.5%)

<a id="thread-186"></a>

### Thread 186 "block-manager-ask-thread-pool-47" (java/lang/Thread)

_Local roots: 14._

**Local root objects:**

| Object                                                                  | Shallow | Retained |
| ----------------------------------------------------------------------- | ------: | -------: |
| `java/util/concurrent/ThreadPoolExecutor`                               |    80 B |   4.6 KB |
| `java/util/concurrent/ThreadPoolExecutor`                               |    80 B |   4.6 KB |
| `java/util/concurrent/LinkedBlockingQueue`                              |    48 B |    144 B |
| `java/lang/Class`                                                       |    32 B |    128 B |
| `java/lang/Class`                                                       |    32 B |    128 B |
| `java/util/concurrent/TimeUnit`                                         |    80 B |     80 B |
| `java/util/concurrent/ThreadPoolExecutor$Worker`                        |    48 B |     48 B |
| `java/util/concurrent/ThreadPoolExecutor$Worker`                        |    48 B |     48 B |
| `java/util/concurrent/ThreadPoolExecutor$Worker`                        |    48 B |     48 B |
| `java/util/concurrent/ThreadPoolExecutor$Worker`                        |    48 B |     48 B |
| `java/util/concurrent/locks/AbstractQueuedSynchronizer$ConditionNode`   |    32 B |     32 B |
| `java/util/concurrent/locks/AbstractQueuedSynchronizer$ConditionObject` |    24 B |     24 B |
| `java/util/concurrent/atomic/AtomicInteger`                             |    16 B |     16 B |
| `java/util/concurrent/locks/ReentrantLock`                              |    16 B |     16 B |

- `java.util.concurrent.locks.AbstractQueuedSynchronizer$ConditionObject.awaitNanos (AbstractQueuedSynchronizer.java:1797)`
  - `java.util.concurrent.locks.AbstractQueuedSynchronizer$ConditionNode` retains 32 B (6.3%)
  - `java.util.concurrent.locks.AbstractQueuedSynchronizer$ConditionObject` retains 24 B (4.8%)
- `java.util.concurrent.LinkedBlockingQueue.poll (LinkedBlockingQueue.java:460)`
  - `java.util.concurrent.LinkedBlockingQueue` retains 144 B (28.6%)
  - `java.util.concurrent.TimeUnit` retains 80 B (15.9%)
  - `java.util.concurrent.atomic.AtomicInteger` retains 16 B (3.2%)
  - `java.util.concurrent.locks.ReentrantLock` retains 16 B (3.2%)
- `java.util.concurrent.ThreadPoolExecutor.getTask (ThreadPoolExecutor.java:1069)`
  - `java.util.concurrent.ThreadPoolExecutor` retains 4.6 KB (936.5%)
- `java.util.concurrent.ThreadPoolExecutor.runWorker (ThreadPoolExecutor.java:1130)`
  - `java.util.concurrent.ThreadPoolExecutor` retains 4.6 KB (936.5%)
  - `java.util.concurrent.ThreadPoolExecutor$Worker` retains 48 B (9.5%)
- `java.util.concurrent.ThreadPoolExecutor$Worker.run (ThreadPoolExecutor.java:642)`
  - `java.util.concurrent.ThreadPoolExecutor$Worker` retains 48 B (9.5%)
- `java.lang.Thread.runWith (Thread.java:1596)`
  - `java.lang.Class` retains 128 B (25.4%)
  - `java.util.concurrent.ThreadPoolExecutor$Worker` retains 48 B (9.5%)
- `java.lang.Thread.run (Thread.java:1583)`
  - `java.lang.Class` retains 128 B (25.4%)
  - `java.util.concurrent.ThreadPoolExecutor$Worker` retains 48 B (9.5%)

<a id="thread-187"></a>

### Thread 187 "block-manager-storage-async-thread-pool-74" (java/lang/Thread)

_Local roots: 13._

**Local root objects:**

| Object                                                                  | Shallow | Retained |
| ----------------------------------------------------------------------- | ------: | -------: |
| `java/util/concurrent/ThreadPoolExecutor`                               |    80 B |   4.6 KB |
| `java/util/concurrent/ThreadPoolExecutor`                               |    80 B |   4.6 KB |
| `java/util/concurrent/LinkedBlockingQueue`                              |    48 B |    144 B |
| `java/lang/Class`                                                       |    32 B |    128 B |
| `java/lang/Class`                                                       |    32 B |    128 B |
| `java/util/concurrent/ThreadPoolExecutor$Worker`                        |    48 B |     48 B |
| `java/util/concurrent/ThreadPoolExecutor$Worker`                        |    48 B |     48 B |
| `java/util/concurrent/ThreadPoolExecutor$Worker`                        |    48 B |     48 B |
| `java/util/concurrent/ThreadPoolExecutor$Worker`                        |    48 B |     48 B |
| `java/util/concurrent/locks/AbstractQueuedSynchronizer$ConditionNode`   |    32 B |     32 B |
| `java/util/concurrent/locks/AbstractQueuedSynchronizer$ConditionObject` |    24 B |     24 B |
| `java/util/concurrent/atomic/AtomicInteger`                             |    16 B |     16 B |
| `java/util/concurrent/locks/ReentrantLock`                              |    16 B |     16 B |

- `java.util.concurrent.locks.AbstractQueuedSynchronizer$ConditionObject.awaitNanos (AbstractQueuedSynchronizer.java:1797)`
  - `java.util.concurrent.locks.AbstractQueuedSynchronizer$ConditionNode` retains 32 B (5.8%)
  - `java.util.concurrent.locks.AbstractQueuedSynchronizer$ConditionObject` retains 24 B (4.3%)
- `java.util.concurrent.LinkedBlockingQueue.poll (LinkedBlockingQueue.java:460)`
  - `java.util.concurrent.LinkedBlockingQueue` retains 144 B (26.1%)
  - `java.util.concurrent.atomic.AtomicInteger` retains 16 B (2.9%)
  - `java.util.concurrent.locks.ReentrantLock` retains 16 B (2.9%)
- `java.util.concurrent.ThreadPoolExecutor.getTask (ThreadPoolExecutor.java:1069)`
  - `java.util.concurrent.ThreadPoolExecutor` retains 4.6 KB (858.0%)
- `java.util.concurrent.ThreadPoolExecutor.runWorker (ThreadPoolExecutor.java:1130)`
  - `java.util.concurrent.ThreadPoolExecutor` retains 4.6 KB (858.0%)
  - `java.util.concurrent.ThreadPoolExecutor$Worker` retains 48 B (8.7%)
- `java.util.concurrent.ThreadPoolExecutor$Worker.run (ThreadPoolExecutor.java:642)`
  - `java.util.concurrent.ThreadPoolExecutor$Worker` retains 48 B (8.7%)
- `java.lang.Thread.runWith (Thread.java:1596)`
  - `java.lang.Class` retains 128 B (23.2%)
  - `java.util.concurrent.ThreadPoolExecutor$Worker` retains 48 B (8.7%)
- `java.lang.Thread.run (Thread.java:1583)`
  - `java.lang.Class` retains 128 B (23.2%)
  - `java.util.concurrent.ThreadPoolExecutor$Worker` retains 48 B (8.7%)

<a id="thread-188"></a>

### Thread 188 "block-manager-ask-thread-pool-48" (java/lang/Thread)

_Local roots: 13._

**Local root objects:**

| Object                                                                  | Shallow | Retained |
| ----------------------------------------------------------------------- | ------: | -------: |
| `java/util/concurrent/ThreadPoolExecutor`                               |    80 B |   4.6 KB |
| `java/util/concurrent/ThreadPoolExecutor`                               |    80 B |   4.6 KB |
| `java/util/concurrent/LinkedBlockingQueue`                              |    48 B |    144 B |
| `java/lang/Class`                                                       |    32 B |    128 B |
| `java/lang/Class`                                                       |    32 B |    128 B |
| `java/util/concurrent/ThreadPoolExecutor$Worker`                        |    48 B |     48 B |
| `java/util/concurrent/ThreadPoolExecutor$Worker`                        |    48 B |     48 B |
| `java/util/concurrent/ThreadPoolExecutor$Worker`                        |    48 B |     48 B |
| `java/util/concurrent/ThreadPoolExecutor$Worker`                        |    48 B |     48 B |
| `java/util/concurrent/locks/AbstractQueuedSynchronizer$ConditionNode`   |    32 B |     32 B |
| `java/util/concurrent/locks/AbstractQueuedSynchronizer$ConditionObject` |    24 B |     24 B |
| `java/util/concurrent/atomic/AtomicInteger`                             |    16 B |     16 B |
| `java/util/concurrent/locks/ReentrantLock`                              |    16 B |     16 B |

- `java.util.concurrent.locks.AbstractQueuedSynchronizer$ConditionObject.awaitNanos (AbstractQueuedSynchronizer.java:1797)`
  - `java.util.concurrent.locks.AbstractQueuedSynchronizer$ConditionNode` retains 32 B (6.3%)
  - `java.util.concurrent.locks.AbstractQueuedSynchronizer$ConditionObject` retains 24 B (4.8%)
- `java.util.concurrent.LinkedBlockingQueue.poll (LinkedBlockingQueue.java:460)`
  - `java.util.concurrent.LinkedBlockingQueue` retains 144 B (28.6%)
  - `java.util.concurrent.atomic.AtomicInteger` retains 16 B (3.2%)
  - `java.util.concurrent.locks.ReentrantLock` retains 16 B (3.2%)
- `java.util.concurrent.ThreadPoolExecutor.getTask (ThreadPoolExecutor.java:1069)`
  - `java.util.concurrent.ThreadPoolExecutor` retains 4.6 KB (936.5%)
- `java.util.concurrent.ThreadPoolExecutor.runWorker (ThreadPoolExecutor.java:1130)`
  - `java.util.concurrent.ThreadPoolExecutor` retains 4.6 KB (936.5%)
  - `java.util.concurrent.ThreadPoolExecutor$Worker` retains 48 B (9.5%)
- `java.util.concurrent.ThreadPoolExecutor$Worker.run (ThreadPoolExecutor.java:642)`
  - `java.util.concurrent.ThreadPoolExecutor$Worker` retains 48 B (9.5%)
- `java.lang.Thread.runWith (Thread.java:1596)`
  - `java.lang.Class` retains 128 B (25.4%)
  - `java.util.concurrent.ThreadPoolExecutor$Worker` retains 48 B (9.5%)
- `java.lang.Thread.run (Thread.java:1583)`
  - `java.lang.Class` retains 128 B (25.4%)
  - `java.util.concurrent.ThreadPoolExecutor$Worker` retains 48 B (9.5%)

<a id="thread-189"></a>

### Thread 189 "block-manager-ask-thread-pool-49" (java/lang/Thread)

_Local roots: 14._

**Local root objects:**

| Object                                                                  | Shallow | Retained |
| ----------------------------------------------------------------------- | ------: | -------: |
| `java/util/concurrent/ThreadPoolExecutor`                               |    80 B |   4.6 KB |
| `java/util/concurrent/ThreadPoolExecutor`                               |    80 B |   4.6 KB |
| `java/util/concurrent/LinkedBlockingQueue`                              |    48 B |    144 B |
| `java/lang/Class`                                                       |    32 B |    128 B |
| `java/lang/Class`                                                       |    32 B |    128 B |
| `java/util/concurrent/TimeUnit`                                         |    80 B |     80 B |
| `java/util/concurrent/ThreadPoolExecutor$Worker`                        |    48 B |     48 B |
| `java/util/concurrent/ThreadPoolExecutor$Worker`                        |    48 B |     48 B |
| `java/util/concurrent/ThreadPoolExecutor$Worker`                        |    48 B |     48 B |
| `java/util/concurrent/ThreadPoolExecutor$Worker`                        |    48 B |     48 B |
| `java/util/concurrent/locks/AbstractQueuedSynchronizer$ConditionNode`   |    32 B |     32 B |
| `java/util/concurrent/locks/AbstractQueuedSynchronizer$ConditionObject` |    24 B |     24 B |
| `java/util/concurrent/atomic/AtomicInteger`                             |    16 B |     16 B |
| `java/util/concurrent/locks/ReentrantLock`                              |    16 B |     16 B |

- `java.util.concurrent.locks.AbstractQueuedSynchronizer$ConditionObject.awaitNanos (AbstractQueuedSynchronizer.java:1797)`
  - `java.util.concurrent.locks.AbstractQueuedSynchronizer$ConditionNode` retains 32 B (6.3%)
  - `java.util.concurrent.locks.AbstractQueuedSynchronizer$ConditionObject` retains 24 B (4.8%)
- `java.util.concurrent.LinkedBlockingQueue.poll (LinkedBlockingQueue.java:460)`
  - `java.util.concurrent.LinkedBlockingQueue` retains 144 B (28.6%)
  - `java.util.concurrent.TimeUnit` retains 80 B (15.9%)
  - `java.util.concurrent.atomic.AtomicInteger` retains 16 B (3.2%)
  - `java.util.concurrent.locks.ReentrantLock` retains 16 B (3.2%)
- `java.util.concurrent.ThreadPoolExecutor.getTask (ThreadPoolExecutor.java:1069)`
  - `java.util.concurrent.ThreadPoolExecutor` retains 4.6 KB (936.5%)
- `java.util.concurrent.ThreadPoolExecutor.runWorker (ThreadPoolExecutor.java:1130)`
  - `java.util.concurrent.ThreadPoolExecutor` retains 4.6 KB (936.5%)
  - `java.util.concurrent.ThreadPoolExecutor$Worker` retains 48 B (9.5%)
- `java.util.concurrent.ThreadPoolExecutor$Worker.run (ThreadPoolExecutor.java:642)`
  - `java.util.concurrent.ThreadPoolExecutor$Worker` retains 48 B (9.5%)
- `java.lang.Thread.runWith (Thread.java:1596)`
  - `java.lang.Class` retains 128 B (25.4%)
  - `java.util.concurrent.ThreadPoolExecutor$Worker` retains 48 B (9.5%)
- `java.lang.Thread.run (Thread.java:1583)`
  - `java.lang.Class` retains 128 B (25.4%)
  - `java.util.concurrent.ThreadPoolExecutor$Worker` retains 48 B (9.5%)

<a id="thread-190"></a>

### Thread 190 "block-manager-storage-async-thread-pool-75" (java/lang/Thread)

_Local roots: 13._

**Local root objects:**

| Object                                                                  | Shallow | Retained |
| ----------------------------------------------------------------------- | ------: | -------: |
| `java/util/concurrent/ThreadPoolExecutor`                               |    80 B |   4.6 KB |
| `java/util/concurrent/ThreadPoolExecutor`                               |    80 B |   4.6 KB |
| `java/util/concurrent/LinkedBlockingQueue`                              |    48 B |    144 B |
| `java/lang/Class`                                                       |    32 B |    128 B |
| `java/lang/Class`                                                       |    32 B |    128 B |
| `java/util/concurrent/ThreadPoolExecutor$Worker`                        |    48 B |     48 B |
| `java/util/concurrent/ThreadPoolExecutor$Worker`                        |    48 B |     48 B |
| `java/util/concurrent/ThreadPoolExecutor$Worker`                        |    48 B |     48 B |
| `java/util/concurrent/ThreadPoolExecutor$Worker`                        |    48 B |     48 B |
| `java/util/concurrent/locks/AbstractQueuedSynchronizer$ConditionNode`   |    32 B |     32 B |
| `java/util/concurrent/locks/AbstractQueuedSynchronizer$ConditionObject` |    24 B |     24 B |
| `java/util/concurrent/atomic/AtomicInteger`                             |    16 B |     16 B |
| `java/util/concurrent/locks/ReentrantLock`                              |    16 B |     16 B |

- `java.util.concurrent.locks.AbstractQueuedSynchronizer$ConditionObject.awaitNanos (AbstractQueuedSynchronizer.java:1797)`
  - `java.util.concurrent.locks.AbstractQueuedSynchronizer$ConditionNode` retains 32 B (5.8%)
  - `java.util.concurrent.locks.AbstractQueuedSynchronizer$ConditionObject` retains 24 B (4.3%)
- `java.util.concurrent.LinkedBlockingQueue.poll (LinkedBlockingQueue.java:460)`
  - `java.util.concurrent.LinkedBlockingQueue` retains 144 B (26.1%)
  - `java.util.concurrent.atomic.AtomicInteger` retains 16 B (2.9%)
  - `java.util.concurrent.locks.ReentrantLock` retains 16 B (2.9%)
- `java.util.concurrent.ThreadPoolExecutor.getTask (ThreadPoolExecutor.java:1069)`
  - `java.util.concurrent.ThreadPoolExecutor` retains 4.6 KB (858.0%)
- `java.util.concurrent.ThreadPoolExecutor.runWorker (ThreadPoolExecutor.java:1130)`
  - `java.util.concurrent.ThreadPoolExecutor` retains 4.6 KB (858.0%)
  - `java.util.concurrent.ThreadPoolExecutor$Worker` retains 48 B (8.7%)
- `java.util.concurrent.ThreadPoolExecutor$Worker.run (ThreadPoolExecutor.java:642)`
  - `java.util.concurrent.ThreadPoolExecutor$Worker` retains 48 B (8.7%)
- `java.lang.Thread.runWith (Thread.java:1596)`
  - `java.lang.Class` retains 128 B (23.2%)
  - `java.util.concurrent.ThreadPoolExecutor$Worker` retains 48 B (8.7%)
- `java.lang.Thread.run (Thread.java:1583)`
  - `java.lang.Class` retains 128 B (23.2%)
  - `java.util.concurrent.ThreadPoolExecutor$Worker` retains 48 B (8.7%)

<a id="thread-191"></a>

### Thread 191 "block-manager-storage-async-thread-pool-76" (java/lang/Thread)

_Local roots: 14._

**Local root objects:**

| Object                                                                  | Shallow | Retained |
| ----------------------------------------------------------------------- | ------: | -------: |
| `java/util/concurrent/ThreadPoolExecutor`                               |    80 B |   4.6 KB |
| `java/util/concurrent/ThreadPoolExecutor`                               |    80 B |   4.6 KB |
| `java/util/concurrent/LinkedBlockingQueue`                              |    48 B |    144 B |
| `java/lang/Class`                                                       |    32 B |    128 B |
| `java/lang/Class`                                                       |    32 B |    128 B |
| `java/util/concurrent/TimeUnit`                                         |    80 B |     80 B |
| `java/util/concurrent/ThreadPoolExecutor$Worker`                        |    48 B |     48 B |
| `java/util/concurrent/ThreadPoolExecutor$Worker`                        |    48 B |     48 B |
| `java/util/concurrent/ThreadPoolExecutor$Worker`                        |    48 B |     48 B |
| `java/util/concurrent/ThreadPoolExecutor$Worker`                        |    48 B |     48 B |
| `java/util/concurrent/locks/AbstractQueuedSynchronizer$ConditionNode`   |    32 B |     32 B |
| `java/util/concurrent/locks/AbstractQueuedSynchronizer$ConditionObject` |    24 B |     24 B |
| `java/util/concurrent/atomic/AtomicInteger`                             |    16 B |     16 B |
| `java/util/concurrent/locks/ReentrantLock`                              |    16 B |     16 B |

- `java.util.concurrent.locks.AbstractQueuedSynchronizer$ConditionObject.awaitNanos (AbstractQueuedSynchronizer.java:1797)`
  - `java.util.concurrent.locks.AbstractQueuedSynchronizer$ConditionNode` retains 32 B (8.3%)
  - `java.util.concurrent.locks.AbstractQueuedSynchronizer$ConditionObject` retains 24 B (6.2%)
- `java.util.concurrent.LinkedBlockingQueue.poll (LinkedBlockingQueue.java:460)`
  - `java.util.concurrent.LinkedBlockingQueue` retains 144 B (37.5%)
  - `java.util.concurrent.TimeUnit` retains 80 B (20.8%)
  - `java.util.concurrent.atomic.AtomicInteger` retains 16 B (4.2%)
  - `java.util.concurrent.locks.ReentrantLock` retains 16 B (4.2%)
- `java.util.concurrent.ThreadPoolExecutor.getTask (ThreadPoolExecutor.java:1069)`
  - `java.util.concurrent.ThreadPoolExecutor` retains 4.6 KB (1233.3%)
- `java.util.concurrent.ThreadPoolExecutor.runWorker (ThreadPoolExecutor.java:1130)`
  - `java.util.concurrent.ThreadPoolExecutor` retains 4.6 KB (1233.3%)
  - `java.util.concurrent.ThreadPoolExecutor$Worker` retains 48 B (12.5%)
- `java.util.concurrent.ThreadPoolExecutor$Worker.run (ThreadPoolExecutor.java:642)`
  - `java.util.concurrent.ThreadPoolExecutor$Worker` retains 48 B (12.5%)
- `java.lang.Thread.runWith (Thread.java:1596)`
  - `java.lang.Class` retains 128 B (33.3%)
  - `java.util.concurrent.ThreadPoolExecutor$Worker` retains 48 B (12.5%)
- `java.lang.Thread.run (Thread.java:1583)`
  - `java.lang.Class` retains 128 B (33.3%)
  - `java.util.concurrent.ThreadPoolExecutor$Worker` retains 48 B (12.5%)

<a id="thread-192"></a>

### Thread 192 "block-manager-storage-async-thread-pool-77" (java/lang/Thread)

_Local roots: 13._

**Local root objects:**

| Object                                                                  | Shallow | Retained |
| ----------------------------------------------------------------------- | ------: | -------: |
| `java/util/concurrent/ThreadPoolExecutor`                               |    80 B |   4.6 KB |
| `java/util/concurrent/ThreadPoolExecutor`                               |    80 B |   4.6 KB |
| `java/util/concurrent/LinkedBlockingQueue`                              |    48 B |    144 B |
| `java/lang/Class`                                                       |    32 B |    128 B |
| `java/lang/Class`                                                       |    32 B |    128 B |
| `java/util/concurrent/ThreadPoolExecutor$Worker`                        |    48 B |     48 B |
| `java/util/concurrent/ThreadPoolExecutor$Worker`                        |    48 B |     48 B |
| `java/util/concurrent/ThreadPoolExecutor$Worker`                        |    48 B |     48 B |
| `java/util/concurrent/ThreadPoolExecutor$Worker`                        |    48 B |     48 B |
| `java/util/concurrent/locks/AbstractQueuedSynchronizer$ConditionNode`   |    32 B |     32 B |
| `java/util/concurrent/locks/AbstractQueuedSynchronizer$ConditionObject` |    24 B |     24 B |
| `java/util/concurrent/atomic/AtomicInteger`                             |    16 B |     16 B |
| `java/util/concurrent/locks/ReentrantLock`                              |    16 B |     16 B |

- `java.util.concurrent.locks.AbstractQueuedSynchronizer$ConditionObject.awaitNanos (AbstractQueuedSynchronizer.java:1797)`
  - `java.util.concurrent.locks.AbstractQueuedSynchronizer$ConditionNode` retains 32 B (5.8%)
  - `java.util.concurrent.locks.AbstractQueuedSynchronizer$ConditionObject` retains 24 B (4.3%)
- `java.util.concurrent.LinkedBlockingQueue.poll (LinkedBlockingQueue.java:460)`
  - `java.util.concurrent.LinkedBlockingQueue` retains 144 B (26.1%)
  - `java.util.concurrent.atomic.AtomicInteger` retains 16 B (2.9%)
  - `java.util.concurrent.locks.ReentrantLock` retains 16 B (2.9%)
- `java.util.concurrent.ThreadPoolExecutor.getTask (ThreadPoolExecutor.java:1069)`
  - `java.util.concurrent.ThreadPoolExecutor` retains 4.6 KB (858.0%)
- `java.util.concurrent.ThreadPoolExecutor.runWorker (ThreadPoolExecutor.java:1130)`
  - `java.util.concurrent.ThreadPoolExecutor` retains 4.6 KB (858.0%)
  - `java.util.concurrent.ThreadPoolExecutor$Worker` retains 48 B (8.7%)
- `java.util.concurrent.ThreadPoolExecutor$Worker.run (ThreadPoolExecutor.java:642)`
  - `java.util.concurrent.ThreadPoolExecutor$Worker` retains 48 B (8.7%)
- `java.lang.Thread.runWith (Thread.java:1596)`
  - `java.lang.Class` retains 128 B (23.2%)
  - `java.util.concurrent.ThreadPoolExecutor$Worker` retains 48 B (8.7%)
- `java.lang.Thread.run (Thread.java:1583)`
  - `java.lang.Class` retains 128 B (23.2%)
  - `java.util.concurrent.ThreadPoolExecutor$Worker` retains 48 B (8.7%)

<a id="thread-193"></a>

### Thread 193 "block-manager-ask-thread-pool-50" (java/lang/Thread)

_Local roots: 13._

**Local root objects:**

| Object                                                                  | Shallow | Retained |
| ----------------------------------------------------------------------- | ------: | -------: |
| `java/util/concurrent/ThreadPoolExecutor`                               |    80 B |   4.6 KB |
| `java/util/concurrent/ThreadPoolExecutor`                               |    80 B |   4.6 KB |
| `java/util/concurrent/LinkedBlockingQueue`                              |    48 B |    144 B |
| `java/lang/Class`                                                       |    32 B |    128 B |
| `java/lang/Class`                                                       |    32 B |    128 B |
| `java/util/concurrent/ThreadPoolExecutor$Worker`                        |    48 B |     48 B |
| `java/util/concurrent/ThreadPoolExecutor$Worker`                        |    48 B |     48 B |
| `java/util/concurrent/ThreadPoolExecutor$Worker`                        |    48 B |     48 B |
| `java/util/concurrent/ThreadPoolExecutor$Worker`                        |    48 B |     48 B |
| `java/util/concurrent/locks/AbstractQueuedSynchronizer$ConditionNode`   |    32 B |     32 B |
| `java/util/concurrent/locks/AbstractQueuedSynchronizer$ConditionObject` |    24 B |     24 B |
| `java/util/concurrent/atomic/AtomicInteger`                             |    16 B |     16 B |
| `java/util/concurrent/locks/ReentrantLock`                              |    16 B |     16 B |

- `java.util.concurrent.locks.AbstractQueuedSynchronizer$ConditionObject.awaitNanos (AbstractQueuedSynchronizer.java:1797)`
  - `java.util.concurrent.locks.AbstractQueuedSynchronizer$ConditionNode` retains 32 B (6.3%)
  - `java.util.concurrent.locks.AbstractQueuedSynchronizer$ConditionObject` retains 24 B (4.8%)
- `java.util.concurrent.LinkedBlockingQueue.poll (LinkedBlockingQueue.java:460)`
  - `java.util.concurrent.LinkedBlockingQueue` retains 144 B (28.6%)
  - `java.util.concurrent.atomic.AtomicInteger` retains 16 B (3.2%)
  - `java.util.concurrent.locks.ReentrantLock` retains 16 B (3.2%)
- `java.util.concurrent.ThreadPoolExecutor.getTask (ThreadPoolExecutor.java:1069)`
  - `java.util.concurrent.ThreadPoolExecutor` retains 4.6 KB (936.5%)
- `java.util.concurrent.ThreadPoolExecutor.runWorker (ThreadPoolExecutor.java:1130)`
  - `java.util.concurrent.ThreadPoolExecutor` retains 4.6 KB (936.5%)
  - `java.util.concurrent.ThreadPoolExecutor$Worker` retains 48 B (9.5%)
- `java.util.concurrent.ThreadPoolExecutor$Worker.run (ThreadPoolExecutor.java:642)`
  - `java.util.concurrent.ThreadPoolExecutor$Worker` retains 48 B (9.5%)
- `java.lang.Thread.runWith (Thread.java:1596)`
  - `java.lang.Class` retains 128 B (25.4%)
  - `java.util.concurrent.ThreadPoolExecutor$Worker` retains 48 B (9.5%)
- `java.lang.Thread.run (Thread.java:1583)`
  - `java.lang.Class` retains 128 B (25.4%)
  - `java.util.concurrent.ThreadPoolExecutor$Worker` retains 48 B (9.5%)

<a id="thread-194"></a>

### Thread 194 "block-manager-ask-thread-pool-51" (java/lang/Thread)

_Local roots: 14._

**Local root objects:**

| Object                                                                  | Shallow | Retained |
| ----------------------------------------------------------------------- | ------: | -------: |
| `java/util/concurrent/ThreadPoolExecutor`                               |    80 B |   4.6 KB |
| `java/util/concurrent/ThreadPoolExecutor`                               |    80 B |   4.6 KB |
| `java/util/concurrent/LinkedBlockingQueue`                              |    48 B |    144 B |
| `java/lang/Class`                                                       |    32 B |    128 B |
| `java/lang/Class`                                                       |    32 B |    128 B |
| `java/util/concurrent/TimeUnit`                                         |    80 B |     80 B |
| `java/util/concurrent/ThreadPoolExecutor$Worker`                        |    48 B |     48 B |
| `java/util/concurrent/ThreadPoolExecutor$Worker`                        |    48 B |     48 B |
| `java/util/concurrent/ThreadPoolExecutor$Worker`                        |    48 B |     48 B |
| `java/util/concurrent/ThreadPoolExecutor$Worker`                        |    48 B |     48 B |
| `java/util/concurrent/locks/AbstractQueuedSynchronizer$ConditionNode`   |    32 B |     32 B |
| `java/util/concurrent/locks/AbstractQueuedSynchronizer$ConditionObject` |    24 B |     24 B |
| `java/util/concurrent/atomic/AtomicInteger`                             |    16 B |     16 B |
| `java/util/concurrent/locks/ReentrantLock`                              |    16 B |     16 B |

- `java.util.concurrent.locks.AbstractQueuedSynchronizer$ConditionObject.awaitNanos (AbstractQueuedSynchronizer.java:1797)`
  - `java.util.concurrent.locks.AbstractQueuedSynchronizer$ConditionNode` retains 32 B (6.3%)
  - `java.util.concurrent.locks.AbstractQueuedSynchronizer$ConditionObject` retains 24 B (4.8%)
- `java.util.concurrent.LinkedBlockingQueue.poll (LinkedBlockingQueue.java:460)`
  - `java.util.concurrent.LinkedBlockingQueue` retains 144 B (28.6%)
  - `java.util.concurrent.TimeUnit` retains 80 B (15.9%)
  - `java.util.concurrent.atomic.AtomicInteger` retains 16 B (3.2%)
  - `java.util.concurrent.locks.ReentrantLock` retains 16 B (3.2%)
- `java.util.concurrent.ThreadPoolExecutor.getTask (ThreadPoolExecutor.java:1069)`
  - `java.util.concurrent.ThreadPoolExecutor` retains 4.6 KB (936.5%)
- `java.util.concurrent.ThreadPoolExecutor.runWorker (ThreadPoolExecutor.java:1130)`
  - `java.util.concurrent.ThreadPoolExecutor` retains 4.6 KB (936.5%)
  - `java.util.concurrent.ThreadPoolExecutor$Worker` retains 48 B (9.5%)
- `java.util.concurrent.ThreadPoolExecutor$Worker.run (ThreadPoolExecutor.java:642)`
  - `java.util.concurrent.ThreadPoolExecutor$Worker` retains 48 B (9.5%)
- `java.lang.Thread.runWith (Thread.java:1596)`
  - `java.lang.Class` retains 128 B (25.4%)
  - `java.util.concurrent.ThreadPoolExecutor$Worker` retains 48 B (9.5%)
- `java.lang.Thread.run (Thread.java:1583)`
  - `java.lang.Class` retains 128 B (25.4%)
  - `java.util.concurrent.ThreadPoolExecutor$Worker` retains 48 B (9.5%)

<a id="thread-195"></a>

### Thread 195 "block-manager-storage-async-thread-pool-78" (java/lang/Thread)

_Local roots: 14._

**Local root objects:**

| Object                                                                  | Shallow | Retained |
| ----------------------------------------------------------------------- | ------: | -------: |
| `java/util/concurrent/ThreadPoolExecutor`                               |    80 B |   4.6 KB |
| `java/util/concurrent/ThreadPoolExecutor`                               |    80 B |   4.6 KB |
| `java/util/concurrent/LinkedBlockingQueue`                              |    48 B |    144 B |
| `java/lang/Class`                                                       |    32 B |    128 B |
| `java/lang/Class`                                                       |    32 B |    128 B |
| `java/util/concurrent/TimeUnit`                                         |    80 B |     80 B |
| `java/util/concurrent/ThreadPoolExecutor$Worker`                        |    48 B |     48 B |
| `java/util/concurrent/ThreadPoolExecutor$Worker`                        |    48 B |     48 B |
| `java/util/concurrent/ThreadPoolExecutor$Worker`                        |    48 B |     48 B |
| `java/util/concurrent/ThreadPoolExecutor$Worker`                        |    48 B |     48 B |
| `java/util/concurrent/locks/AbstractQueuedSynchronizer$ConditionNode`   |    32 B |     32 B |
| `java/util/concurrent/locks/AbstractQueuedSynchronizer$ConditionObject` |    24 B |     24 B |
| `java/util/concurrent/atomic/AtomicInteger`                             |    16 B |     16 B |
| `java/util/concurrent/locks/ReentrantLock`                              |    16 B |     16 B |

- `java.util.concurrent.locks.AbstractQueuedSynchronizer$ConditionObject.awaitNanos (AbstractQueuedSynchronizer.java:1797)`
  - `java.util.concurrent.locks.AbstractQueuedSynchronizer$ConditionNode` retains 32 B (5.8%)
  - `java.util.concurrent.locks.AbstractQueuedSynchronizer$ConditionObject` retains 24 B (4.3%)
- `java.util.concurrent.LinkedBlockingQueue.poll (LinkedBlockingQueue.java:460)`
  - `java.util.concurrent.LinkedBlockingQueue` retains 144 B (26.1%)
  - `java.util.concurrent.TimeUnit` retains 80 B (14.5%)
  - `java.util.concurrent.atomic.AtomicInteger` retains 16 B (2.9%)
  - `java.util.concurrent.locks.ReentrantLock` retains 16 B (2.9%)
- `java.util.concurrent.ThreadPoolExecutor.getTask (ThreadPoolExecutor.java:1069)`
  - `java.util.concurrent.ThreadPoolExecutor` retains 4.6 KB (858.0%)
- `java.util.concurrent.ThreadPoolExecutor.runWorker (ThreadPoolExecutor.java:1130)`
  - `java.util.concurrent.ThreadPoolExecutor` retains 4.6 KB (858.0%)
  - `java.util.concurrent.ThreadPoolExecutor$Worker` retains 48 B (8.7%)
- `java.util.concurrent.ThreadPoolExecutor$Worker.run (ThreadPoolExecutor.java:642)`
  - `java.util.concurrent.ThreadPoolExecutor$Worker` retains 48 B (8.7%)
- `java.lang.Thread.runWith (Thread.java:1596)`
  - `java.lang.Class` retains 128 B (23.2%)
  - `java.util.concurrent.ThreadPoolExecutor$Worker` retains 48 B (8.7%)
- `java.lang.Thread.run (Thread.java:1583)`
  - `java.lang.Class` retains 128 B (23.2%)
  - `java.util.concurrent.ThreadPoolExecutor$Worker` retains 48 B (8.7%)

<a id="thread-196"></a>

### Thread 196 "block-manager-storage-async-thread-pool-79" (java/lang/Thread)

_Local roots: 14._

**Local root objects:**

| Object                                                                  | Shallow | Retained |
| ----------------------------------------------------------------------- | ------: | -------: |
| `java/util/concurrent/ThreadPoolExecutor`                               |    80 B |   4.6 KB |
| `java/util/concurrent/ThreadPoolExecutor`                               |    80 B |   4.6 KB |
| `java/util/concurrent/LinkedBlockingQueue`                              |    48 B |    144 B |
| `java/lang/Class`                                                       |    32 B |    128 B |
| `java/lang/Class`                                                       |    32 B |    128 B |
| `java/util/concurrent/TimeUnit`                                         |    80 B |     80 B |
| `java/util/concurrent/ThreadPoolExecutor$Worker`                        |    48 B |     48 B |
| `java/util/concurrent/ThreadPoolExecutor$Worker`                        |    48 B |     48 B |
| `java/util/concurrent/ThreadPoolExecutor$Worker`                        |    48 B |     48 B |
| `java/util/concurrent/ThreadPoolExecutor$Worker`                        |    48 B |     48 B |
| `java/util/concurrent/locks/AbstractQueuedSynchronizer$ConditionNode`   |    32 B |     32 B |
| `java/util/concurrent/locks/AbstractQueuedSynchronizer$ConditionObject` |    24 B |     24 B |
| `java/util/concurrent/atomic/AtomicInteger`                             |    16 B |     16 B |
| `java/util/concurrent/locks/ReentrantLock`                              |    16 B |     16 B |

- `java.util.concurrent.locks.AbstractQueuedSynchronizer$ConditionObject.awaitNanos (AbstractQueuedSynchronizer.java:1797)`
  - `java.util.concurrent.locks.AbstractQueuedSynchronizer$ConditionNode` retains 32 B (8.3%)
  - `java.util.concurrent.locks.AbstractQueuedSynchronizer$ConditionObject` retains 24 B (6.2%)
- `java.util.concurrent.LinkedBlockingQueue.poll (LinkedBlockingQueue.java:460)`
  - `java.util.concurrent.LinkedBlockingQueue` retains 144 B (37.5%)
  - `java.util.concurrent.TimeUnit` retains 80 B (20.8%)
  - `java.util.concurrent.atomic.AtomicInteger` retains 16 B (4.2%)
  - `java.util.concurrent.locks.ReentrantLock` retains 16 B (4.2%)
- `java.util.concurrent.ThreadPoolExecutor.getTask (ThreadPoolExecutor.java:1069)`
  - `java.util.concurrent.ThreadPoolExecutor` retains 4.6 KB (1233.3%)
- `java.util.concurrent.ThreadPoolExecutor.runWorker (ThreadPoolExecutor.java:1130)`
  - `java.util.concurrent.ThreadPoolExecutor` retains 4.6 KB (1233.3%)
  - `java.util.concurrent.ThreadPoolExecutor$Worker` retains 48 B (12.5%)
- `java.util.concurrent.ThreadPoolExecutor$Worker.run (ThreadPoolExecutor.java:642)`
  - `java.util.concurrent.ThreadPoolExecutor$Worker` retains 48 B (12.5%)
- `java.lang.Thread.runWith (Thread.java:1596)`
  - `java.lang.Class` retains 128 B (33.3%)
  - `java.util.concurrent.ThreadPoolExecutor$Worker` retains 48 B (12.5%)
- `java.lang.Thread.run (Thread.java:1583)`
  - `java.lang.Class` retains 128 B (33.3%)
  - `java.util.concurrent.ThreadPoolExecutor$Worker` retains 48 B (12.5%)

<a id="thread-197"></a>

### Thread 197 "block-manager-storage-async-thread-pool-80" (java/lang/Thread)

_Local roots: 13._

**Local root objects:**

| Object                                                                  | Shallow | Retained |
| ----------------------------------------------------------------------- | ------: | -------: |
| `java/util/concurrent/ThreadPoolExecutor`                               |    80 B |   4.6 KB |
| `java/util/concurrent/ThreadPoolExecutor`                               |    80 B |   4.6 KB |
| `java/util/concurrent/LinkedBlockingQueue`                              |    48 B |    144 B |
| `java/lang/Class`                                                       |    32 B |    128 B |
| `java/lang/Class`                                                       |    32 B |    128 B |
| `java/util/concurrent/ThreadPoolExecutor$Worker`                        |    48 B |     48 B |
| `java/util/concurrent/ThreadPoolExecutor$Worker`                        |    48 B |     48 B |
| `java/util/concurrent/ThreadPoolExecutor$Worker`                        |    48 B |     48 B |
| `java/util/concurrent/ThreadPoolExecutor$Worker`                        |    48 B |     48 B |
| `java/util/concurrent/locks/AbstractQueuedSynchronizer$ConditionNode`   |    32 B |     32 B |
| `java/util/concurrent/locks/AbstractQueuedSynchronizer$ConditionObject` |    24 B |     24 B |
| `java/util/concurrent/atomic/AtomicInteger`                             |    16 B |     16 B |
| `java/util/concurrent/locks/ReentrantLock`                              |    16 B |     16 B |

- `java.util.concurrent.locks.AbstractQueuedSynchronizer$ConditionObject.awaitNanos (AbstractQueuedSynchronizer.java:1797)`
  - `java.util.concurrent.locks.AbstractQueuedSynchronizer$ConditionNode` retains 32 B (6.2%)
  - `java.util.concurrent.locks.AbstractQueuedSynchronizer$ConditionObject` retains 24 B (4.6%)
- `java.util.concurrent.LinkedBlockingQueue.poll (LinkedBlockingQueue.java:460)`
  - `java.util.concurrent.LinkedBlockingQueue` retains 144 B (27.7%)
  - `java.util.concurrent.atomic.AtomicInteger` retains 16 B (3.1%)
  - `java.util.concurrent.locks.ReentrantLock` retains 16 B (3.1%)
- `java.util.concurrent.ThreadPoolExecutor.getTask (ThreadPoolExecutor.java:1069)`
  - `java.util.concurrent.ThreadPoolExecutor` retains 4.6 KB (910.8%)
- `java.util.concurrent.ThreadPoolExecutor.runWorker (ThreadPoolExecutor.java:1130)`
  - `java.util.concurrent.ThreadPoolExecutor` retains 4.6 KB (910.8%)
  - `java.util.concurrent.ThreadPoolExecutor$Worker` retains 48 B (9.2%)
- `java.util.concurrent.ThreadPoolExecutor$Worker.run (ThreadPoolExecutor.java:642)`
  - `java.util.concurrent.ThreadPoolExecutor$Worker` retains 48 B (9.2%)
- `java.lang.Thread.runWith (Thread.java:1596)`
  - `java.lang.Class` retains 128 B (24.6%)
  - `java.util.concurrent.ThreadPoolExecutor$Worker` retains 48 B (9.2%)
- `java.lang.Thread.run (Thread.java:1583)`
  - `java.lang.Class` retains 128 B (24.6%)
  - `java.util.concurrent.ThreadPoolExecutor$Worker` retains 48 B (9.2%)

<a id="thread-198"></a>

### Thread 198 "block-manager-ask-thread-pool-52" (java/lang/Thread)

_Local roots: 13._

**Local root objects:**

| Object                                                                  | Shallow | Retained |
| ----------------------------------------------------------------------- | ------: | -------: |
| `java/util/concurrent/ThreadPoolExecutor`                               |    80 B |   4.6 KB |
| `java/util/concurrent/ThreadPoolExecutor`                               |    80 B |   4.6 KB |
| `java/util/concurrent/LinkedBlockingQueue`                              |    48 B |    144 B |
| `java/lang/Class`                                                       |    32 B |    128 B |
| `java/lang/Class`                                                       |    32 B |    128 B |
| `java/util/concurrent/ThreadPoolExecutor$Worker`                        |    48 B |     48 B |
| `java/util/concurrent/ThreadPoolExecutor$Worker`                        |    48 B |     48 B |
| `java/util/concurrent/ThreadPoolExecutor$Worker`                        |    48 B |     48 B |
| `java/util/concurrent/ThreadPoolExecutor$Worker`                        |    48 B |     48 B |
| `java/util/concurrent/locks/AbstractQueuedSynchronizer$ConditionNode`   |    32 B |     32 B |
| `java/util/concurrent/locks/AbstractQueuedSynchronizer$ConditionObject` |    24 B |     24 B |
| `java/util/concurrent/atomic/AtomicInteger`                             |    16 B |     16 B |
| `java/util/concurrent/locks/ReentrantLock`                              |    16 B |     16 B |

- `java.util.concurrent.locks.AbstractQueuedSynchronizer$ConditionObject.awaitNanos (AbstractQueuedSynchronizer.java:1797)`
  - `java.util.concurrent.locks.AbstractQueuedSynchronizer$ConditionNode` retains 32 B (6.3%)
  - `java.util.concurrent.locks.AbstractQueuedSynchronizer$ConditionObject` retains 24 B (4.8%)
- `java.util.concurrent.LinkedBlockingQueue.poll (LinkedBlockingQueue.java:460)`
  - `java.util.concurrent.LinkedBlockingQueue` retains 144 B (28.6%)
  - `java.util.concurrent.atomic.AtomicInteger` retains 16 B (3.2%)
  - `java.util.concurrent.locks.ReentrantLock` retains 16 B (3.2%)
- `java.util.concurrent.ThreadPoolExecutor.getTask (ThreadPoolExecutor.java:1069)`
  - `java.util.concurrent.ThreadPoolExecutor` retains 4.6 KB (936.5%)
- `java.util.concurrent.ThreadPoolExecutor.runWorker (ThreadPoolExecutor.java:1130)`
  - `java.util.concurrent.ThreadPoolExecutor` retains 4.6 KB (936.5%)
  - `java.util.concurrent.ThreadPoolExecutor$Worker` retains 48 B (9.5%)
- `java.util.concurrent.ThreadPoolExecutor$Worker.run (ThreadPoolExecutor.java:642)`
  - `java.util.concurrent.ThreadPoolExecutor$Worker` retains 48 B (9.5%)
- `java.lang.Thread.runWith (Thread.java:1596)`
  - `java.lang.Class` retains 128 B (25.4%)
  - `java.util.concurrent.ThreadPoolExecutor$Worker` retains 48 B (9.5%)
- `java.lang.Thread.run (Thread.java:1583)`
  - `java.lang.Class` retains 128 B (25.4%)
  - `java.util.concurrent.ThreadPoolExecutor$Worker` retains 48 B (9.5%)

<a id="thread-199"></a>

### Thread 199 "block-manager-ask-thread-pool-53" (java/lang/Thread)

_Local roots: 14._

**Local root objects:**

| Object                                                                  | Shallow | Retained |
| ----------------------------------------------------------------------- | ------: | -------: |
| `java/util/concurrent/ThreadPoolExecutor`                               |    80 B |   4.6 KB |
| `java/util/concurrent/ThreadPoolExecutor`                               |    80 B |   4.6 KB |
| `java/util/concurrent/LinkedBlockingQueue`                              |    48 B |    144 B |
| `java/lang/Class`                                                       |    32 B |    128 B |
| `java/lang/Class`                                                       |    32 B |    128 B |
| `java/util/concurrent/TimeUnit`                                         |    80 B |     80 B |
| `java/util/concurrent/ThreadPoolExecutor$Worker`                        |    48 B |     48 B |
| `java/util/concurrent/ThreadPoolExecutor$Worker`                        |    48 B |     48 B |
| `java/util/concurrent/ThreadPoolExecutor$Worker`                        |    48 B |     48 B |
| `java/util/concurrent/ThreadPoolExecutor$Worker`                        |    48 B |     48 B |
| `java/util/concurrent/locks/AbstractQueuedSynchronizer$ConditionNode`   |    32 B |     32 B |
| `java/util/concurrent/locks/AbstractQueuedSynchronizer$ConditionObject` |    24 B |     24 B |
| `java/util/concurrent/atomic/AtomicInteger`                             |    16 B |     16 B |
| `java/util/concurrent/locks/ReentrantLock`                              |    16 B |     16 B |

- `java.util.concurrent.locks.AbstractQueuedSynchronizer$ConditionObject.awaitNanos (AbstractQueuedSynchronizer.java:1797)`
  - `java.util.concurrent.locks.AbstractQueuedSynchronizer$ConditionNode` retains 32 B (6.3%)
  - `java.util.concurrent.locks.AbstractQueuedSynchronizer$ConditionObject` retains 24 B (4.8%)
- `java.util.concurrent.LinkedBlockingQueue.poll (LinkedBlockingQueue.java:460)`
  - `java.util.concurrent.LinkedBlockingQueue` retains 144 B (28.6%)
  - `java.util.concurrent.TimeUnit` retains 80 B (15.9%)
  - `java.util.concurrent.atomic.AtomicInteger` retains 16 B (3.2%)
  - `java.util.concurrent.locks.ReentrantLock` retains 16 B (3.2%)
- `java.util.concurrent.ThreadPoolExecutor.getTask (ThreadPoolExecutor.java:1069)`
  - `java.util.concurrent.ThreadPoolExecutor` retains 4.6 KB (936.5%)
- `java.util.concurrent.ThreadPoolExecutor.runWorker (ThreadPoolExecutor.java:1130)`
  - `java.util.concurrent.ThreadPoolExecutor` retains 4.6 KB (936.5%)
  - `java.util.concurrent.ThreadPoolExecutor$Worker` retains 48 B (9.5%)
- `java.util.concurrent.ThreadPoolExecutor$Worker.run (ThreadPoolExecutor.java:642)`
  - `java.util.concurrent.ThreadPoolExecutor$Worker` retains 48 B (9.5%)
- `java.lang.Thread.runWith (Thread.java:1596)`
  - `java.lang.Class` retains 128 B (25.4%)
  - `java.util.concurrent.ThreadPoolExecutor$Worker` retains 48 B (9.5%)
- `java.lang.Thread.run (Thread.java:1583)`
  - `java.lang.Class` retains 128 B (25.4%)
  - `java.util.concurrent.ThreadPoolExecutor$Worker` retains 48 B (9.5%)

<a id="thread-200"></a>

### Thread 200 "block-manager-storage-async-thread-pool-81" (java/lang/Thread)

_Local roots: 14._

**Local root objects:**

| Object                                                                  | Shallow | Retained |
| ----------------------------------------------------------------------- | ------: | -------: |
| `java/util/concurrent/ThreadPoolExecutor`                               |    80 B |   4.6 KB |
| `java/util/concurrent/ThreadPoolExecutor`                               |    80 B |   4.6 KB |
| `java/util/concurrent/LinkedBlockingQueue`                              |    48 B |    144 B |
| `java/lang/Class`                                                       |    32 B |    128 B |
| `java/lang/Class`                                                       |    32 B |    128 B |
| `java/util/concurrent/TimeUnit`                                         |    80 B |     80 B |
| `java/util/concurrent/ThreadPoolExecutor$Worker`                        |    48 B |     48 B |
| `java/util/concurrent/ThreadPoolExecutor$Worker`                        |    48 B |     48 B |
| `java/util/concurrent/ThreadPoolExecutor$Worker`                        |    48 B |     48 B |
| `java/util/concurrent/ThreadPoolExecutor$Worker`                        |    48 B |     48 B |
| `java/util/concurrent/locks/AbstractQueuedSynchronizer$ConditionNode`   |    32 B |     32 B |
| `java/util/concurrent/locks/AbstractQueuedSynchronizer$ConditionObject` |    24 B |     24 B |
| `java/util/concurrent/atomic/AtomicInteger`                             |    16 B |     16 B |
| `java/util/concurrent/locks/ReentrantLock`                              |    16 B |     16 B |

- `java.util.concurrent.locks.AbstractQueuedSynchronizer$ConditionObject.awaitNanos (AbstractQueuedSynchronizer.java:1797)`
  - `java.util.concurrent.locks.AbstractQueuedSynchronizer$ConditionNode` retains 32 B (5.8%)
  - `java.util.concurrent.locks.AbstractQueuedSynchronizer$ConditionObject` retains 24 B (4.3%)
- `java.util.concurrent.LinkedBlockingQueue.poll (LinkedBlockingQueue.java:460)`
  - `java.util.concurrent.LinkedBlockingQueue` retains 144 B (26.1%)
  - `java.util.concurrent.TimeUnit` retains 80 B (14.5%)
  - `java.util.concurrent.atomic.AtomicInteger` retains 16 B (2.9%)
  - `java.util.concurrent.locks.ReentrantLock` retains 16 B (2.9%)
- `java.util.concurrent.ThreadPoolExecutor.getTask (ThreadPoolExecutor.java:1069)`
  - `java.util.concurrent.ThreadPoolExecutor` retains 4.6 KB (858.0%)
- `java.util.concurrent.ThreadPoolExecutor.runWorker (ThreadPoolExecutor.java:1130)`
  - `java.util.concurrent.ThreadPoolExecutor` retains 4.6 KB (858.0%)
  - `java.util.concurrent.ThreadPoolExecutor$Worker` retains 48 B (8.7%)
- `java.util.concurrent.ThreadPoolExecutor$Worker.run (ThreadPoolExecutor.java:642)`
  - `java.util.concurrent.ThreadPoolExecutor$Worker` retains 48 B (8.7%)
- `java.lang.Thread.runWith (Thread.java:1596)`
  - `java.lang.Class` retains 128 B (23.2%)
  - `java.util.concurrent.ThreadPoolExecutor$Worker` retains 48 B (8.7%)
- `java.lang.Thread.run (Thread.java:1583)`
  - `java.lang.Class` retains 128 B (23.2%)
  - `java.util.concurrent.ThreadPoolExecutor$Worker` retains 48 B (8.7%)

<a id="thread-201"></a>

### Thread 201 "block-manager-storage-async-thread-pool-82" (java/lang/Thread)

_Local roots: 14._

**Local root objects:**

| Object                                                                  | Shallow | Retained |
| ----------------------------------------------------------------------- | ------: | -------: |
| `java/util/concurrent/ThreadPoolExecutor`                               |    80 B |   4.6 KB |
| `java/util/concurrent/ThreadPoolExecutor`                               |    80 B |   4.6 KB |
| `java/util/concurrent/LinkedBlockingQueue`                              |    48 B |    144 B |
| `java/lang/Class`                                                       |    32 B |    128 B |
| `java/lang/Class`                                                       |    32 B |    128 B |
| `java/util/concurrent/TimeUnit`                                         |    80 B |     80 B |
| `java/util/concurrent/ThreadPoolExecutor$Worker`                        |    48 B |     48 B |
| `java/util/concurrent/ThreadPoolExecutor$Worker`                        |    48 B |     48 B |
| `java/util/concurrent/ThreadPoolExecutor$Worker`                        |    48 B |     48 B |
| `java/util/concurrent/ThreadPoolExecutor$Worker`                        |    48 B |     48 B |
| `java/util/concurrent/locks/AbstractQueuedSynchronizer$ConditionNode`   |    32 B |     32 B |
| `java/util/concurrent/locks/AbstractQueuedSynchronizer$ConditionObject` |    24 B |     24 B |
| `java/util/concurrent/atomic/AtomicInteger`                             |    16 B |     16 B |
| `java/util/concurrent/locks/ReentrantLock`                              |    16 B |     16 B |

- `java.util.concurrent.locks.AbstractQueuedSynchronizer$ConditionObject.awaitNanos (AbstractQueuedSynchronizer.java:1797)`
  - `java.util.concurrent.locks.AbstractQueuedSynchronizer$ConditionNode` retains 32 B (8.3%)
  - `java.util.concurrent.locks.AbstractQueuedSynchronizer$ConditionObject` retains 24 B (6.2%)
- `java.util.concurrent.LinkedBlockingQueue.poll (LinkedBlockingQueue.java:460)`
  - `java.util.concurrent.LinkedBlockingQueue` retains 144 B (37.5%)
  - `java.util.concurrent.TimeUnit` retains 80 B (20.8%)
  - `java.util.concurrent.atomic.AtomicInteger` retains 16 B (4.2%)
  - `java.util.concurrent.locks.ReentrantLock` retains 16 B (4.2%)
- `java.util.concurrent.ThreadPoolExecutor.getTask (ThreadPoolExecutor.java:1069)`
  - `java.util.concurrent.ThreadPoolExecutor` retains 4.6 KB (1233.3%)
- `java.util.concurrent.ThreadPoolExecutor.runWorker (ThreadPoolExecutor.java:1130)`
  - `java.util.concurrent.ThreadPoolExecutor` retains 4.6 KB (1233.3%)
  - `java.util.concurrent.ThreadPoolExecutor$Worker` retains 48 B (12.5%)
- `java.util.concurrent.ThreadPoolExecutor$Worker.run (ThreadPoolExecutor.java:642)`
  - `java.util.concurrent.ThreadPoolExecutor$Worker` retains 48 B (12.5%)
- `java.lang.Thread.runWith (Thread.java:1596)`
  - `java.lang.Class` retains 128 B (33.3%)
  - `java.util.concurrent.ThreadPoolExecutor$Worker` retains 48 B (12.5%)
- `java.lang.Thread.run (Thread.java:1583)`
  - `java.lang.Class` retains 128 B (33.3%)
  - `java.util.concurrent.ThreadPoolExecutor$Worker` retains 48 B (12.5%)

<a id="thread-202"></a>

### Thread 202 "block-manager-storage-async-thread-pool-83" (java/lang/Thread)

_Local roots: 13._

**Local root objects:**

| Object                                                                  | Shallow | Retained |
| ----------------------------------------------------------------------- | ------: | -------: |
| `java/util/concurrent/ThreadPoolExecutor`                               |    80 B |   4.6 KB |
| `java/util/concurrent/ThreadPoolExecutor`                               |    80 B |   4.6 KB |
| `java/util/concurrent/LinkedBlockingQueue`                              |    48 B |    144 B |
| `java/lang/Class`                                                       |    32 B |    128 B |
| `java/lang/Class`                                                       |    32 B |    128 B |
| `java/util/concurrent/ThreadPoolExecutor$Worker`                        |    48 B |     48 B |
| `java/util/concurrent/ThreadPoolExecutor$Worker`                        |    48 B |     48 B |
| `java/util/concurrent/ThreadPoolExecutor$Worker`                        |    48 B |     48 B |
| `java/util/concurrent/ThreadPoolExecutor$Worker`                        |    48 B |     48 B |
| `java/util/concurrent/locks/AbstractQueuedSynchronizer$ConditionNode`   |    32 B |     32 B |
| `java/util/concurrent/locks/AbstractQueuedSynchronizer$ConditionObject` |    24 B |     24 B |
| `java/util/concurrent/atomic/AtomicInteger`                             |    16 B |     16 B |
| `java/util/concurrent/locks/ReentrantLock`                              |    16 B |     16 B |

- `java.util.concurrent.locks.AbstractQueuedSynchronizer$ConditionObject.awaitNanos (AbstractQueuedSynchronizer.java:1797)`
  - `java.util.concurrent.locks.AbstractQueuedSynchronizer$ConditionNode` retains 32 B (5.8%)
  - `java.util.concurrent.locks.AbstractQueuedSynchronizer$ConditionObject` retains 24 B (4.3%)
- `java.util.concurrent.LinkedBlockingQueue.poll (LinkedBlockingQueue.java:460)`
  - `java.util.concurrent.LinkedBlockingQueue` retains 144 B (26.1%)
  - `java.util.concurrent.atomic.AtomicInteger` retains 16 B (2.9%)
  - `java.util.concurrent.locks.ReentrantLock` retains 16 B (2.9%)
- `java.util.concurrent.ThreadPoolExecutor.getTask (ThreadPoolExecutor.java:1069)`
  - `java.util.concurrent.ThreadPoolExecutor` retains 4.6 KB (858.0%)
- `java.util.concurrent.ThreadPoolExecutor.runWorker (ThreadPoolExecutor.java:1130)`
  - `java.util.concurrent.ThreadPoolExecutor` retains 4.6 KB (858.0%)
  - `java.util.concurrent.ThreadPoolExecutor$Worker` retains 48 B (8.7%)
- `java.util.concurrent.ThreadPoolExecutor$Worker.run (ThreadPoolExecutor.java:642)`
  - `java.util.concurrent.ThreadPoolExecutor$Worker` retains 48 B (8.7%)
- `java.lang.Thread.runWith (Thread.java:1596)`
  - `java.lang.Class` retains 128 B (23.2%)
  - `java.util.concurrent.ThreadPoolExecutor$Worker` retains 48 B (8.7%)
- `java.lang.Thread.run (Thread.java:1583)`
  - `java.lang.Class` retains 128 B (23.2%)
  - `java.util.concurrent.ThreadPoolExecutor$Worker` retains 48 B (8.7%)

<a id="thread-203"></a>

### Thread 203 "block-manager-ask-thread-pool-54" (java/lang/Thread)

_Local roots: 13._

**Local root objects:**

| Object                                                                  | Shallow | Retained |
| ----------------------------------------------------------------------- | ------: | -------: |
| `java/util/concurrent/ThreadPoolExecutor`                               |    80 B |   4.6 KB |
| `java/util/concurrent/ThreadPoolExecutor`                               |    80 B |   4.6 KB |
| `java/util/concurrent/LinkedBlockingQueue`                              |    48 B |    144 B |
| `java/lang/Class`                                                       |    32 B |    128 B |
| `java/lang/Class`                                                       |    32 B |    128 B |
| `java/util/concurrent/ThreadPoolExecutor$Worker`                        |    48 B |     48 B |
| `java/util/concurrent/ThreadPoolExecutor$Worker`                        |    48 B |     48 B |
| `java/util/concurrent/ThreadPoolExecutor$Worker`                        |    48 B |     48 B |
| `java/util/concurrent/ThreadPoolExecutor$Worker`                        |    48 B |     48 B |
| `java/util/concurrent/locks/AbstractQueuedSynchronizer$ConditionNode`   |    32 B |     32 B |
| `java/util/concurrent/locks/AbstractQueuedSynchronizer$ConditionObject` |    24 B |     24 B |
| `java/util/concurrent/atomic/AtomicInteger`                             |    16 B |     16 B |
| `java/util/concurrent/locks/ReentrantLock`                              |    16 B |     16 B |

- `java.util.concurrent.locks.AbstractQueuedSynchronizer$ConditionObject.awaitNanos (AbstractQueuedSynchronizer.java:1797)`
  - `java.util.concurrent.locks.AbstractQueuedSynchronizer$ConditionNode` retains 32 B (6.3%)
  - `java.util.concurrent.locks.AbstractQueuedSynchronizer$ConditionObject` retains 24 B (4.8%)
- `java.util.concurrent.LinkedBlockingQueue.poll (LinkedBlockingQueue.java:460)`
  - `java.util.concurrent.LinkedBlockingQueue` retains 144 B (28.6%)
  - `java.util.concurrent.atomic.AtomicInteger` retains 16 B (3.2%)
  - `java.util.concurrent.locks.ReentrantLock` retains 16 B (3.2%)
- `java.util.concurrent.ThreadPoolExecutor.getTask (ThreadPoolExecutor.java:1069)`
  - `java.util.concurrent.ThreadPoolExecutor` retains 4.6 KB (936.5%)
- `java.util.concurrent.ThreadPoolExecutor.runWorker (ThreadPoolExecutor.java:1130)`
  - `java.util.concurrent.ThreadPoolExecutor` retains 4.6 KB (936.5%)
  - `java.util.concurrent.ThreadPoolExecutor$Worker` retains 48 B (9.5%)
- `java.util.concurrent.ThreadPoolExecutor$Worker.run (ThreadPoolExecutor.java:642)`
  - `java.util.concurrent.ThreadPoolExecutor$Worker` retains 48 B (9.5%)
- `java.lang.Thread.runWith (Thread.java:1596)`
  - `java.lang.Class` retains 128 B (25.4%)
  - `java.util.concurrent.ThreadPoolExecutor$Worker` retains 48 B (9.5%)
- `java.lang.Thread.run (Thread.java:1583)`
  - `java.lang.Class` retains 128 B (25.4%)
  - `java.util.concurrent.ThreadPoolExecutor$Worker` retains 48 B (9.5%)

<a id="thread-204"></a>

### Thread 204 "block-manager-ask-thread-pool-55" (java/lang/Thread)

_Local roots: 14._

**Local root objects:**

| Object                                                                  | Shallow | Retained |
| ----------------------------------------------------------------------- | ------: | -------: |
| `java/util/concurrent/ThreadPoolExecutor`                               |    80 B |   4.6 KB |
| `java/util/concurrent/ThreadPoolExecutor`                               |    80 B |   4.6 KB |
| `java/util/concurrent/LinkedBlockingQueue`                              |    48 B |    144 B |
| `java/lang/Class`                                                       |    32 B |    128 B |
| `java/lang/Class`                                                       |    32 B |    128 B |
| `java/util/concurrent/TimeUnit`                                         |    80 B |     80 B |
| `java/util/concurrent/ThreadPoolExecutor$Worker`                        |    48 B |     48 B |
| `java/util/concurrent/ThreadPoolExecutor$Worker`                        |    48 B |     48 B |
| `java/util/concurrent/ThreadPoolExecutor$Worker`                        |    48 B |     48 B |
| `java/util/concurrent/ThreadPoolExecutor$Worker`                        |    48 B |     48 B |
| `java/util/concurrent/locks/AbstractQueuedSynchronizer$ConditionNode`   |    32 B |     32 B |
| `java/util/concurrent/locks/AbstractQueuedSynchronizer$ConditionObject` |    24 B |     24 B |
| `java/util/concurrent/atomic/AtomicInteger`                             |    16 B |     16 B |
| `java/util/concurrent/locks/ReentrantLock`                              |    16 B |     16 B |

- `java.util.concurrent.locks.AbstractQueuedSynchronizer$ConditionObject.awaitNanos (AbstractQueuedSynchronizer.java:1797)`
  - `java.util.concurrent.locks.AbstractQueuedSynchronizer$ConditionNode` retains 32 B (6.3%)
  - `java.util.concurrent.locks.AbstractQueuedSynchronizer$ConditionObject` retains 24 B (4.8%)
- `java.util.concurrent.LinkedBlockingQueue.poll (LinkedBlockingQueue.java:460)`
  - `java.util.concurrent.LinkedBlockingQueue` retains 144 B (28.6%)
  - `java.util.concurrent.TimeUnit` retains 80 B (15.9%)
  - `java.util.concurrent.atomic.AtomicInteger` retains 16 B (3.2%)
  - `java.util.concurrent.locks.ReentrantLock` retains 16 B (3.2%)
- `java.util.concurrent.ThreadPoolExecutor.getTask (ThreadPoolExecutor.java:1069)`
  - `java.util.concurrent.ThreadPoolExecutor` retains 4.6 KB (936.5%)
- `java.util.concurrent.ThreadPoolExecutor.runWorker (ThreadPoolExecutor.java:1130)`
  - `java.util.concurrent.ThreadPoolExecutor` retains 4.6 KB (936.5%)
  - `java.util.concurrent.ThreadPoolExecutor$Worker` retains 48 B (9.5%)
- `java.util.concurrent.ThreadPoolExecutor$Worker.run (ThreadPoolExecutor.java:642)`
  - `java.util.concurrent.ThreadPoolExecutor$Worker` retains 48 B (9.5%)
- `java.lang.Thread.runWith (Thread.java:1596)`
  - `java.lang.Class` retains 128 B (25.4%)
  - `java.util.concurrent.ThreadPoolExecutor$Worker` retains 48 B (9.5%)
- `java.lang.Thread.run (Thread.java:1583)`
  - `java.lang.Class` retains 128 B (25.4%)
  - `java.util.concurrent.ThreadPoolExecutor$Worker` retains 48 B (9.5%)

<a id="thread-205"></a>

### Thread 205 "block-manager-storage-async-thread-pool-84" (java/lang/Thread)

_Local roots: 14._

**Local root objects:**

| Object                                                                  | Shallow | Retained |
| ----------------------------------------------------------------------- | ------: | -------: |
| `java/util/concurrent/ThreadPoolExecutor`                               |    80 B |   4.6 KB |
| `java/util/concurrent/ThreadPoolExecutor`                               |    80 B |   4.6 KB |
| `java/util/concurrent/LinkedBlockingQueue`                              |    48 B |    144 B |
| `java/lang/Class`                                                       |    32 B |    128 B |
| `java/lang/Class`                                                       |    32 B |    128 B |
| `java/util/concurrent/TimeUnit`                                         |    80 B |     80 B |
| `java/util/concurrent/ThreadPoolExecutor$Worker`                        |    48 B |     48 B |
| `java/util/concurrent/ThreadPoolExecutor$Worker`                        |    48 B |     48 B |
| `java/util/concurrent/ThreadPoolExecutor$Worker`                        |    48 B |     48 B |
| `java/util/concurrent/ThreadPoolExecutor$Worker`                        |    48 B |     48 B |
| `java/util/concurrent/locks/AbstractQueuedSynchronizer$ConditionNode`   |    32 B |     32 B |
| `java/util/concurrent/locks/AbstractQueuedSynchronizer$ConditionObject` |    24 B |     24 B |
| `java/util/concurrent/atomic/AtomicInteger`                             |    16 B |     16 B |
| `java/util/concurrent/locks/ReentrantLock`                              |    16 B |     16 B |

- `java.util.concurrent.locks.AbstractQueuedSynchronizer$ConditionObject.awaitNanos (AbstractQueuedSynchronizer.java:1797)`
  - `java.util.concurrent.locks.AbstractQueuedSynchronizer$ConditionNode` retains 32 B (5.8%)
  - `java.util.concurrent.locks.AbstractQueuedSynchronizer$ConditionObject` retains 24 B (4.3%)
- `java.util.concurrent.LinkedBlockingQueue.poll (LinkedBlockingQueue.java:460)`
  - `java.util.concurrent.LinkedBlockingQueue` retains 144 B (26.1%)
  - `java.util.concurrent.TimeUnit` retains 80 B (14.5%)
  - `java.util.concurrent.atomic.AtomicInteger` retains 16 B (2.9%)
  - `java.util.concurrent.locks.ReentrantLock` retains 16 B (2.9%)
- `java.util.concurrent.ThreadPoolExecutor.getTask (ThreadPoolExecutor.java:1069)`
  - `java.util.concurrent.ThreadPoolExecutor` retains 4.6 KB (858.0%)
- `java.util.concurrent.ThreadPoolExecutor.runWorker (ThreadPoolExecutor.java:1130)`
  - `java.util.concurrent.ThreadPoolExecutor` retains 4.6 KB (858.0%)
  - `java.util.concurrent.ThreadPoolExecutor$Worker` retains 48 B (8.7%)
- `java.util.concurrent.ThreadPoolExecutor$Worker.run (ThreadPoolExecutor.java:642)`
  - `java.util.concurrent.ThreadPoolExecutor$Worker` retains 48 B (8.7%)
- `java.lang.Thread.runWith (Thread.java:1596)`
  - `java.lang.Class` retains 128 B (23.2%)
  - `java.util.concurrent.ThreadPoolExecutor$Worker` retains 48 B (8.7%)
- `java.lang.Thread.run (Thread.java:1583)`
  - `java.lang.Class` retains 128 B (23.2%)
  - `java.util.concurrent.ThreadPoolExecutor$Worker` retains 48 B (8.7%)

<a id="thread-206"></a>

### Thread 206 "block-manager-storage-async-thread-pool-85" (java/lang/Thread)

_Local roots: 14._

**Local root objects:**

| Object                                                                  | Shallow | Retained |
| ----------------------------------------------------------------------- | ------: | -------: |
| `java/util/concurrent/ThreadPoolExecutor`                               |    80 B |   4.6 KB |
| `java/util/concurrent/ThreadPoolExecutor`                               |    80 B |   4.6 KB |
| `java/util/concurrent/LinkedBlockingQueue`                              |    48 B |    144 B |
| `java/lang/Class`                                                       |    32 B |    128 B |
| `java/lang/Class`                                                       |    32 B |    128 B |
| `java/util/concurrent/TimeUnit`                                         |    80 B |     80 B |
| `java/util/concurrent/ThreadPoolExecutor$Worker`                        |    48 B |     48 B |
| `java/util/concurrent/ThreadPoolExecutor$Worker`                        |    48 B |     48 B |
| `java/util/concurrent/ThreadPoolExecutor$Worker`                        |    48 B |     48 B |
| `java/util/concurrent/ThreadPoolExecutor$Worker`                        |    48 B |     48 B |
| `java/util/concurrent/locks/AbstractQueuedSynchronizer$ConditionNode`   |    32 B |     32 B |
| `java/util/concurrent/locks/AbstractQueuedSynchronizer$ConditionObject` |    24 B |     24 B |
| `java/util/concurrent/atomic/AtomicInteger`                             |    16 B |     16 B |
| `java/util/concurrent/locks/ReentrantLock`                              |    16 B |     16 B |

- `java.util.concurrent.locks.AbstractQueuedSynchronizer$ConditionObject.awaitNanos (AbstractQueuedSynchronizer.java:1797)`
  - `java.util.concurrent.locks.AbstractQueuedSynchronizer$ConditionNode` retains 32 B (8.3%)
  - `java.util.concurrent.locks.AbstractQueuedSynchronizer$ConditionObject` retains 24 B (6.2%)
- `java.util.concurrent.LinkedBlockingQueue.poll (LinkedBlockingQueue.java:460)`
  - `java.util.concurrent.LinkedBlockingQueue` retains 144 B (37.5%)
  - `java.util.concurrent.TimeUnit` retains 80 B (20.8%)
  - `java.util.concurrent.atomic.AtomicInteger` retains 16 B (4.2%)
  - `java.util.concurrent.locks.ReentrantLock` retains 16 B (4.2%)
- `java.util.concurrent.ThreadPoolExecutor.getTask (ThreadPoolExecutor.java:1069)`
  - `java.util.concurrent.ThreadPoolExecutor` retains 4.6 KB (1233.3%)
- `java.util.concurrent.ThreadPoolExecutor.runWorker (ThreadPoolExecutor.java:1130)`
  - `java.util.concurrent.ThreadPoolExecutor` retains 4.6 KB (1233.3%)
  - `java.util.concurrent.ThreadPoolExecutor$Worker` retains 48 B (12.5%)
- `java.util.concurrent.ThreadPoolExecutor$Worker.run (ThreadPoolExecutor.java:642)`
  - `java.util.concurrent.ThreadPoolExecutor$Worker` retains 48 B (12.5%)
- `java.lang.Thread.runWith (Thread.java:1596)`
  - `java.lang.Class` retains 128 B (33.3%)
  - `java.util.concurrent.ThreadPoolExecutor$Worker` retains 48 B (12.5%)
- `java.lang.Thread.run (Thread.java:1583)`
  - `java.lang.Class` retains 128 B (33.3%)
  - `java.util.concurrent.ThreadPoolExecutor$Worker` retains 48 B (12.5%)

<a id="thread-207"></a>

### Thread 207 "block-manager-storage-async-thread-pool-86" (java/lang/Thread)

_Local roots: 13._

**Local root objects:**

| Object                                                                  | Shallow | Retained |
| ----------------------------------------------------------------------- | ------: | -------: |
| `java/util/concurrent/ThreadPoolExecutor`                               |    80 B |   4.6 KB |
| `java/util/concurrent/ThreadPoolExecutor`                               |    80 B |   4.6 KB |
| `java/util/concurrent/LinkedBlockingQueue`                              |    48 B |    144 B |
| `java/lang/Class`                                                       |    32 B |    128 B |
| `java/lang/Class`                                                       |    32 B |    128 B |
| `java/util/concurrent/ThreadPoolExecutor$Worker`                        |    48 B |     48 B |
| `java/util/concurrent/ThreadPoolExecutor$Worker`                        |    48 B |     48 B |
| `java/util/concurrent/ThreadPoolExecutor$Worker`                        |    48 B |     48 B |
| `java/util/concurrent/ThreadPoolExecutor$Worker`                        |    48 B |     48 B |
| `java/util/concurrent/locks/AbstractQueuedSynchronizer$ConditionNode`   |    32 B |     32 B |
| `java/util/concurrent/locks/AbstractQueuedSynchronizer$ConditionObject` |    24 B |     24 B |
| `java/util/concurrent/atomic/AtomicInteger`                             |    16 B |     16 B |
| `java/util/concurrent/locks/ReentrantLock`                              |    16 B |     16 B |

- `java.util.concurrent.locks.AbstractQueuedSynchronizer$ConditionObject.awaitNanos (AbstractQueuedSynchronizer.java:1797)`
  - `java.util.concurrent.locks.AbstractQueuedSynchronizer$ConditionNode` retains 32 B (6.2%)
  - `java.util.concurrent.locks.AbstractQueuedSynchronizer$ConditionObject` retains 24 B (4.6%)
- `java.util.concurrent.LinkedBlockingQueue.poll (LinkedBlockingQueue.java:460)`
  - `java.util.concurrent.LinkedBlockingQueue` retains 144 B (27.7%)
  - `java.util.concurrent.atomic.AtomicInteger` retains 16 B (3.1%)
  - `java.util.concurrent.locks.ReentrantLock` retains 16 B (3.1%)
- `java.util.concurrent.ThreadPoolExecutor.getTask (ThreadPoolExecutor.java:1069)`
  - `java.util.concurrent.ThreadPoolExecutor` retains 4.6 KB (910.8%)
- `java.util.concurrent.ThreadPoolExecutor.runWorker (ThreadPoolExecutor.java:1130)`
  - `java.util.concurrent.ThreadPoolExecutor` retains 4.6 KB (910.8%)
  - `java.util.concurrent.ThreadPoolExecutor$Worker` retains 48 B (9.2%)
- `java.util.concurrent.ThreadPoolExecutor$Worker.run (ThreadPoolExecutor.java:642)`
  - `java.util.concurrent.ThreadPoolExecutor$Worker` retains 48 B (9.2%)
- `java.lang.Thread.runWith (Thread.java:1596)`
  - `java.lang.Class` retains 128 B (24.6%)
  - `java.util.concurrent.ThreadPoolExecutor$Worker` retains 48 B (9.2%)
- `java.lang.Thread.run (Thread.java:1583)`
  - `java.lang.Class` retains 128 B (24.6%)
  - `java.util.concurrent.ThreadPoolExecutor$Worker` retains 48 B (9.2%)

<a id="thread-208"></a>

### Thread 208 "block-manager-ask-thread-pool-56" (java/lang/Thread)

_Local roots: 13._

**Local root objects:**

| Object                                                                  | Shallow | Retained |
| ----------------------------------------------------------------------- | ------: | -------: |
| `java/util/concurrent/ThreadPoolExecutor`                               |    80 B |   4.6 KB |
| `java/util/concurrent/ThreadPoolExecutor`                               |    80 B |   4.6 KB |
| `java/util/concurrent/LinkedBlockingQueue`                              |    48 B |    144 B |
| `java/lang/Class`                                                       |    32 B |    128 B |
| `java/lang/Class`                                                       |    32 B |    128 B |
| `java/util/concurrent/ThreadPoolExecutor$Worker`                        |    48 B |     48 B |
| `java/util/concurrent/ThreadPoolExecutor$Worker`                        |    48 B |     48 B |
| `java/util/concurrent/ThreadPoolExecutor$Worker`                        |    48 B |     48 B |
| `java/util/concurrent/ThreadPoolExecutor$Worker`                        |    48 B |     48 B |
| `java/util/concurrent/locks/AbstractQueuedSynchronizer$ConditionNode`   |    32 B |     32 B |
| `java/util/concurrent/locks/AbstractQueuedSynchronizer$ConditionObject` |    24 B |     24 B |
| `java/util/concurrent/atomic/AtomicInteger`                             |    16 B |     16 B |
| `java/util/concurrent/locks/ReentrantLock`                              |    16 B |     16 B |

- `java.util.concurrent.locks.AbstractQueuedSynchronizer$ConditionObject.awaitNanos (AbstractQueuedSynchronizer.java:1797)`
  - `java.util.concurrent.locks.AbstractQueuedSynchronizer$ConditionNode` retains 32 B (6.3%)
  - `java.util.concurrent.locks.AbstractQueuedSynchronizer$ConditionObject` retains 24 B (4.8%)
- `java.util.concurrent.LinkedBlockingQueue.poll (LinkedBlockingQueue.java:460)`
  - `java.util.concurrent.LinkedBlockingQueue` retains 144 B (28.6%)
  - `java.util.concurrent.atomic.AtomicInteger` retains 16 B (3.2%)
  - `java.util.concurrent.locks.ReentrantLock` retains 16 B (3.2%)
- `java.util.concurrent.ThreadPoolExecutor.getTask (ThreadPoolExecutor.java:1069)`
  - `java.util.concurrent.ThreadPoolExecutor` retains 4.6 KB (936.5%)
- `java.util.concurrent.ThreadPoolExecutor.runWorker (ThreadPoolExecutor.java:1130)`
  - `java.util.concurrent.ThreadPoolExecutor` retains 4.6 KB (936.5%)
  - `java.util.concurrent.ThreadPoolExecutor$Worker` retains 48 B (9.5%)
- `java.util.concurrent.ThreadPoolExecutor$Worker.run (ThreadPoolExecutor.java:642)`
  - `java.util.concurrent.ThreadPoolExecutor$Worker` retains 48 B (9.5%)
- `java.lang.Thread.runWith (Thread.java:1596)`
  - `java.lang.Class` retains 128 B (25.4%)
  - `java.util.concurrent.ThreadPoolExecutor$Worker` retains 48 B (9.5%)
- `java.lang.Thread.run (Thread.java:1583)`
  - `java.lang.Class` retains 128 B (25.4%)
  - `java.util.concurrent.ThreadPoolExecutor$Worker` retains 48 B (9.5%)

<a id="thread-209"></a>

### Thread 209 "block-manager-ask-thread-pool-57" (java/lang/Thread)

_Local roots: 14._

**Local root objects:**

| Object                                                                  | Shallow | Retained |
| ----------------------------------------------------------------------- | ------: | -------: |
| `java/util/concurrent/ThreadPoolExecutor`                               |    80 B |   4.6 KB |
| `java/util/concurrent/ThreadPoolExecutor`                               |    80 B |   4.6 KB |
| `java/util/concurrent/LinkedBlockingQueue`                              |    48 B |    144 B |
| `java/lang/Class`                                                       |    32 B |    128 B |
| `java/lang/Class`                                                       |    32 B |    128 B |
| `java/util/concurrent/TimeUnit`                                         |    80 B |     80 B |
| `java/util/concurrent/ThreadPoolExecutor$Worker`                        |    48 B |     48 B |
| `java/util/concurrent/ThreadPoolExecutor$Worker`                        |    48 B |     48 B |
| `java/util/concurrent/ThreadPoolExecutor$Worker`                        |    48 B |     48 B |
| `java/util/concurrent/ThreadPoolExecutor$Worker`                        |    48 B |     48 B |
| `java/util/concurrent/locks/AbstractQueuedSynchronizer$ConditionNode`   |    32 B |     32 B |
| `java/util/concurrent/locks/AbstractQueuedSynchronizer$ConditionObject` |    24 B |     24 B |
| `java/util/concurrent/atomic/AtomicInteger`                             |    16 B |     16 B |
| `java/util/concurrent/locks/ReentrantLock`                              |    16 B |     16 B |

- `java.util.concurrent.locks.AbstractQueuedSynchronizer$ConditionObject.awaitNanos (AbstractQueuedSynchronizer.java:1797)`
  - `java.util.concurrent.locks.AbstractQueuedSynchronizer$ConditionNode` retains 32 B (6.3%)
  - `java.util.concurrent.locks.AbstractQueuedSynchronizer$ConditionObject` retains 24 B (4.8%)
- `java.util.concurrent.LinkedBlockingQueue.poll (LinkedBlockingQueue.java:460)`
  - `java.util.concurrent.LinkedBlockingQueue` retains 144 B (28.6%)
  - `java.util.concurrent.TimeUnit` retains 80 B (15.9%)
  - `java.util.concurrent.atomic.AtomicInteger` retains 16 B (3.2%)
  - `java.util.concurrent.locks.ReentrantLock` retains 16 B (3.2%)
- `java.util.concurrent.ThreadPoolExecutor.getTask (ThreadPoolExecutor.java:1069)`
  - `java.util.concurrent.ThreadPoolExecutor` retains 4.6 KB (936.5%)
- `java.util.concurrent.ThreadPoolExecutor.runWorker (ThreadPoolExecutor.java:1130)`
  - `java.util.concurrent.ThreadPoolExecutor` retains 4.6 KB (936.5%)
  - `java.util.concurrent.ThreadPoolExecutor$Worker` retains 48 B (9.5%)
- `java.util.concurrent.ThreadPoolExecutor$Worker.run (ThreadPoolExecutor.java:642)`
  - `java.util.concurrent.ThreadPoolExecutor$Worker` retains 48 B (9.5%)
- `java.lang.Thread.runWith (Thread.java:1596)`
  - `java.lang.Class` retains 128 B (25.4%)
  - `java.util.concurrent.ThreadPoolExecutor$Worker` retains 48 B (9.5%)
- `java.lang.Thread.run (Thread.java:1583)`
  - `java.lang.Class` retains 128 B (25.4%)
  - `java.util.concurrent.ThreadPoolExecutor$Worker` retains 48 B (9.5%)

<a id="thread-210"></a>

### Thread 210 "block-manager-storage-async-thread-pool-87" (java/lang/Thread)

_Local roots: 14._

**Local root objects:**

| Object                                                                  | Shallow | Retained |
| ----------------------------------------------------------------------- | ------: | -------: |
| `java/util/concurrent/ThreadPoolExecutor`                               |    80 B |   4.6 KB |
| `java/util/concurrent/ThreadPoolExecutor`                               |    80 B |   4.6 KB |
| `java/util/concurrent/LinkedBlockingQueue`                              |    48 B |    144 B |
| `java/lang/Class`                                                       |    32 B |    128 B |
| `java/lang/Class`                                                       |    32 B |    128 B |
| `java/util/concurrent/TimeUnit`                                         |    80 B |     80 B |
| `java/util/concurrent/ThreadPoolExecutor$Worker`                        |    48 B |     48 B |
| `java/util/concurrent/ThreadPoolExecutor$Worker`                        |    48 B |     48 B |
| `java/util/concurrent/ThreadPoolExecutor$Worker`                        |    48 B |     48 B |
| `java/util/concurrent/ThreadPoolExecutor$Worker`                        |    48 B |     48 B |
| `java/util/concurrent/locks/AbstractQueuedSynchronizer$ConditionNode`   |    32 B |     32 B |
| `java/util/concurrent/locks/AbstractQueuedSynchronizer$ConditionObject` |    24 B |     24 B |
| `java/util/concurrent/atomic/AtomicInteger`                             |    16 B |     16 B |
| `java/util/concurrent/locks/ReentrantLock`                              |    16 B |     16 B |

- `java.util.concurrent.locks.AbstractQueuedSynchronizer$ConditionObject.awaitNanos (AbstractQueuedSynchronizer.java:1797)`
  - `java.util.concurrent.locks.AbstractQueuedSynchronizer$ConditionNode` retains 32 B (5.8%)
  - `java.util.concurrent.locks.AbstractQueuedSynchronizer$ConditionObject` retains 24 B (4.3%)
- `java.util.concurrent.LinkedBlockingQueue.poll (LinkedBlockingQueue.java:460)`
  - `java.util.concurrent.LinkedBlockingQueue` retains 144 B (26.1%)
  - `java.util.concurrent.TimeUnit` retains 80 B (14.5%)
  - `java.util.concurrent.atomic.AtomicInteger` retains 16 B (2.9%)
  - `java.util.concurrent.locks.ReentrantLock` retains 16 B (2.9%)
- `java.util.concurrent.ThreadPoolExecutor.getTask (ThreadPoolExecutor.java:1069)`
  - `java.util.concurrent.ThreadPoolExecutor` retains 4.6 KB (858.0%)
- `java.util.concurrent.ThreadPoolExecutor.runWorker (ThreadPoolExecutor.java:1130)`
  - `java.util.concurrent.ThreadPoolExecutor` retains 4.6 KB (858.0%)
  - `java.util.concurrent.ThreadPoolExecutor$Worker` retains 48 B (8.7%)
- `java.util.concurrent.ThreadPoolExecutor$Worker.run (ThreadPoolExecutor.java:642)`
  - `java.util.concurrent.ThreadPoolExecutor$Worker` retains 48 B (8.7%)
- `java.lang.Thread.runWith (Thread.java:1596)`
  - `java.lang.Class` retains 128 B (23.2%)
  - `java.util.concurrent.ThreadPoolExecutor$Worker` retains 48 B (8.7%)
- `java.lang.Thread.run (Thread.java:1583)`
  - `java.lang.Class` retains 128 B (23.2%)
  - `java.util.concurrent.ThreadPoolExecutor$Worker` retains 48 B (8.7%)

<a id="thread-211"></a>

### Thread 211 "block-manager-storage-async-thread-pool-88" (java/lang/Thread)

_Local roots: 14._

**Local root objects:**

| Object                                                                  | Shallow | Retained |
| ----------------------------------------------------------------------- | ------: | -------: |
| `java/util/concurrent/ThreadPoolExecutor`                               |    80 B |   4.6 KB |
| `java/util/concurrent/ThreadPoolExecutor`                               |    80 B |   4.6 KB |
| `java/util/concurrent/LinkedBlockingQueue`                              |    48 B |    144 B |
| `java/lang/Class`                                                       |    32 B |    128 B |
| `java/lang/Class`                                                       |    32 B |    128 B |
| `java/util/concurrent/TimeUnit`                                         |    80 B |     80 B |
| `java/util/concurrent/ThreadPoolExecutor$Worker`                        |    48 B |     48 B |
| `java/util/concurrent/ThreadPoolExecutor$Worker`                        |    48 B |     48 B |
| `java/util/concurrent/ThreadPoolExecutor$Worker`                        |    48 B |     48 B |
| `java/util/concurrent/ThreadPoolExecutor$Worker`                        |    48 B |     48 B |
| `java/util/concurrent/locks/AbstractQueuedSynchronizer$ConditionNode`   |    32 B |     32 B |
| `java/util/concurrent/locks/AbstractQueuedSynchronizer$ConditionObject` |    24 B |     24 B |
| `java/util/concurrent/atomic/AtomicInteger`                             |    16 B |     16 B |
| `java/util/concurrent/locks/ReentrantLock`                              |    16 B |     16 B |

- `java.util.concurrent.locks.AbstractQueuedSynchronizer$ConditionObject.awaitNanos (AbstractQueuedSynchronizer.java:1797)`
  - `java.util.concurrent.locks.AbstractQueuedSynchronizer$ConditionNode` retains 32 B (8.3%)
  - `java.util.concurrent.locks.AbstractQueuedSynchronizer$ConditionObject` retains 24 B (6.2%)
- `java.util.concurrent.LinkedBlockingQueue.poll (LinkedBlockingQueue.java:460)`
  - `java.util.concurrent.LinkedBlockingQueue` retains 144 B (37.5%)
  - `java.util.concurrent.TimeUnit` retains 80 B (20.8%)
  - `java.util.concurrent.atomic.AtomicInteger` retains 16 B (4.2%)
  - `java.util.concurrent.locks.ReentrantLock` retains 16 B (4.2%)
- `java.util.concurrent.ThreadPoolExecutor.getTask (ThreadPoolExecutor.java:1069)`
  - `java.util.concurrent.ThreadPoolExecutor` retains 4.6 KB (1233.3%)
- `java.util.concurrent.ThreadPoolExecutor.runWorker (ThreadPoolExecutor.java:1130)`
  - `java.util.concurrent.ThreadPoolExecutor` retains 4.6 KB (1233.3%)
  - `java.util.concurrent.ThreadPoolExecutor$Worker` retains 48 B (12.5%)
- `java.util.concurrent.ThreadPoolExecutor$Worker.run (ThreadPoolExecutor.java:642)`
  - `java.util.concurrent.ThreadPoolExecutor$Worker` retains 48 B (12.5%)
- `java.lang.Thread.runWith (Thread.java:1596)`
  - `java.lang.Class` retains 128 B (33.3%)
  - `java.util.concurrent.ThreadPoolExecutor$Worker` retains 48 B (12.5%)
- `java.lang.Thread.run (Thread.java:1583)`
  - `java.lang.Class` retains 128 B (33.3%)
  - `java.util.concurrent.ThreadPoolExecutor$Worker` retains 48 B (12.5%)

<a id="thread-212"></a>

### Thread 212 "block-manager-storage-async-thread-pool-89" (java/lang/Thread)

_Local roots: 13._

**Local root objects:**

| Object                                                                  | Shallow | Retained |
| ----------------------------------------------------------------------- | ------: | -------: |
| `java/util/concurrent/ThreadPoolExecutor`                               |    80 B |   4.6 KB |
| `java/util/concurrent/ThreadPoolExecutor`                               |    80 B |   4.6 KB |
| `java/util/concurrent/LinkedBlockingQueue`                              |    48 B |    144 B |
| `java/lang/Class`                                                       |    32 B |    128 B |
| `java/lang/Class`                                                       |    32 B |    128 B |
| `java/util/concurrent/ThreadPoolExecutor$Worker`                        |    48 B |     48 B |
| `java/util/concurrent/ThreadPoolExecutor$Worker`                        |    48 B |     48 B |
| `java/util/concurrent/ThreadPoolExecutor$Worker`                        |    48 B |     48 B |
| `java/util/concurrent/ThreadPoolExecutor$Worker`                        |    48 B |     48 B |
| `java/util/concurrent/locks/AbstractQueuedSynchronizer$ConditionNode`   |    32 B |     32 B |
| `java/util/concurrent/locks/AbstractQueuedSynchronizer$ConditionObject` |    24 B |     24 B |
| `java/util/concurrent/atomic/AtomicInteger`                             |    16 B |     16 B |
| `java/util/concurrent/locks/ReentrantLock`                              |    16 B |     16 B |

- `java.util.concurrent.locks.AbstractQueuedSynchronizer$ConditionObject.awaitNanos (AbstractQueuedSynchronizer.java:1797)`
  - `java.util.concurrent.locks.AbstractQueuedSynchronizer$ConditionNode` retains 32 B (6.2%)
  - `java.util.concurrent.locks.AbstractQueuedSynchronizer$ConditionObject` retains 24 B (4.6%)
- `java.util.concurrent.LinkedBlockingQueue.poll (LinkedBlockingQueue.java:460)`
  - `java.util.concurrent.LinkedBlockingQueue` retains 144 B (27.7%)
  - `java.util.concurrent.atomic.AtomicInteger` retains 16 B (3.1%)
  - `java.util.concurrent.locks.ReentrantLock` retains 16 B (3.1%)
- `java.util.concurrent.ThreadPoolExecutor.getTask (ThreadPoolExecutor.java:1069)`
  - `java.util.concurrent.ThreadPoolExecutor` retains 4.6 KB (910.8%)
- `java.util.concurrent.ThreadPoolExecutor.runWorker (ThreadPoolExecutor.java:1130)`
  - `java.util.concurrent.ThreadPoolExecutor` retains 4.6 KB (910.8%)
  - `java.util.concurrent.ThreadPoolExecutor$Worker` retains 48 B (9.2%)
- `java.util.concurrent.ThreadPoolExecutor$Worker.run (ThreadPoolExecutor.java:642)`
  - `java.util.concurrent.ThreadPoolExecutor$Worker` retains 48 B (9.2%)
- `java.lang.Thread.runWith (Thread.java:1596)`
  - `java.lang.Class` retains 128 B (24.6%)
  - `java.util.concurrent.ThreadPoolExecutor$Worker` retains 48 B (9.2%)
- `java.lang.Thread.run (Thread.java:1583)`
  - `java.lang.Class` retains 128 B (24.6%)
  - `java.util.concurrent.ThreadPoolExecutor$Worker` retains 48 B (9.2%)

<a id="thread-213"></a>

### Thread 213 "block-manager-ask-thread-pool-58" (java/lang/Thread)

_Local roots: 13._

**Local root objects:**

| Object                                                                  | Shallow | Retained |
| ----------------------------------------------------------------------- | ------: | -------: |
| `java/util/concurrent/ThreadPoolExecutor`                               |    80 B |   4.6 KB |
| `java/util/concurrent/ThreadPoolExecutor`                               |    80 B |   4.6 KB |
| `java/util/concurrent/LinkedBlockingQueue`                              |    48 B |    144 B |
| `java/lang/Class`                                                       |    32 B |    128 B |
| `java/lang/Class`                                                       |    32 B |    128 B |
| `java/util/concurrent/ThreadPoolExecutor$Worker`                        |    48 B |     48 B |
| `java/util/concurrent/ThreadPoolExecutor$Worker`                        |    48 B |     48 B |
| `java/util/concurrent/ThreadPoolExecutor$Worker`                        |    48 B |     48 B |
| `java/util/concurrent/ThreadPoolExecutor$Worker`                        |    48 B |     48 B |
| `java/util/concurrent/locks/AbstractQueuedSynchronizer$ConditionNode`   |    32 B |     32 B |
| `java/util/concurrent/locks/AbstractQueuedSynchronizer$ConditionObject` |    24 B |     24 B |
| `java/util/concurrent/atomic/AtomicInteger`                             |    16 B |     16 B |
| `java/util/concurrent/locks/ReentrantLock`                              |    16 B |     16 B |

- `java.util.concurrent.locks.AbstractQueuedSynchronizer$ConditionObject.awaitNanos (AbstractQueuedSynchronizer.java:1797)`
  - `java.util.concurrent.locks.AbstractQueuedSynchronizer$ConditionNode` retains 32 B (6.3%)
  - `java.util.concurrent.locks.AbstractQueuedSynchronizer$ConditionObject` retains 24 B (4.8%)
- `java.util.concurrent.LinkedBlockingQueue.poll (LinkedBlockingQueue.java:460)`
  - `java.util.concurrent.LinkedBlockingQueue` retains 144 B (28.6%)
  - `java.util.concurrent.atomic.AtomicInteger` retains 16 B (3.2%)
  - `java.util.concurrent.locks.ReentrantLock` retains 16 B (3.2%)
- `java.util.concurrent.ThreadPoolExecutor.getTask (ThreadPoolExecutor.java:1069)`
  - `java.util.concurrent.ThreadPoolExecutor` retains 4.6 KB (936.5%)
- `java.util.concurrent.ThreadPoolExecutor.runWorker (ThreadPoolExecutor.java:1130)`
  - `java.util.concurrent.ThreadPoolExecutor` retains 4.6 KB (936.5%)
  - `java.util.concurrent.ThreadPoolExecutor$Worker` retains 48 B (9.5%)
- `java.util.concurrent.ThreadPoolExecutor$Worker.run (ThreadPoolExecutor.java:642)`
  - `java.util.concurrent.ThreadPoolExecutor$Worker` retains 48 B (9.5%)
- `java.lang.Thread.runWith (Thread.java:1596)`
  - `java.lang.Class` retains 128 B (25.4%)
  - `java.util.concurrent.ThreadPoolExecutor$Worker` retains 48 B (9.5%)
- `java.lang.Thread.run (Thread.java:1583)`
  - `java.lang.Class` retains 128 B (25.4%)
  - `java.util.concurrent.ThreadPoolExecutor$Worker` retains 48 B (9.5%)

<a id="thread-214"></a>

### Thread 214 "block-manager-ask-thread-pool-59" (java/lang/Thread)

_Local roots: 14._

**Local root objects:**

| Object                                                                  | Shallow | Retained |
| ----------------------------------------------------------------------- | ------: | -------: |
| `java/util/concurrent/ThreadPoolExecutor`                               |    80 B |   4.6 KB |
| `java/util/concurrent/ThreadPoolExecutor`                               |    80 B |   4.6 KB |
| `java/util/concurrent/LinkedBlockingQueue`                              |    48 B |    144 B |
| `java/lang/Class`                                                       |    32 B |    128 B |
| `java/lang/Class`                                                       |    32 B |    128 B |
| `java/util/concurrent/TimeUnit`                                         |    80 B |     80 B |
| `java/util/concurrent/ThreadPoolExecutor$Worker`                        |    48 B |     48 B |
| `java/util/concurrent/ThreadPoolExecutor$Worker`                        |    48 B |     48 B |
| `java/util/concurrent/ThreadPoolExecutor$Worker`                        |    48 B |     48 B |
| `java/util/concurrent/ThreadPoolExecutor$Worker`                        |    48 B |     48 B |
| `java/util/concurrent/locks/AbstractQueuedSynchronizer$ConditionNode`   |    32 B |     32 B |
| `java/util/concurrent/locks/AbstractQueuedSynchronizer$ConditionObject` |    24 B |     24 B |
| `java/util/concurrent/atomic/AtomicInteger`                             |    16 B |     16 B |
| `java/util/concurrent/locks/ReentrantLock`                              |    16 B |     16 B |

- `java.util.concurrent.locks.AbstractQueuedSynchronizer$ConditionObject.awaitNanos (AbstractQueuedSynchronizer.java:1797)`
  - `java.util.concurrent.locks.AbstractQueuedSynchronizer$ConditionNode` retains 32 B (6.3%)
  - `java.util.concurrent.locks.AbstractQueuedSynchronizer$ConditionObject` retains 24 B (4.8%)
- `java.util.concurrent.LinkedBlockingQueue.poll (LinkedBlockingQueue.java:460)`
  - `java.util.concurrent.LinkedBlockingQueue` retains 144 B (28.6%)
  - `java.util.concurrent.TimeUnit` retains 80 B (15.9%)
  - `java.util.concurrent.atomic.AtomicInteger` retains 16 B (3.2%)
  - `java.util.concurrent.locks.ReentrantLock` retains 16 B (3.2%)
- `java.util.concurrent.ThreadPoolExecutor.getTask (ThreadPoolExecutor.java:1069)`
  - `java.util.concurrent.ThreadPoolExecutor` retains 4.6 KB (936.5%)
- `java.util.concurrent.ThreadPoolExecutor.runWorker (ThreadPoolExecutor.java:1130)`
  - `java.util.concurrent.ThreadPoolExecutor` retains 4.6 KB (936.5%)
  - `java.util.concurrent.ThreadPoolExecutor$Worker` retains 48 B (9.5%)
- `java.util.concurrent.ThreadPoolExecutor$Worker.run (ThreadPoolExecutor.java:642)`
  - `java.util.concurrent.ThreadPoolExecutor$Worker` retains 48 B (9.5%)
- `java.lang.Thread.runWith (Thread.java:1596)`
  - `java.lang.Class` retains 128 B (25.4%)
  - `java.util.concurrent.ThreadPoolExecutor$Worker` retains 48 B (9.5%)
- `java.lang.Thread.run (Thread.java:1583)`
  - `java.lang.Class` retains 128 B (25.4%)
  - `java.util.concurrent.ThreadPoolExecutor$Worker` retains 48 B (9.5%)

<a id="thread-215"></a>

### Thread 215 "block-manager-storage-async-thread-pool-90" (java/lang/Thread)

_Local roots: 14._

**Local root objects:**

| Object                                                                  | Shallow | Retained |
| ----------------------------------------------------------------------- | ------: | -------: |
| `java/util/concurrent/ThreadPoolExecutor`                               |    80 B |   4.6 KB |
| `java/util/concurrent/ThreadPoolExecutor`                               |    80 B |   4.6 KB |
| `java/util/concurrent/LinkedBlockingQueue`                              |    48 B |    144 B |
| `java/lang/Class`                                                       |    32 B |    128 B |
| `java/lang/Class`                                                       |    32 B |    128 B |
| `java/util/concurrent/TimeUnit`                                         |    80 B |     80 B |
| `java/util/concurrent/ThreadPoolExecutor$Worker`                        |    48 B |     48 B |
| `java/util/concurrent/ThreadPoolExecutor$Worker`                        |    48 B |     48 B |
| `java/util/concurrent/ThreadPoolExecutor$Worker`                        |    48 B |     48 B |
| `java/util/concurrent/ThreadPoolExecutor$Worker`                        |    48 B |     48 B |
| `java/util/concurrent/locks/AbstractQueuedSynchronizer$ConditionNode`   |    32 B |     32 B |
| `java/util/concurrent/locks/AbstractQueuedSynchronizer$ConditionObject` |    24 B |     24 B |
| `java/util/concurrent/atomic/AtomicInteger`                             |    16 B |     16 B |
| `java/util/concurrent/locks/ReentrantLock`                              |    16 B |     16 B |

- `java.util.concurrent.locks.AbstractQueuedSynchronizer$ConditionObject.awaitNanos (AbstractQueuedSynchronizer.java:1797)`
  - `java.util.concurrent.locks.AbstractQueuedSynchronizer$ConditionNode` retains 32 B (5.8%)
  - `java.util.concurrent.locks.AbstractQueuedSynchronizer$ConditionObject` retains 24 B (4.3%)
- `java.util.concurrent.LinkedBlockingQueue.poll (LinkedBlockingQueue.java:460)`
  - `java.util.concurrent.LinkedBlockingQueue` retains 144 B (26.1%)
  - `java.util.concurrent.TimeUnit` retains 80 B (14.5%)
  - `java.util.concurrent.atomic.AtomicInteger` retains 16 B (2.9%)
  - `java.util.concurrent.locks.ReentrantLock` retains 16 B (2.9%)
- `java.util.concurrent.ThreadPoolExecutor.getTask (ThreadPoolExecutor.java:1069)`
  - `java.util.concurrent.ThreadPoolExecutor` retains 4.6 KB (858.0%)
- `java.util.concurrent.ThreadPoolExecutor.runWorker (ThreadPoolExecutor.java:1130)`
  - `java.util.concurrent.ThreadPoolExecutor` retains 4.6 KB (858.0%)
  - `java.util.concurrent.ThreadPoolExecutor$Worker` retains 48 B (8.7%)
- `java.util.concurrent.ThreadPoolExecutor$Worker.run (ThreadPoolExecutor.java:642)`
  - `java.util.concurrent.ThreadPoolExecutor$Worker` retains 48 B (8.7%)
- `java.lang.Thread.runWith (Thread.java:1596)`
  - `java.lang.Class` retains 128 B (23.2%)
  - `java.util.concurrent.ThreadPoolExecutor$Worker` retains 48 B (8.7%)
- `java.lang.Thread.run (Thread.java:1583)`
  - `java.lang.Class` retains 128 B (23.2%)
  - `java.util.concurrent.ThreadPoolExecutor$Worker` retains 48 B (8.7%)

<a id="thread-216"></a>

### Thread 216 "block-manager-storage-async-thread-pool-91" (java/lang/Thread)

_Local roots: 14._

**Local root objects:**

| Object                                                                  | Shallow | Retained |
| ----------------------------------------------------------------------- | ------: | -------: |
| `java/util/concurrent/ThreadPoolExecutor`                               |    80 B |   4.6 KB |
| `java/util/concurrent/ThreadPoolExecutor`                               |    80 B |   4.6 KB |
| `java/util/concurrent/LinkedBlockingQueue`                              |    48 B |    144 B |
| `java/lang/Class`                                                       |    32 B |    128 B |
| `java/lang/Class`                                                       |    32 B |    128 B |
| `java/util/concurrent/TimeUnit`                                         |    80 B |     80 B |
| `java/util/concurrent/ThreadPoolExecutor$Worker`                        |    48 B |     48 B |
| `java/util/concurrent/ThreadPoolExecutor$Worker`                        |    48 B |     48 B |
| `java/util/concurrent/ThreadPoolExecutor$Worker`                        |    48 B |     48 B |
| `java/util/concurrent/ThreadPoolExecutor$Worker`                        |    48 B |     48 B |
| `java/util/concurrent/locks/AbstractQueuedSynchronizer$ConditionNode`   |    32 B |     32 B |
| `java/util/concurrent/locks/AbstractQueuedSynchronizer$ConditionObject` |    24 B |     24 B |
| `java/util/concurrent/atomic/AtomicInteger`                             |    16 B |     16 B |
| `java/util/concurrent/locks/ReentrantLock`                              |    16 B |     16 B |

- `java.util.concurrent.locks.AbstractQueuedSynchronizer$ConditionObject.awaitNanos (AbstractQueuedSynchronizer.java:1797)`
  - `java.util.concurrent.locks.AbstractQueuedSynchronizer$ConditionNode` retains 32 B (8.3%)
  - `java.util.concurrent.locks.AbstractQueuedSynchronizer$ConditionObject` retains 24 B (6.2%)
- `java.util.concurrent.LinkedBlockingQueue.poll (LinkedBlockingQueue.java:460)`
  - `java.util.concurrent.LinkedBlockingQueue` retains 144 B (37.5%)
  - `java.util.concurrent.TimeUnit` retains 80 B (20.8%)
  - `java.util.concurrent.atomic.AtomicInteger` retains 16 B (4.2%)
  - `java.util.concurrent.locks.ReentrantLock` retains 16 B (4.2%)
- `java.util.concurrent.ThreadPoolExecutor.getTask (ThreadPoolExecutor.java:1069)`
  - `java.util.concurrent.ThreadPoolExecutor` retains 4.6 KB (1233.3%)
- `java.util.concurrent.ThreadPoolExecutor.runWorker (ThreadPoolExecutor.java:1130)`
  - `java.util.concurrent.ThreadPoolExecutor` retains 4.6 KB (1233.3%)
  - `java.util.concurrent.ThreadPoolExecutor$Worker` retains 48 B (12.5%)
- `java.util.concurrent.ThreadPoolExecutor$Worker.run (ThreadPoolExecutor.java:642)`
  - `java.util.concurrent.ThreadPoolExecutor$Worker` retains 48 B (12.5%)
- `java.lang.Thread.runWith (Thread.java:1596)`
  - `java.lang.Class` retains 128 B (33.3%)
  - `java.util.concurrent.ThreadPoolExecutor$Worker` retains 48 B (12.5%)
- `java.lang.Thread.run (Thread.java:1583)`
  - `java.lang.Class` retains 128 B (33.3%)
  - `java.util.concurrent.ThreadPoolExecutor$Worker` retains 48 B (12.5%)

<a id="thread-217"></a>

### Thread 217 "block-manager-storage-async-thread-pool-92" (java/lang/Thread)

_Local roots: 13._

**Local root objects:**

| Object                                                                  | Shallow | Retained |
| ----------------------------------------------------------------------- | ------: | -------: |
| `java/util/concurrent/ThreadPoolExecutor`                               |    80 B |   4.6 KB |
| `java/util/concurrent/ThreadPoolExecutor`                               |    80 B |   4.6 KB |
| `java/util/concurrent/LinkedBlockingQueue`                              |    48 B |    144 B |
| `java/lang/Class`                                                       |    32 B |    128 B |
| `java/lang/Class`                                                       |    32 B |    128 B |
| `java/util/concurrent/ThreadPoolExecutor$Worker`                        |    48 B |     48 B |
| `java/util/concurrent/ThreadPoolExecutor$Worker`                        |    48 B |     48 B |
| `java/util/concurrent/ThreadPoolExecutor$Worker`                        |    48 B |     48 B |
| `java/util/concurrent/ThreadPoolExecutor$Worker`                        |    48 B |     48 B |
| `java/util/concurrent/locks/AbstractQueuedSynchronizer$ConditionNode`   |    32 B |     32 B |
| `java/util/concurrent/locks/AbstractQueuedSynchronizer$ConditionObject` |    24 B |     24 B |
| `java/util/concurrent/atomic/AtomicInteger`                             |    16 B |     16 B |
| `java/util/concurrent/locks/ReentrantLock`                              |    16 B |     16 B |

- `java.util.concurrent.locks.AbstractQueuedSynchronizer$ConditionObject.awaitNanos (AbstractQueuedSynchronizer.java:1797)`
  - `java.util.concurrent.locks.AbstractQueuedSynchronizer$ConditionNode` retains 32 B (5.8%)
  - `java.util.concurrent.locks.AbstractQueuedSynchronizer$ConditionObject` retains 24 B (4.3%)
- `java.util.concurrent.LinkedBlockingQueue.poll (LinkedBlockingQueue.java:460)`
  - `java.util.concurrent.LinkedBlockingQueue` retains 144 B (26.1%)
  - `java.util.concurrent.atomic.AtomicInteger` retains 16 B (2.9%)
  - `java.util.concurrent.locks.ReentrantLock` retains 16 B (2.9%)
- `java.util.concurrent.ThreadPoolExecutor.getTask (ThreadPoolExecutor.java:1069)`
  - `java.util.concurrent.ThreadPoolExecutor` retains 4.6 KB (858.0%)
- `java.util.concurrent.ThreadPoolExecutor.runWorker (ThreadPoolExecutor.java:1130)`
  - `java.util.concurrent.ThreadPoolExecutor` retains 4.6 KB (858.0%)
  - `java.util.concurrent.ThreadPoolExecutor$Worker` retains 48 B (8.7%)
- `java.util.concurrent.ThreadPoolExecutor$Worker.run (ThreadPoolExecutor.java:642)`
  - `java.util.concurrent.ThreadPoolExecutor$Worker` retains 48 B (8.7%)
- `java.lang.Thread.runWith (Thread.java:1596)`
  - `java.lang.Class` retains 128 B (23.2%)
  - `java.util.concurrent.ThreadPoolExecutor$Worker` retains 48 B (8.7%)
- `java.lang.Thread.run (Thread.java:1583)`
  - `java.lang.Class` retains 128 B (23.2%)
  - `java.util.concurrent.ThreadPoolExecutor$Worker` retains 48 B (8.7%)

<a id="thread-218"></a>

### Thread 218 "block-manager-ask-thread-pool-60" (java/lang/Thread)

_Local roots: 13._

**Local root objects:**

| Object                                                                  | Shallow | Retained |
| ----------------------------------------------------------------------- | ------: | -------: |
| `java/util/concurrent/ThreadPoolExecutor`                               |    80 B |   4.6 KB |
| `java/util/concurrent/ThreadPoolExecutor`                               |    80 B |   4.6 KB |
| `java/util/concurrent/LinkedBlockingQueue`                              |    48 B |    144 B |
| `java/lang/Class`                                                       |    32 B |    128 B |
| `java/lang/Class`                                                       |    32 B |    128 B |
| `java/util/concurrent/ThreadPoolExecutor$Worker`                        |    48 B |     48 B |
| `java/util/concurrent/ThreadPoolExecutor$Worker`                        |    48 B |     48 B |
| `java/util/concurrent/ThreadPoolExecutor$Worker`                        |    48 B |     48 B |
| `java/util/concurrent/ThreadPoolExecutor$Worker`                        |    48 B |     48 B |
| `java/util/concurrent/locks/AbstractQueuedSynchronizer$ConditionNode`   |    32 B |     32 B |
| `java/util/concurrent/locks/AbstractQueuedSynchronizer$ConditionObject` |    24 B |     24 B |
| `java/util/concurrent/atomic/AtomicInteger`                             |    16 B |     16 B |
| `java/util/concurrent/locks/ReentrantLock`                              |    16 B |     16 B |

- `java.util.concurrent.locks.AbstractQueuedSynchronizer$ConditionObject.awaitNanos (AbstractQueuedSynchronizer.java:1797)`
  - `java.util.concurrent.locks.AbstractQueuedSynchronizer$ConditionNode` retains 32 B (6.3%)
  - `java.util.concurrent.locks.AbstractQueuedSynchronizer$ConditionObject` retains 24 B (4.8%)
- `java.util.concurrent.LinkedBlockingQueue.poll (LinkedBlockingQueue.java:460)`
  - `java.util.concurrent.LinkedBlockingQueue` retains 144 B (28.6%)
  - `java.util.concurrent.atomic.AtomicInteger` retains 16 B (3.2%)
  - `java.util.concurrent.locks.ReentrantLock` retains 16 B (3.2%)
- `java.util.concurrent.ThreadPoolExecutor.getTask (ThreadPoolExecutor.java:1069)`
  - `java.util.concurrent.ThreadPoolExecutor` retains 4.6 KB (936.5%)
- `java.util.concurrent.ThreadPoolExecutor.runWorker (ThreadPoolExecutor.java:1130)`
  - `java.util.concurrent.ThreadPoolExecutor` retains 4.6 KB (936.5%)
  - `java.util.concurrent.ThreadPoolExecutor$Worker` retains 48 B (9.5%)
- `java.util.concurrent.ThreadPoolExecutor$Worker.run (ThreadPoolExecutor.java:642)`
  - `java.util.concurrent.ThreadPoolExecutor$Worker` retains 48 B (9.5%)
- `java.lang.Thread.runWith (Thread.java:1596)`
  - `java.lang.Class` retains 128 B (25.4%)
  - `java.util.concurrent.ThreadPoolExecutor$Worker` retains 48 B (9.5%)
- `java.lang.Thread.run (Thread.java:1583)`
  - `java.lang.Class` retains 128 B (25.4%)
  - `java.util.concurrent.ThreadPoolExecutor$Worker` retains 48 B (9.5%)

<a id="thread-219"></a>

### Thread 219 "block-manager-ask-thread-pool-61" (java/lang/Thread)

_Local roots: 14._

**Local root objects:**

| Object                                                                  | Shallow | Retained |
| ----------------------------------------------------------------------- | ------: | -------: |
| `java/util/concurrent/ThreadPoolExecutor`                               |    80 B |   4.6 KB |
| `java/util/concurrent/ThreadPoolExecutor`                               |    80 B |   4.6 KB |
| `java/util/concurrent/LinkedBlockingQueue`                              |    48 B |    144 B |
| `java/lang/Class`                                                       |    32 B |    128 B |
| `java/lang/Class`                                                       |    32 B |    128 B |
| `java/util/concurrent/TimeUnit`                                         |    80 B |     80 B |
| `java/util/concurrent/ThreadPoolExecutor$Worker`                        |    48 B |     48 B |
| `java/util/concurrent/ThreadPoolExecutor$Worker`                        |    48 B |     48 B |
| `java/util/concurrent/ThreadPoolExecutor$Worker`                        |    48 B |     48 B |
| `java/util/concurrent/ThreadPoolExecutor$Worker`                        |    48 B |     48 B |
| `java/util/concurrent/locks/AbstractQueuedSynchronizer$ConditionNode`   |    32 B |     32 B |
| `java/util/concurrent/locks/AbstractQueuedSynchronizer$ConditionObject` |    24 B |     24 B |
| `java/util/concurrent/atomic/AtomicInteger`                             |    16 B |     16 B |
| `java/util/concurrent/locks/ReentrantLock`                              |    16 B |     16 B |

- `java.util.concurrent.locks.AbstractQueuedSynchronizer$ConditionObject.awaitNanos (AbstractQueuedSynchronizer.java:1797)`
  - `java.util.concurrent.locks.AbstractQueuedSynchronizer$ConditionNode` retains 32 B (6.3%)
  - `java.util.concurrent.locks.AbstractQueuedSynchronizer$ConditionObject` retains 24 B (4.8%)
- `java.util.concurrent.LinkedBlockingQueue.poll (LinkedBlockingQueue.java:460)`
  - `java.util.concurrent.LinkedBlockingQueue` retains 144 B (28.6%)
  - `java.util.concurrent.TimeUnit` retains 80 B (15.9%)
  - `java.util.concurrent.atomic.AtomicInteger` retains 16 B (3.2%)
  - `java.util.concurrent.locks.ReentrantLock` retains 16 B (3.2%)
- `java.util.concurrent.ThreadPoolExecutor.getTask (ThreadPoolExecutor.java:1069)`
  - `java.util.concurrent.ThreadPoolExecutor` retains 4.6 KB (936.5%)
- `java.util.concurrent.ThreadPoolExecutor.runWorker (ThreadPoolExecutor.java:1130)`
  - `java.util.concurrent.ThreadPoolExecutor` retains 4.6 KB (936.5%)
  - `java.util.concurrent.ThreadPoolExecutor$Worker` retains 48 B (9.5%)
- `java.util.concurrent.ThreadPoolExecutor$Worker.run (ThreadPoolExecutor.java:642)`
  - `java.util.concurrent.ThreadPoolExecutor$Worker` retains 48 B (9.5%)
- `java.lang.Thread.runWith (Thread.java:1596)`
  - `java.lang.Class` retains 128 B (25.4%)
  - `java.util.concurrent.ThreadPoolExecutor$Worker` retains 48 B (9.5%)
- `java.lang.Thread.run (Thread.java:1583)`
  - `java.lang.Class` retains 128 B (25.4%)
  - `java.util.concurrent.ThreadPoolExecutor$Worker` retains 48 B (9.5%)

<a id="thread-220"></a>

### Thread 220 "block-manager-storage-async-thread-pool-93" (java/lang/Thread)

_Local roots: 14._

**Local root objects:**

| Object                                                                  | Shallow | Retained |
| ----------------------------------------------------------------------- | ------: | -------: |
| `java/util/concurrent/ThreadPoolExecutor`                               |    80 B |   4.6 KB |
| `java/util/concurrent/ThreadPoolExecutor`                               |    80 B |   4.6 KB |
| `java/util/concurrent/LinkedBlockingQueue`                              |    48 B |    144 B |
| `java/lang/Class`                                                       |    32 B |    128 B |
| `java/lang/Class`                                                       |    32 B |    128 B |
| `java/util/concurrent/TimeUnit`                                         |    80 B |     80 B |
| `java/util/concurrent/ThreadPoolExecutor$Worker`                        |    48 B |     48 B |
| `java/util/concurrent/ThreadPoolExecutor$Worker`                        |    48 B |     48 B |
| `java/util/concurrent/ThreadPoolExecutor$Worker`                        |    48 B |     48 B |
| `java/util/concurrent/ThreadPoolExecutor$Worker`                        |    48 B |     48 B |
| `java/util/concurrent/locks/AbstractQueuedSynchronizer$ConditionNode`   |    32 B |     32 B |
| `java/util/concurrent/locks/AbstractQueuedSynchronizer$ConditionObject` |    24 B |     24 B |
| `java/util/concurrent/atomic/AtomicInteger`                             |    16 B |     16 B |
| `java/util/concurrent/locks/ReentrantLock`                              |    16 B |     16 B |

- `java.util.concurrent.locks.AbstractQueuedSynchronizer$ConditionObject.awaitNanos (AbstractQueuedSynchronizer.java:1797)`
  - `java.util.concurrent.locks.AbstractQueuedSynchronizer$ConditionNode` retains 32 B (5.8%)
  - `java.util.concurrent.locks.AbstractQueuedSynchronizer$ConditionObject` retains 24 B (4.3%)
- `java.util.concurrent.LinkedBlockingQueue.poll (LinkedBlockingQueue.java:460)`
  - `java.util.concurrent.LinkedBlockingQueue` retains 144 B (26.1%)
  - `java.util.concurrent.TimeUnit` retains 80 B (14.5%)
  - `java.util.concurrent.atomic.AtomicInteger` retains 16 B (2.9%)
  - `java.util.concurrent.locks.ReentrantLock` retains 16 B (2.9%)
- `java.util.concurrent.ThreadPoolExecutor.getTask (ThreadPoolExecutor.java:1069)`
  - `java.util.concurrent.ThreadPoolExecutor` retains 4.6 KB (858.0%)
- `java.util.concurrent.ThreadPoolExecutor.runWorker (ThreadPoolExecutor.java:1130)`
  - `java.util.concurrent.ThreadPoolExecutor` retains 4.6 KB (858.0%)
  - `java.util.concurrent.ThreadPoolExecutor$Worker` retains 48 B (8.7%)
- `java.util.concurrent.ThreadPoolExecutor$Worker.run (ThreadPoolExecutor.java:642)`
  - `java.util.concurrent.ThreadPoolExecutor$Worker` retains 48 B (8.7%)
- `java.lang.Thread.runWith (Thread.java:1596)`
  - `java.lang.Class` retains 128 B (23.2%)
  - `java.util.concurrent.ThreadPoolExecutor$Worker` retains 48 B (8.7%)
- `java.lang.Thread.run (Thread.java:1583)`
  - `java.lang.Class` retains 128 B (23.2%)
  - `java.util.concurrent.ThreadPoolExecutor$Worker` retains 48 B (8.7%)

<a id="thread-221"></a>

### Thread 221 "block-manager-storage-async-thread-pool-94" (java/lang/Thread)

_Local roots: 14._

**Local root objects:**

| Object                                                                  | Shallow | Retained |
| ----------------------------------------------------------------------- | ------: | -------: |
| `java/util/concurrent/ThreadPoolExecutor`                               |    80 B |   4.6 KB |
| `java/util/concurrent/ThreadPoolExecutor`                               |    80 B |   4.6 KB |
| `java/util/concurrent/LinkedBlockingQueue`                              |    48 B |    144 B |
| `java/lang/Class`                                                       |    32 B |    128 B |
| `java/lang/Class`                                                       |    32 B |    128 B |
| `java/util/concurrent/TimeUnit`                                         |    80 B |     80 B |
| `java/util/concurrent/ThreadPoolExecutor$Worker`                        |    48 B |     48 B |
| `java/util/concurrent/ThreadPoolExecutor$Worker`                        |    48 B |     48 B |
| `java/util/concurrent/ThreadPoolExecutor$Worker`                        |    48 B |     48 B |
| `java/util/concurrent/ThreadPoolExecutor$Worker`                        |    48 B |     48 B |
| `java/util/concurrent/locks/AbstractQueuedSynchronizer$ConditionNode`   |    32 B |     32 B |
| `java/util/concurrent/locks/AbstractQueuedSynchronizer$ConditionObject` |    24 B |     24 B |
| `java/util/concurrent/atomic/AtomicInteger`                             |    16 B |     16 B |
| `java/util/concurrent/locks/ReentrantLock`                              |    16 B |     16 B |

- `java.util.concurrent.locks.AbstractQueuedSynchronizer$ConditionObject.awaitNanos (AbstractQueuedSynchronizer.java:1797)`
  - `java.util.concurrent.locks.AbstractQueuedSynchronizer$ConditionNode` retains 32 B (8.3%)
  - `java.util.concurrent.locks.AbstractQueuedSynchronizer$ConditionObject` retains 24 B (6.2%)
- `java.util.concurrent.LinkedBlockingQueue.poll (LinkedBlockingQueue.java:460)`
  - `java.util.concurrent.LinkedBlockingQueue` retains 144 B (37.5%)
  - `java.util.concurrent.TimeUnit` retains 80 B (20.8%)
  - `java.util.concurrent.atomic.AtomicInteger` retains 16 B (4.2%)
  - `java.util.concurrent.locks.ReentrantLock` retains 16 B (4.2%)
- `java.util.concurrent.ThreadPoolExecutor.getTask (ThreadPoolExecutor.java:1069)`
  - `java.util.concurrent.ThreadPoolExecutor` retains 4.6 KB (1233.3%)
- `java.util.concurrent.ThreadPoolExecutor.runWorker (ThreadPoolExecutor.java:1130)`
  - `java.util.concurrent.ThreadPoolExecutor` retains 4.6 KB (1233.3%)
  - `java.util.concurrent.ThreadPoolExecutor$Worker` retains 48 B (12.5%)
- `java.util.concurrent.ThreadPoolExecutor$Worker.run (ThreadPoolExecutor.java:642)`
  - `java.util.concurrent.ThreadPoolExecutor$Worker` retains 48 B (12.5%)
- `java.lang.Thread.runWith (Thread.java:1596)`
  - `java.lang.Class` retains 128 B (33.3%)
  - `java.util.concurrent.ThreadPoolExecutor$Worker` retains 48 B (12.5%)
- `java.lang.Thread.run (Thread.java:1583)`
  - `java.lang.Class` retains 128 B (33.3%)
  - `java.util.concurrent.ThreadPoolExecutor$Worker` retains 48 B (12.5%)

<a id="thread-222"></a>

### Thread 222 "block-manager-storage-async-thread-pool-95" (java/lang/Thread)

_Local roots: 13._

**Local root objects:**

| Object                                                                  | Shallow | Retained |
| ----------------------------------------------------------------------- | ------: | -------: |
| `java/util/concurrent/ThreadPoolExecutor`                               |    80 B |   4.6 KB |
| `java/util/concurrent/ThreadPoolExecutor`                               |    80 B |   4.6 KB |
| `java/util/concurrent/LinkedBlockingQueue`                              |    48 B |    144 B |
| `java/lang/Class`                                                       |    32 B |    128 B |
| `java/lang/Class`                                                       |    32 B |    128 B |
| `java/util/concurrent/ThreadPoolExecutor$Worker`                        |    48 B |     48 B |
| `java/util/concurrent/ThreadPoolExecutor$Worker`                        |    48 B |     48 B |
| `java/util/concurrent/ThreadPoolExecutor$Worker`                        |    48 B |     48 B |
| `java/util/concurrent/ThreadPoolExecutor$Worker`                        |    48 B |     48 B |
| `java/util/concurrent/locks/AbstractQueuedSynchronizer$ConditionNode`   |    32 B |     32 B |
| `java/util/concurrent/locks/AbstractQueuedSynchronizer$ConditionObject` |    24 B |     24 B |
| `java/util/concurrent/atomic/AtomicInteger`                             |    16 B |     16 B |
| `java/util/concurrent/locks/ReentrantLock`                              |    16 B |     16 B |

- `java.util.concurrent.locks.AbstractQueuedSynchronizer$ConditionObject.awaitNanos (AbstractQueuedSynchronizer.java:1797)`
  - `java.util.concurrent.locks.AbstractQueuedSynchronizer$ConditionNode` retains 32 B (5.8%)
  - `java.util.concurrent.locks.AbstractQueuedSynchronizer$ConditionObject` retains 24 B (4.3%)
- `java.util.concurrent.LinkedBlockingQueue.poll (LinkedBlockingQueue.java:460)`
  - `java.util.concurrent.LinkedBlockingQueue` retains 144 B (26.1%)
  - `java.util.concurrent.atomic.AtomicInteger` retains 16 B (2.9%)
  - `java.util.concurrent.locks.ReentrantLock` retains 16 B (2.9%)
- `java.util.concurrent.ThreadPoolExecutor.getTask (ThreadPoolExecutor.java:1069)`
  - `java.util.concurrent.ThreadPoolExecutor` retains 4.6 KB (858.0%)
- `java.util.concurrent.ThreadPoolExecutor.runWorker (ThreadPoolExecutor.java:1130)`
  - `java.util.concurrent.ThreadPoolExecutor` retains 4.6 KB (858.0%)
  - `java.util.concurrent.ThreadPoolExecutor$Worker` retains 48 B (8.7%)
- `java.util.concurrent.ThreadPoolExecutor$Worker.run (ThreadPoolExecutor.java:642)`
  - `java.util.concurrent.ThreadPoolExecutor$Worker` retains 48 B (8.7%)
- `java.lang.Thread.runWith (Thread.java:1596)`
  - `java.lang.Class` retains 128 B (23.2%)
  - `java.util.concurrent.ThreadPoolExecutor$Worker` retains 48 B (8.7%)
- `java.lang.Thread.run (Thread.java:1583)`
  - `java.lang.Class` retains 128 B (23.2%)
  - `java.util.concurrent.ThreadPoolExecutor$Worker` retains 48 B (8.7%)

<a id="thread-223"></a>

### Thread 223 "block-manager-ask-thread-pool-62" (java/lang/Thread)

_Local roots: 13._

**Local root objects:**

| Object                                                                  | Shallow | Retained |
| ----------------------------------------------------------------------- | ------: | -------: |
| `java/util/concurrent/ThreadPoolExecutor`                               |    80 B |   4.6 KB |
| `java/util/concurrent/ThreadPoolExecutor`                               |    80 B |   4.6 KB |
| `java/util/concurrent/LinkedBlockingQueue`                              |    48 B |    144 B |
| `java/lang/Class`                                                       |    32 B |    128 B |
| `java/lang/Class`                                                       |    32 B |    128 B |
| `java/util/concurrent/ThreadPoolExecutor$Worker`                        |    48 B |     48 B |
| `java/util/concurrent/ThreadPoolExecutor$Worker`                        |    48 B |     48 B |
| `java/util/concurrent/ThreadPoolExecutor$Worker`                        |    48 B |     48 B |
| `java/util/concurrent/ThreadPoolExecutor$Worker`                        |    48 B |     48 B |
| `java/util/concurrent/locks/AbstractQueuedSynchronizer$ConditionNode`   |    32 B |     32 B |
| `java/util/concurrent/locks/AbstractQueuedSynchronizer$ConditionObject` |    24 B |     24 B |
| `java/util/concurrent/atomic/AtomicInteger`                             |    16 B |     16 B |
| `java/util/concurrent/locks/ReentrantLock`                              |    16 B |     16 B |

- `java.util.concurrent.locks.AbstractQueuedSynchronizer$ConditionObject.awaitNanos (AbstractQueuedSynchronizer.java:1797)`
  - `java.util.concurrent.locks.AbstractQueuedSynchronizer$ConditionNode` retains 32 B (6.3%)
  - `java.util.concurrent.locks.AbstractQueuedSynchronizer$ConditionObject` retains 24 B (4.8%)
- `java.util.concurrent.LinkedBlockingQueue.poll (LinkedBlockingQueue.java:460)`
  - `java.util.concurrent.LinkedBlockingQueue` retains 144 B (28.6%)
  - `java.util.concurrent.atomic.AtomicInteger` retains 16 B (3.2%)
  - `java.util.concurrent.locks.ReentrantLock` retains 16 B (3.2%)
- `java.util.concurrent.ThreadPoolExecutor.getTask (ThreadPoolExecutor.java:1069)`
  - `java.util.concurrent.ThreadPoolExecutor` retains 4.6 KB (936.5%)
- `java.util.concurrent.ThreadPoolExecutor.runWorker (ThreadPoolExecutor.java:1130)`
  - `java.util.concurrent.ThreadPoolExecutor` retains 4.6 KB (936.5%)
  - `java.util.concurrent.ThreadPoolExecutor$Worker` retains 48 B (9.5%)
- `java.util.concurrent.ThreadPoolExecutor$Worker.run (ThreadPoolExecutor.java:642)`
  - `java.util.concurrent.ThreadPoolExecutor$Worker` retains 48 B (9.5%)
- `java.lang.Thread.runWith (Thread.java:1596)`
  - `java.lang.Class` retains 128 B (25.4%)
  - `java.util.concurrent.ThreadPoolExecutor$Worker` retains 48 B (9.5%)
- `java.lang.Thread.run (Thread.java:1583)`
  - `java.lang.Class` retains 128 B (25.4%)
  - `java.util.concurrent.ThreadPoolExecutor$Worker` retains 48 B (9.5%)

<a id="thread-224"></a>

### Thread 224 "block-manager-ask-thread-pool-63" (java/lang/Thread)

_Local roots: 14._

**Local root objects:**

| Object                                                                  | Shallow | Retained |
| ----------------------------------------------------------------------- | ------: | -------: |
| `java/util/concurrent/ThreadPoolExecutor`                               |    80 B |   4.6 KB |
| `java/util/concurrent/ThreadPoolExecutor`                               |    80 B |   4.6 KB |
| `java/util/concurrent/LinkedBlockingQueue`                              |    48 B |    144 B |
| `java/lang/Class`                                                       |    32 B |    128 B |
| `java/lang/Class`                                                       |    32 B |    128 B |
| `java/util/concurrent/TimeUnit`                                         |    80 B |     80 B |
| `java/util/concurrent/ThreadPoolExecutor$Worker`                        |    48 B |     48 B |
| `java/util/concurrent/ThreadPoolExecutor$Worker`                        |    48 B |     48 B |
| `java/util/concurrent/ThreadPoolExecutor$Worker`                        |    48 B |     48 B |
| `java/util/concurrent/ThreadPoolExecutor$Worker`                        |    48 B |     48 B |
| `java/util/concurrent/locks/AbstractQueuedSynchronizer$ConditionNode`   |    32 B |     32 B |
| `java/util/concurrent/locks/AbstractQueuedSynchronizer$ConditionObject` |    24 B |     24 B |
| `java/util/concurrent/atomic/AtomicInteger`                             |    16 B |     16 B |
| `java/util/concurrent/locks/ReentrantLock`                              |    16 B |     16 B |

- `java.util.concurrent.locks.AbstractQueuedSynchronizer$ConditionObject.awaitNanos (AbstractQueuedSynchronizer.java:1797)`
  - `java.util.concurrent.locks.AbstractQueuedSynchronizer$ConditionNode` retains 32 B (6.3%)
  - `java.util.concurrent.locks.AbstractQueuedSynchronizer$ConditionObject` retains 24 B (4.8%)
- `java.util.concurrent.LinkedBlockingQueue.poll (LinkedBlockingQueue.java:460)`
  - `java.util.concurrent.LinkedBlockingQueue` retains 144 B (28.6%)
  - `java.util.concurrent.TimeUnit` retains 80 B (15.9%)
  - `java.util.concurrent.atomic.AtomicInteger` retains 16 B (3.2%)
  - `java.util.concurrent.locks.ReentrantLock` retains 16 B (3.2%)
- `java.util.concurrent.ThreadPoolExecutor.getTask (ThreadPoolExecutor.java:1069)`
  - `java.util.concurrent.ThreadPoolExecutor` retains 4.6 KB (936.5%)
- `java.util.concurrent.ThreadPoolExecutor.runWorker (ThreadPoolExecutor.java:1130)`
  - `java.util.concurrent.ThreadPoolExecutor` retains 4.6 KB (936.5%)
  - `java.util.concurrent.ThreadPoolExecutor$Worker` retains 48 B (9.5%)
- `java.util.concurrent.ThreadPoolExecutor$Worker.run (ThreadPoolExecutor.java:642)`
  - `java.util.concurrent.ThreadPoolExecutor$Worker` retains 48 B (9.5%)
- `java.lang.Thread.runWith (Thread.java:1596)`
  - `java.lang.Class` retains 128 B (25.4%)
  - `java.util.concurrent.ThreadPoolExecutor$Worker` retains 48 B (9.5%)
- `java.lang.Thread.run (Thread.java:1583)`
  - `java.lang.Class` retains 128 B (25.4%)
  - `java.util.concurrent.ThreadPoolExecutor$Worker` retains 48 B (9.5%)

<a id="thread-225"></a>

### Thread 225 "block-manager-storage-async-thread-pool-96" (java/lang/Thread)

_Local roots: 14._

**Local root objects:**

| Object                                                                  | Shallow | Retained |
| ----------------------------------------------------------------------- | ------: | -------: |
| `java/util/concurrent/ThreadPoolExecutor`                               |    80 B |   4.6 KB |
| `java/util/concurrent/ThreadPoolExecutor`                               |    80 B |   4.6 KB |
| `java/util/concurrent/LinkedBlockingQueue`                              |    48 B |    144 B |
| `java/lang/Class`                                                       |    32 B |    128 B |
| `java/lang/Class`                                                       |    32 B |    128 B |
| `java/util/concurrent/TimeUnit`                                         |    80 B |     80 B |
| `java/util/concurrent/ThreadPoolExecutor$Worker`                        |    48 B |     48 B |
| `java/util/concurrent/ThreadPoolExecutor$Worker`                        |    48 B |     48 B |
| `java/util/concurrent/ThreadPoolExecutor$Worker`                        |    48 B |     48 B |
| `java/util/concurrent/ThreadPoolExecutor$Worker`                        |    48 B |     48 B |
| `java/util/concurrent/locks/AbstractQueuedSynchronizer$ConditionNode`   |    32 B |     32 B |
| `java/util/concurrent/locks/AbstractQueuedSynchronizer$ConditionObject` |    24 B |     24 B |
| `java/util/concurrent/atomic/AtomicInteger`                             |    16 B |     16 B |
| `java/util/concurrent/locks/ReentrantLock`                              |    16 B |     16 B |

- `java.util.concurrent.locks.AbstractQueuedSynchronizer$ConditionObject.awaitNanos (AbstractQueuedSynchronizer.java:1797)`
  - `java.util.concurrent.locks.AbstractQueuedSynchronizer$ConditionNode` retains 32 B (6.2%)
  - `java.util.concurrent.locks.AbstractQueuedSynchronizer$ConditionObject` retains 24 B (4.6%)
- `java.util.concurrent.LinkedBlockingQueue.poll (LinkedBlockingQueue.java:460)`
  - `java.util.concurrent.LinkedBlockingQueue` retains 144 B (27.7%)
  - `java.util.concurrent.TimeUnit` retains 80 B (15.4%)
  - `java.util.concurrent.atomic.AtomicInteger` retains 16 B (3.1%)
  - `java.util.concurrent.locks.ReentrantLock` retains 16 B (3.1%)
- `java.util.concurrent.ThreadPoolExecutor.getTask (ThreadPoolExecutor.java:1069)`
  - `java.util.concurrent.ThreadPoolExecutor` retains 4.6 KB (910.8%)
- `java.util.concurrent.ThreadPoolExecutor.runWorker (ThreadPoolExecutor.java:1130)`
  - `java.util.concurrent.ThreadPoolExecutor` retains 4.6 KB (910.8%)
  - `java.util.concurrent.ThreadPoolExecutor$Worker` retains 48 B (9.2%)
- `java.util.concurrent.ThreadPoolExecutor$Worker.run (ThreadPoolExecutor.java:642)`
  - `java.util.concurrent.ThreadPoolExecutor$Worker` retains 48 B (9.2%)
- `java.lang.Thread.runWith (Thread.java:1596)`
  - `java.lang.Class` retains 128 B (24.6%)
  - `java.util.concurrent.ThreadPoolExecutor$Worker` retains 48 B (9.2%)
- `java.lang.Thread.run (Thread.java:1583)`
  - `java.lang.Class` retains 128 B (24.6%)
  - `java.util.concurrent.ThreadPoolExecutor$Worker` retains 48 B (9.2%)

<a id="thread-226"></a>

### Thread 226 "block-manager-storage-async-thread-pool-97" (java/lang/Thread)

_Local roots: 14._

**Local root objects:**

| Object                                                                  | Shallow | Retained |
| ----------------------------------------------------------------------- | ------: | -------: |
| `java/util/concurrent/ThreadPoolExecutor`                               |    80 B |   4.6 KB |
| `java/util/concurrent/ThreadPoolExecutor`                               |    80 B |   4.6 KB |
| `java/util/concurrent/LinkedBlockingQueue`                              |    48 B |    144 B |
| `java/lang/Class`                                                       |    32 B |    128 B |
| `java/lang/Class`                                                       |    32 B |    128 B |
| `java/util/concurrent/TimeUnit`                                         |    80 B |     80 B |
| `java/util/concurrent/ThreadPoolExecutor$Worker`                        |    48 B |     48 B |
| `java/util/concurrent/ThreadPoolExecutor$Worker`                        |    48 B |     48 B |
| `java/util/concurrent/ThreadPoolExecutor$Worker`                        |    48 B |     48 B |
| `java/util/concurrent/ThreadPoolExecutor$Worker`                        |    48 B |     48 B |
| `java/util/concurrent/locks/AbstractQueuedSynchronizer$ConditionNode`   |    32 B |     32 B |
| `java/util/concurrent/locks/AbstractQueuedSynchronizer$ConditionObject` |    24 B |     24 B |
| `java/util/concurrent/atomic/AtomicInteger`                             |    16 B |     16 B |
| `java/util/concurrent/locks/ReentrantLock`                              |    16 B |     16 B |

- `java.util.concurrent.locks.AbstractQueuedSynchronizer$ConditionObject.awaitNanos (AbstractQueuedSynchronizer.java:1797)`
  - `java.util.concurrent.locks.AbstractQueuedSynchronizer$ConditionNode` retains 32 B (8.3%)
  - `java.util.concurrent.locks.AbstractQueuedSynchronizer$ConditionObject` retains 24 B (6.2%)
- `java.util.concurrent.LinkedBlockingQueue.poll (LinkedBlockingQueue.java:460)`
  - `java.util.concurrent.LinkedBlockingQueue` retains 144 B (37.5%)
  - `java.util.concurrent.TimeUnit` retains 80 B (20.8%)
  - `java.util.concurrent.atomic.AtomicInteger` retains 16 B (4.2%)
  - `java.util.concurrent.locks.ReentrantLock` retains 16 B (4.2%)
- `java.util.concurrent.ThreadPoolExecutor.getTask (ThreadPoolExecutor.java:1069)`
  - `java.util.concurrent.ThreadPoolExecutor` retains 4.6 KB (1233.3%)
- `java.util.concurrent.ThreadPoolExecutor.runWorker (ThreadPoolExecutor.java:1130)`
  - `java.util.concurrent.ThreadPoolExecutor` retains 4.6 KB (1233.3%)
  - `java.util.concurrent.ThreadPoolExecutor$Worker` retains 48 B (12.5%)
- `java.util.concurrent.ThreadPoolExecutor$Worker.run (ThreadPoolExecutor.java:642)`
  - `java.util.concurrent.ThreadPoolExecutor$Worker` retains 48 B (12.5%)
- `java.lang.Thread.runWith (Thread.java:1596)`
  - `java.lang.Class` retains 128 B (33.3%)
  - `java.util.concurrent.ThreadPoolExecutor$Worker` retains 48 B (12.5%)
- `java.lang.Thread.run (Thread.java:1583)`
  - `java.lang.Class` retains 128 B (33.3%)
  - `java.util.concurrent.ThreadPoolExecutor$Worker` retains 48 B (12.5%)

<a id="thread-227"></a>

### Thread 227 "block-manager-storage-async-thread-pool-98" (java/lang/Thread)

_Local roots: 13._

**Local root objects:**

| Object                                                                  | Shallow | Retained |
| ----------------------------------------------------------------------- | ------: | -------: |
| `java/util/concurrent/ThreadPoolExecutor`                               |    80 B |   4.6 KB |
| `java/util/concurrent/ThreadPoolExecutor`                               |    80 B |   4.6 KB |
| `java/util/concurrent/LinkedBlockingQueue`                              |    48 B |    144 B |
| `java/lang/Class`                                                       |    32 B |    128 B |
| `java/lang/Class`                                                       |    32 B |    128 B |
| `java/util/concurrent/ThreadPoolExecutor$Worker`                        |    48 B |     48 B |
| `java/util/concurrent/ThreadPoolExecutor$Worker`                        |    48 B |     48 B |
| `java/util/concurrent/ThreadPoolExecutor$Worker`                        |    48 B |     48 B |
| `java/util/concurrent/ThreadPoolExecutor$Worker`                        |    48 B |     48 B |
| `java/util/concurrent/locks/AbstractQueuedSynchronizer$ConditionNode`   |    32 B |     32 B |
| `java/util/concurrent/locks/AbstractQueuedSynchronizer$ConditionObject` |    24 B |     24 B |
| `java/util/concurrent/atomic/AtomicInteger`                             |    16 B |     16 B |
| `java/util/concurrent/locks/ReentrantLock`                              |    16 B |     16 B |

- `java.util.concurrent.locks.AbstractQueuedSynchronizer$ConditionObject.awaitNanos (AbstractQueuedSynchronizer.java:1797)`
  - `java.util.concurrent.locks.AbstractQueuedSynchronizer$ConditionNode` retains 32 B (5.8%)
  - `java.util.concurrent.locks.AbstractQueuedSynchronizer$ConditionObject` retains 24 B (4.3%)
- `java.util.concurrent.LinkedBlockingQueue.poll (LinkedBlockingQueue.java:460)`
  - `java.util.concurrent.LinkedBlockingQueue` retains 144 B (26.1%)
  - `java.util.concurrent.atomic.AtomicInteger` retains 16 B (2.9%)
  - `java.util.concurrent.locks.ReentrantLock` retains 16 B (2.9%)
- `java.util.concurrent.ThreadPoolExecutor.getTask (ThreadPoolExecutor.java:1069)`
  - `java.util.concurrent.ThreadPoolExecutor` retains 4.6 KB (858.0%)
- `java.util.concurrent.ThreadPoolExecutor.runWorker (ThreadPoolExecutor.java:1130)`
  - `java.util.concurrent.ThreadPoolExecutor` retains 4.6 KB (858.0%)
  - `java.util.concurrent.ThreadPoolExecutor$Worker` retains 48 B (8.7%)
- `java.util.concurrent.ThreadPoolExecutor$Worker.run (ThreadPoolExecutor.java:642)`
  - `java.util.concurrent.ThreadPoolExecutor$Worker` retains 48 B (8.7%)
- `java.lang.Thread.runWith (Thread.java:1596)`
  - `java.lang.Class` retains 128 B (23.2%)
  - `java.util.concurrent.ThreadPoolExecutor$Worker` retains 48 B (8.7%)
- `java.lang.Thread.run (Thread.java:1583)`
  - `java.lang.Class` retains 128 B (23.2%)
  - `java.util.concurrent.ThreadPoolExecutor$Worker` retains 48 B (8.7%)

<a id="thread-228"></a>

### Thread 228 "block-manager-ask-thread-pool-64" (java/lang/Thread)

_Local roots: 13._

**Local root objects:**

| Object                                                                  | Shallow | Retained |
| ----------------------------------------------------------------------- | ------: | -------: |
| `java/util/concurrent/ThreadPoolExecutor`                               |    80 B |   4.6 KB |
| `java/util/concurrent/ThreadPoolExecutor`                               |    80 B |   4.6 KB |
| `java/util/concurrent/LinkedBlockingQueue`                              |    48 B |    144 B |
| `java/lang/Class`                                                       |    32 B |    128 B |
| `java/lang/Class`                                                       |    32 B |    128 B |
| `java/util/concurrent/ThreadPoolExecutor$Worker`                        |    48 B |     48 B |
| `java/util/concurrent/ThreadPoolExecutor$Worker`                        |    48 B |     48 B |
| `java/util/concurrent/ThreadPoolExecutor$Worker`                        |    48 B |     48 B |
| `java/util/concurrent/ThreadPoolExecutor$Worker`                        |    48 B |     48 B |
| `java/util/concurrent/locks/AbstractQueuedSynchronizer$ConditionNode`   |    32 B |     32 B |
| `java/util/concurrent/locks/AbstractQueuedSynchronizer$ConditionObject` |    24 B |     24 B |
| `java/util/concurrent/atomic/AtomicInteger`                             |    16 B |     16 B |
| `java/util/concurrent/locks/ReentrantLock`                              |    16 B |     16 B |

- `java.util.concurrent.locks.AbstractQueuedSynchronizer$ConditionObject.awaitNanos (AbstractQueuedSynchronizer.java:1797)`
  - `java.util.concurrent.locks.AbstractQueuedSynchronizer$ConditionNode` retains 32 B (6.3%)
  - `java.util.concurrent.locks.AbstractQueuedSynchronizer$ConditionObject` retains 24 B (4.8%)
- `java.util.concurrent.LinkedBlockingQueue.poll (LinkedBlockingQueue.java:460)`
  - `java.util.concurrent.LinkedBlockingQueue` retains 144 B (28.6%)
  - `java.util.concurrent.atomic.AtomicInteger` retains 16 B (3.2%)
  - `java.util.concurrent.locks.ReentrantLock` retains 16 B (3.2%)
- `java.util.concurrent.ThreadPoolExecutor.getTask (ThreadPoolExecutor.java:1069)`
  - `java.util.concurrent.ThreadPoolExecutor` retains 4.6 KB (936.5%)
- `java.util.concurrent.ThreadPoolExecutor.runWorker (ThreadPoolExecutor.java:1130)`
  - `java.util.concurrent.ThreadPoolExecutor` retains 4.6 KB (936.5%)
  - `java.util.concurrent.ThreadPoolExecutor$Worker` retains 48 B (9.5%)
- `java.util.concurrent.ThreadPoolExecutor$Worker.run (ThreadPoolExecutor.java:642)`
  - `java.util.concurrent.ThreadPoolExecutor$Worker` retains 48 B (9.5%)
- `java.lang.Thread.runWith (Thread.java:1596)`
  - `java.lang.Class` retains 128 B (25.4%)
  - `java.util.concurrent.ThreadPoolExecutor$Worker` retains 48 B (9.5%)
- `java.lang.Thread.run (Thread.java:1583)`
  - `java.lang.Class` retains 128 B (25.4%)
  - `java.util.concurrent.ThreadPoolExecutor$Worker` retains 48 B (9.5%)

<a id="thread-229"></a>

### Thread 229 "block-manager-ask-thread-pool-65" (java/lang/Thread)

_Local roots: 14._

**Local root objects:**

| Object                                                                  | Shallow | Retained |
| ----------------------------------------------------------------------- | ------: | -------: |
| `java/util/concurrent/ThreadPoolExecutor`                               |    80 B |   4.6 KB |
| `java/util/concurrent/ThreadPoolExecutor`                               |    80 B |   4.6 KB |
| `java/util/concurrent/LinkedBlockingQueue`                              |    48 B |    144 B |
| `java/lang/Class`                                                       |    32 B |    128 B |
| `java/lang/Class`                                                       |    32 B |    128 B |
| `java/util/concurrent/TimeUnit`                                         |    80 B |     80 B |
| `java/util/concurrent/ThreadPoolExecutor$Worker`                        |    48 B |     48 B |
| `java/util/concurrent/ThreadPoolExecutor$Worker`                        |    48 B |     48 B |
| `java/util/concurrent/ThreadPoolExecutor$Worker`                        |    48 B |     48 B |
| `java/util/concurrent/ThreadPoolExecutor$Worker`                        |    48 B |     48 B |
| `java/util/concurrent/locks/AbstractQueuedSynchronizer$ConditionNode`   |    32 B |     32 B |
| `java/util/concurrent/locks/AbstractQueuedSynchronizer$ConditionObject` |    24 B |     24 B |
| `java/util/concurrent/atomic/AtomicInteger`                             |    16 B |     16 B |
| `java/util/concurrent/locks/ReentrantLock`                              |    16 B |     16 B |

- `java.util.concurrent.locks.AbstractQueuedSynchronizer$ConditionObject.awaitNanos (AbstractQueuedSynchronizer.java:1797)`
  - `java.util.concurrent.locks.AbstractQueuedSynchronizer$ConditionNode` retains 32 B (6.3%)
  - `java.util.concurrent.locks.AbstractQueuedSynchronizer$ConditionObject` retains 24 B (4.8%)
- `java.util.concurrent.LinkedBlockingQueue.poll (LinkedBlockingQueue.java:460)`
  - `java.util.concurrent.LinkedBlockingQueue` retains 144 B (28.6%)
  - `java.util.concurrent.TimeUnit` retains 80 B (15.9%)
  - `java.util.concurrent.atomic.AtomicInteger` retains 16 B (3.2%)
  - `java.util.concurrent.locks.ReentrantLock` retains 16 B (3.2%)
- `java.util.concurrent.ThreadPoolExecutor.getTask (ThreadPoolExecutor.java:1069)`
  - `java.util.concurrent.ThreadPoolExecutor` retains 4.6 KB (936.5%)
- `java.util.concurrent.ThreadPoolExecutor.runWorker (ThreadPoolExecutor.java:1130)`
  - `java.util.concurrent.ThreadPoolExecutor` retains 4.6 KB (936.5%)
  - `java.util.concurrent.ThreadPoolExecutor$Worker` retains 48 B (9.5%)
- `java.util.concurrent.ThreadPoolExecutor$Worker.run (ThreadPoolExecutor.java:642)`
  - `java.util.concurrent.ThreadPoolExecutor$Worker` retains 48 B (9.5%)
- `java.lang.Thread.runWith (Thread.java:1596)`
  - `java.lang.Class` retains 128 B (25.4%)
  - `java.util.concurrent.ThreadPoolExecutor$Worker` retains 48 B (9.5%)
- `java.lang.Thread.run (Thread.java:1583)`
  - `java.lang.Class` retains 128 B (25.4%)
  - `java.util.concurrent.ThreadPoolExecutor$Worker` retains 48 B (9.5%)

<a id="thread-230"></a>

### Thread 230 "block-manager-storage-async-thread-pool-99" (java/lang/Thread)

_Local roots: 13._

**Local root objects:**

| Object                                                                  | Shallow | Retained |
| ----------------------------------------------------------------------- | ------: | -------: |
| `java/util/concurrent/ThreadPoolExecutor`                               |    80 B |   4.6 KB |
| `java/util/concurrent/ThreadPoolExecutor`                               |    80 B |   4.6 KB |
| `java/util/concurrent/LinkedBlockingQueue`                              |    48 B |    144 B |
| `java/lang/Class`                                                       |    32 B |    128 B |
| `java/lang/Class`                                                       |    32 B |    128 B |
| `java/util/concurrent/ThreadPoolExecutor$Worker`                        |    48 B |     48 B |
| `java/util/concurrent/ThreadPoolExecutor$Worker`                        |    48 B |     48 B |
| `java/util/concurrent/ThreadPoolExecutor$Worker`                        |    48 B |     48 B |
| `java/util/concurrent/ThreadPoolExecutor$Worker`                        |    48 B |     48 B |
| `java/util/concurrent/locks/AbstractQueuedSynchronizer$ConditionNode`   |    32 B |     32 B |
| `java/util/concurrent/locks/AbstractQueuedSynchronizer$ConditionObject` |    24 B |     24 B |
| `java/util/concurrent/atomic/AtomicInteger`                             |    16 B |     16 B |
| `java/util/concurrent/locks/ReentrantLock`                              |    16 B |     16 B |

- `java.util.concurrent.locks.AbstractQueuedSynchronizer$ConditionObject.awaitNanos (AbstractQueuedSynchronizer.java:1797)`
  - `java.util.concurrent.locks.AbstractQueuedSynchronizer$ConditionNode` retains 32 B (5.8%)
  - `java.util.concurrent.locks.AbstractQueuedSynchronizer$ConditionObject` retains 24 B (4.3%)
- `java.util.concurrent.LinkedBlockingQueue.poll (LinkedBlockingQueue.java:460)`
  - `java.util.concurrent.LinkedBlockingQueue` retains 144 B (26.1%)
  - `java.util.concurrent.atomic.AtomicInteger` retains 16 B (2.9%)
  - `java.util.concurrent.locks.ReentrantLock` retains 16 B (2.9%)
- `java.util.concurrent.ThreadPoolExecutor.getTask (ThreadPoolExecutor.java:1069)`
  - `java.util.concurrent.ThreadPoolExecutor` retains 4.6 KB (858.0%)
- `java.util.concurrent.ThreadPoolExecutor.runWorker (ThreadPoolExecutor.java:1130)`
  - `java.util.concurrent.ThreadPoolExecutor` retains 4.6 KB (858.0%)
  - `java.util.concurrent.ThreadPoolExecutor$Worker` retains 48 B (8.7%)
- `java.util.concurrent.ThreadPoolExecutor$Worker.run (ThreadPoolExecutor.java:642)`
  - `java.util.concurrent.ThreadPoolExecutor$Worker` retains 48 B (8.7%)
- `java.lang.Thread.runWith (Thread.java:1596)`
  - `java.lang.Class` retains 128 B (23.2%)
  - `java.util.concurrent.ThreadPoolExecutor$Worker` retains 48 B (8.7%)
- `java.lang.Thread.run (Thread.java:1583)`
  - `java.lang.Class` retains 128 B (23.2%)
  - `java.util.concurrent.ThreadPoolExecutor$Worker` retains 48 B (8.7%)

<a id="thread-231"></a>

### Thread 231 "block-manager-ask-thread-pool-66" (java/lang/Thread)

_Local roots: 13._

**Local root objects:**

| Object                                                                  | Shallow | Retained |
| ----------------------------------------------------------------------- | ------: | -------: |
| `java/util/concurrent/ThreadPoolExecutor`                               |    80 B |   4.6 KB |
| `java/util/concurrent/ThreadPoolExecutor`                               |    80 B |   4.6 KB |
| `java/util/concurrent/LinkedBlockingQueue`                              |    48 B |    144 B |
| `java/lang/Class`                                                       |    32 B |    128 B |
| `java/lang/Class`                                                       |    32 B |    128 B |
| `java/util/concurrent/ThreadPoolExecutor$Worker`                        |    48 B |     48 B |
| `java/util/concurrent/ThreadPoolExecutor$Worker`                        |    48 B |     48 B |
| `java/util/concurrent/ThreadPoolExecutor$Worker`                        |    48 B |     48 B |
| `java/util/concurrent/ThreadPoolExecutor$Worker`                        |    48 B |     48 B |
| `java/util/concurrent/locks/AbstractQueuedSynchronizer$ConditionNode`   |    32 B |     32 B |
| `java/util/concurrent/locks/AbstractQueuedSynchronizer$ConditionObject` |    24 B |     24 B |
| `java/util/concurrent/atomic/AtomicInteger`                             |    16 B |     16 B |
| `java/util/concurrent/locks/ReentrantLock`                              |    16 B |     16 B |

- `java.util.concurrent.locks.AbstractQueuedSynchronizer$ConditionObject.awaitNanos (AbstractQueuedSynchronizer.java:1797)`
  - `java.util.concurrent.locks.AbstractQueuedSynchronizer$ConditionNode` retains 32 B (6.3%)
  - `java.util.concurrent.locks.AbstractQueuedSynchronizer$ConditionObject` retains 24 B (4.8%)
- `java.util.concurrent.LinkedBlockingQueue.poll (LinkedBlockingQueue.java:460)`
  - `java.util.concurrent.LinkedBlockingQueue` retains 144 B (28.6%)
  - `java.util.concurrent.atomic.AtomicInteger` retains 16 B (3.2%)
  - `java.util.concurrent.locks.ReentrantLock` retains 16 B (3.2%)
- `java.util.concurrent.ThreadPoolExecutor.getTask (ThreadPoolExecutor.java:1069)`
  - `java.util.concurrent.ThreadPoolExecutor` retains 4.6 KB (936.5%)
- `java.util.concurrent.ThreadPoolExecutor.runWorker (ThreadPoolExecutor.java:1130)`
  - `java.util.concurrent.ThreadPoolExecutor` retains 4.6 KB (936.5%)
  - `java.util.concurrent.ThreadPoolExecutor$Worker` retains 48 B (9.5%)
- `java.util.concurrent.ThreadPoolExecutor$Worker.run (ThreadPoolExecutor.java:642)`
  - `java.util.concurrent.ThreadPoolExecutor$Worker` retains 48 B (9.5%)
- `java.lang.Thread.runWith (Thread.java:1596)`
  - `java.lang.Class` retains 128 B (25.4%)
  - `java.util.concurrent.ThreadPoolExecutor$Worker` retains 48 B (9.5%)
- `java.lang.Thread.run (Thread.java:1583)`
  - `java.lang.Class` retains 128 B (25.4%)
  - `java.util.concurrent.ThreadPoolExecutor$Worker` retains 48 B (9.5%)

<a id="thread-232"></a>

### Thread 232 "block-manager-ask-thread-pool-67" (java/lang/Thread)

_Local roots: 14._

**Local root objects:**

| Object                                                                  | Shallow | Retained |
| ----------------------------------------------------------------------- | ------: | -------: |
| `java/util/concurrent/ThreadPoolExecutor`                               |    80 B |   4.6 KB |
| `java/util/concurrent/ThreadPoolExecutor`                               |    80 B |   4.6 KB |
| `java/util/concurrent/LinkedBlockingQueue`                              |    48 B |    144 B |
| `java/lang/Class`                                                       |    32 B |    128 B |
| `java/lang/Class`                                                       |    32 B |    128 B |
| `java/util/concurrent/TimeUnit`                                         |    80 B |     80 B |
| `java/util/concurrent/ThreadPoolExecutor$Worker`                        |    48 B |     48 B |
| `java/util/concurrent/ThreadPoolExecutor$Worker`                        |    48 B |     48 B |
| `java/util/concurrent/ThreadPoolExecutor$Worker`                        |    48 B |     48 B |
| `java/util/concurrent/ThreadPoolExecutor$Worker`                        |    48 B |     48 B |
| `java/util/concurrent/locks/AbstractQueuedSynchronizer$ConditionNode`   |    32 B |     32 B |
| `java/util/concurrent/locks/AbstractQueuedSynchronizer$ConditionObject` |    24 B |     24 B |
| `java/util/concurrent/atomic/AtomicInteger`                             |    16 B |     16 B |
| `java/util/concurrent/locks/ReentrantLock`                              |    16 B |     16 B |

- `java.util.concurrent.locks.AbstractQueuedSynchronizer$ConditionObject.awaitNanos (AbstractQueuedSynchronizer.java:1797)`
  - `java.util.concurrent.locks.AbstractQueuedSynchronizer$ConditionNode` retains 32 B (6.3%)
  - `java.util.concurrent.locks.AbstractQueuedSynchronizer$ConditionObject` retains 24 B (4.8%)
- `java.util.concurrent.LinkedBlockingQueue.poll (LinkedBlockingQueue.java:460)`
  - `java.util.concurrent.LinkedBlockingQueue` retains 144 B (28.6%)
  - `java.util.concurrent.TimeUnit` retains 80 B (15.9%)
  - `java.util.concurrent.atomic.AtomicInteger` retains 16 B (3.2%)
  - `java.util.concurrent.locks.ReentrantLock` retains 16 B (3.2%)
- `java.util.concurrent.ThreadPoolExecutor.getTask (ThreadPoolExecutor.java:1069)`
  - `java.util.concurrent.ThreadPoolExecutor` retains 4.6 KB (936.5%)
- `java.util.concurrent.ThreadPoolExecutor.runWorker (ThreadPoolExecutor.java:1130)`
  - `java.util.concurrent.ThreadPoolExecutor` retains 4.6 KB (936.5%)
  - `java.util.concurrent.ThreadPoolExecutor$Worker` retains 48 B (9.5%)
- `java.util.concurrent.ThreadPoolExecutor$Worker.run (ThreadPoolExecutor.java:642)`
  - `java.util.concurrent.ThreadPoolExecutor$Worker` retains 48 B (9.5%)
- `java.lang.Thread.runWith (Thread.java:1596)`
  - `java.lang.Class` retains 128 B (25.4%)
  - `java.util.concurrent.ThreadPoolExecutor$Worker` retains 48 B (9.5%)
- `java.lang.Thread.run (Thread.java:1583)`
  - `java.lang.Class` retains 128 B (25.4%)
  - `java.util.concurrent.ThreadPoolExecutor$Worker` retains 48 B (9.5%)

<a id="thread-233"></a>

### Thread 233 "block-manager-ask-thread-pool-68" (java/lang/Thread)

_Local roots: 13._

**Local root objects:**

| Object                                                                  | Shallow | Retained |
| ----------------------------------------------------------------------- | ------: | -------: |
| `java/util/concurrent/ThreadPoolExecutor`                               |    80 B |   4.6 KB |
| `java/util/concurrent/ThreadPoolExecutor`                               |    80 B |   4.6 KB |
| `java/util/concurrent/LinkedBlockingQueue`                              |    48 B |    144 B |
| `java/lang/Class`                                                       |    32 B |    128 B |
| `java/lang/Class`                                                       |    32 B |    128 B |
| `java/util/concurrent/ThreadPoolExecutor$Worker`                        |    48 B |     48 B |
| `java/util/concurrent/ThreadPoolExecutor$Worker`                        |    48 B |     48 B |
| `java/util/concurrent/ThreadPoolExecutor$Worker`                        |    48 B |     48 B |
| `java/util/concurrent/ThreadPoolExecutor$Worker`                        |    48 B |     48 B |
| `java/util/concurrent/locks/AbstractQueuedSynchronizer$ConditionNode`   |    32 B |     32 B |
| `java/util/concurrent/locks/AbstractQueuedSynchronizer$ConditionObject` |    24 B |     24 B |
| `java/util/concurrent/atomic/AtomicInteger`                             |    16 B |     16 B |
| `java/util/concurrent/locks/ReentrantLock`                              |    16 B |     16 B |

- `java.util.concurrent.locks.AbstractQueuedSynchronizer$ConditionObject.awaitNanos (AbstractQueuedSynchronizer.java:1797)`
  - `java.util.concurrent.locks.AbstractQueuedSynchronizer$ConditionNode` retains 32 B (6.3%)
  - `java.util.concurrent.locks.AbstractQueuedSynchronizer$ConditionObject` retains 24 B (4.8%)
- `java.util.concurrent.LinkedBlockingQueue.poll (LinkedBlockingQueue.java:460)`
  - `java.util.concurrent.LinkedBlockingQueue` retains 144 B (28.6%)
  - `java.util.concurrent.atomic.AtomicInteger` retains 16 B (3.2%)
  - `java.util.concurrent.locks.ReentrantLock` retains 16 B (3.2%)
- `java.util.concurrent.ThreadPoolExecutor.getTask (ThreadPoolExecutor.java:1069)`
  - `java.util.concurrent.ThreadPoolExecutor` retains 4.6 KB (936.5%)
- `java.util.concurrent.ThreadPoolExecutor.runWorker (ThreadPoolExecutor.java:1130)`
  - `java.util.concurrent.ThreadPoolExecutor` retains 4.6 KB (936.5%)
  - `java.util.concurrent.ThreadPoolExecutor$Worker` retains 48 B (9.5%)
- `java.util.concurrent.ThreadPoolExecutor$Worker.run (ThreadPoolExecutor.java:642)`
  - `java.util.concurrent.ThreadPoolExecutor$Worker` retains 48 B (9.5%)
- `java.lang.Thread.runWith (Thread.java:1596)`
  - `java.lang.Class` retains 128 B (25.4%)
  - `java.util.concurrent.ThreadPoolExecutor$Worker` retains 48 B (9.5%)
- `java.lang.Thread.run (Thread.java:1583)`
  - `java.lang.Class` retains 128 B (25.4%)
  - `java.util.concurrent.ThreadPoolExecutor$Worker` retains 48 B (9.5%)

<a id="thread-234"></a>

### Thread 234 "block-manager-ask-thread-pool-69" (java/lang/Thread)

_Local roots: 14._

**Local root objects:**

| Object                                                                  | Shallow | Retained |
| ----------------------------------------------------------------------- | ------: | -------: |
| `java/util/concurrent/ThreadPoolExecutor`                               |    80 B |   4.6 KB |
| `java/util/concurrent/ThreadPoolExecutor`                               |    80 B |   4.6 KB |
| `java/util/concurrent/LinkedBlockingQueue`                              |    48 B |    144 B |
| `java/lang/Class`                                                       |    32 B |    128 B |
| `java/lang/Class`                                                       |    32 B |    128 B |
| `java/util/concurrent/TimeUnit`                                         |    80 B |     80 B |
| `java/util/concurrent/ThreadPoolExecutor$Worker`                        |    48 B |     48 B |
| `java/util/concurrent/ThreadPoolExecutor$Worker`                        |    48 B |     48 B |
| `java/util/concurrent/ThreadPoolExecutor$Worker`                        |    48 B |     48 B |
| `java/util/concurrent/ThreadPoolExecutor$Worker`                        |    48 B |     48 B |
| `java/util/concurrent/locks/AbstractQueuedSynchronizer$ConditionNode`   |    32 B |     32 B |
| `java/util/concurrent/locks/AbstractQueuedSynchronizer$ConditionObject` |    24 B |     24 B |
| `java/util/concurrent/atomic/AtomicInteger`                             |    16 B |     16 B |
| `java/util/concurrent/locks/ReentrantLock`                              |    16 B |     16 B |

- `java.util.concurrent.locks.AbstractQueuedSynchronizer$ConditionObject.awaitNanos (AbstractQueuedSynchronizer.java:1797)`
  - `java.util.concurrent.locks.AbstractQueuedSynchronizer$ConditionNode` retains 32 B (6.3%)
  - `java.util.concurrent.locks.AbstractQueuedSynchronizer$ConditionObject` retains 24 B (4.8%)
- `java.util.concurrent.LinkedBlockingQueue.poll (LinkedBlockingQueue.java:460)`
  - `java.util.concurrent.LinkedBlockingQueue` retains 144 B (28.6%)
  - `java.util.concurrent.TimeUnit` retains 80 B (15.9%)
  - `java.util.concurrent.atomic.AtomicInteger` retains 16 B (3.2%)
  - `java.util.concurrent.locks.ReentrantLock` retains 16 B (3.2%)
- `java.util.concurrent.ThreadPoolExecutor.getTask (ThreadPoolExecutor.java:1069)`
  - `java.util.concurrent.ThreadPoolExecutor` retains 4.6 KB (936.5%)
- `java.util.concurrent.ThreadPoolExecutor.runWorker (ThreadPoolExecutor.java:1130)`
  - `java.util.concurrent.ThreadPoolExecutor` retains 4.6 KB (936.5%)
  - `java.util.concurrent.ThreadPoolExecutor$Worker` retains 48 B (9.5%)
- `java.util.concurrent.ThreadPoolExecutor$Worker.run (ThreadPoolExecutor.java:642)`
  - `java.util.concurrent.ThreadPoolExecutor$Worker` retains 48 B (9.5%)
- `java.lang.Thread.runWith (Thread.java:1596)`
  - `java.lang.Class` retains 128 B (25.4%)
  - `java.util.concurrent.ThreadPoolExecutor$Worker` retains 48 B (9.5%)
- `java.lang.Thread.run (Thread.java:1583)`
  - `java.lang.Class` retains 128 B (25.4%)
  - `java.util.concurrent.ThreadPoolExecutor$Worker` retains 48 B (9.5%)

<a id="thread-235"></a>

### Thread 235 "block-manager-ask-thread-pool-70" (java/lang/Thread)

_Local roots: 13._

**Local root objects:**

| Object                                                                  | Shallow | Retained |
| ----------------------------------------------------------------------- | ------: | -------: |
| `java/util/concurrent/ThreadPoolExecutor`                               |    80 B |   4.6 KB |
| `java/util/concurrent/ThreadPoolExecutor`                               |    80 B |   4.6 KB |
| `java/util/concurrent/LinkedBlockingQueue`                              |    48 B |    144 B |
| `java/lang/Class`                                                       |    32 B |    128 B |
| `java/lang/Class`                                                       |    32 B |    128 B |
| `java/util/concurrent/ThreadPoolExecutor$Worker`                        |    48 B |     48 B |
| `java/util/concurrent/ThreadPoolExecutor$Worker`                        |    48 B |     48 B |
| `java/util/concurrent/ThreadPoolExecutor$Worker`                        |    48 B |     48 B |
| `java/util/concurrent/ThreadPoolExecutor$Worker`                        |    48 B |     48 B |
| `java/util/concurrent/locks/AbstractQueuedSynchronizer$ConditionNode`   |    32 B |     32 B |
| `java/util/concurrent/locks/AbstractQueuedSynchronizer$ConditionObject` |    24 B |     24 B |
| `java/util/concurrent/atomic/AtomicInteger`                             |    16 B |     16 B |
| `java/util/concurrent/locks/ReentrantLock`                              |    16 B |     16 B |

- `java.util.concurrent.locks.AbstractQueuedSynchronizer$ConditionObject.awaitNanos (AbstractQueuedSynchronizer.java:1797)`
  - `java.util.concurrent.locks.AbstractQueuedSynchronizer$ConditionNode` retains 32 B (6.3%)
  - `java.util.concurrent.locks.AbstractQueuedSynchronizer$ConditionObject` retains 24 B (4.8%)
- `java.util.concurrent.LinkedBlockingQueue.poll (LinkedBlockingQueue.java:460)`
  - `java.util.concurrent.LinkedBlockingQueue` retains 144 B (28.6%)
  - `java.util.concurrent.atomic.AtomicInteger` retains 16 B (3.2%)
  - `java.util.concurrent.locks.ReentrantLock` retains 16 B (3.2%)
- `java.util.concurrent.ThreadPoolExecutor.getTask (ThreadPoolExecutor.java:1069)`
  - `java.util.concurrent.ThreadPoolExecutor` retains 4.6 KB (936.5%)
- `java.util.concurrent.ThreadPoolExecutor.runWorker (ThreadPoolExecutor.java:1130)`
  - `java.util.concurrent.ThreadPoolExecutor` retains 4.6 KB (936.5%)
  - `java.util.concurrent.ThreadPoolExecutor$Worker` retains 48 B (9.5%)
- `java.util.concurrent.ThreadPoolExecutor$Worker.run (ThreadPoolExecutor.java:642)`
  - `java.util.concurrent.ThreadPoolExecutor$Worker` retains 48 B (9.5%)
- `java.lang.Thread.runWith (Thread.java:1596)`
  - `java.lang.Class` retains 128 B (25.4%)
  - `java.util.concurrent.ThreadPoolExecutor$Worker` retains 48 B (9.5%)
- `java.lang.Thread.run (Thread.java:1583)`
  - `java.lang.Class` retains 128 B (25.4%)
  - `java.util.concurrent.ThreadPoolExecutor$Worker` retains 48 B (9.5%)

<a id="thread-236"></a>

### Thread 236 "block-manager-ask-thread-pool-71" (java/lang/Thread)

_Local roots: 14._

**Local root objects:**

| Object                                                                  | Shallow | Retained |
| ----------------------------------------------------------------------- | ------: | -------: |
| `java/util/concurrent/ThreadPoolExecutor`                               |    80 B |   4.6 KB |
| `java/util/concurrent/ThreadPoolExecutor`                               |    80 B |   4.6 KB |
| `java/util/concurrent/LinkedBlockingQueue`                              |    48 B |    144 B |
| `java/lang/Class`                                                       |    32 B |    128 B |
| `java/lang/Class`                                                       |    32 B |    128 B |
| `java/util/concurrent/TimeUnit`                                         |    80 B |     80 B |
| `java/util/concurrent/ThreadPoolExecutor$Worker`                        |    48 B |     48 B |
| `java/util/concurrent/ThreadPoolExecutor$Worker`                        |    48 B |     48 B |
| `java/util/concurrent/ThreadPoolExecutor$Worker`                        |    48 B |     48 B |
| `java/util/concurrent/ThreadPoolExecutor$Worker`                        |    48 B |     48 B |
| `java/util/concurrent/locks/AbstractQueuedSynchronizer$ConditionNode`   |    32 B |     32 B |
| `java/util/concurrent/locks/AbstractQueuedSynchronizer$ConditionObject` |    24 B |     24 B |
| `java/util/concurrent/atomic/AtomicInteger`                             |    16 B |     16 B |
| `java/util/concurrent/locks/ReentrantLock`                              |    16 B |     16 B |

- `java.util.concurrent.locks.AbstractQueuedSynchronizer$ConditionObject.awaitNanos (AbstractQueuedSynchronizer.java:1797)`
  - `java.util.concurrent.locks.AbstractQueuedSynchronizer$ConditionNode` retains 32 B (6.3%)
  - `java.util.concurrent.locks.AbstractQueuedSynchronizer$ConditionObject` retains 24 B (4.8%)
- `java.util.concurrent.LinkedBlockingQueue.poll (LinkedBlockingQueue.java:460)`
  - `java.util.concurrent.LinkedBlockingQueue` retains 144 B (28.6%)
  - `java.util.concurrent.TimeUnit` retains 80 B (15.9%)
  - `java.util.concurrent.atomic.AtomicInteger` retains 16 B (3.2%)
  - `java.util.concurrent.locks.ReentrantLock` retains 16 B (3.2%)
- `java.util.concurrent.ThreadPoolExecutor.getTask (ThreadPoolExecutor.java:1069)`
  - `java.util.concurrent.ThreadPoolExecutor` retains 4.6 KB (936.5%)
- `java.util.concurrent.ThreadPoolExecutor.runWorker (ThreadPoolExecutor.java:1130)`
  - `java.util.concurrent.ThreadPoolExecutor` retains 4.6 KB (936.5%)
  - `java.util.concurrent.ThreadPoolExecutor$Worker` retains 48 B (9.5%)
- `java.util.concurrent.ThreadPoolExecutor$Worker.run (ThreadPoolExecutor.java:642)`
  - `java.util.concurrent.ThreadPoolExecutor$Worker` retains 48 B (9.5%)
- `java.lang.Thread.runWith (Thread.java:1596)`
  - `java.lang.Class` retains 128 B (25.4%)
  - `java.util.concurrent.ThreadPoolExecutor$Worker` retains 48 B (9.5%)
- `java.lang.Thread.run (Thread.java:1583)`
  - `java.lang.Class` retains 128 B (25.4%)
  - `java.util.concurrent.ThreadPoolExecutor$Worker` retains 48 B (9.5%)

<a id="thread-237"></a>

### Thread 237 "block-manager-ask-thread-pool-72" (java/lang/Thread)

_Local roots: 13._

**Local root objects:**

| Object                                                                  | Shallow | Retained |
| ----------------------------------------------------------------------- | ------: | -------: |
| `java/util/concurrent/ThreadPoolExecutor`                               |    80 B |   4.6 KB |
| `java/util/concurrent/ThreadPoolExecutor`                               |    80 B |   4.6 KB |
| `java/util/concurrent/LinkedBlockingQueue`                              |    48 B |    144 B |
| `java/lang/Class`                                                       |    32 B |    128 B |
| `java/lang/Class`                                                       |    32 B |    128 B |
| `java/util/concurrent/ThreadPoolExecutor$Worker`                        |    48 B |     48 B |
| `java/util/concurrent/ThreadPoolExecutor$Worker`                        |    48 B |     48 B |
| `java/util/concurrent/ThreadPoolExecutor$Worker`                        |    48 B |     48 B |
| `java/util/concurrent/ThreadPoolExecutor$Worker`                        |    48 B |     48 B |
| `java/util/concurrent/locks/AbstractQueuedSynchronizer$ConditionNode`   |    32 B |     32 B |
| `java/util/concurrent/locks/AbstractQueuedSynchronizer$ConditionObject` |    24 B |     24 B |
| `java/util/concurrent/atomic/AtomicInteger`                             |    16 B |     16 B |
| `java/util/concurrent/locks/ReentrantLock`                              |    16 B |     16 B |

- `java.util.concurrent.locks.AbstractQueuedSynchronizer$ConditionObject.awaitNanos (AbstractQueuedSynchronizer.java:1797)`
  - `java.util.concurrent.locks.AbstractQueuedSynchronizer$ConditionNode` retains 32 B (6.3%)
  - `java.util.concurrent.locks.AbstractQueuedSynchronizer$ConditionObject` retains 24 B (4.8%)
- `java.util.concurrent.LinkedBlockingQueue.poll (LinkedBlockingQueue.java:460)`
  - `java.util.concurrent.LinkedBlockingQueue` retains 144 B (28.6%)
  - `java.util.concurrent.atomic.AtomicInteger` retains 16 B (3.2%)
  - `java.util.concurrent.locks.ReentrantLock` retains 16 B (3.2%)
- `java.util.concurrent.ThreadPoolExecutor.getTask (ThreadPoolExecutor.java:1069)`
  - `java.util.concurrent.ThreadPoolExecutor` retains 4.6 KB (936.5%)
- `java.util.concurrent.ThreadPoolExecutor.runWorker (ThreadPoolExecutor.java:1130)`
  - `java.util.concurrent.ThreadPoolExecutor` retains 4.6 KB (936.5%)
  - `java.util.concurrent.ThreadPoolExecutor$Worker` retains 48 B (9.5%)
- `java.util.concurrent.ThreadPoolExecutor$Worker.run (ThreadPoolExecutor.java:642)`
  - `java.util.concurrent.ThreadPoolExecutor$Worker` retains 48 B (9.5%)
- `java.lang.Thread.runWith (Thread.java:1596)`
  - `java.lang.Class` retains 128 B (25.4%)
  - `java.util.concurrent.ThreadPoolExecutor$Worker` retains 48 B (9.5%)
- `java.lang.Thread.run (Thread.java:1583)`
  - `java.lang.Class` retains 128 B (25.4%)
  - `java.util.concurrent.ThreadPoolExecutor$Worker` retains 48 B (9.5%)

<a id="thread-238"></a>

### Thread 238 "block-manager-ask-thread-pool-73" (java/lang/Thread)

_Local roots: 14._

**Local root objects:**

| Object                                                                  | Shallow | Retained |
| ----------------------------------------------------------------------- | ------: | -------: |
| `java/util/concurrent/ThreadPoolExecutor`                               |    80 B |   4.6 KB |
| `java/util/concurrent/ThreadPoolExecutor`                               |    80 B |   4.6 KB |
| `java/util/concurrent/LinkedBlockingQueue`                              |    48 B |    144 B |
| `java/lang/Class`                                                       |    32 B |    128 B |
| `java/lang/Class`                                                       |    32 B |    128 B |
| `java/util/concurrent/TimeUnit`                                         |    80 B |     80 B |
| `java/util/concurrent/ThreadPoolExecutor$Worker`                        |    48 B |     48 B |
| `java/util/concurrent/ThreadPoolExecutor$Worker`                        |    48 B |     48 B |
| `java/util/concurrent/ThreadPoolExecutor$Worker`                        |    48 B |     48 B |
| `java/util/concurrent/ThreadPoolExecutor$Worker`                        |    48 B |     48 B |
| `java/util/concurrent/locks/AbstractQueuedSynchronizer$ConditionNode`   |    32 B |     32 B |
| `java/util/concurrent/locks/AbstractQueuedSynchronizer$ConditionObject` |    24 B |     24 B |
| `java/util/concurrent/atomic/AtomicInteger`                             |    16 B |     16 B |
| `java/util/concurrent/locks/ReentrantLock`                              |    16 B |     16 B |

- `java.util.concurrent.locks.AbstractQueuedSynchronizer$ConditionObject.awaitNanos (AbstractQueuedSynchronizer.java:1797)`
  - `java.util.concurrent.locks.AbstractQueuedSynchronizer$ConditionNode` retains 32 B (6.3%)
  - `java.util.concurrent.locks.AbstractQueuedSynchronizer$ConditionObject` retains 24 B (4.8%)
- `java.util.concurrent.LinkedBlockingQueue.poll (LinkedBlockingQueue.java:460)`
  - `java.util.concurrent.LinkedBlockingQueue` retains 144 B (28.6%)
  - `java.util.concurrent.TimeUnit` retains 80 B (15.9%)
  - `java.util.concurrent.atomic.AtomicInteger` retains 16 B (3.2%)
  - `java.util.concurrent.locks.ReentrantLock` retains 16 B (3.2%)
- `java.util.concurrent.ThreadPoolExecutor.getTask (ThreadPoolExecutor.java:1069)`
  - `java.util.concurrent.ThreadPoolExecutor` retains 4.6 KB (936.5%)
- `java.util.concurrent.ThreadPoolExecutor.runWorker (ThreadPoolExecutor.java:1130)`
  - `java.util.concurrent.ThreadPoolExecutor` retains 4.6 KB (936.5%)
  - `java.util.concurrent.ThreadPoolExecutor$Worker` retains 48 B (9.5%)
- `java.util.concurrent.ThreadPoolExecutor$Worker.run (ThreadPoolExecutor.java:642)`
  - `java.util.concurrent.ThreadPoolExecutor$Worker` retains 48 B (9.5%)
- `java.lang.Thread.runWith (Thread.java:1596)`
  - `java.lang.Class` retains 128 B (25.4%)
  - `java.util.concurrent.ThreadPoolExecutor$Worker` retains 48 B (9.5%)
- `java.lang.Thread.run (Thread.java:1583)`
  - `java.lang.Class` retains 128 B (25.4%)
  - `java.util.concurrent.ThreadPoolExecutor$Worker` retains 48 B (9.5%)

<a id="thread-239"></a>

### Thread 239 "block-manager-ask-thread-pool-74" (java/lang/Thread)

_Local roots: 13._

**Local root objects:**

| Object                                                                  | Shallow | Retained |
| ----------------------------------------------------------------------- | ------: | -------: |
| `java/util/concurrent/ThreadPoolExecutor`                               |    80 B |   4.6 KB |
| `java/util/concurrent/ThreadPoolExecutor`                               |    80 B |   4.6 KB |
| `java/util/concurrent/LinkedBlockingQueue`                              |    48 B |    144 B |
| `java/lang/Class`                                                       |    32 B |    128 B |
| `java/lang/Class`                                                       |    32 B |    128 B |
| `java/util/concurrent/ThreadPoolExecutor$Worker`                        |    48 B |     48 B |
| `java/util/concurrent/ThreadPoolExecutor$Worker`                        |    48 B |     48 B |
| `java/util/concurrent/ThreadPoolExecutor$Worker`                        |    48 B |     48 B |
| `java/util/concurrent/ThreadPoolExecutor$Worker`                        |    48 B |     48 B |
| `java/util/concurrent/locks/AbstractQueuedSynchronizer$ConditionNode`   |    32 B |     32 B |
| `java/util/concurrent/locks/AbstractQueuedSynchronizer$ConditionObject` |    24 B |     24 B |
| `java/util/concurrent/atomic/AtomicInteger`                             |    16 B |     16 B |
| `java/util/concurrent/locks/ReentrantLock`                              |    16 B |     16 B |

- `java.util.concurrent.locks.AbstractQueuedSynchronizer$ConditionObject.awaitNanos (AbstractQueuedSynchronizer.java:1797)`
  - `java.util.concurrent.locks.AbstractQueuedSynchronizer$ConditionNode` retains 32 B (6.3%)
  - `java.util.concurrent.locks.AbstractQueuedSynchronizer$ConditionObject` retains 24 B (4.8%)
- `java.util.concurrent.LinkedBlockingQueue.poll (LinkedBlockingQueue.java:460)`
  - `java.util.concurrent.LinkedBlockingQueue` retains 144 B (28.6%)
  - `java.util.concurrent.atomic.AtomicInteger` retains 16 B (3.2%)
  - `java.util.concurrent.locks.ReentrantLock` retains 16 B (3.2%)
- `java.util.concurrent.ThreadPoolExecutor.getTask (ThreadPoolExecutor.java:1069)`
  - `java.util.concurrent.ThreadPoolExecutor` retains 4.6 KB (936.5%)
- `java.util.concurrent.ThreadPoolExecutor.runWorker (ThreadPoolExecutor.java:1130)`
  - `java.util.concurrent.ThreadPoolExecutor` retains 4.6 KB (936.5%)
  - `java.util.concurrent.ThreadPoolExecutor$Worker` retains 48 B (9.5%)
- `java.util.concurrent.ThreadPoolExecutor$Worker.run (ThreadPoolExecutor.java:642)`
  - `java.util.concurrent.ThreadPoolExecutor$Worker` retains 48 B (9.5%)
- `java.lang.Thread.runWith (Thread.java:1596)`
  - `java.lang.Class` retains 128 B (25.4%)
  - `java.util.concurrent.ThreadPoolExecutor$Worker` retains 48 B (9.5%)
- `java.lang.Thread.run (Thread.java:1583)`
  - `java.lang.Class` retains 128 B (25.4%)
  - `java.util.concurrent.ThreadPoolExecutor$Worker` retains 48 B (9.5%)

<a id="thread-240"></a>

### Thread 240 "block-manager-ask-thread-pool-75" (java/lang/Thread)

_Local roots: 14._

**Local root objects:**

| Object                                                                  | Shallow | Retained |
| ----------------------------------------------------------------------- | ------: | -------: |
| `java/util/concurrent/ThreadPoolExecutor`                               |    80 B |   4.6 KB |
| `java/util/concurrent/ThreadPoolExecutor`                               |    80 B |   4.6 KB |
| `java/util/concurrent/LinkedBlockingQueue`                              |    48 B |    144 B |
| `java/lang/Class`                                                       |    32 B |    128 B |
| `java/lang/Class`                                                       |    32 B |    128 B |
| `java/util/concurrent/TimeUnit`                                         |    80 B |     80 B |
| `java/util/concurrent/ThreadPoolExecutor$Worker`                        |    48 B |     48 B |
| `java/util/concurrent/ThreadPoolExecutor$Worker`                        |    48 B |     48 B |
| `java/util/concurrent/ThreadPoolExecutor$Worker`                        |    48 B |     48 B |
| `java/util/concurrent/ThreadPoolExecutor$Worker`                        |    48 B |     48 B |
| `java/util/concurrent/locks/AbstractQueuedSynchronizer$ConditionNode`   |    32 B |     32 B |
| `java/util/concurrent/locks/AbstractQueuedSynchronizer$ConditionObject` |    24 B |     24 B |
| `java/util/concurrent/atomic/AtomicInteger`                             |    16 B |     16 B |
| `java/util/concurrent/locks/ReentrantLock`                              |    16 B |     16 B |

- `java.util.concurrent.locks.AbstractQueuedSynchronizer$ConditionObject.awaitNanos (AbstractQueuedSynchronizer.java:1797)`
  - `java.util.concurrent.locks.AbstractQueuedSynchronizer$ConditionNode` retains 32 B (6.3%)
  - `java.util.concurrent.locks.AbstractQueuedSynchronizer$ConditionObject` retains 24 B (4.8%)
- `java.util.concurrent.LinkedBlockingQueue.poll (LinkedBlockingQueue.java:460)`
  - `java.util.concurrent.LinkedBlockingQueue` retains 144 B (28.6%)
  - `java.util.concurrent.TimeUnit` retains 80 B (15.9%)
  - `java.util.concurrent.atomic.AtomicInteger` retains 16 B (3.2%)
  - `java.util.concurrent.locks.ReentrantLock` retains 16 B (3.2%)
- `java.util.concurrent.ThreadPoolExecutor.getTask (ThreadPoolExecutor.java:1069)`
  - `java.util.concurrent.ThreadPoolExecutor` retains 4.6 KB (936.5%)
- `java.util.concurrent.ThreadPoolExecutor.runWorker (ThreadPoolExecutor.java:1130)`
  - `java.util.concurrent.ThreadPoolExecutor` retains 4.6 KB (936.5%)
  - `java.util.concurrent.ThreadPoolExecutor$Worker` retains 48 B (9.5%)
- `java.util.concurrent.ThreadPoolExecutor$Worker.run (ThreadPoolExecutor.java:642)`
  - `java.util.concurrent.ThreadPoolExecutor$Worker` retains 48 B (9.5%)
- `java.lang.Thread.runWith (Thread.java:1596)`
  - `java.lang.Class` retains 128 B (25.4%)
  - `java.util.concurrent.ThreadPoolExecutor$Worker` retains 48 B (9.5%)
- `java.lang.Thread.run (Thread.java:1583)`
  - `java.lang.Class` retains 128 B (25.4%)
  - `java.util.concurrent.ThreadPoolExecutor$Worker` retains 48 B (9.5%)

<a id="thread-241"></a>

### Thread 241 "block-manager-ask-thread-pool-76" (java/lang/Thread)

_Local roots: 13._

**Local root objects:**

| Object                                                                  | Shallow | Retained |
| ----------------------------------------------------------------------- | ------: | -------: |
| `java/util/concurrent/ThreadPoolExecutor`                               |    80 B |   4.6 KB |
| `java/util/concurrent/ThreadPoolExecutor`                               |    80 B |   4.6 KB |
| `java/util/concurrent/LinkedBlockingQueue`                              |    48 B |    144 B |
| `java/lang/Class`                                                       |    32 B |    128 B |
| `java/lang/Class`                                                       |    32 B |    128 B |
| `java/util/concurrent/ThreadPoolExecutor$Worker`                        |    48 B |     48 B |
| `java/util/concurrent/ThreadPoolExecutor$Worker`                        |    48 B |     48 B |
| `java/util/concurrent/ThreadPoolExecutor$Worker`                        |    48 B |     48 B |
| `java/util/concurrent/ThreadPoolExecutor$Worker`                        |    48 B |     48 B |
| `java/util/concurrent/locks/AbstractQueuedSynchronizer$ConditionNode`   |    32 B |     32 B |
| `java/util/concurrent/locks/AbstractQueuedSynchronizer$ConditionObject` |    24 B |     24 B |
| `java/util/concurrent/atomic/AtomicInteger`                             |    16 B |     16 B |
| `java/util/concurrent/locks/ReentrantLock`                              |    16 B |     16 B |

- `java.util.concurrent.locks.AbstractQueuedSynchronizer$ConditionObject.awaitNanos (AbstractQueuedSynchronizer.java:1797)`
  - `java.util.concurrent.locks.AbstractQueuedSynchronizer$ConditionNode` retains 32 B (6.3%)
  - `java.util.concurrent.locks.AbstractQueuedSynchronizer$ConditionObject` retains 24 B (4.8%)
- `java.util.concurrent.LinkedBlockingQueue.poll (LinkedBlockingQueue.java:460)`
  - `java.util.concurrent.LinkedBlockingQueue` retains 144 B (28.6%)
  - `java.util.concurrent.atomic.AtomicInteger` retains 16 B (3.2%)
  - `java.util.concurrent.locks.ReentrantLock` retains 16 B (3.2%)
- `java.util.concurrent.ThreadPoolExecutor.getTask (ThreadPoolExecutor.java:1069)`
  - `java.util.concurrent.ThreadPoolExecutor` retains 4.6 KB (936.5%)
- `java.util.concurrent.ThreadPoolExecutor.runWorker (ThreadPoolExecutor.java:1130)`
  - `java.util.concurrent.ThreadPoolExecutor` retains 4.6 KB (936.5%)
  - `java.util.concurrent.ThreadPoolExecutor$Worker` retains 48 B (9.5%)
- `java.util.concurrent.ThreadPoolExecutor$Worker.run (ThreadPoolExecutor.java:642)`
  - `java.util.concurrent.ThreadPoolExecutor$Worker` retains 48 B (9.5%)
- `java.lang.Thread.runWith (Thread.java:1596)`
  - `java.lang.Class` retains 128 B (25.4%)
  - `java.util.concurrent.ThreadPoolExecutor$Worker` retains 48 B (9.5%)
- `java.lang.Thread.run (Thread.java:1583)`
  - `java.lang.Class` retains 128 B (25.4%)
  - `java.util.concurrent.ThreadPoolExecutor$Worker` retains 48 B (9.5%)

<a id="thread-242"></a>

### Thread 242 "block-manager-ask-thread-pool-77" (java/lang/Thread)

_Local roots: 14._

**Local root objects:**

| Object                                                                  | Shallow | Retained |
| ----------------------------------------------------------------------- | ------: | -------: |
| `java/util/concurrent/ThreadPoolExecutor`                               |    80 B |   4.6 KB |
| `java/util/concurrent/ThreadPoolExecutor`                               |    80 B |   4.6 KB |
| `java/util/concurrent/LinkedBlockingQueue`                              |    48 B |    144 B |
| `java/lang/Class`                                                       |    32 B |    128 B |
| `java/lang/Class`                                                       |    32 B |    128 B |
| `java/util/concurrent/TimeUnit`                                         |    80 B |     80 B |
| `java/util/concurrent/ThreadPoolExecutor$Worker`                        |    48 B |     48 B |
| `java/util/concurrent/ThreadPoolExecutor$Worker`                        |    48 B |     48 B |
| `java/util/concurrent/ThreadPoolExecutor$Worker`                        |    48 B |     48 B |
| `java/util/concurrent/ThreadPoolExecutor$Worker`                        |    48 B |     48 B |
| `java/util/concurrent/locks/AbstractQueuedSynchronizer$ConditionNode`   |    32 B |     32 B |
| `java/util/concurrent/locks/AbstractQueuedSynchronizer$ConditionObject` |    24 B |     24 B |
| `java/util/concurrent/atomic/AtomicInteger`                             |    16 B |     16 B |
| `java/util/concurrent/locks/ReentrantLock`                              |    16 B |     16 B |

- `java.util.concurrent.locks.AbstractQueuedSynchronizer$ConditionObject.awaitNanos (AbstractQueuedSynchronizer.java:1797)`
  - `java.util.concurrent.locks.AbstractQueuedSynchronizer$ConditionNode` retains 32 B (6.3%)
  - `java.util.concurrent.locks.AbstractQueuedSynchronizer$ConditionObject` retains 24 B (4.8%)
- `java.util.concurrent.LinkedBlockingQueue.poll (LinkedBlockingQueue.java:460)`
  - `java.util.concurrent.LinkedBlockingQueue` retains 144 B (28.6%)
  - `java.util.concurrent.TimeUnit` retains 80 B (15.9%)
  - `java.util.concurrent.atomic.AtomicInteger` retains 16 B (3.2%)
  - `java.util.concurrent.locks.ReentrantLock` retains 16 B (3.2%)
- `java.util.concurrent.ThreadPoolExecutor.getTask (ThreadPoolExecutor.java:1069)`
  - `java.util.concurrent.ThreadPoolExecutor` retains 4.6 KB (936.5%)
- `java.util.concurrent.ThreadPoolExecutor.runWorker (ThreadPoolExecutor.java:1130)`
  - `java.util.concurrent.ThreadPoolExecutor` retains 4.6 KB (936.5%)
  - `java.util.concurrent.ThreadPoolExecutor$Worker` retains 48 B (9.5%)
- `java.util.concurrent.ThreadPoolExecutor$Worker.run (ThreadPoolExecutor.java:642)`
  - `java.util.concurrent.ThreadPoolExecutor$Worker` retains 48 B (9.5%)
- `java.lang.Thread.runWith (Thread.java:1596)`
  - `java.lang.Class` retains 128 B (25.4%)
  - `java.util.concurrent.ThreadPoolExecutor$Worker` retains 48 B (9.5%)
- `java.lang.Thread.run (Thread.java:1583)`
  - `java.lang.Class` retains 128 B (25.4%)
  - `java.util.concurrent.ThreadPoolExecutor$Worker` retains 48 B (9.5%)

<a id="thread-243"></a>

### Thread 243 "block-manager-ask-thread-pool-78" (java/lang/Thread)

_Local roots: 13._

**Local root objects:**

| Object                                                                  | Shallow | Retained |
| ----------------------------------------------------------------------- | ------: | -------: |
| `java/util/concurrent/ThreadPoolExecutor`                               |    80 B |   4.6 KB |
| `java/util/concurrent/ThreadPoolExecutor`                               |    80 B |   4.6 KB |
| `java/util/concurrent/LinkedBlockingQueue`                              |    48 B |    144 B |
| `java/lang/Class`                                                       |    32 B |    128 B |
| `java/lang/Class`                                                       |    32 B |    128 B |
| `java/util/concurrent/ThreadPoolExecutor$Worker`                        |    48 B |     48 B |
| `java/util/concurrent/ThreadPoolExecutor$Worker`                        |    48 B |     48 B |
| `java/util/concurrent/ThreadPoolExecutor$Worker`                        |    48 B |     48 B |
| `java/util/concurrent/ThreadPoolExecutor$Worker`                        |    48 B |     48 B |
| `java/util/concurrent/locks/AbstractQueuedSynchronizer$ConditionNode`   |    32 B |     32 B |
| `java/util/concurrent/locks/AbstractQueuedSynchronizer$ConditionObject` |    24 B |     24 B |
| `java/util/concurrent/atomic/AtomicInteger`                             |    16 B |     16 B |
| `java/util/concurrent/locks/ReentrantLock`                              |    16 B |     16 B |

- `java.util.concurrent.locks.AbstractQueuedSynchronizer$ConditionObject.awaitNanos (AbstractQueuedSynchronizer.java:1797)`
  - `java.util.concurrent.locks.AbstractQueuedSynchronizer$ConditionNode` retains 32 B (6.3%)
  - `java.util.concurrent.locks.AbstractQueuedSynchronizer$ConditionObject` retains 24 B (4.8%)
- `java.util.concurrent.LinkedBlockingQueue.poll (LinkedBlockingQueue.java:460)`
  - `java.util.concurrent.LinkedBlockingQueue` retains 144 B (28.6%)
  - `java.util.concurrent.atomic.AtomicInteger` retains 16 B (3.2%)
  - `java.util.concurrent.locks.ReentrantLock` retains 16 B (3.2%)
- `java.util.concurrent.ThreadPoolExecutor.getTask (ThreadPoolExecutor.java:1069)`
  - `java.util.concurrent.ThreadPoolExecutor` retains 4.6 KB (936.5%)
- `java.util.concurrent.ThreadPoolExecutor.runWorker (ThreadPoolExecutor.java:1130)`
  - `java.util.concurrent.ThreadPoolExecutor` retains 4.6 KB (936.5%)
  - `java.util.concurrent.ThreadPoolExecutor$Worker` retains 48 B (9.5%)
- `java.util.concurrent.ThreadPoolExecutor$Worker.run (ThreadPoolExecutor.java:642)`
  - `java.util.concurrent.ThreadPoolExecutor$Worker` retains 48 B (9.5%)
- `java.lang.Thread.runWith (Thread.java:1596)`
  - `java.lang.Class` retains 128 B (25.4%)
  - `java.util.concurrent.ThreadPoolExecutor$Worker` retains 48 B (9.5%)
- `java.lang.Thread.run (Thread.java:1583)`
  - `java.lang.Class` retains 128 B (25.4%)
  - `java.util.concurrent.ThreadPoolExecutor$Worker` retains 48 B (9.5%)

<a id="thread-244"></a>

### Thread 244 "block-manager-ask-thread-pool-79" (java/lang/Thread)

_Local roots: 14._

**Local root objects:**

| Object                                                                  | Shallow | Retained |
| ----------------------------------------------------------------------- | ------: | -------: |
| `java/util/concurrent/ThreadPoolExecutor`                               |    80 B |   4.6 KB |
| `java/util/concurrent/ThreadPoolExecutor`                               |    80 B |   4.6 KB |
| `java/util/concurrent/LinkedBlockingQueue`                              |    48 B |    144 B |
| `java/lang/Class`                                                       |    32 B |    128 B |
| `java/lang/Class`                                                       |    32 B |    128 B |
| `java/util/concurrent/TimeUnit`                                         |    80 B |     80 B |
| `java/util/concurrent/ThreadPoolExecutor$Worker`                        |    48 B |     48 B |
| `java/util/concurrent/ThreadPoolExecutor$Worker`                        |    48 B |     48 B |
| `java/util/concurrent/ThreadPoolExecutor$Worker`                        |    48 B |     48 B |
| `java/util/concurrent/ThreadPoolExecutor$Worker`                        |    48 B |     48 B |
| `java/util/concurrent/locks/AbstractQueuedSynchronizer$ConditionNode`   |    32 B |     32 B |
| `java/util/concurrent/locks/AbstractQueuedSynchronizer$ConditionObject` |    24 B |     24 B |
| `java/util/concurrent/atomic/AtomicInteger`                             |    16 B |     16 B |
| `java/util/concurrent/locks/ReentrantLock`                              |    16 B |     16 B |

- `java.util.concurrent.locks.AbstractQueuedSynchronizer$ConditionObject.awaitNanos (AbstractQueuedSynchronizer.java:1797)`
  - `java.util.concurrent.locks.AbstractQueuedSynchronizer$ConditionNode` retains 32 B (6.3%)
  - `java.util.concurrent.locks.AbstractQueuedSynchronizer$ConditionObject` retains 24 B (4.8%)
- `java.util.concurrent.LinkedBlockingQueue.poll (LinkedBlockingQueue.java:460)`
  - `java.util.concurrent.LinkedBlockingQueue` retains 144 B (28.6%)
  - `java.util.concurrent.TimeUnit` retains 80 B (15.9%)
  - `java.util.concurrent.atomic.AtomicInteger` retains 16 B (3.2%)
  - `java.util.concurrent.locks.ReentrantLock` retains 16 B (3.2%)
- `java.util.concurrent.ThreadPoolExecutor.getTask (ThreadPoolExecutor.java:1069)`
  - `java.util.concurrent.ThreadPoolExecutor` retains 4.6 KB (936.5%)
- `java.util.concurrent.ThreadPoolExecutor.runWorker (ThreadPoolExecutor.java:1130)`
  - `java.util.concurrent.ThreadPoolExecutor` retains 4.6 KB (936.5%)
  - `java.util.concurrent.ThreadPoolExecutor$Worker` retains 48 B (9.5%)
- `java.util.concurrent.ThreadPoolExecutor$Worker.run (ThreadPoolExecutor.java:642)`
  - `java.util.concurrent.ThreadPoolExecutor$Worker` retains 48 B (9.5%)
- `java.lang.Thread.runWith (Thread.java:1596)`
  - `java.lang.Class` retains 128 B (25.4%)
  - `java.util.concurrent.ThreadPoolExecutor$Worker` retains 48 B (9.5%)
- `java.lang.Thread.run (Thread.java:1583)`
  - `java.lang.Class` retains 128 B (25.4%)
  - `java.util.concurrent.ThreadPoolExecutor$Worker` retains 48 B (9.5%)

<a id="thread-245"></a>

### Thread 245 "block-manager-ask-thread-pool-80" (java/lang/Thread)

_Local roots: 13._

**Local root objects:**

| Object                                                                  | Shallow | Retained |
| ----------------------------------------------------------------------- | ------: | -------: |
| `java/util/concurrent/ThreadPoolExecutor`                               |    80 B |   4.6 KB |
| `java/util/concurrent/ThreadPoolExecutor`                               |    80 B |   4.6 KB |
| `java/util/concurrent/LinkedBlockingQueue`                              |    48 B |    144 B |
| `java/lang/Class`                                                       |    32 B |    128 B |
| `java/lang/Class`                                                       |    32 B |    128 B |
| `java/util/concurrent/ThreadPoolExecutor$Worker`                        |    48 B |     48 B |
| `java/util/concurrent/ThreadPoolExecutor$Worker`                        |    48 B |     48 B |
| `java/util/concurrent/ThreadPoolExecutor$Worker`                        |    48 B |     48 B |
| `java/util/concurrent/ThreadPoolExecutor$Worker`                        |    48 B |     48 B |
| `java/util/concurrent/locks/AbstractQueuedSynchronizer$ConditionNode`   |    32 B |     32 B |
| `java/util/concurrent/locks/AbstractQueuedSynchronizer$ConditionObject` |    24 B |     24 B |
| `java/util/concurrent/atomic/AtomicInteger`                             |    16 B |     16 B |
| `java/util/concurrent/locks/ReentrantLock`                              |    16 B |     16 B |

- `java.util.concurrent.locks.AbstractQueuedSynchronizer$ConditionObject.awaitNanos (AbstractQueuedSynchronizer.java:1797)`
  - `java.util.concurrent.locks.AbstractQueuedSynchronizer$ConditionNode` retains 32 B (6.3%)
  - `java.util.concurrent.locks.AbstractQueuedSynchronizer$ConditionObject` retains 24 B (4.8%)
- `java.util.concurrent.LinkedBlockingQueue.poll (LinkedBlockingQueue.java:460)`
  - `java.util.concurrent.LinkedBlockingQueue` retains 144 B (28.6%)
  - `java.util.concurrent.atomic.AtomicInteger` retains 16 B (3.2%)
  - `java.util.concurrent.locks.ReentrantLock` retains 16 B (3.2%)
- `java.util.concurrent.ThreadPoolExecutor.getTask (ThreadPoolExecutor.java:1069)`
  - `java.util.concurrent.ThreadPoolExecutor` retains 4.6 KB (936.5%)
- `java.util.concurrent.ThreadPoolExecutor.runWorker (ThreadPoolExecutor.java:1130)`
  - `java.util.concurrent.ThreadPoolExecutor` retains 4.6 KB (936.5%)
  - `java.util.concurrent.ThreadPoolExecutor$Worker` retains 48 B (9.5%)
- `java.util.concurrent.ThreadPoolExecutor$Worker.run (ThreadPoolExecutor.java:642)`
  - `java.util.concurrent.ThreadPoolExecutor$Worker` retains 48 B (9.5%)
- `java.lang.Thread.runWith (Thread.java:1596)`
  - `java.lang.Class` retains 128 B (25.4%)
  - `java.util.concurrent.ThreadPoolExecutor$Worker` retains 48 B (9.5%)
- `java.lang.Thread.run (Thread.java:1583)`
  - `java.lang.Class` retains 128 B (25.4%)
  - `java.util.concurrent.ThreadPoolExecutor$Worker` retains 48 B (9.5%)

<a id="thread-246"></a>

### Thread 246 "block-manager-ask-thread-pool-81" (java/lang/Thread)

_Local roots: 14._

**Local root objects:**

| Object                                                                  | Shallow | Retained |
| ----------------------------------------------------------------------- | ------: | -------: |
| `java/util/concurrent/ThreadPoolExecutor`                               |    80 B |   4.6 KB |
| `java/util/concurrent/ThreadPoolExecutor`                               |    80 B |   4.6 KB |
| `java/util/concurrent/LinkedBlockingQueue`                              |    48 B |    144 B |
| `java/lang/Class`                                                       |    32 B |    128 B |
| `java/lang/Class`                                                       |    32 B |    128 B |
| `java/util/concurrent/TimeUnit`                                         |    80 B |     80 B |
| `java/util/concurrent/ThreadPoolExecutor$Worker`                        |    48 B |     48 B |
| `java/util/concurrent/ThreadPoolExecutor$Worker`                        |    48 B |     48 B |
| `java/util/concurrent/ThreadPoolExecutor$Worker`                        |    48 B |     48 B |
| `java/util/concurrent/ThreadPoolExecutor$Worker`                        |    48 B |     48 B |
| `java/util/concurrent/locks/AbstractQueuedSynchronizer$ConditionNode`   |    32 B |     32 B |
| `java/util/concurrent/locks/AbstractQueuedSynchronizer$ConditionObject` |    24 B |     24 B |
| `java/util/concurrent/atomic/AtomicInteger`                             |    16 B |     16 B |
| `java/util/concurrent/locks/ReentrantLock`                              |    16 B |     16 B |

- `java.util.concurrent.locks.AbstractQueuedSynchronizer$ConditionObject.awaitNanos (AbstractQueuedSynchronizer.java:1797)`
  - `java.util.concurrent.locks.AbstractQueuedSynchronizer$ConditionNode` retains 32 B (6.3%)
  - `java.util.concurrent.locks.AbstractQueuedSynchronizer$ConditionObject` retains 24 B (4.8%)
- `java.util.concurrent.LinkedBlockingQueue.poll (LinkedBlockingQueue.java:460)`
  - `java.util.concurrent.LinkedBlockingQueue` retains 144 B (28.6%)
  - `java.util.concurrent.TimeUnit` retains 80 B (15.9%)
  - `java.util.concurrent.atomic.AtomicInteger` retains 16 B (3.2%)
  - `java.util.concurrent.locks.ReentrantLock` retains 16 B (3.2%)
- `java.util.concurrent.ThreadPoolExecutor.getTask (ThreadPoolExecutor.java:1069)`
  - `java.util.concurrent.ThreadPoolExecutor` retains 4.6 KB (936.5%)
- `java.util.concurrent.ThreadPoolExecutor.runWorker (ThreadPoolExecutor.java:1130)`
  - `java.util.concurrent.ThreadPoolExecutor` retains 4.6 KB (936.5%)
  - `java.util.concurrent.ThreadPoolExecutor$Worker` retains 48 B (9.5%)
- `java.util.concurrent.ThreadPoolExecutor$Worker.run (ThreadPoolExecutor.java:642)`
  - `java.util.concurrent.ThreadPoolExecutor$Worker` retains 48 B (9.5%)
- `java.lang.Thread.runWith (Thread.java:1596)`
  - `java.lang.Class` retains 128 B (25.4%)
  - `java.util.concurrent.ThreadPoolExecutor$Worker` retains 48 B (9.5%)
- `java.lang.Thread.run (Thread.java:1583)`
  - `java.lang.Class` retains 128 B (25.4%)
  - `java.util.concurrent.ThreadPoolExecutor$Worker` retains 48 B (9.5%)

<a id="thread-247"></a>

### Thread 247 "block-manager-ask-thread-pool-82" (java/lang/Thread)

_Local roots: 13._

**Local root objects:**

| Object                                                                  | Shallow | Retained |
| ----------------------------------------------------------------------- | ------: | -------: |
| `java/util/concurrent/ThreadPoolExecutor`                               |    80 B |   4.6 KB |
| `java/util/concurrent/ThreadPoolExecutor`                               |    80 B |   4.6 KB |
| `java/util/concurrent/LinkedBlockingQueue`                              |    48 B |    144 B |
| `java/lang/Class`                                                       |    32 B |    128 B |
| `java/lang/Class`                                                       |    32 B |    128 B |
| `java/util/concurrent/ThreadPoolExecutor$Worker`                        |    48 B |     48 B |
| `java/util/concurrent/ThreadPoolExecutor$Worker`                        |    48 B |     48 B |
| `java/util/concurrent/ThreadPoolExecutor$Worker`                        |    48 B |     48 B |
| `java/util/concurrent/ThreadPoolExecutor$Worker`                        |    48 B |     48 B |
| `java/util/concurrent/locks/AbstractQueuedSynchronizer$ConditionNode`   |    32 B |     32 B |
| `java/util/concurrent/locks/AbstractQueuedSynchronizer$ConditionObject` |    24 B |     24 B |
| `java/util/concurrent/atomic/AtomicInteger`                             |    16 B |     16 B |
| `java/util/concurrent/locks/ReentrantLock`                              |    16 B |     16 B |

- `java.util.concurrent.locks.AbstractQueuedSynchronizer$ConditionObject.awaitNanos (AbstractQueuedSynchronizer.java:1797)`
  - `java.util.concurrent.locks.AbstractQueuedSynchronizer$ConditionNode` retains 32 B (6.3%)
  - `java.util.concurrent.locks.AbstractQueuedSynchronizer$ConditionObject` retains 24 B (4.8%)
- `java.util.concurrent.LinkedBlockingQueue.poll (LinkedBlockingQueue.java:460)`
  - `java.util.concurrent.LinkedBlockingQueue` retains 144 B (28.6%)
  - `java.util.concurrent.atomic.AtomicInteger` retains 16 B (3.2%)
  - `java.util.concurrent.locks.ReentrantLock` retains 16 B (3.2%)
- `java.util.concurrent.ThreadPoolExecutor.getTask (ThreadPoolExecutor.java:1069)`
  - `java.util.concurrent.ThreadPoolExecutor` retains 4.6 KB (936.5%)
- `java.util.concurrent.ThreadPoolExecutor.runWorker (ThreadPoolExecutor.java:1130)`
  - `java.util.concurrent.ThreadPoolExecutor` retains 4.6 KB (936.5%)
  - `java.util.concurrent.ThreadPoolExecutor$Worker` retains 48 B (9.5%)
- `java.util.concurrent.ThreadPoolExecutor$Worker.run (ThreadPoolExecutor.java:642)`
  - `java.util.concurrent.ThreadPoolExecutor$Worker` retains 48 B (9.5%)
- `java.lang.Thread.runWith (Thread.java:1596)`
  - `java.lang.Class` retains 128 B (25.4%)
  - `java.util.concurrent.ThreadPoolExecutor$Worker` retains 48 B (9.5%)
- `java.lang.Thread.run (Thread.java:1583)`
  - `java.lang.Class` retains 128 B (25.4%)
  - `java.util.concurrent.ThreadPoolExecutor$Worker` retains 48 B (9.5%)

<a id="thread-248"></a>

### Thread 248 "block-manager-ask-thread-pool-83" (java/lang/Thread)

_Local roots: 14._

**Local root objects:**

| Object                                                                  | Shallow | Retained |
| ----------------------------------------------------------------------- | ------: | -------: |
| `java/util/concurrent/ThreadPoolExecutor`                               |    80 B |   4.6 KB |
| `java/util/concurrent/ThreadPoolExecutor`                               |    80 B |   4.6 KB |
| `java/util/concurrent/LinkedBlockingQueue`                              |    48 B |    144 B |
| `java/lang/Class`                                                       |    32 B |    128 B |
| `java/lang/Class`                                                       |    32 B |    128 B |
| `java/util/concurrent/TimeUnit`                                         |    80 B |     80 B |
| `java/util/concurrent/ThreadPoolExecutor$Worker`                        |    48 B |     48 B |
| `java/util/concurrent/ThreadPoolExecutor$Worker`                        |    48 B |     48 B |
| `java/util/concurrent/ThreadPoolExecutor$Worker`                        |    48 B |     48 B |
| `java/util/concurrent/ThreadPoolExecutor$Worker`                        |    48 B |     48 B |
| `java/util/concurrent/locks/AbstractQueuedSynchronizer$ConditionNode`   |    32 B |     32 B |
| `java/util/concurrent/locks/AbstractQueuedSynchronizer$ConditionObject` |    24 B |     24 B |
| `java/util/concurrent/atomic/AtomicInteger`                             |    16 B |     16 B |
| `java/util/concurrent/locks/ReentrantLock`                              |    16 B |     16 B |

- `java.util.concurrent.locks.AbstractQueuedSynchronizer$ConditionObject.awaitNanos (AbstractQueuedSynchronizer.java:1797)`
  - `java.util.concurrent.locks.AbstractQueuedSynchronizer$ConditionNode` retains 32 B (6.3%)
  - `java.util.concurrent.locks.AbstractQueuedSynchronizer$ConditionObject` retains 24 B (4.8%)
- `java.util.concurrent.LinkedBlockingQueue.poll (LinkedBlockingQueue.java:460)`
  - `java.util.concurrent.LinkedBlockingQueue` retains 144 B (28.6%)
  - `java.util.concurrent.TimeUnit` retains 80 B (15.9%)
  - `java.util.concurrent.atomic.AtomicInteger` retains 16 B (3.2%)
  - `java.util.concurrent.locks.ReentrantLock` retains 16 B (3.2%)
- `java.util.concurrent.ThreadPoolExecutor.getTask (ThreadPoolExecutor.java:1069)`
  - `java.util.concurrent.ThreadPoolExecutor` retains 4.6 KB (936.5%)
- `java.util.concurrent.ThreadPoolExecutor.runWorker (ThreadPoolExecutor.java:1130)`
  - `java.util.concurrent.ThreadPoolExecutor` retains 4.6 KB (936.5%)
  - `java.util.concurrent.ThreadPoolExecutor$Worker` retains 48 B (9.5%)
- `java.util.concurrent.ThreadPoolExecutor$Worker.run (ThreadPoolExecutor.java:642)`
  - `java.util.concurrent.ThreadPoolExecutor$Worker` retains 48 B (9.5%)
- `java.lang.Thread.runWith (Thread.java:1596)`
  - `java.lang.Class` retains 128 B (25.4%)
  - `java.util.concurrent.ThreadPoolExecutor$Worker` retains 48 B (9.5%)
- `java.lang.Thread.run (Thread.java:1583)`
  - `java.lang.Class` retains 128 B (25.4%)
  - `java.util.concurrent.ThreadPoolExecutor$Worker` retains 48 B (9.5%)

<a id="thread-249"></a>

### Thread 249 "block-manager-ask-thread-pool-84" (java/lang/Thread)

_Local roots: 13._

**Local root objects:**

| Object                                                                  | Shallow | Retained |
| ----------------------------------------------------------------------- | ------: | -------: |
| `java/util/concurrent/ThreadPoolExecutor`                               |    80 B |   4.6 KB |
| `java/util/concurrent/ThreadPoolExecutor`                               |    80 B |   4.6 KB |
| `java/util/concurrent/LinkedBlockingQueue`                              |    48 B |    144 B |
| `java/lang/Class`                                                       |    32 B |    128 B |
| `java/lang/Class`                                                       |    32 B |    128 B |
| `java/util/concurrent/ThreadPoolExecutor$Worker`                        |    48 B |     48 B |
| `java/util/concurrent/ThreadPoolExecutor$Worker`                        |    48 B |     48 B |
| `java/util/concurrent/ThreadPoolExecutor$Worker`                        |    48 B |     48 B |
| `java/util/concurrent/ThreadPoolExecutor$Worker`                        |    48 B |     48 B |
| `java/util/concurrent/locks/AbstractQueuedSynchronizer$ConditionNode`   |    32 B |     32 B |
| `java/util/concurrent/locks/AbstractQueuedSynchronizer$ConditionObject` |    24 B |     24 B |
| `java/util/concurrent/atomic/AtomicInteger`                             |    16 B |     16 B |
| `java/util/concurrent/locks/ReentrantLock`                              |    16 B |     16 B |

- `java.util.concurrent.locks.AbstractQueuedSynchronizer$ConditionObject.awaitNanos (AbstractQueuedSynchronizer.java:1797)`
  - `java.util.concurrent.locks.AbstractQueuedSynchronizer$ConditionNode` retains 32 B (6.3%)
  - `java.util.concurrent.locks.AbstractQueuedSynchronizer$ConditionObject` retains 24 B (4.8%)
- `java.util.concurrent.LinkedBlockingQueue.poll (LinkedBlockingQueue.java:460)`
  - `java.util.concurrent.LinkedBlockingQueue` retains 144 B (28.6%)
  - `java.util.concurrent.atomic.AtomicInteger` retains 16 B (3.2%)
  - `java.util.concurrent.locks.ReentrantLock` retains 16 B (3.2%)
- `java.util.concurrent.ThreadPoolExecutor.getTask (ThreadPoolExecutor.java:1069)`
  - `java.util.concurrent.ThreadPoolExecutor` retains 4.6 KB (936.5%)
- `java.util.concurrent.ThreadPoolExecutor.runWorker (ThreadPoolExecutor.java:1130)`
  - `java.util.concurrent.ThreadPoolExecutor` retains 4.6 KB (936.5%)
  - `java.util.concurrent.ThreadPoolExecutor$Worker` retains 48 B (9.5%)
- `java.util.concurrent.ThreadPoolExecutor$Worker.run (ThreadPoolExecutor.java:642)`
  - `java.util.concurrent.ThreadPoolExecutor$Worker` retains 48 B (9.5%)
- `java.lang.Thread.runWith (Thread.java:1596)`
  - `java.lang.Class` retains 128 B (25.4%)
  - `java.util.concurrent.ThreadPoolExecutor$Worker` retains 48 B (9.5%)
- `java.lang.Thread.run (Thread.java:1583)`
  - `java.lang.Class` retains 128 B (25.4%)
  - `java.util.concurrent.ThreadPoolExecutor$Worker` retains 48 B (9.5%)

<a id="thread-250"></a>

### Thread 250 "block-manager-ask-thread-pool-85" (java/lang/Thread)

_Local roots: 14._

**Local root objects:**

| Object                                                                  | Shallow | Retained |
| ----------------------------------------------------------------------- | ------: | -------: |
| `java/util/concurrent/ThreadPoolExecutor`                               |    80 B |   4.6 KB |
| `java/util/concurrent/ThreadPoolExecutor`                               |    80 B |   4.6 KB |
| `java/util/concurrent/LinkedBlockingQueue`                              |    48 B |    144 B |
| `java/lang/Class`                                                       |    32 B |    128 B |
| `java/lang/Class`                                                       |    32 B |    128 B |
| `java/util/concurrent/TimeUnit`                                         |    80 B |     80 B |
| `java/util/concurrent/ThreadPoolExecutor$Worker`                        |    48 B |     48 B |
| `java/util/concurrent/ThreadPoolExecutor$Worker`                        |    48 B |     48 B |
| `java/util/concurrent/ThreadPoolExecutor$Worker`                        |    48 B |     48 B |
| `java/util/concurrent/ThreadPoolExecutor$Worker`                        |    48 B |     48 B |
| `java/util/concurrent/locks/AbstractQueuedSynchronizer$ConditionNode`   |    32 B |     32 B |
| `java/util/concurrent/locks/AbstractQueuedSynchronizer$ConditionObject` |    24 B |     24 B |
| `java/util/concurrent/atomic/AtomicInteger`                             |    16 B |     16 B |
| `java/util/concurrent/locks/ReentrantLock`                              |    16 B |     16 B |

- `java.util.concurrent.locks.AbstractQueuedSynchronizer$ConditionObject.awaitNanos (AbstractQueuedSynchronizer.java:1797)`
  - `java.util.concurrent.locks.AbstractQueuedSynchronizer$ConditionNode` retains 32 B (6.3%)
  - `java.util.concurrent.locks.AbstractQueuedSynchronizer$ConditionObject` retains 24 B (4.8%)
- `java.util.concurrent.LinkedBlockingQueue.poll (LinkedBlockingQueue.java:460)`
  - `java.util.concurrent.LinkedBlockingQueue` retains 144 B (28.6%)
  - `java.util.concurrent.TimeUnit` retains 80 B (15.9%)
  - `java.util.concurrent.atomic.AtomicInteger` retains 16 B (3.2%)
  - `java.util.concurrent.locks.ReentrantLock` retains 16 B (3.2%)
- `java.util.concurrent.ThreadPoolExecutor.getTask (ThreadPoolExecutor.java:1069)`
  - `java.util.concurrent.ThreadPoolExecutor` retains 4.6 KB (936.5%)
- `java.util.concurrent.ThreadPoolExecutor.runWorker (ThreadPoolExecutor.java:1130)`
  - `java.util.concurrent.ThreadPoolExecutor` retains 4.6 KB (936.5%)
  - `java.util.concurrent.ThreadPoolExecutor$Worker` retains 48 B (9.5%)
- `java.util.concurrent.ThreadPoolExecutor$Worker.run (ThreadPoolExecutor.java:642)`
  - `java.util.concurrent.ThreadPoolExecutor$Worker` retains 48 B (9.5%)
- `java.lang.Thread.runWith (Thread.java:1596)`
  - `java.lang.Class` retains 128 B (25.4%)
  - `java.util.concurrent.ThreadPoolExecutor$Worker` retains 48 B (9.5%)
- `java.lang.Thread.run (Thread.java:1583)`
  - `java.lang.Class` retains 128 B (25.4%)
  - `java.util.concurrent.ThreadPoolExecutor$Worker` retains 48 B (9.5%)

<a id="thread-251"></a>

### Thread 251 "block-manager-ask-thread-pool-86" (java/lang/Thread)

_Local roots: 14._

**Local root objects:**

| Object                                                                  | Shallow | Retained |
| ----------------------------------------------------------------------- | ------: | -------: |
| `java/util/concurrent/ThreadPoolExecutor`                               |    80 B |   4.6 KB |
| `java/util/concurrent/ThreadPoolExecutor`                               |    80 B |   4.6 KB |
| `java/util/concurrent/LinkedBlockingQueue`                              |    48 B |    144 B |
| `java/lang/Class`                                                       |    32 B |    128 B |
| `java/lang/Class`                                                       |    32 B |    128 B |
| `java/util/concurrent/TimeUnit`                                         |    80 B |     80 B |
| `java/util/concurrent/ThreadPoolExecutor$Worker`                        |    48 B |     48 B |
| `java/util/concurrent/ThreadPoolExecutor$Worker`                        |    48 B |     48 B |
| `java/util/concurrent/ThreadPoolExecutor$Worker`                        |    48 B |     48 B |
| `java/util/concurrent/ThreadPoolExecutor$Worker`                        |    48 B |     48 B |
| `java/util/concurrent/locks/AbstractQueuedSynchronizer$ConditionNode`   |    32 B |     32 B |
| `java/util/concurrent/locks/AbstractQueuedSynchronizer$ConditionObject` |    24 B |     24 B |
| `java/util/concurrent/atomic/AtomicInteger`                             |    16 B |     16 B |
| `java/util/concurrent/locks/ReentrantLock`                              |    16 B |     16 B |

- `java.util.concurrent.locks.AbstractQueuedSynchronizer$ConditionObject.awaitNanos (AbstractQueuedSynchronizer.java:1797)`
  - `java.util.concurrent.locks.AbstractQueuedSynchronizer$ConditionNode` retains 32 B (8.7%)
  - `java.util.concurrent.locks.AbstractQueuedSynchronizer$ConditionObject` retains 24 B (6.5%)
- `java.util.concurrent.LinkedBlockingQueue.poll (LinkedBlockingQueue.java:460)`
  - `java.util.concurrent.LinkedBlockingQueue` retains 144 B (39.1%)
  - `java.util.concurrent.TimeUnit` retains 80 B (21.7%)
  - `java.util.concurrent.atomic.AtomicInteger` retains 16 B (4.3%)
  - `java.util.concurrent.locks.ReentrantLock` retains 16 B (4.3%)
- `java.util.concurrent.ThreadPoolExecutor.getTask (ThreadPoolExecutor.java:1069)`
  - `java.util.concurrent.ThreadPoolExecutor` retains 4.6 KB (1282.6%)
- `java.util.concurrent.ThreadPoolExecutor.runWorker (ThreadPoolExecutor.java:1130)`
  - `java.util.concurrent.ThreadPoolExecutor` retains 4.6 KB (1282.6%)
  - `java.util.concurrent.ThreadPoolExecutor$Worker` retains 48 B (13.0%)
- `java.util.concurrent.ThreadPoolExecutor$Worker.run (ThreadPoolExecutor.java:642)`
  - `java.util.concurrent.ThreadPoolExecutor$Worker` retains 48 B (13.0%)
- `java.lang.Thread.runWith (Thread.java:1596)`
  - `java.lang.Class` retains 128 B (34.8%)
  - `java.util.concurrent.ThreadPoolExecutor$Worker` retains 48 B (13.0%)
- `java.lang.Thread.run (Thread.java:1583)`
  - `java.lang.Class` retains 128 B (34.8%)
  - `java.util.concurrent.ThreadPoolExecutor$Worker` retains 48 B (13.0%)

<a id="thread-252"></a>

### Thread 252 "block-manager-ask-thread-pool-87" (java/lang/Thread)

_Local roots: 14._

**Local root objects:**

| Object                                                                  | Shallow | Retained |
| ----------------------------------------------------------------------- | ------: | -------: |
| `java/util/concurrent/ThreadPoolExecutor`                               |    80 B |   4.6 KB |
| `java/util/concurrent/ThreadPoolExecutor`                               |    80 B |   4.6 KB |
| `java/util/concurrent/LinkedBlockingQueue`                              |    48 B |    144 B |
| `java/lang/Class`                                                       |    32 B |    128 B |
| `java/lang/Class`                                                       |    32 B |    128 B |
| `java/util/concurrent/TimeUnit`                                         |    80 B |     80 B |
| `java/util/concurrent/ThreadPoolExecutor$Worker`                        |    48 B |     48 B |
| `java/util/concurrent/ThreadPoolExecutor$Worker`                        |    48 B |     48 B |
| `java/util/concurrent/ThreadPoolExecutor$Worker`                        |    48 B |     48 B |
| `java/util/concurrent/ThreadPoolExecutor$Worker`                        |    48 B |     48 B |
| `java/util/concurrent/locks/AbstractQueuedSynchronizer$ConditionNode`   |    32 B |     32 B |
| `java/util/concurrent/locks/AbstractQueuedSynchronizer$ConditionObject` |    24 B |     24 B |
| `java/util/concurrent/atomic/AtomicInteger`                             |    16 B |     16 B |
| `java/util/concurrent/locks/ReentrantLock`                              |    16 B |     16 B |

- `java.util.concurrent.locks.AbstractQueuedSynchronizer$ConditionObject.awaitNanos (AbstractQueuedSynchronizer.java:1797)`
  - `java.util.concurrent.locks.AbstractQueuedSynchronizer$ConditionNode` retains 32 B (6.3%)
  - `java.util.concurrent.locks.AbstractQueuedSynchronizer$ConditionObject` retains 24 B (4.8%)
- `java.util.concurrent.LinkedBlockingQueue.poll (LinkedBlockingQueue.java:460)`
  - `java.util.concurrent.LinkedBlockingQueue` retains 144 B (28.6%)
  - `java.util.concurrent.TimeUnit` retains 80 B (15.9%)
  - `java.util.concurrent.atomic.AtomicInteger` retains 16 B (3.2%)
  - `java.util.concurrent.locks.ReentrantLock` retains 16 B (3.2%)
- `java.util.concurrent.ThreadPoolExecutor.getTask (ThreadPoolExecutor.java:1069)`
  - `java.util.concurrent.ThreadPoolExecutor` retains 4.6 KB (936.5%)
- `java.util.concurrent.ThreadPoolExecutor.runWorker (ThreadPoolExecutor.java:1130)`
  - `java.util.concurrent.ThreadPoolExecutor` retains 4.6 KB (936.5%)
  - `java.util.concurrent.ThreadPoolExecutor$Worker` retains 48 B (9.5%)
- `java.util.concurrent.ThreadPoolExecutor$Worker.run (ThreadPoolExecutor.java:642)`
  - `java.util.concurrent.ThreadPoolExecutor$Worker` retains 48 B (9.5%)
- `java.lang.Thread.runWith (Thread.java:1596)`
  - `java.lang.Class` retains 128 B (25.4%)
  - `java.util.concurrent.ThreadPoolExecutor$Worker` retains 48 B (9.5%)
- `java.lang.Thread.run (Thread.java:1583)`
  - `java.lang.Class` retains 128 B (25.4%)
  - `java.util.concurrent.ThreadPoolExecutor$Worker` retains 48 B (9.5%)

<a id="thread-253"></a>

### Thread 253 "block-manager-ask-thread-pool-88" (java/lang/Thread)

_Local roots: 14._

**Local root objects:**

| Object                                                                  | Shallow | Retained |
| ----------------------------------------------------------------------- | ------: | -------: |
| `java/util/concurrent/ThreadPoolExecutor`                               |    80 B |   4.6 KB |
| `java/util/concurrent/ThreadPoolExecutor`                               |    80 B |   4.6 KB |
| `java/util/concurrent/LinkedBlockingQueue`                              |    48 B |    144 B |
| `java/lang/Class`                                                       |    32 B |    128 B |
| `java/lang/Class`                                                       |    32 B |    128 B |
| `java/util/concurrent/TimeUnit`                                         |    80 B |     80 B |
| `java/util/concurrent/ThreadPoolExecutor$Worker`                        |    48 B |     48 B |
| `java/util/concurrent/ThreadPoolExecutor$Worker`                        |    48 B |     48 B |
| `java/util/concurrent/ThreadPoolExecutor$Worker`                        |    48 B |     48 B |
| `java/util/concurrent/ThreadPoolExecutor$Worker`                        |    48 B |     48 B |
| `java/util/concurrent/locks/AbstractQueuedSynchronizer$ConditionNode`   |    32 B |     32 B |
| `java/util/concurrent/locks/AbstractQueuedSynchronizer$ConditionObject` |    24 B |     24 B |
| `java/util/concurrent/atomic/AtomicInteger`                             |    16 B |     16 B |
| `java/util/concurrent/locks/ReentrantLock`                              |    16 B |     16 B |

- `java.util.concurrent.locks.AbstractQueuedSynchronizer$ConditionObject.awaitNanos (AbstractQueuedSynchronizer.java:1797)`
  - `java.util.concurrent.locks.AbstractQueuedSynchronizer$ConditionNode` retains 32 B (8.7%)
  - `java.util.concurrent.locks.AbstractQueuedSynchronizer$ConditionObject` retains 24 B (6.5%)
- `java.util.concurrent.LinkedBlockingQueue.poll (LinkedBlockingQueue.java:460)`
  - `java.util.concurrent.LinkedBlockingQueue` retains 144 B (39.1%)
  - `java.util.concurrent.TimeUnit` retains 80 B (21.7%)
  - `java.util.concurrent.atomic.AtomicInteger` retains 16 B (4.3%)
  - `java.util.concurrent.locks.ReentrantLock` retains 16 B (4.3%)
- `java.util.concurrent.ThreadPoolExecutor.getTask (ThreadPoolExecutor.java:1069)`
  - `java.util.concurrent.ThreadPoolExecutor` retains 4.6 KB (1282.6%)
- `java.util.concurrent.ThreadPoolExecutor.runWorker (ThreadPoolExecutor.java:1130)`
  - `java.util.concurrent.ThreadPoolExecutor` retains 4.6 KB (1282.6%)
  - `java.util.concurrent.ThreadPoolExecutor$Worker` retains 48 B (13.0%)
- `java.util.concurrent.ThreadPoolExecutor$Worker.run (ThreadPoolExecutor.java:642)`
  - `java.util.concurrent.ThreadPoolExecutor$Worker` retains 48 B (13.0%)
- `java.lang.Thread.runWith (Thread.java:1596)`
  - `java.lang.Class` retains 128 B (34.8%)
  - `java.util.concurrent.ThreadPoolExecutor$Worker` retains 48 B (13.0%)
- `java.lang.Thread.run (Thread.java:1583)`
  - `java.lang.Class` retains 128 B (34.8%)
  - `java.util.concurrent.ThreadPoolExecutor$Worker` retains 48 B (13.0%)

<a id="thread-254"></a>

### Thread 254 "block-manager-ask-thread-pool-89" (java/lang/Thread)

_Local roots: 14._

**Local root objects:**

| Object                                                                  | Shallow | Retained |
| ----------------------------------------------------------------------- | ------: | -------: |
| `java/util/concurrent/ThreadPoolExecutor`                               |    80 B |   4.6 KB |
| `java/util/concurrent/ThreadPoolExecutor`                               |    80 B |   4.6 KB |
| `java/util/concurrent/LinkedBlockingQueue`                              |    48 B |    144 B |
| `java/lang/Class`                                                       |    32 B |    128 B |
| `java/lang/Class`                                                       |    32 B |    128 B |
| `java/util/concurrent/TimeUnit`                                         |    80 B |     80 B |
| `java/util/concurrent/ThreadPoolExecutor$Worker`                        |    48 B |     48 B |
| `java/util/concurrent/ThreadPoolExecutor$Worker`                        |    48 B |     48 B |
| `java/util/concurrent/ThreadPoolExecutor$Worker`                        |    48 B |     48 B |
| `java/util/concurrent/ThreadPoolExecutor$Worker`                        |    48 B |     48 B |
| `java/util/concurrent/locks/AbstractQueuedSynchronizer$ConditionNode`   |    32 B |     32 B |
| `java/util/concurrent/locks/AbstractQueuedSynchronizer$ConditionObject` |    24 B |     24 B |
| `java/util/concurrent/atomic/AtomicInteger`                             |    16 B |     16 B |
| `java/util/concurrent/locks/ReentrantLock`                              |    16 B |     16 B |

- `java.util.concurrent.locks.AbstractQueuedSynchronizer$ConditionObject.awaitNanos (AbstractQueuedSynchronizer.java:1797)`
  - `java.util.concurrent.locks.AbstractQueuedSynchronizer$ConditionNode` retains 32 B (6.3%)
  - `java.util.concurrent.locks.AbstractQueuedSynchronizer$ConditionObject` retains 24 B (4.8%)
- `java.util.concurrent.LinkedBlockingQueue.poll (LinkedBlockingQueue.java:460)`
  - `java.util.concurrent.LinkedBlockingQueue` retains 144 B (28.6%)
  - `java.util.concurrent.TimeUnit` retains 80 B (15.9%)
  - `java.util.concurrent.atomic.AtomicInteger` retains 16 B (3.2%)
  - `java.util.concurrent.locks.ReentrantLock` retains 16 B (3.2%)
- `java.util.concurrent.ThreadPoolExecutor.getTask (ThreadPoolExecutor.java:1069)`
  - `java.util.concurrent.ThreadPoolExecutor` retains 4.6 KB (936.5%)
- `java.util.concurrent.ThreadPoolExecutor.runWorker (ThreadPoolExecutor.java:1130)`
  - `java.util.concurrent.ThreadPoolExecutor` retains 4.6 KB (936.5%)
  - `java.util.concurrent.ThreadPoolExecutor$Worker` retains 48 B (9.5%)
- `java.util.concurrent.ThreadPoolExecutor$Worker.run (ThreadPoolExecutor.java:642)`
  - `java.util.concurrent.ThreadPoolExecutor$Worker` retains 48 B (9.5%)
- `java.lang.Thread.runWith (Thread.java:1596)`
  - `java.lang.Class` retains 128 B (25.4%)
  - `java.util.concurrent.ThreadPoolExecutor$Worker` retains 48 B (9.5%)
- `java.lang.Thread.run (Thread.java:1583)`
  - `java.lang.Class` retains 128 B (25.4%)
  - `java.util.concurrent.ThreadPoolExecutor$Worker` retains 48 B (9.5%)

<a id="thread-255"></a>

### Thread 255 "block-manager-ask-thread-pool-90" (java/lang/Thread)

_Local roots: 14._

**Local root objects:**

| Object                                                                  | Shallow | Retained |
| ----------------------------------------------------------------------- | ------: | -------: |
| `java/util/concurrent/ThreadPoolExecutor`                               |    80 B |   4.6 KB |
| `java/util/concurrent/ThreadPoolExecutor`                               |    80 B |   4.6 KB |
| `java/util/concurrent/LinkedBlockingQueue`                              |    48 B |    144 B |
| `java/lang/Class`                                                       |    32 B |    128 B |
| `java/lang/Class`                                                       |    32 B |    128 B |
| `java/util/concurrent/TimeUnit`                                         |    80 B |     80 B |
| `java/util/concurrent/ThreadPoolExecutor$Worker`                        |    48 B |     48 B |
| `java/util/concurrent/ThreadPoolExecutor$Worker`                        |    48 B |     48 B |
| `java/util/concurrent/ThreadPoolExecutor$Worker`                        |    48 B |     48 B |
| `java/util/concurrent/ThreadPoolExecutor$Worker`                        |    48 B |     48 B |
| `java/util/concurrent/locks/AbstractQueuedSynchronizer$ConditionNode`   |    32 B |     32 B |
| `java/util/concurrent/locks/AbstractQueuedSynchronizer$ConditionObject` |    24 B |     24 B |
| `java/util/concurrent/atomic/AtomicInteger`                             |    16 B |     16 B |
| `java/util/concurrent/locks/ReentrantLock`                              |    16 B |     16 B |

- `java.util.concurrent.locks.AbstractQueuedSynchronizer$ConditionObject.awaitNanos (AbstractQueuedSynchronizer.java:1797)`
  - `java.util.concurrent.locks.AbstractQueuedSynchronizer$ConditionNode` retains 32 B (8.7%)
  - `java.util.concurrent.locks.AbstractQueuedSynchronizer$ConditionObject` retains 24 B (6.5%)
- `java.util.concurrent.LinkedBlockingQueue.poll (LinkedBlockingQueue.java:460)`
  - `java.util.concurrent.LinkedBlockingQueue` retains 144 B (39.1%)
  - `java.util.concurrent.TimeUnit` retains 80 B (21.7%)
  - `java.util.concurrent.atomic.AtomicInteger` retains 16 B (4.3%)
  - `java.util.concurrent.locks.ReentrantLock` retains 16 B (4.3%)
- `java.util.concurrent.ThreadPoolExecutor.getTask (ThreadPoolExecutor.java:1069)`
  - `java.util.concurrent.ThreadPoolExecutor` retains 4.6 KB (1282.6%)
- `java.util.concurrent.ThreadPoolExecutor.runWorker (ThreadPoolExecutor.java:1130)`
  - `java.util.concurrent.ThreadPoolExecutor` retains 4.6 KB (1282.6%)
  - `java.util.concurrent.ThreadPoolExecutor$Worker` retains 48 B (13.0%)
- `java.util.concurrent.ThreadPoolExecutor$Worker.run (ThreadPoolExecutor.java:642)`
  - `java.util.concurrent.ThreadPoolExecutor$Worker` retains 48 B (13.0%)
- `java.lang.Thread.runWith (Thread.java:1596)`
  - `java.lang.Class` retains 128 B (34.8%)
  - `java.util.concurrent.ThreadPoolExecutor$Worker` retains 48 B (13.0%)
- `java.lang.Thread.run (Thread.java:1583)`
  - `java.lang.Class` retains 128 B (34.8%)
  - `java.util.concurrent.ThreadPoolExecutor$Worker` retains 48 B (13.0%)

<a id="thread-256"></a>

### Thread 256 "block-manager-ask-thread-pool-91" (java/lang/Thread)

_Local roots: 14._

**Local root objects:**

| Object                                                                  | Shallow | Retained |
| ----------------------------------------------------------------------- | ------: | -------: |
| `java/util/concurrent/ThreadPoolExecutor`                               |    80 B |   4.6 KB |
| `java/util/concurrent/ThreadPoolExecutor`                               |    80 B |   4.6 KB |
| `java/util/concurrent/LinkedBlockingQueue`                              |    48 B |    144 B |
| `java/lang/Class`                                                       |    32 B |    128 B |
| `java/lang/Class`                                                       |    32 B |    128 B |
| `java/util/concurrent/TimeUnit`                                         |    80 B |     80 B |
| `java/util/concurrent/ThreadPoolExecutor$Worker`                        |    48 B |     48 B |
| `java/util/concurrent/ThreadPoolExecutor$Worker`                        |    48 B |     48 B |
| `java/util/concurrent/ThreadPoolExecutor$Worker`                        |    48 B |     48 B |
| `java/util/concurrent/ThreadPoolExecutor$Worker`                        |    48 B |     48 B |
| `java/util/concurrent/locks/AbstractQueuedSynchronizer$ConditionNode`   |    32 B |     32 B |
| `java/util/concurrent/locks/AbstractQueuedSynchronizer$ConditionObject` |    24 B |     24 B |
| `java/util/concurrent/atomic/AtomicInteger`                             |    16 B |     16 B |
| `java/util/concurrent/locks/ReentrantLock`                              |    16 B |     16 B |

- `java.util.concurrent.locks.AbstractQueuedSynchronizer$ConditionObject.awaitNanos (AbstractQueuedSynchronizer.java:1797)`
  - `java.util.concurrent.locks.AbstractQueuedSynchronizer$ConditionNode` retains 32 B (6.3%)
  - `java.util.concurrent.locks.AbstractQueuedSynchronizer$ConditionObject` retains 24 B (4.8%)
- `java.util.concurrent.LinkedBlockingQueue.poll (LinkedBlockingQueue.java:460)`
  - `java.util.concurrent.LinkedBlockingQueue` retains 144 B (28.6%)
  - `java.util.concurrent.TimeUnit` retains 80 B (15.9%)
  - `java.util.concurrent.atomic.AtomicInteger` retains 16 B (3.2%)
  - `java.util.concurrent.locks.ReentrantLock` retains 16 B (3.2%)
- `java.util.concurrent.ThreadPoolExecutor.getTask (ThreadPoolExecutor.java:1069)`
  - `java.util.concurrent.ThreadPoolExecutor` retains 4.6 KB (936.5%)
- `java.util.concurrent.ThreadPoolExecutor.runWorker (ThreadPoolExecutor.java:1130)`
  - `java.util.concurrent.ThreadPoolExecutor` retains 4.6 KB (936.5%)
  - `java.util.concurrent.ThreadPoolExecutor$Worker` retains 48 B (9.5%)
- `java.util.concurrent.ThreadPoolExecutor$Worker.run (ThreadPoolExecutor.java:642)`
  - `java.util.concurrent.ThreadPoolExecutor$Worker` retains 48 B (9.5%)
- `java.lang.Thread.runWith (Thread.java:1596)`
  - `java.lang.Class` retains 128 B (25.4%)
  - `java.util.concurrent.ThreadPoolExecutor$Worker` retains 48 B (9.5%)
- `java.lang.Thread.run (Thread.java:1583)`
  - `java.lang.Class` retains 128 B (25.4%)
  - `java.util.concurrent.ThreadPoolExecutor$Worker` retains 48 B (9.5%)

<a id="thread-257"></a>

### Thread 257 "block-manager-ask-thread-pool-92" (java/lang/Thread)

_Local roots: 14._

**Local root objects:**

| Object                                                                  | Shallow | Retained |
| ----------------------------------------------------------------------- | ------: | -------: |
| `java/util/concurrent/ThreadPoolExecutor`                               |    80 B |   4.6 KB |
| `java/util/concurrent/ThreadPoolExecutor`                               |    80 B |   4.6 KB |
| `java/util/concurrent/LinkedBlockingQueue`                              |    48 B |    144 B |
| `java/lang/Class`                                                       |    32 B |    128 B |
| `java/lang/Class`                                                       |    32 B |    128 B |
| `java/util/concurrent/TimeUnit`                                         |    80 B |     80 B |
| `java/util/concurrent/ThreadPoolExecutor$Worker`                        |    48 B |     48 B |
| `java/util/concurrent/ThreadPoolExecutor$Worker`                        |    48 B |     48 B |
| `java/util/concurrent/ThreadPoolExecutor$Worker`                        |    48 B |     48 B |
| `java/util/concurrent/ThreadPoolExecutor$Worker`                        |    48 B |     48 B |
| `java/util/concurrent/locks/AbstractQueuedSynchronizer$ConditionNode`   |    32 B |     32 B |
| `java/util/concurrent/locks/AbstractQueuedSynchronizer$ConditionObject` |    24 B |     24 B |
| `java/util/concurrent/atomic/AtomicInteger`                             |    16 B |     16 B |
| `java/util/concurrent/locks/ReentrantLock`                              |    16 B |     16 B |

- `java.util.concurrent.locks.AbstractQueuedSynchronizer$ConditionObject.awaitNanos (AbstractQueuedSynchronizer.java:1797)`
  - `java.util.concurrent.locks.AbstractQueuedSynchronizer$ConditionNode` retains 32 B (8.7%)
  - `java.util.concurrent.locks.AbstractQueuedSynchronizer$ConditionObject` retains 24 B (6.5%)
- `java.util.concurrent.LinkedBlockingQueue.poll (LinkedBlockingQueue.java:460)`
  - `java.util.concurrent.LinkedBlockingQueue` retains 144 B (39.1%)
  - `java.util.concurrent.TimeUnit` retains 80 B (21.7%)
  - `java.util.concurrent.atomic.AtomicInteger` retains 16 B (4.3%)
  - `java.util.concurrent.locks.ReentrantLock` retains 16 B (4.3%)
- `java.util.concurrent.ThreadPoolExecutor.getTask (ThreadPoolExecutor.java:1069)`
  - `java.util.concurrent.ThreadPoolExecutor` retains 4.6 KB (1282.6%)
- `java.util.concurrent.ThreadPoolExecutor.runWorker (ThreadPoolExecutor.java:1130)`
  - `java.util.concurrent.ThreadPoolExecutor` retains 4.6 KB (1282.6%)
  - `java.util.concurrent.ThreadPoolExecutor$Worker` retains 48 B (13.0%)
- `java.util.concurrent.ThreadPoolExecutor$Worker.run (ThreadPoolExecutor.java:642)`
  - `java.util.concurrent.ThreadPoolExecutor$Worker` retains 48 B (13.0%)
- `java.lang.Thread.runWith (Thread.java:1596)`
  - `java.lang.Class` retains 128 B (34.8%)
  - `java.util.concurrent.ThreadPoolExecutor$Worker` retains 48 B (13.0%)
- `java.lang.Thread.run (Thread.java:1583)`
  - `java.lang.Class` retains 128 B (34.8%)
  - `java.util.concurrent.ThreadPoolExecutor$Worker` retains 48 B (13.0%)

<a id="thread-258"></a>

### Thread 258 "block-manager-ask-thread-pool-93" (java/lang/Thread)

_Local roots: 14._

**Local root objects:**

| Object                                                                  | Shallow | Retained |
| ----------------------------------------------------------------------- | ------: | -------: |
| `java/util/concurrent/ThreadPoolExecutor`                               |    80 B |   4.6 KB |
| `java/util/concurrent/ThreadPoolExecutor`                               |    80 B |   4.6 KB |
| `java/util/concurrent/LinkedBlockingQueue`                              |    48 B |    144 B |
| `java/lang/Class`                                                       |    32 B |    128 B |
| `java/lang/Class`                                                       |    32 B |    128 B |
| `java/util/concurrent/TimeUnit`                                         |    80 B |     80 B |
| `java/util/concurrent/ThreadPoolExecutor$Worker`                        |    48 B |     48 B |
| `java/util/concurrent/ThreadPoolExecutor$Worker`                        |    48 B |     48 B |
| `java/util/concurrent/ThreadPoolExecutor$Worker`                        |    48 B |     48 B |
| `java/util/concurrent/ThreadPoolExecutor$Worker`                        |    48 B |     48 B |
| `java/util/concurrent/locks/AbstractQueuedSynchronizer$ConditionNode`   |    32 B |     32 B |
| `java/util/concurrent/locks/AbstractQueuedSynchronizer$ConditionObject` |    24 B |     24 B |
| `java/util/concurrent/atomic/AtomicInteger`                             |    16 B |     16 B |
| `java/util/concurrent/locks/ReentrantLock`                              |    16 B |     16 B |

- `java.util.concurrent.locks.AbstractQueuedSynchronizer$ConditionObject.awaitNanos (AbstractQueuedSynchronizer.java:1797)`
  - `java.util.concurrent.locks.AbstractQueuedSynchronizer$ConditionNode` retains 32 B (6.3%)
  - `java.util.concurrent.locks.AbstractQueuedSynchronizer$ConditionObject` retains 24 B (4.8%)
- `java.util.concurrent.LinkedBlockingQueue.poll (LinkedBlockingQueue.java:460)`
  - `java.util.concurrent.LinkedBlockingQueue` retains 144 B (28.6%)
  - `java.util.concurrent.TimeUnit` retains 80 B (15.9%)
  - `java.util.concurrent.atomic.AtomicInteger` retains 16 B (3.2%)
  - `java.util.concurrent.locks.ReentrantLock` retains 16 B (3.2%)
- `java.util.concurrent.ThreadPoolExecutor.getTask (ThreadPoolExecutor.java:1069)`
  - `java.util.concurrent.ThreadPoolExecutor` retains 4.6 KB (936.5%)
- `java.util.concurrent.ThreadPoolExecutor.runWorker (ThreadPoolExecutor.java:1130)`
  - `java.util.concurrent.ThreadPoolExecutor` retains 4.6 KB (936.5%)
  - `java.util.concurrent.ThreadPoolExecutor$Worker` retains 48 B (9.5%)
- `java.util.concurrent.ThreadPoolExecutor$Worker.run (ThreadPoolExecutor.java:642)`
  - `java.util.concurrent.ThreadPoolExecutor$Worker` retains 48 B (9.5%)
- `java.lang.Thread.runWith (Thread.java:1596)`
  - `java.lang.Class` retains 128 B (25.4%)
  - `java.util.concurrent.ThreadPoolExecutor$Worker` retains 48 B (9.5%)
- `java.lang.Thread.run (Thread.java:1583)`
  - `java.lang.Class` retains 128 B (25.4%)
  - `java.util.concurrent.ThreadPoolExecutor$Worker` retains 48 B (9.5%)

<a id="thread-259"></a>

### Thread 259 "block-manager-ask-thread-pool-94" (java/lang/Thread)

_Local roots: 14._

**Local root objects:**

| Object                                                                  | Shallow | Retained |
| ----------------------------------------------------------------------- | ------: | -------: |
| `java/util/concurrent/ThreadPoolExecutor`                               |    80 B |   4.6 KB |
| `java/util/concurrent/ThreadPoolExecutor`                               |    80 B |   4.6 KB |
| `java/util/concurrent/LinkedBlockingQueue`                              |    48 B |    144 B |
| `java/lang/Class`                                                       |    32 B |    128 B |
| `java/lang/Class`                                                       |    32 B |    128 B |
| `java/util/concurrent/TimeUnit`                                         |    80 B |     80 B |
| `java/util/concurrent/ThreadPoolExecutor$Worker`                        |    48 B |     48 B |
| `java/util/concurrent/ThreadPoolExecutor$Worker`                        |    48 B |     48 B |
| `java/util/concurrent/ThreadPoolExecutor$Worker`                        |    48 B |     48 B |
| `java/util/concurrent/ThreadPoolExecutor$Worker`                        |    48 B |     48 B |
| `java/util/concurrent/locks/AbstractQueuedSynchronizer$ConditionNode`   |    32 B |     32 B |
| `java/util/concurrent/locks/AbstractQueuedSynchronizer$ConditionObject` |    24 B |     24 B |
| `java/util/concurrent/atomic/AtomicInteger`                             |    16 B |     16 B |
| `java/util/concurrent/locks/ReentrantLock`                              |    16 B |     16 B |

- `java.util.concurrent.locks.AbstractQueuedSynchronizer$ConditionObject.awaitNanos (AbstractQueuedSynchronizer.java:1797)`
  - `java.util.concurrent.locks.AbstractQueuedSynchronizer$ConditionNode` retains 32 B (8.7%)
  - `java.util.concurrent.locks.AbstractQueuedSynchronizer$ConditionObject` retains 24 B (6.5%)
- `java.util.concurrent.LinkedBlockingQueue.poll (LinkedBlockingQueue.java:460)`
  - `java.util.concurrent.LinkedBlockingQueue` retains 144 B (39.1%)
  - `java.util.concurrent.TimeUnit` retains 80 B (21.7%)
  - `java.util.concurrent.atomic.AtomicInteger` retains 16 B (4.3%)
  - `java.util.concurrent.locks.ReentrantLock` retains 16 B (4.3%)
- `java.util.concurrent.ThreadPoolExecutor.getTask (ThreadPoolExecutor.java:1069)`
  - `java.util.concurrent.ThreadPoolExecutor` retains 4.6 KB (1282.6%)
- `java.util.concurrent.ThreadPoolExecutor.runWorker (ThreadPoolExecutor.java:1130)`
  - `java.util.concurrent.ThreadPoolExecutor` retains 4.6 KB (1282.6%)
  - `java.util.concurrent.ThreadPoolExecutor$Worker` retains 48 B (13.0%)
- `java.util.concurrent.ThreadPoolExecutor$Worker.run (ThreadPoolExecutor.java:642)`
  - `java.util.concurrent.ThreadPoolExecutor$Worker` retains 48 B (13.0%)
- `java.lang.Thread.runWith (Thread.java:1596)`
  - `java.lang.Class` retains 128 B (34.8%)
  - `java.util.concurrent.ThreadPoolExecutor$Worker` retains 48 B (13.0%)
- `java.lang.Thread.run (Thread.java:1583)`
  - `java.lang.Class` retains 128 B (34.8%)
  - `java.util.concurrent.ThreadPoolExecutor$Worker` retains 48 B (13.0%)

<a id="thread-260"></a>

### Thread 260 "block-manager-ask-thread-pool-95" (java/lang/Thread)

_Local roots: 14._

**Local root objects:**

| Object                                                                  | Shallow | Retained |
| ----------------------------------------------------------------------- | ------: | -------: |
| `java/util/concurrent/ThreadPoolExecutor`                               |    80 B |   4.6 KB |
| `java/util/concurrent/ThreadPoolExecutor`                               |    80 B |   4.6 KB |
| `java/util/concurrent/LinkedBlockingQueue`                              |    48 B |    144 B |
| `java/lang/Class`                                                       |    32 B |    128 B |
| `java/lang/Class`                                                       |    32 B |    128 B |
| `java/util/concurrent/TimeUnit`                                         |    80 B |     80 B |
| `java/util/concurrent/ThreadPoolExecutor$Worker`                        |    48 B |     48 B |
| `java/util/concurrent/ThreadPoolExecutor$Worker`                        |    48 B |     48 B |
| `java/util/concurrent/ThreadPoolExecutor$Worker`                        |    48 B |     48 B |
| `java/util/concurrent/ThreadPoolExecutor$Worker`                        |    48 B |     48 B |
| `java/util/concurrent/locks/AbstractQueuedSynchronizer$ConditionNode`   |    32 B |     32 B |
| `java/util/concurrent/locks/AbstractQueuedSynchronizer$ConditionObject` |    24 B |     24 B |
| `java/util/concurrent/atomic/AtomicInteger`                             |    16 B |     16 B |
| `java/util/concurrent/locks/ReentrantLock`                              |    16 B |     16 B |

- `java.util.concurrent.locks.AbstractQueuedSynchronizer$ConditionObject.awaitNanos (AbstractQueuedSynchronizer.java:1797)`
  - `java.util.concurrent.locks.AbstractQueuedSynchronizer$ConditionNode` retains 32 B (6.3%)
  - `java.util.concurrent.locks.AbstractQueuedSynchronizer$ConditionObject` retains 24 B (4.8%)
- `java.util.concurrent.LinkedBlockingQueue.poll (LinkedBlockingQueue.java:460)`
  - `java.util.concurrent.LinkedBlockingQueue` retains 144 B (28.6%)
  - `java.util.concurrent.TimeUnit` retains 80 B (15.9%)
  - `java.util.concurrent.atomic.AtomicInteger` retains 16 B (3.2%)
  - `java.util.concurrent.locks.ReentrantLock` retains 16 B (3.2%)
- `java.util.concurrent.ThreadPoolExecutor.getTask (ThreadPoolExecutor.java:1069)`
  - `java.util.concurrent.ThreadPoolExecutor` retains 4.6 KB (936.5%)
- `java.util.concurrent.ThreadPoolExecutor.runWorker (ThreadPoolExecutor.java:1130)`
  - `java.util.concurrent.ThreadPoolExecutor` retains 4.6 KB (936.5%)
  - `java.util.concurrent.ThreadPoolExecutor$Worker` retains 48 B (9.5%)
- `java.util.concurrent.ThreadPoolExecutor$Worker.run (ThreadPoolExecutor.java:642)`
  - `java.util.concurrent.ThreadPoolExecutor$Worker` retains 48 B (9.5%)
- `java.lang.Thread.runWith (Thread.java:1596)`
  - `java.lang.Class` retains 128 B (25.4%)
  - `java.util.concurrent.ThreadPoolExecutor$Worker` retains 48 B (9.5%)
- `java.lang.Thread.run (Thread.java:1583)`
  - `java.lang.Class` retains 128 B (25.4%)
  - `java.util.concurrent.ThreadPoolExecutor$Worker` retains 48 B (9.5%)

<a id="thread-261"></a>

### Thread 261 "block-manager-ask-thread-pool-96" (java/lang/Thread)

_Local roots: 14._

**Local root objects:**

| Object                                                                  | Shallow | Retained |
| ----------------------------------------------------------------------- | ------: | -------: |
| `java/util/concurrent/ThreadPoolExecutor`                               |    80 B |   4.6 KB |
| `java/util/concurrent/ThreadPoolExecutor`                               |    80 B |   4.6 KB |
| `java/util/concurrent/LinkedBlockingQueue`                              |    48 B |    144 B |
| `java/lang/Class`                                                       |    32 B |    128 B |
| `java/lang/Class`                                                       |    32 B |    128 B |
| `java/util/concurrent/TimeUnit`                                         |    80 B |     80 B |
| `java/util/concurrent/ThreadPoolExecutor$Worker`                        |    48 B |     48 B |
| `java/util/concurrent/ThreadPoolExecutor$Worker`                        |    48 B |     48 B |
| `java/util/concurrent/ThreadPoolExecutor$Worker`                        |    48 B |     48 B |
| `java/util/concurrent/ThreadPoolExecutor$Worker`                        |    48 B |     48 B |
| `java/util/concurrent/locks/AbstractQueuedSynchronizer$ConditionNode`   |    32 B |     32 B |
| `java/util/concurrent/locks/AbstractQueuedSynchronizer$ConditionObject` |    24 B |     24 B |
| `java/util/concurrent/atomic/AtomicInteger`                             |    16 B |     16 B |
| `java/util/concurrent/locks/ReentrantLock`                              |    16 B |     16 B |

- `java.util.concurrent.locks.AbstractQueuedSynchronizer$ConditionObject.awaitNanos (AbstractQueuedSynchronizer.java:1797)`
  - `java.util.concurrent.locks.AbstractQueuedSynchronizer$ConditionNode` retains 32 B (8.7%)
  - `java.util.concurrent.locks.AbstractQueuedSynchronizer$ConditionObject` retains 24 B (6.5%)
- `java.util.concurrent.LinkedBlockingQueue.poll (LinkedBlockingQueue.java:460)`
  - `java.util.concurrent.LinkedBlockingQueue` retains 144 B (39.1%)
  - `java.util.concurrent.TimeUnit` retains 80 B (21.7%)
  - `java.util.concurrent.atomic.AtomicInteger` retains 16 B (4.3%)
  - `java.util.concurrent.locks.ReentrantLock` retains 16 B (4.3%)
- `java.util.concurrent.ThreadPoolExecutor.getTask (ThreadPoolExecutor.java:1069)`
  - `java.util.concurrent.ThreadPoolExecutor` retains 4.6 KB (1282.6%)
- `java.util.concurrent.ThreadPoolExecutor.runWorker (ThreadPoolExecutor.java:1130)`
  - `java.util.concurrent.ThreadPoolExecutor` retains 4.6 KB (1282.6%)
  - `java.util.concurrent.ThreadPoolExecutor$Worker` retains 48 B (13.0%)
- `java.util.concurrent.ThreadPoolExecutor$Worker.run (ThreadPoolExecutor.java:642)`
  - `java.util.concurrent.ThreadPoolExecutor$Worker` retains 48 B (13.0%)
- `java.lang.Thread.runWith (Thread.java:1596)`
  - `java.lang.Class` retains 128 B (34.8%)
  - `java.util.concurrent.ThreadPoolExecutor$Worker` retains 48 B (13.0%)
- `java.lang.Thread.run (Thread.java:1583)`
  - `java.lang.Class` retains 128 B (34.8%)
  - `java.util.concurrent.ThreadPoolExecutor$Worker` retains 48 B (13.0%)

<a id="thread-262"></a>

### Thread 262 "block-manager-ask-thread-pool-97" (java/lang/Thread)

_Local roots: 14._

**Local root objects:**

| Object                                                                  | Shallow | Retained |
| ----------------------------------------------------------------------- | ------: | -------: |
| `java/util/concurrent/ThreadPoolExecutor`                               |    80 B |   4.6 KB |
| `java/util/concurrent/ThreadPoolExecutor`                               |    80 B |   4.6 KB |
| `java/util/concurrent/LinkedBlockingQueue`                              |    48 B |    144 B |
| `java/lang/Class`                                                       |    32 B |    128 B |
| `java/lang/Class`                                                       |    32 B |    128 B |
| `java/util/concurrent/TimeUnit`                                         |    80 B |     80 B |
| `java/util/concurrent/ThreadPoolExecutor$Worker`                        |    48 B |     48 B |
| `java/util/concurrent/ThreadPoolExecutor$Worker`                        |    48 B |     48 B |
| `java/util/concurrent/ThreadPoolExecutor$Worker`                        |    48 B |     48 B |
| `java/util/concurrent/ThreadPoolExecutor$Worker`                        |    48 B |     48 B |
| `java/util/concurrent/locks/AbstractQueuedSynchronizer$ConditionNode`   |    32 B |     32 B |
| `java/util/concurrent/locks/AbstractQueuedSynchronizer$ConditionObject` |    24 B |     24 B |
| `java/util/concurrent/atomic/AtomicInteger`                             |    16 B |     16 B |
| `java/util/concurrent/locks/ReentrantLock`                              |    16 B |     16 B |

- `java.util.concurrent.locks.AbstractQueuedSynchronizer$ConditionObject.awaitNanos (AbstractQueuedSynchronizer.java:1797)`
  - `java.util.concurrent.locks.AbstractQueuedSynchronizer$ConditionNode` retains 32 B (6.3%)
  - `java.util.concurrent.locks.AbstractQueuedSynchronizer$ConditionObject` retains 24 B (4.8%)
- `java.util.concurrent.LinkedBlockingQueue.poll (LinkedBlockingQueue.java:460)`
  - `java.util.concurrent.LinkedBlockingQueue` retains 144 B (28.6%)
  - `java.util.concurrent.TimeUnit` retains 80 B (15.9%)
  - `java.util.concurrent.atomic.AtomicInteger` retains 16 B (3.2%)
  - `java.util.concurrent.locks.ReentrantLock` retains 16 B (3.2%)
- `java.util.concurrent.ThreadPoolExecutor.getTask (ThreadPoolExecutor.java:1069)`
  - `java.util.concurrent.ThreadPoolExecutor` retains 4.6 KB (936.5%)
- `java.util.concurrent.ThreadPoolExecutor.runWorker (ThreadPoolExecutor.java:1130)`
  - `java.util.concurrent.ThreadPoolExecutor` retains 4.6 KB (936.5%)
  - `java.util.concurrent.ThreadPoolExecutor$Worker` retains 48 B (9.5%)
- `java.util.concurrent.ThreadPoolExecutor$Worker.run (ThreadPoolExecutor.java:642)`
  - `java.util.concurrent.ThreadPoolExecutor$Worker` retains 48 B (9.5%)
- `java.lang.Thread.runWith (Thread.java:1596)`
  - `java.lang.Class` retains 128 B (25.4%)
  - `java.util.concurrent.ThreadPoolExecutor$Worker` retains 48 B (9.5%)
- `java.lang.Thread.run (Thread.java:1583)`
  - `java.lang.Class` retains 128 B (25.4%)
  - `java.util.concurrent.ThreadPoolExecutor$Worker` retains 48 B (9.5%)

<a id="thread-263"></a>

### Thread 263 "block-manager-ask-thread-pool-98" (java/lang/Thread)

_Local roots: 14._

**Local root objects:**

| Object                                                                  | Shallow | Retained |
| ----------------------------------------------------------------------- | ------: | -------: |
| `java/util/concurrent/ThreadPoolExecutor`                               |    80 B |   4.6 KB |
| `java/util/concurrent/ThreadPoolExecutor`                               |    80 B |   4.6 KB |
| `java/util/concurrent/LinkedBlockingQueue`                              |    48 B |    144 B |
| `java/lang/Class`                                                       |    32 B |    128 B |
| `java/lang/Class`                                                       |    32 B |    128 B |
| `java/util/concurrent/TimeUnit`                                         |    80 B |     80 B |
| `java/util/concurrent/ThreadPoolExecutor$Worker`                        |    48 B |     48 B |
| `java/util/concurrent/ThreadPoolExecutor$Worker`                        |    48 B |     48 B |
| `java/util/concurrent/ThreadPoolExecutor$Worker`                        |    48 B |     48 B |
| `java/util/concurrent/ThreadPoolExecutor$Worker`                        |    48 B |     48 B |
| `java/util/concurrent/locks/AbstractQueuedSynchronizer$ConditionNode`   |    32 B |     32 B |
| `java/util/concurrent/locks/AbstractQueuedSynchronizer$ConditionObject` |    24 B |     24 B |
| `java/util/concurrent/atomic/AtomicInteger`                             |    16 B |     16 B |
| `java/util/concurrent/locks/ReentrantLock`                              |    16 B |     16 B |

- `java.util.concurrent.locks.AbstractQueuedSynchronizer$ConditionObject.awaitNanos (AbstractQueuedSynchronizer.java:1797)`
  - `java.util.concurrent.locks.AbstractQueuedSynchronizer$ConditionNode` retains 32 B (8.7%)
  - `java.util.concurrent.locks.AbstractQueuedSynchronizer$ConditionObject` retains 24 B (6.5%)
- `java.util.concurrent.LinkedBlockingQueue.poll (LinkedBlockingQueue.java:460)`
  - `java.util.concurrent.LinkedBlockingQueue` retains 144 B (39.1%)
  - `java.util.concurrent.TimeUnit` retains 80 B (21.7%)
  - `java.util.concurrent.atomic.AtomicInteger` retains 16 B (4.3%)
  - `java.util.concurrent.locks.ReentrantLock` retains 16 B (4.3%)
- `java.util.concurrent.ThreadPoolExecutor.getTask (ThreadPoolExecutor.java:1069)`
  - `java.util.concurrent.ThreadPoolExecutor` retains 4.6 KB (1282.6%)
- `java.util.concurrent.ThreadPoolExecutor.runWorker (ThreadPoolExecutor.java:1130)`
  - `java.util.concurrent.ThreadPoolExecutor` retains 4.6 KB (1282.6%)
  - `java.util.concurrent.ThreadPoolExecutor$Worker` retains 48 B (13.0%)
- `java.util.concurrent.ThreadPoolExecutor$Worker.run (ThreadPoolExecutor.java:642)`
  - `java.util.concurrent.ThreadPoolExecutor$Worker` retains 48 B (13.0%)
- `java.lang.Thread.runWith (Thread.java:1596)`
  - `java.lang.Class` retains 128 B (34.8%)
  - `java.util.concurrent.ThreadPoolExecutor$Worker` retains 48 B (13.0%)
- `java.lang.Thread.run (Thread.java:1583)`
  - `java.lang.Class` retains 128 B (34.8%)
  - `java.util.concurrent.ThreadPoolExecutor$Worker` retains 48 B (13.0%)

<a id="thread-264"></a>

### Thread 264 "block-manager-ask-thread-pool-99" (java/lang/Thread)

_Local roots: 14._

**Local root objects:**

| Object                                                                  | Shallow | Retained |
| ----------------------------------------------------------------------- | ------: | -------: |
| `java/util/concurrent/ThreadPoolExecutor`                               |    80 B |   4.6 KB |
| `java/util/concurrent/ThreadPoolExecutor`                               |    80 B |   4.6 KB |
| `java/util/concurrent/LinkedBlockingQueue`                              |    48 B |    144 B |
| `java/lang/Class`                                                       |    32 B |    128 B |
| `java/lang/Class`                                                       |    32 B |    128 B |
| `java/util/concurrent/TimeUnit`                                         |    80 B |     80 B |
| `java/util/concurrent/ThreadPoolExecutor$Worker`                        |    48 B |     48 B |
| `java/util/concurrent/ThreadPoolExecutor$Worker`                        |    48 B |     48 B |
| `java/util/concurrent/ThreadPoolExecutor$Worker`                        |    48 B |     48 B |
| `java/util/concurrent/ThreadPoolExecutor$Worker`                        |    48 B |     48 B |
| `java/util/concurrent/locks/AbstractQueuedSynchronizer$ConditionNode`   |    32 B |     32 B |
| `java/util/concurrent/locks/AbstractQueuedSynchronizer$ConditionObject` |    24 B |     24 B |
| `java/util/concurrent/atomic/AtomicInteger`                             |    16 B |     16 B |
| `java/util/concurrent/locks/ReentrantLock`                              |    16 B |     16 B |

- `java.util.concurrent.locks.AbstractQueuedSynchronizer$ConditionObject.awaitNanos (AbstractQueuedSynchronizer.java:1797)`
  - `java.util.concurrent.locks.AbstractQueuedSynchronizer$ConditionNode` retains 32 B (6.3%)
  - `java.util.concurrent.locks.AbstractQueuedSynchronizer$ConditionObject` retains 24 B (4.8%)
- `java.util.concurrent.LinkedBlockingQueue.poll (LinkedBlockingQueue.java:460)`
  - `java.util.concurrent.LinkedBlockingQueue` retains 144 B (28.6%)
  - `java.util.concurrent.TimeUnit` retains 80 B (15.9%)
  - `java.util.concurrent.atomic.AtomicInteger` retains 16 B (3.2%)
  - `java.util.concurrent.locks.ReentrantLock` retains 16 B (3.2%)
- `java.util.concurrent.ThreadPoolExecutor.getTask (ThreadPoolExecutor.java:1069)`
  - `java.util.concurrent.ThreadPoolExecutor` retains 4.6 KB (936.5%)
- `java.util.concurrent.ThreadPoolExecutor.runWorker (ThreadPoolExecutor.java:1130)`
  - `java.util.concurrent.ThreadPoolExecutor` retains 4.6 KB (936.5%)
  - `java.util.concurrent.ThreadPoolExecutor$Worker` retains 48 B (9.5%)
- `java.util.concurrent.ThreadPoolExecutor$Worker.run (ThreadPoolExecutor.java:642)`
  - `java.util.concurrent.ThreadPoolExecutor$Worker` retains 48 B (9.5%)
- `java.lang.Thread.runWith (Thread.java:1596)`
  - `java.lang.Class` retains 128 B (25.4%)
  - `java.util.concurrent.ThreadPoolExecutor$Worker` retains 48 B (9.5%)
- `java.lang.Thread.run (Thread.java:1583)`
  - `java.lang.Class` retains 128 B (25.4%)
  - `java.util.concurrent.ThreadPoolExecutor$Worker` retains 48 B (9.5%)

## Top Components

_Retained heap grouped by class loader (component); `% Heap` is the share of total reachable heap._

| Component                                              | Retained | % Heap | Top classes                                                                                                                                                                                                                                                                                               |
| ------------------------------------------------------ | -------: | -----: | --------------------------------------------------------------------------------------------------------------------------------------------------------------------------------------------------------------------------------------------------------------------------------------------------------- |
| `<boot>`                                               |  95.2 MB |  79.7% | `byte[]` (14.7 MB), `java.util.zip.ZipFile$Source` (12.3 MB), `java.lang.Class` (7.0 MB), `java.lang.Object[]` (6.3 MB), `java.lang.String` (4.4 MB)                                                                                                                                                      |
| `java/net/URLClassLoader`                              |  21.3 MB |  17.9% | `org.apache.spark.storage.memory.MemoryStore` (2.3 MB), `io.netty.buffer.PoolSubpage[]` (957.9 KB), `org.apache.spark.storage.memory.DeserializedMemoryEntry` (937.9 KB), `io.netty.buffer.PoolSubpage` (923.8 KB), `io.netty.buffer.PoolArena$DirectArena` (695.2 KB)                                    |
| `java/net/URLClassLoader`                              |   2.6 MB |   2.2% | `scala.runtime.LazyVals$` (2.5 MB), `org.renaissance.harness.ConfigParser$$anon$1` (13.0 KB), `scala.math.BigInt$` (8.2 KB), `scopt.ORunner$` (8.1 KB), `scala.math.BigInt[]` (8.0 KB)                                                                                                                    |
| `jdk/internal/loader/ClassLoaders$AppClassLoader`      | 244.1 KB |   0.2% | `org.renaissance.core.ModuleLoader` (149.8 KB), `org.renaissance.core.BenchmarkSuite` (77.0 KB), `org.renaissance.core.BenchmarkDescriptor` (2.3 KB), `org.renaissance.core.Launcher` (1.6 KB), `org.renaissance.License` (1.2 KB)                                                                        |
| `jdk/internal/loader/ClassLoaders$PlatformClassLoader` |  11.6 KB |   0.0% | `sun.util.resources.cldr.provider.CLDRLocaleDataMetaInfo` (7.4 KB), `com.sun.security.auth.UnixNumericGroupPrincipal` (840 B), `com.sun.security.auth.module.LdapLoginModule` (680 B), `com.sun.security.auth.module.UnixLoginModule` (584 B), `com.sun.security.auth.module.KeyStoreLoginModule` (448 B) |
| `sun/reflect/misc/MethodUtil`                          |   1.5 KB |   0.0% | `sun.reflect.misc.Trampoline` (1.5 KB)                                                                                                                                                                                                                                                                    |
| `jdk/internal/reflect/DelegatingClassLoader`           |      0 B |   0.0% | `jdk.internal.reflect.GeneratedSerializationConstructorAccessor1` (0 B)                                                                                                                                                                                                                                   |
| `jdk/internal/reflect/DelegatingClassLoader`           |      0 B |   0.0% | `jdk.internal.reflect.GeneratedSerializationConstructorAccessor10` (0 B)                                                                                                                                                                                                                                  |
| `jdk/internal/reflect/DelegatingClassLoader`           |      0 B |   0.0% | `jdk.internal.reflect.GeneratedSerializationConstructorAccessor11` (0 B)                                                                                                                                                                                                                                  |
| `jdk/internal/reflect/DelegatingClassLoader`           |      0 B |   0.0% | `jdk.internal.reflect.GeneratedSerializationConstructorAccessor12` (0 B)                                                                                                                                                                                                                                  |

## Arrays by Size

_Array-length distribution bucketed by power-of-two element length; `Max length` is the inclusive upper bound of each bucket._

### Object arrays

| Max length |    Objects |    Shallow |
| ---------: | ---------: | ---------: |
|        ≤ 1 |      6,975 |   163.5 KB |
|        ≤ 2 |      4,454 |   104.4 KB |
|        ≤ 4 |      3,982 |   124.4 KB |
|        ≤ 8 |      5,002 |   209.2 KB |
|       ≤ 16 |      4,720 |   338.9 KB |
|       ≤ 32 |      1,784 |   201.2 KB |
|       ≤ 64 |        607 |   119.7 KB |
|      ≤ 128 |        259 |    92.8 KB |
|      ≤ 256 |        584 |   327.7 KB |
|      ≤ 512 |         62 |    97.7 KB |
|    ≤ 1,024 |         70 |   227.3 KB |
|    ≤ 2,048 |         54 |   265.7 KB |
|    ≤ 4,096 |         12 |   132.5 KB |
|    ≤ 8,192 |          8 |   230.8 KB |
|   ≤ 16,384 |          4 |   228.7 KB |
|  ≤ 131,072 |          1 |   512.0 KB |
|  **Total** | **28,578** | **3.3 MB** |

### Primitive arrays

|  Max length |     Objects |     Shallow |
| ----------: | ----------: | ----------: |
|         ≤ 1 |         706 |     16.5 KB |
|         ≤ 2 |       3,105 |     81.3 KB |
|         ≤ 4 |       9,733 |    281.5 KB |
|         ≤ 8 |       7,387 |    182.9 KB |
|        ≤ 16 |      26,437 |      1.8 MB |
|        ≤ 32 |      16,879 |    775.6 KB |
|        ≤ 64 |      26,186 |      1.7 MB |
|       ≤ 128 |       7,190 |    822.2 KB |
|       ≤ 256 |       1,482 |    486.0 KB |
|       ≤ 512 |         586 |    281.6 KB |
|     ≤ 1,024 |         417 |    444.1 KB |
|     ≤ 2,048 |         114 |    342.2 KB |
|     ≤ 4,096 |          67 |    399.8 KB |
|     ≤ 8,192 |          57 |    605.3 KB |
|    ≤ 16,384 |          46 |    702.8 KB |
|    ≤ 32,768 |          28 |    814.0 KB |
|    ≤ 65,536 |          28 |      1.4 MB |
|   ≤ 131,072 |          19 |      2.8 MB |
|   ≤ 262,144 |          13 |      2.4 MB |
|   ≤ 524,288 |           2 |    809.1 KB |
| ≤ 1,048,576 |           2 |      1.0 MB |
| ≤ 2,097,152 |           1 |      1.0 MB |
| ≤ 4,194,304 |           1 |      2.4 MB |
|   **Total** | **100,486** | **21.4 MB** |

Zero-length arrays: 6,369

## Collections

_Collection and array occupancy: how full collections are, how big they get, and constant primitive arrays._

### Collections by Kind

| Kind      |     Count | Total Elements | Max Elements | Total Shallow |
| --------- | --------: | -------------: | -----------: | ------------: |
| list      |       995 |         10,231 |        6,641 |       23.4 KB |
| map       |     8,355 |         21,131 |        2,889 |      486.3 KB |
| tree      |       116 |            228 |           18 |        5.4 KB |
| **Total** | **9,466** |     **31,590** |              |  **515.2 KB** |

### Collection Fill Ratio

_3,113 tracked of 9,466 collections._

|      Fill % | Collections |      Shallow |       Wasted |
| ----------: | ----------: | -----------: | -----------: |
|       0–10% |       1,456 |      66.4 KB |     179.1 KB |
|      10–20% |         568 |      23.5 KB |      46.5 KB |
|      20–30% |         115 |       5.4 KB |      62.4 KB |
|      30–40% |         124 |       6.7 KB |     417.2 KB |
|      40–50% |         280 |      14.9 KB |      69.6 KB |
|      50–60% |          43 |       2.2 KB |      15.6 KB |
|      60–70% |         120 |       6.8 KB |      14.5 KB |
|      70–80% |         122 |       6.9 KB |      45.5 KB |
|      80–90% |           7 |        216 B |        848 B |
|     90–100% |           1 |         24 B |         16 B |
| 100% (full) |         277 |       6.5 KB |          0 B |
|   **Total** |   **3,113** | **139.6 KB** | **851.3 KB** |

### Collections by Size

_9,466 tracked; 6,686 empty._

|    Size ≤ | Collections |      Shallow |
| --------: | ----------: | -----------: |
|       ≤ 1 |       1,276 |      53.8 KB |
|       ≤ 2 |         447 |      18.9 KB |
|       ≤ 4 |         339 |      15.0 KB |
|       ≤ 8 |         458 |      16.5 KB |
|      ≤ 16 |         123 |       5.8 KB |
|      ≤ 32 |          55 |       2.8 KB |
|      ≤ 64 |          43 |       2.0 KB |
|     ≤ 128 |          12 |        576 B |
|     ≤ 256 |          16 |        776 B |
|     ≤ 512 |           4 |        168 B |
|   ≤ 1,024 |           4 |        192 B |
|   ≤ 4,096 |           2 |         96 B |
|   ≤ 8,192 |           1 |         24 B |
| **Total** |   **2,780** | **116.6 KB** |

### Array Fill Ratio

_28,578 tracked object arrays._

|      Fill % |     Arrays |    Shallow |  Wasted |
| ----------: | ---------: | ---------: | ------: |
|       0–10% |      8,345 |     1.2 MB |     0 B |
|      10–20% |      1,158 |   117.1 KB |     0 B |
|      20–30% |        360 |    75.9 KB |     0 B |
|      30–40% |        462 |   377.5 KB |     0 B |
|      40–50% |        793 |   168.1 KB |     0 B |
|      50–60% |        155 |    41.9 KB |     0 B |
|      60–70% |        190 |    14.4 KB |     0 B |
|      70–80% |        118 |    47.0 KB |     0 B |
|      80–90% |         74 |    12.7 KB |     0 B |
|     90–100% |         37 |    52.9 KB |     0 B |
| 100% (full) |     16,886 |     1.2 MB |     0 B |
|   **Total** | **28,578** | **3.3 MB** | **0 B** |

### Map Collision Ratio

_2,023 tracked of 8,355 maps (occupied slots ÷ size; lower is worse)._

|      Load % |      Maps |      Shallow |
| ----------: | --------: | -----------: |
|       0–10% |       977 |      55.4 KB |
|      10–20% |       321 |      17.9 KB |
|      20–30% |       103 |       5.8 KB |
|      30–40% |       176 |       9.7 KB |
|      40–50% |       317 |      18.0 KB |
|      50–60% |        58 |       3.0 KB |
|      60–70% |        67 |       4.1 KB |
|      70–80% |         4 |        208 B |
|      80–90% |         0 |          0 B |
|     90–100% |         0 |          0 B |
| 100% (full) |         0 |          0 B |
|   **Total** | **2,023** | **114.0 KB** |

### Constant Primitive Arrays

_Primitive arrays whose every element is identical._

| Array class |  Length |                Value | Objects |  Shallow |
| ----------- | ------: | -------------------: | ------: | -------: |
| `int[]`     | 131,064 |                    0 |       1 | 512.0 KB |
| `int[]`     | 130,744 |                    0 |       1 | 510.7 KB |
| `int[]`     | 126,278 |                    0 |       1 | 493.3 KB |
| `char[]`    |     516 |                    0 |     224 | 229.2 KB |
| `char[]`    |   8,192 |                    0 |       2 |  32.0 KB |
| `long[]`    |      21 |                    0 |     108 |  19.4 KB |
| `byte[]`    |   8,192 |                    0 |       2 |  16.0 KB |
| `int[]`     |   2,940 |                    0 |       1 |  11.5 KB |
| `int[]`     |   2,920 |                    0 |       1 |  11.4 KB |
| `int[]`     |   2,048 |          -1884053160 |       1 |   8.0 KB |
| `double[]`  |     100 |                    0 |       6 |   4.8 KB |
| `byte[]`    |       8 |                    0 |     184 |   4.3 KB |
| `int[]`     |     512 |                    0 |       2 |   4.0 KB |
| `int[]`     |     756 |                    0 |       1 |   3.0 KB |
| `int[]`     |     422 |                    0 |       1 |   1.7 KB |
| `long[]`    |      32 |                    0 |       4 |   1.1 KB |
| `byte[]`    |     512 |                    0 |       2 |   1.0 KB |
| `int[]`     |     256 |          -1909818328 |       1 |   1.0 KB |
| `int[]`     |       4 |                    0 |      32 |   1.0 KB |
| `long[]`    |       4 |                    0 |      21 |   1008 B |
| `int[]`     |       2 |                    0 |      38 |    912 B |
| `byte[]`    |       2 |                   49 |      35 |    840 B |
| `int[]`     |     146 |                    0 |       1 |    600 B |
| `double[]`  |      10 |                    0 |       6 |    576 B |
| `int[]`     |      32 |                    0 |       4 |    576 B |
| `byte[]`    |     256 |                    0 |       2 |    544 B |
| `int[]`     |     104 |                    0 |       1 |    432 B |
| `int[]`     |      94 |                    0 |       1 |    392 B |
| `int[]`     |       6 |                    0 |       9 |    360 B |
| `int[]`     |      80 |                    0 |       1 |    336 B |
| `int[]`     |      12 |                    0 |       5 |    320 B |
| `short[]`   |      32 |                    0 |       4 |    320 B |
| `int[]`     |       8 |                    0 |       6 |    288 B |
| `int[]`     |      14 |                    0 |       4 |    288 B |
| `byte[]`    |     128 |                    0 |       2 |    288 B |
| `int[]`     |      10 |                    0 |       5 |    280 B |
| `int[]`     |      64 |          -1910760840 |       1 |    272 B |
| `int[]`     |      64 |                    0 |       1 |    272 B |
| `byte[]`    |      64 |                    0 |       3 |    240 B |
| `int[]`     |      16 |                    0 |       3 |    240 B |
| `int[]`     |      24 |                    0 |       2 |    224 B |
| `int[]`     |      52 |                    0 |       1 |    224 B |
| `char[]`    |       2 |                   76 |       9 |    216 B |
| `int[]`     |      17 |                    1 |       2 |    176 B |
| `char[]`    |      19 |                    0 |       3 |    168 B |
| `char[]`    |      70 |                    0 |       1 |    160 B |
| `char[]`    |      26 |                    0 |       2 |    144 B |
| `int[]`     |      25 |                    0 |       1 |    120 B |
| `int[]`     |      26 |                    0 |       1 |    120 B |
| `int[]`     |      22 |                    0 |       1 |    104 B |
| `byte[]`    |      16 |                    0 |       3 |     96 B |
| `int[]`     |      18 |                    0 |       1 |     88 B |
| `boolean[]` |      17 |                    1 |       2 |     80 B |
| `byte[]`    |      63 |                   48 |       1 |     80 B |
| `char[]`    |      32 |                   32 |       1 |     80 B |
| `int[]`     |      16 |          -2000611360 |       1 |     80 B |
| `int[]`     |      16 |          -1998165952 |       1 |     80 B |
| `int[]`     |      16 |          -1996907232 |       1 |     80 B |
| `int[]`     |      16 |          -1899746248 |       1 |     80 B |
| `int[]`     |      16 |          -1898351880 |       1 |     80 B |
| `int[]`     |      16 |          -1898348376 |       1 |     80 B |
| `int[]`     |      16 |          -1891473672 |       1 |     80 B |
| `byte[]`    |       2 |                  101 |       3 |     72 B |
| `byte[]`    |       2 |                  102 |       3 |     72 B |
| `byte[]`    |       2 |                  105 |       3 |     72 B |
| `byte[]`    |       2 |                  107 |       3 |     72 B |
| `byte[]`    |       2 |                  110 |       3 |     72 B |
| `byte[]`    |       2 |                  116 |       3 |     72 B |
| `char[]`    |       3 |                   76 |       3 |     72 B |
| `double[]`  |       2 | -4625196817309499392 |       2 |     64 B |
| `double[]`  |       6 |                    0 |       1 |     64 B |
| `char[]`    |      17 |                   76 |       1 |     56 B |
| `byte[]`    |       2 |                   10 |       2 |     48 B |
| `byte[]`    |       2 |                   51 |       2 |     48 B |
| `byte[]`    |       2 |                   55 |       2 |     48 B |
| `byte[]`    |       2 |                   76 |       2 |     48 B |
| `byte[]`    |       3 |                   76 |       2 |     48 B |
| `byte[]`    |       4 |                   76 |       2 |     48 B |
| `byte[]`    |       5 |                   76 |       2 |     48 B |
| `char[]`    |       2 |                   83 |       2 |     48 B |
| `int[]`     |       2 |                    1 |       2 |     48 B |
| `byte[]`    |      32 |                    0 |       1 |     48 B |
| `char[]`    |      16 |                   76 |       1 |     48 B |
| `byte[]`    |      10 |                   32 |       1 |     32 B |
| `byte[]`    |      13 |                   48 |       1 |     32 B |
| `char[]`    |       8 |                   32 |       1 |     32 B |
| `char[]`    |       8 |                   48 |       1 |     32 B |
| `double[]`  |       2 |                    0 |       1 |     32 B |
| `byte[]`    |       2 |                    1 |       1 |     24 B |
| `byte[]`    |       2 |                   32 |       1 |     24 B |
| `byte[]`    |       2 |                   34 |       1 |     24 B |
| `byte[]`    |       2 |                   37 |       1 |     24 B |
| `byte[]`    |       2 |                   39 |       1 |     24 B |
| `byte[]`    |       2 |                   45 |       1 |     24 B |
| `byte[]`    |       2 |                   46 |       1 |     24 B |
| `byte[]`    |       2 |                   47 |       1 |     24 B |
| `byte[]`    |       2 |                   48 |       1 |     24 B |
| `byte[]`    |       2 |                   50 |       1 |     24 B |
| `byte[]`    |       2 |                   52 |       1 |     24 B |
| `byte[]`    |       2 |                   53 |       1 |     24 B |
| `byte[]`    |       2 |                   54 |       1 |     24 B |
| `byte[]`    |       2 |                   56 |       1 |     24 B |
| `byte[]`    |       2 |                   57 |       1 |     24 B |
| `byte[]`    |       2 |                   58 |       1 |     24 B |
| `byte[]`    |       2 |                   66 |       1 |     24 B |
| `byte[]`    |       2 |                   67 |       1 |     24 B |
| `byte[]`    |       2 |                   69 |       1 |     24 B |
| `byte[]`    |       2 |                   71 |       1 |     24 B |
| `byte[]`    |       2 |                   72 |       1 |     24 B |
| `byte[]`    |       2 |                   77 |       1 |     24 B |
| `byte[]`    |       2 |                   83 |       1 |     24 B |
| `byte[]`    |       2 |                   84 |       1 |     24 B |
| `byte[]`    |       2 |                   92 |       1 |     24 B |
| `byte[]`    |       2 |                   95 |       1 |     24 B |
| `byte[]`    |       2 |                   97 |       1 |     24 B |
| `byte[]`    |       2 |                   98 |       1 |     24 B |
| `byte[]`    |       2 |                   99 |       1 |     24 B |
| `byte[]`    |       2 |                  100 |       1 |     24 B |
| `byte[]`    |       2 |                  112 |       1 |     24 B |
| `byte[]`    |       3 |                   45 |       1 |     24 B |
| `byte[]`    |       3 |                   46 |       1 |     24 B |
| `byte[]`    |       3 |                   63 |       1 |     24 B |
| `byte[]`    |       3 |                   83 |       1 |     24 B |
| `byte[]`    |       3 |                   88 |       1 |     24 B |
| `byte[]`    |       3 |                   99 |       1 |     24 B |
| `byte[]`    |       4 |                   32 |       1 |     24 B |
| `byte[]`    |       4 |                   90 |       1 |     24 B |
| `byte[]`    |       6 |                   76 |       1 |     24 B |
| `byte[]`    |       7 |                   32 |       1 |     24 B |
| `byte[]`    |       8 |                   32 |       1 |     24 B |
| `byte[]`    |       8 |                   48 |       1 |     24 B |
| `char[]`    |       2 |                   45 |       1 |     24 B |
| `char[]`    |       2 |                   70 |       1 |     24 B |
| `char[]`    |       2 |                   74 |       1 |     24 B |
| `char[]`    |       2 |                   91 |       1 |     24 B |
| `char[]`    |       3 |                   68 |       1 |     24 B |
| `char[]`    |       4 |                   68 |       1 |     24 B |
| `char[]`    |       4 |                   76 |       1 |     24 B |
| `int[]`     |       2 |          -2136972200 |       1 |     24 B |
| `int[]`     |       2 |          -2136964360 |       1 |     24 B |
| `int[]`     |       2 |                   -1 |       1 |     24 B |
| `int[]`     |       2 |                  304 |       1 |     24 B |
| `int[]`     |       2 |                  305 |       1 |     24 B |
| `int[]`     |       2 |              3600000 |       1 |     24 B |

### Top Arrays (primitive)

_The largest primitive arrays by shallow size, individually and aggregated by array class._

| Array class |    Length |    Shallow |
| ----------- | --------: | ---------: |
| `byte[]`    | 2,528,177 |     2.4 MB |
| `byte[]`    | 1,087,338 |     1.0 MB |
| `byte[]`    |   543,425 |   530.7 KB |
| `byte[]`    |   525,562 |   513.3 KB |
| `int[]`     |   131,064 |   512.0 KB |
| `int[]`     |   130,744 |   510.7 KB |
| `int[]`     |   126,278 |   493.3 KB |
| `byte[]`    |   486,246 |   474.9 KB |
| `byte[]`    |   342,206 |   334.2 KB |
| `byte[]`    |   261,187 |   255.1 KB |
| **Total**   |           | **7.0 MB** |

#### Top Array Classes (primitive)

| Array class |   Instances |     Shallow |
| ----------- | ----------: | ----------: |
| `byte[]`    |      73,627 |     15.6 MB |
| `int[]`     |      13,852 |      3.8 MB |
| `double[]`  |      16,101 |      1.5 MB |
| `char[]`    |         803 |    638.1 KB |
| `long[]`    |         342 |     45.5 KB |
| `boolean[]` |          74 |     10.9 KB |
| `short[]`   |          13 |       848 B |
| `float[]`   |           5 |       176 B |
| **Total**   | **104,817** | **21.5 MB** |

### Top Arrays (object)

_The largest object arrays by shallow size, individually and aggregated by array class._

| Array class                                     |  Length |      Shallow |
| ----------------------------------------------- | ------: | -----------: |
| `java.lang.Object[]`                            | 131,072 |     512.0 KB |
| `java.util.concurrent.ConcurrentHashMap$Node[]` |  16,384 |      64.0 KB |
| `java.util.concurrent.ConcurrentHashMap$Node[]` |  16,384 |      64.0 KB |
| `java.util.concurrent.ConcurrentHashMap$Node[]` |  16,384 |      64.0 KB |
| `java.lang.Object[]`                            |   9,369 |      36.6 KB |
| `java.lang.Object[]`                            |   8,192 |      32.0 KB |
| `java.util.concurrent.ConcurrentHashMap$Node[]` |   8,192 |      32.0 KB |
| `java.lang.Object[]`                            |   7,937 |      31.0 KB |
| `breeze.linalg.Vector[]`                        |   7,501 |      29.3 KB |
| `org.apache.spark.mllib.linalg.Vector[]`        |   7,501 |      29.3 KB |
| **Total**                                       |         | **894.4 KB** |

#### Top Array Classes (object)

| Array class                                     |  Instances |    Shallow |
| ----------------------------------------------- | ---------: | ---------: |
| `java.lang.Object[]`                            |     10,675 |     1.6 MB |
| `java.util.concurrent.ConcurrentHashMap$Node[]` |        514 |   417.9 KB |
| `java.lang.Class[]`                             |      7,822 |   213.8 KB |
| `java.lang.String[]`                            |      1,399 |   209.0 KB |
| `java.util.HashMap$Node[]`                      |      1,499 |   208.0 KB |
| `java.lang.ref.SoftReference[]`                 |      1,038 |    77.0 KB |
| `java.nio.channels.SelectionKey[]`              |         20 |    72.3 KB |
| `breeze.linalg.Vector[]`                        |          2 |    58.6 KB |
| `org.apache.spark.mllib.linalg.Vector[]`        |          2 |    58.6 KB |
| `scala.collection.mutable.HashMap$Node[]`       |        536 |    42.1 KB |
| **Total**                                       | **23,507** | **2.9 MB** |

## References

_Soft/weak/phantom reference referents (what they point at)._

### Soft References

_4,759 reference instances._

#### Referent classes

| Class                                                                          | Objects | Shallow |
| ------------------------------------------------------------------------------ | ------: | ------: |
| `sun.util.locale.BaseLocale`                                                   |   2,088 | 65.2 KB |
| `java.util.Locale`                                                             |   1,044 | 32.6 KB |
| `java.lang.Class$ReflectionData`                                               |     695 | 43.4 KB |
| `java.lang.invoke.LambdaForm`                                                  |     576 | 27.0 KB |
| `java.io.ObjectStreamClass`                                                    |     106 | 12.4 KB |
| `java.lang.invoke.DirectMethodHandle`                                          |      90 |  3.5 KB |
| `java.util.concurrent.ConcurrentHashMap`                                       |      74 |  4.6 KB |
| `java.util.jar.Manifest`                                                       |      63 |  1.5 KB |
| `[Ljava.lang.Object;`                                                          |       2 |    64 B |
| `[Ljava.lang.String;`                                                          |       2 |    64 B |
| `java.lang.String`                                                             |       2 |    48 B |
| `java.util.ArrayList`                                                          |       2 |    48 B |
| `java.util.PropertyResourceBundle`                                             |       2 |    80 B |
| `org.apache.hadoop.shaded.com.ctc.wstx.io.BufferRecycler`                      |       2 |    64 B |
| `com.fasterxml.jackson.core.util.BufferRecycler`                               |       1 |    24 B |
| `com.sun.xml.internal.stream.util.BufferAllocator`                             |       1 |    40 B |
| `java.text.DateFormatSymbols`                                                  |       1 |    64 B |
| `org.apache.hadoop.mapred.JobConf`                                             |       1 |    48 B |
| `org.apache.spark.mllib.clustering.GaussianMixture$$Lambda+0x00007b0ac099d050` |       1 |    24 B |
| `org.apache.spark.util.SerializableConfiguration`                              |       1 |    16 B |
| `sun.security.util.Resources`                                                  |       1 |    40 B |
| `sun.text.resources.cldr.FormatData`                                           |       1 |    40 B |
| `sun.text.resources.cldr.FormatData_en`                                        |       1 |    40 B |
| `sun.util.resources.Bundles$1`                                                 |       1 |    40 B |
| `sun.util.resources.cldr.CalendarData`                                         |       1 |    40 B |

#### Only-weakly retained _(approximate)_

| Class                                    | Objects | Shallow |
| ---------------------------------------- | ------: | ------: |
| `java.lang.Class$ReflectionData`         |     695 | 43.4 KB |
| `java.io.ObjectStreamClass`              |     106 | 12.4 KB |
| `java.util.concurrent.ConcurrentHashMap` |      70 |  4.4 KB |

### Weak References

_6,039 reference instances._

#### Referent classes

| Class                                                                                                | Objects |  Shallow |
| ---------------------------------------------------------------------------------------------------- | ------: | -------: |
| `java.lang.invoke.MethodType`                                                                        |   4,164 | 162.7 KB |
| `java.lang.InheritableThreadLocal`                                                                   |     259 |   4.0 KB |
| `java.lang.ThreadLocal`                                                                              |     259 |   4.0 KB |
| `java.lang.ClassValue$Identity`                                                                      |     242 |   3.8 KB |
| `java.lang.ClassValue$Version`                                                                       |     200 |   4.7 KB |
| `jdk.internal.reflect.MethodAccessorGenerator$1`                                                     |      91 |      0 B |
| `java.util.logging.Logger`                                                                           |      65 |   3.6 KB |
| `java.lang.Module`                                                                                   |      53 |   2.5 KB |
| `javax.management.ImmutableDescriptor`                                                               |      36 |    864 B |
| `com.sun.jmx.mbeanserver.DefaultMXBeanMappingFactory$IdentityMapping`                                |      32 |    768 B |
| `jdk.internal.vm.SharedThreadContainer`                                                              |      28 |   1.1 KB |
| `com.sun.jmx.mbeanserver.PerInterface`                                                               |      18 |    720 B |
| `java.lang.Class`                                                                                    |      18 |   1.3 KB |
| `java.lang.String`                                                                                   |      16 |    408 B |
| `java.util.logging.LogManager$RootLogger`                                                            |      15 |    960 B |
| `scala.reflect.ClassTag$GenericClassTag`                                                             |      15 |    240 B |
| `com.sun.jmx.mbeanserver.DefaultMXBeanMappingFactory$CompositeMapping`                               |      11 |    440 B |
| `java.util.logging.Level`                                                                            |       9 |    288 B |
| `sun.management.MemoryPoolImpl`                                                                      |       9 |    456 B |
| `sun.net.www.protocol.jar.URLJarFile`                                                                |       8 |    640 B |
| `sun.reflect.generics.reflectiveObjects.ParameterizedTypeImpl`                                       |       8 |    192 B |
| `org.apache.hadoop.conf.Configuration`                                                               |       7 |    360 B |
| `org.apache.hadoop.io.Text$1`                                                                        |       7 |    112 B |
| `com.sun.jmx.mbeanserver.DefaultMXBeanMappingFactory$CollectionMapping`                              |       6 |    192 B |
| `io.netty.bootstrap.ServerBootstrap$ServerBootstrapAcceptor`                                         |       6 |     48 B |
| `scala.util.DynamicVariable$$anon$1`                                                                 |       6 |    144 B |
| `sun.reflect.misc.Trampoline`                                                                        |       6 |     48 B |
| `jdk.internal.misc.TerminatingThreadLocal$1`                                                         |       5 |     80 B |
| `sun.nio.fs.NativeBuffers$1`                                                                         |       5 |     80 B |
| `com.sun.jmx.mbeanserver.DefaultMXBeanMappingFactory$ArrayMapping`                                   |       4 |    128 B |
| `com.sun.jmx.mbeanserver.DefaultMXBeanMappingFactory$EnumMapping`                                    |       4 |    128 B |
| `com.sun.management.internal.GarbageCollectorExtImpl`                                                |       4 |    168 B |
| `java.security.Provider$Service`                                                                     |       4 |     32 B |
| `org.apache.logging.log4j.core.LoggerContext`                                                        |       4 |    224 B |
| `org.apache.logging.log4j.core.config.plugins.visitors.PluginVisitors`                               |       4 |     32 B |
| `org.apache.spark.rdd.MapPartitionsRDD`                                                              |       4 |    448 B |
| `org.apache.spark.scheduler.TaskResultGetter$$anon$1`                                                |       4 |     96 B |
| `org.apache.spark.scheduler.TaskResultGetter$$anon$2`                                                |       4 |     96 B |
| `sun.management.ManagementFactoryHelper$1`                                                           |       4 |     80 B |
| `com.sun.management.HotSpotDiagnosticMXBean`                                                         |       3 |     24 B |
| `io.netty.bootstrap.ServerBootstrap$1`                                                               |       3 |      0 B |
| `java.net.URLClassLoader`                                                                            |       3 |    184 B |
| `jdk.management.jfr.FlightRecorderMXBeanImpl`                                                        |       3 |    128 B |
| `org.apache.hadoop.mapred.JobConf`                                                                   |       3 |    352 B |
| `org.apache.spark.SparkContext$$anon$1`                                                              |       3 |     48 B |
| `sun.management.MemoryManagerImpl`                                                                   |       3 |     88 B |
| `[B`                                                                                                 |       2 |  24.6 KB |
| `com.sun.jmx.mbeanserver.DefaultMXBeanMappingFactory$TabularMapping`                                 |       2 |     80 B |
| `com.sun.management.GarbageCollectorMXBean`                                                          |       2 |     16 B |
| `com.sun.management.ThreadMXBean`                                                                    |       2 |     16 B |
| `com.sun.management.UnixOperatingSystemMXBean`                                                       |       2 |     16 B |
| `com.sun.management.VMOption`                                                                        |       2 |     16 B |
| `com.sun.management.VMOption$Origin`                                                                 |       2 |     80 B |
| `com.sun.management.internal.HotSpotDiagnostic`                                                      |       2 |     24 B |
| `com.sun.management.internal.HotSpotThreadImpl`                                                      |       2 |     24 B |
| `com.sun.management.internal.OperatingSystemImpl`                                                    |       2 |     40 B |
| `io.netty.channel.ReflectiveChannelFactory`                                                          |       2 |     16 B |
| `java.lang.Boolean`                                                                                  |       2 |     48 B |
| `java.lang.Byte`                                                                                     |       2 |     64 B |
| `java.lang.Character`                                                                                |       2 |    240 B |
| `java.lang.Double`                                                                                   |       2 |    176 B |
| `java.lang.Float`                                                                                    |       2 |    128 B |
| `java.lang.Integer`                                                                                  |       2 |     96 B |
| `java.lang.Long`                                                                                     |       2 |     80 B |
| `java.lang.Short`                                                                                    |       2 |     64 B |
| `java.lang.Void`                                                                                     |       2 |     16 B |
| `java.lang.management.BufferPoolMXBean`                                                              |       2 |     16 B |
| `java.lang.management.ClassLoadingMXBean`                                                            |       2 |     16 B |
| `java.lang.management.CompilationMXBean`                                                             |       2 |     16 B |
| `java.lang.management.MemoryMXBean`                                                                  |       2 |     16 B |
| `java.lang.management.MemoryManagerMXBean`                                                           |       2 |      0 B |
| `java.lang.management.MemoryPoolMXBean`                                                              |       2 |      0 B |
| `java.lang.management.PlatformLoggingMXBean`                                                         |       2 |     16 B |
| `java.lang.management.RuntimeMXBean`                                                                 |       2 |     16 B |
| `java.math.BigDecimal`                                                                               |       2 |    368 B |
| `java.math.BigInteger`                                                                               |       2 |    336 B |
| `java.util.Date`                                                                                     |       2 |     64 B |
| `java.util.logging.LogManager`                                                                       |       2 |     96 B |
| `javax.management.ObjectName`                                                                        |       2 |    144 B |
| `jdk.management.jfr.FlightRecorderMXBean`                                                            |       2 |     32 B |
| `org.apache.hadoop.io.Text$2`                                                                        |       2 |     32 B |
| `org.apache.hadoop.io.UTF8$1`                                                                        |       2 |     32 B |
| `org.apache.hadoop.mapred.JobConfigurable`                                                           |       2 |      0 B |
| `org.apache.logging.log4j.core.jmx.AppenderAdminMBean`                                               |       2 |     32 B |
| `org.apache.logging.log4j.core.jmx.ContextSelectorAdminMBean`                                        |       2 |     32 B |
| `org.apache.logging.log4j.core.jmx.LoggerConfigAdminMBean`                                           |       2 |     32 B |
| `org.apache.logging.log4j.core.jmx.LoggerContextAdmin`                                               |       2 |     48 B |
| `org.apache.logging.log4j.core.jmx.LoggerContextAdminMBean`                                          |       2 |     32 B |
| `org.apache.logging.log4j.core.jmx.StatusLoggerAdmin`                                                |       2 |     16 B |
| `org.apache.logging.log4j.core.jmx.StatusLoggerAdminMBean`                                           |       2 |     48 B |
| `org.apache.spark.broadcast.TorrentBroadcast`                                                        |       2 |    128 B |
| `org.apache.spark.mllib.clustering.GaussianMixture$$Lambda+0x00007b0ac099d050`                       |       2 |     32 B |
| `org.apache.spark.util.MutableURLClassLoader`                                                        |       2 |     88 B |
| `org.apache.spark.util.SerializableConfiguration`                                                    |       2 |     24 B |
| `org.apache.spark.util.UninterruptibleThread`                                                        |       2 |    224 B |
| `scala.reflect.ManifestFactory$ObjectManifest`                                                       |       2 |     64 B |
| `sun.management.ClassLoadingImpl`                                                                    |       2 |     24 B |
| `sun.management.CompilationImpl`                                                                     |       2 |     32 B |
| `sun.management.ManagementFactoryHelper$PlatformLoggingImpl`                                         |       2 |     32 B |
| `sun.management.MemoryImpl`                                                                          |       2 |     56 B |
| `sun.management.RuntimeImpl`                                                                         |       2 |     32 B |
| `sun.nio.ch.Util$1`                                                                                  |       2 |     32 B |
| `sun.security.provider.FileInputStreamPool$UnclosableInputStream`                                    |       2 |     32 B |
| `[C`                                                                                                 |       1 |      0 B |
| `[D`                                                                                                 |       1 |      0 B |
| `[F`                                                                                                 |       1 |      0 B |
| `[I`                                                                                                 |       1 |      0 B |
| `[J`                                                                                                 |       1 |      0 B |
| `[Ljava.lang.StackTraceElement;`                                                                     |       1 |      0 B |
| `[Ljava.lang.String;`                                                                                |       1 |      0 B |
| `[Ljava.lang.management.LockInfo;`                                                                   |       1 |      0 B |
| `[Ljava.lang.management.MonitorInfo;`                                                                |       1 |      0 B |
| `[Ljava.lang.management.ThreadInfo;`                                                                 |       1 |      0 B |
| `[S`                                                                                                 |       1 |      0 B |
| `[Z`                                                                                                 |       1 |      0 B |
| `breeze.linalg.DenseVector`                                                                          |       1 |     16 B |
| `breeze.linalg.DenseVector$mcD$sp`                                                                   |       1 |     16 B |
| `com.fasterxml.jackson.module.scala.introspect.BeanIntrospector$$anonfun$$nestedInanonfun$apply$3$1` |       1 |     16 B |
| `com.sun.jmx.mbeanserver.JmxMBeanServer`                                                             |       1 |     40 B |
| `com.sun.jmx.mbeanserver.MXBeanLookup`                                                               |       1 |     24 B |
| `com.sun.management.GcInfo`                                                                          |       1 |      8 B |
| `com.sun.management.HotSpotDiagnosticMXBean$ThreadDumpFormat`                                        |       1 |     16 B |
| `io.netty.channel.DefaultChannelPipeline$HeadContext`                                                |       1 |      0 B |
| `io.netty.channel.DefaultChannelPipeline$TailContext`                                                |       1 |      0 B |
| `io.netty.util.internal.CleanerJava9$1`                                                              |       1 |      8 B |
| `java.lang.ClassLoader`                                                                              |       1 |     16 B |
| `java.lang.Object`                                                                                   |       1 |      8 B |
| `java.lang.StackTraceElement`                                                                        |       1 |     24 B |
| `java.lang.Thread$State`                                                                             |       1 |     32 B |
| `java.lang.ThreadGroup`                                                                              |       1 |     48 B |
| `java.lang.management.LockInfo`                                                                      |       1 |      8 B |
| `java.lang.management.MemoryType`                                                                    |       1 |     16 B |
| `java.lang.management.MemoryUsage`                                                                   |       1 |      8 B |
| `java.lang.management.MonitorInfo`                                                                   |       1 |      8 B |
| `java.lang.management.ThreadInfo`                                                                    |       1 |     24 B |
| `java.lang.reflect.Constructor`                                                                      |       1 |     72 B |
| `java.lang.reflect.Method`                                                                           |       1 |     88 B |
| `java.security.SecureClassLoader`                                                                    |       1 |      0 B |
| `java.util.AbstractCollection`                                                                       |       1 |      8 B |
| `java.util.AbstractList`                                                                             |       1 |      8 B |
| `java.util.AbstractMap`                                                                              |       1 |      8 B |
| `java.util.AbstractSet`                                                                              |       1 |      0 B |
| `java.util.ArrayList`                                                                                |       1 |     24 B |
| `java.util.Collections$SetFromMap`                                                                   |       1 |     16 B |
| `java.util.Dictionary`                                                                               |       1 |      0 B |
| `java.util.Hashtable`                                                                                |       1 |     32 B |
| `java.util.Properties`                                                                               |       1 |     16 B |
| `java.util.concurrent.ConcurrentHashMap`                                                             |       1 |    136 B |
| `java.util.concurrent.ConcurrentHashMap$CollectionView`                                              |       1 |     16 B |
| `java.util.concurrent.ConcurrentHashMap$KeySetView`                                                  |       1 |      8 B |
| `javax.management.MBeanServerFactory`                                                                |       1 |     16 B |
| `javax.management.openmbean.OpenMBeanOperationInfoSupport`                                           |       1 |     16 B |
| `javax.security.auth.login.LoginContext`                                                             |       1 |     40 B |
| `jdk.internal.loader.BuiltinClassLoader`                                                             |       1 |     16 B |
| `jdk.internal.loader.ClassLoaders$AppClassLoader`                                                    |       1 |      8 B |
| `jdk.internal.loader.ClassLoaders$PlatformClassLoader`                                               |       1 |      8 B |
| `jdk.management.jfr.ConfigurationInfo`                                                               |       1 |      8 B |
| `jdk.management.jfr.EventTypeInfo`                                                                   |       1 |      8 B |
| `jdk.management.jfr.RecordingInfo`                                                                   |       1 |      8 B |
| `jdk.management.jfr.SettingDescriptorInfo`                                                           |       1 |      8 B |
| `org.apache.hadoop.conf.Configuration$Resource`                                                      |       1 |      8 B |
| `org.apache.hadoop.mapred.FileSplit`                                                                 |       1 |      0 B |
| `org.apache.hadoop.net.DNSDomainNameResolver`                                                        |       1 |      8 B |
| `org.apache.hadoop.security.JniBasedUnixGroupsMappingWithFallback`                                   |       1 |      8 B |
| `org.apache.logging.log4j.LogManager`                                                                |       1 |     24 B |
| `org.apache.logging.log4j.core.jmx.AppenderAdmin`                                                    |       1 |      8 B |
| `org.apache.logging.log4j.core.jmx.ContextSelectorAdmin`                                             |       1 |      8 B |
| `org.apache.logging.log4j.core.jmx.LoggerConfigAdmin`                                                |       1 |      8 B |
| `org.apache.logging.log4j.message.DefaultFlowMessageFactory`                                         |       1 |     24 B |
| `org.apache.logging.log4j.spi.AbstractLogger`                                                        |       1 |     64 B |
| `org.apache.spark.JobArtifactSet$$anon$1`                                                            |       1 |     16 B |
| `org.apache.spark.mllib.linalg.DenseMatrix`                                                          |       1 |      8 B |
| `org.apache.spark.mllib.linalg.DenseVector`                                                          |       1 |      8 B |
| `org.apache.spark.mllib.stat.distribution.MultivariateGaussian`                                      |       1 |      8 B |
| `org.apache.spark.util.collection.PrimitiveVector`                                                   |       1 |      0 B |
| `org.apache.spark.util.collection.SizeTracker$Sample`                                                |       1 |      8 B |
| `org.apache.spark.util.collection.SizeTrackingVector`                                                |       1 |      0 B |
| `org.renaissance.core.Launcher`                                                                      |       1 |     24 B |
| `org.sparkproject.jetty.util.Uptime$DefaultImpl`                                                     |       1 |      8 B |
| `scala.collection.AbstractIterable`                                                                  |       1 |      8 B |
| `scala.collection.AbstractSeq`                                                                       |       1 |      8 B |
| `scala.collection.mutable.AbstractBuffer`                                                            |       1 |      8 B |
| `scala.collection.mutable.AbstractSeq`                                                               |       1 |      8 B |
| `scala.collection.mutable.ArrayDeque`                                                                |       1 |      8 B |
| `scala.collection.mutable.Queue`                                                                     |       1 |      8 B |
| `scala.reflect.ManifestFactory$DoubleManifest`                                                       |       1 |     24 B |

### Phantom References

_586 reference instances._

#### Referent classes

| Class                                                                 | Objects | Shallow |
| --------------------------------------------------------------------- | ------: | ------: |
| `java.util.zip.Inflater`                                              |     192 | 12.0 KB |
| `java.io.FileDescriptor`                                              |     183 |  7.1 KB |
| `java.util.jar.JarFile`                                               |     181 | 11.3 KB |
| `sun.net.www.protocol.jar.URLJarFile`                                 |      12 |   960 B |
| `sun.nio.fs.NativeBuffer`                                             |       5 |   160 B |
| `java.nio.DirectByteBuffer`                                           |       3 |   216 B |
| `java.net.URLClassLoader`                                             |       2 |   176 B |
| `java.util.Timer`                                                     |       2 |    48 B |
| `java.lang.ref.Cleaner`                                               |       1 |    16 B |
| `java.util.concurrent.Executors$AutoShutdownDelegatedExecutorService` |       1 |    24 B |

## Unreachable Objects

_60,900 unreachable objects retaining 4.3 MB shallow (4.3 MB retained within the unreachable forest; top 30 classes by shallow)._

| Kind             | Objects |  Shallow |
| ---------------- | ------: | -------: |
| Instances        |  32,655 |   1.3 MB |
| Object arrays    |   7,526 | 267.5 KB |
| Primitive arrays |  20,267 |   2.7 MB |
| Class objects    |     452 |    552 B |

| Class                                             | Objects |  Shallow | Retained |
| ------------------------------------------------- | ------: | -------: | -------: |
| `int[]`                                           |   4,796 |   1.8 MB |   1.8 MB |
| `byte[]`                                          |  15,261 | 948.8 KB | 948.8 KB |
| `java.lang.reflect.Method`                        |   5,855 | 503.2 KB | 964.4 KB |
| `java.lang.String`                                |  14,550 | 341.0 KB |   1.2 MB |
| `java.lang.Class[]`                               |   4,637 | 115.2 KB | 115.2 KB |
| `java.lang.reflect.Field`                         |   1,274 |  89.6 KB | 168.1 KB |
| `java.lang.Class$ReflectionData`                  |     695 |  43.4 KB |   1.2 MB |
| `java.lang.reflect.Method[]`                      |     465 |  37.9 KB | 948.9 KB |
| `java.lang.reflect.Constructor`                   |     526 |  37.0 KB |  69.4 KB |
| `java.util.LinkedHashMap$Entry`                   |     770 |  30.1 KB |  96.7 KB |
| `java.lang.invoke.MemberName`                     |     735 |  28.7 KB |  32.2 KB |
| `java.util.HashMap$Node[]`                        |     446 |  27.2 KB |  40.7 KB |
| `java.lang.ref.SoftReference`                     |     695 |  27.1 KB |   1.2 MB |
| `java.util.LinkedHashMap`                         |     394 |  24.6 KB | 119.3 KB |
| `java.util.concurrent.ConcurrentHashMap`          |     343 |  21.4 KB |  33.7 KB |
| `java.lang.ClassValue$Entry[]`                    |     152 |  21.4 KB |  21.4 KB |
| `java.io.ObjectStreamField`                       |     478 |  18.7 KB |  18.7 KB |
| `java.lang.invoke.BoundMethodHandle$Species_LL`   |     392 |  15.3 KB |  28.7 KB |
| `java.io.ObjectStreamClass`                       |     106 |  12.4 KB |  51.4 KB |
| `java.util.WeakHashMap$Entry[]`                   |     152 |  11.9 KB |  21.3 KB |
| `java.lang.Object[]`                              |     264 |  11.4 KB |  28.2 KB |
| `java.lang.invoke.DirectMethodHandle$Constructor` |     211 |   9.9 KB |  29.5 KB |
| `java.lang.ClassValue$ClassValueMap`              |     152 |   9.5 KB | 178.0 KB |
| `java.util.WeakHashMap$Entry`                     |     241 |   9.4 KB |   9.4 KB |
| `java.lang.reflect.Constructor[]`                 |     360 |   8.4 KB |  49.3 KB |
| `java.io.ClassCache$CacheRef`                     |     176 |   8.2 KB |  66.9 KB |
| `java.lang.reflect.Field[]`                       |     213 |   7.9 KB | 143.1 KB |
| `java.util.HashMap$Node`                          |     250 |   7.8 KB |  13.6 KB |
| `java.lang.ClassValue$Entry`                      |     222 |   6.9 KB |  76.6 KB |
| `jdk.internal.reflect.DelegatingClassLoader`      |      91 |   6.4 KB |  56.2 KB |

### Garbage-Root Dominator Trees

_Top garbage-root subtrees by retained heap (unreachable objects with no reachable predecessor). Depth capped._

1. **int[]** — 512.0 KB (1 objects)

2. **int[]** — 510.7 KB (1 objects)

3. **int[]** — 493.3 KB (1 objects)

4. **java.lang.ref.SoftReference** — 101.3 KB (1,988 objects)
   └─ java.lang.Class$ReflectionData — 101.2 KB (1,987 objects)
        ├─ java.lang.reflect.Method[] — 98.7 KB (1,936 objects)
        │    ├─ java.lang.reflect.Method — 688 B (4 objects)
        │    │    ├─ java.lang.String — 544 B (2 objects)
        │    │    │    └─ byte[] — 520 B (1 objects)
        │    │    └─ java.lang.Class[] — 56 B (1 objects)
        │    ├─ java.lang.reflect.Method — 680 B (4 objects)
        │    │    ├─ java.lang.String — 544 B (2 objects)
        │    │    │    └─ byte[] — 520 B (1 objects)
        │    │    └─ java.lang.Class[] — 48 B (1 objects)
        │    ├─ java.lang.reflect.Method — 576 B (4 objects)
        │    │    ├─ java.lang.String — 440 B (2 objects)
        │    │    │    └─ byte[] — 416 B (1 objects)
        │    │    └─ java.lang.Class[] — 48 B (1 objects)
        │    ├─ java.lang.reflect.Method — 568 B (4 objects)
        │    │    ├─ java.lang.String — 432 B (2 objects)
        │    │    │    └─ byte[] — 408 B (1 objects)
        │    │    └─ java.lang.Class[] — 48 B (1 objects)
        │    ├─ java.lang.reflect.Method — 560 B (4 objects)
        │    │    ├─ java.lang.String — 432 B (2 objects)
        │    │    │    └─ byte[] — 408 B (1 objects)
        │    │    └─ java.lang.Class[] — 40 B (1 objects)
        │    ├─ java.lang.reflect.Method — 528 B (6 objects)
        │    │    ├─ java.lang.String — 328 B (2 objects)
        │    │    │    └─ byte[] — 304 B (1 objects)
        │    │    ├─ java.lang.String — 72 B (2 objects)
        │    │    │    └─ byte[] — 48 B (1 objects)
        │    │    └─ java.lang.Class[] — 40 B (1 objects)
        │    ├─ java.lang.reflect.Method — 480 B (6 objects)
        │    │    ├─ java.lang.String — 296 B (2 objects)
        │    │    │    └─ byte[] — 272 B (1 objects)
        │    │    ├─ java.lang.String — 64 B (2 objects)
        │    │    │    └─ byte[] — 40 B (1 objects)
        │    │    └─ java.lang.Class[] — 32 B (1 objects)
        │    └─ java.lang.reflect.Method — 456 B (6 objects)
        │         ├─ java.lang.String — 272 B (2 objects)
        │         │    └─ byte[] — 248 B (1 objects)
        │         ├─ java.lang.String — 64 B (2 objects)
        │         │    └─ byte[] — 40 B (1 objects)
        │         └─ java.lang.Class[] — 32 B (1 objects)
        ├─ java.lang.reflect.Field[] — 1.5 KB (24 objects)
        │    ├─ java.lang.reflect.Field — 208 B (3 objects)
        │    │    └─ java.lang.String — 136 B (2 objects)
        │    │         └─ byte[] — 112 B (1 objects)
        │    ├─ java.lang.reflect.Field — 184 B (3 objects)
        │    │    └─ java.lang.String — 112 B (2 objects)
        │    │         └─ byte[] — 88 B (1 objects)
        │    ├─ java.lang.reflect.Field — 176 B (3 objects)
        │    │    └─ java.lang.String — 104 B (2 objects)
        │    │         └─ byte[] — 80 B (1 objects)
        │    ├─ java.lang.reflect.Field — 168 B (3 objects)
        │    │    └─ java.lang.String — 96 B (2 objects)
        │    │         └─ byte[] — 72 B (1 objects)
        │    ├─ java.lang.reflect.Field — 160 B (3 objects)
        │    │    └─ java.lang.String — 88 B (2 objects)
        │    │         └─ byte[] — 64 B (1 objects)
        │    ├─ java.lang.reflect.Field — 72 B (1 objects)
        │    ├─ java.lang.reflect.Field — 72 B (1 objects)
        │    └─ java.lang.reflect.Field — 72 B (1 objects)
        ├─ java.lang.reflect.Constructor[] — 504 B (9 objects)
        │    ├─ java.lang.reflect.Constructor — 280 B (4 objects)
        │    │    ├─ java.lang.String — 176 B (2 objects)
        │    │    │    └─ byte[] — 152 B (1 objects)
        │    │    └─ java.lang.Class[] — 32 B (1 objects)
        │    └─ java.lang.reflect.Constructor — 200 B (4 objects)
        │         ├─ java.lang.String — 104 B (2 objects)
        │         │    └─ byte[] — 80 B (1 objects)
        │         └─ java.lang.Class[] — 24 B (1 objects)
        ├─ java.lang.String — 64 B (2 objects)
        │    └─ byte[] — 40 B (1 objects)
        ├─ java.lang.String — 64 B (2 objects)
        │    └─ byte[] — 40 B (1 objects)
        ├─ java.lang.String — 56 B (2 objects)
        │    └─ byte[] — 32 B (1 objects)
        ├─ java.lang.String — 56 B (2 objects)
        │    └─ byte[] — 32 B (1 objects)
        └─ java.lang.String — 56 B (2 objects)
             └─ byte[] — 32 B (1 objects)

5. **java.lang.ref.SoftReference** — 98.4 KB (1,995 objects)
   └─ java.lang.Class$ReflectionData — 98.3 KB (1,994 objects)
        └─ java.lang.reflect.Method[] — 98.3 KB (1,993 objects)
             ├─ java.lang.reflect.Method — 560 B (6 objects)
             │    ├─ java.lang.String — 376 B (2 objects)
             │    │    └─ byte[] — 352 B (1 objects)
             │    ├─ java.lang.String — 56 B (2 objects)
             │    │    └─ byte[] — 32 B (1 objects)
             │    └─ java.lang.Class[] — 40 B (1 objects)
             ├─ java.lang.reflect.Method — 528 B (7 objects)
             │    ├─ java.lang.String — 320 B (2 objects)
             │    │    └─ byte[] — 296 B (1 objects)
             │    ├─ java.lang.String — 64 B (2 objects)
             │    │    └─ byte[] — 40 B (1 objects)
             │    ├─ java.lang.Class[] — 32 B (1 objects)
             │    └─ byte[] — 24 B (1 objects)
             ├─ java.lang.reflect.Method — 480 B (4 objects)
             │    ├─ java.lang.String — 352 B (2 objects)
             │    │    └─ byte[] — 328 B (1 objects)
             │    └─ java.lang.Class[] — 40 B (1 objects)
             ├─ java.lang.reflect.Method — 472 B (6 objects)
             │    ├─ java.lang.String — 296 B (2 objects)
             │    │    └─ byte[] — 272 B (1 objects)
             │    ├─ java.lang.String — 56 B (2 objects)
             │    │    └─ byte[] — 32 B (1 objects)
             │    └─ java.lang.Class[] — 32 B (1 objects)
             ├─ java.lang.reflect.Method — 464 B (4 objects)
             │    ├─ java.lang.String — 336 B (2 objects)
             │    │    └─ byte[] — 312 B (1 objects)
             │    └─ java.lang.Class[] — 40 B (1 objects)
             ├─ java.lang.reflect.Method — 464 B (6 objects)
             │    ├─ java.lang.String — 280 B (2 objects)
             │    │    └─ byte[] — 256 B (1 objects)
             │    ├─ java.lang.String — 56 B (2 objects)
             │    │    └─ byte[] — 32 B (1 objects)
             │    └─ java.lang.Class[] — 40 B (1 objects)
             ├─ java.lang.reflect.Method — 440 B (4 objects)
             │    ├─ java.lang.String — 312 B (2 objects)
             │    │    └─ byte[] — 288 B (1 objects)
             │    └─ java.lang.Class[] — 40 B (1 objects)
             └─ java.lang.reflect.Method — 424 B (4 objects)
                  ├─ java.lang.String — 296 B (2 objects)
                  │    └─ byte[] — 272 B (1 objects)
                  └─ java.lang.Class[] — 40 B (1 objects)

6. **java.lang.ref.SoftReference** — 74.9 KB (1,724 objects)
   └─ java.lang.Class$ReflectionData — 74.9 KB (1,723 objects)
        └─ java.lang.reflect.Method[] — 74.8 KB (1,722 objects)
             ├─ java.lang.reflect.Method — 328 B (6 objects)
             │    ├─ java.lang.String — 144 B (2 objects)
             │    │    └─ byte[] — 120 B (1 objects)
             │    ├─ java.lang.String — 56 B (2 objects)
             │    │    └─ byte[] — 32 B (1 objects)
             │    └─ java.lang.Class[] — 40 B (1 objects)
             ├─ java.lang.reflect.Method — 296 B (7 objects)
             │    ├─ java.lang.String — 88 B (2 objects)
             │    │    └─ byte[] — 64 B (1 objects)
             │    ├─ java.lang.String — 72 B (2 objects)
             │    │    └─ byte[] — 48 B (1 objects)
             │    ├─ java.lang.Class[] — 24 B (1 objects)
             │    └─ byte[] — 24 B (1 objects)
             ├─ java.lang.reflect.Method — 272 B (4 objects)
             │    ├─ java.lang.String — 144 B (2 objects)
             │    │    └─ byte[] — 120 B (1 objects)
             │    └─ java.lang.Class[] — 40 B (1 objects)
             ├─ java.lang.reflect.Method — 272 B (6 objects)
             │    ├─ java.lang.String — 88 B (2 objects)
             │    │    └─ byte[] — 64 B (1 objects)
             │    ├─ java.lang.String — 72 B (2 objects)
             │    │    └─ byte[] — 48 B (1 objects)
             │    └─ java.lang.Class[] — 24 B (1 objects)
             ├─ java.lang.reflect.Method — 264 B (6 objects)
             │    ├─ java.lang.String — 88 B (2 objects)
             │    │    └─ byte[] — 64 B (1 objects)
             │    ├─ java.lang.String — 64 B (2 objects)
             │    │    └─ byte[] — 40 B (1 objects)
             │    └─ java.lang.Class[] — 24 B (1 objects)
             ├─ java.lang.reflect.Method — 240 B (6 objects)
             │    ├─ java.lang.String — 80 B (2 objects)
             │    │    └─ byte[] — 56 B (1 objects)
             │    ├─ java.lang.Class[] — 24 B (1 objects)
             │    ├─ java.lang.Class[] — 24 B (1 objects)
             │    └─ byte[] — 24 B (1 objects)
             ├─ java.lang.reflect.Method — 240 B (6 objects)
             │    ├─ java.lang.String — 64 B (2 objects)
             │    │    └─ byte[] — 40 B (1 objects)
             │    ├─ java.lang.String — 64 B (2 objects)
             │    │    └─ byte[] — 40 B (1 objects)
             │    └─ java.lang.Class[] — 24 B (1 objects)
             └─ java.lang.reflect.Method — 240 B (6 objects)
                  ├─ java.lang.String — 64 B (2 objects)
                  │    └─ byte[] — 40 B (1 objects)
                  ├─ java.lang.String — 64 B (2 objects)
                  │    └─ byte[] — 40 B (1 objects)
                  └─ java.lang.Class[] — 24 B (1 objects)

7. **java.lang.ref.SoftReference** — 73.5 KB (1,206 objects)
   └─ java.lang.Class$ReflectionData — 73.5 KB (1,205 objects)
        ├─ java.lang.reflect.Method[] — 72.5 KB (1,181 objects)
        │    ├─ java.lang.reflect.Method — 472 B (4 objects)
        │    │    ├─ java.lang.String — 352 B (2 objects)
        │    │    │    └─ byte[] — 328 B (1 objects)
        │    │    └─ java.lang.Class[] — 32 B (1 objects)
        │    ├─ java.lang.reflect.Method — 432 B (4 objects)
        │    │    ├─ java.lang.String — 312 B (2 objects)
        │    │    │    └─ byte[] — 288 B (1 objects)
        │    │    └─ java.lang.Class[] — 32 B (1 objects)
        │    ├─ java.lang.reflect.Method — 416 B (6 objects)
        │    │    ├─ java.lang.String — 248 B (2 objects)
        │    │    │    └─ byte[] — 224 B (1 objects)
        │    │    ├─ java.lang.String — 56 B (2 objects)
        │    │    │    └─ byte[] — 32 B (1 objects)
        │    │    └─ java.lang.Class[] — 24 B (1 objects)
        │    ├─ java.lang.reflect.Method — 408 B (6 objects)
        │    │    ├─ java.lang.String — 240 B (2 objects)
        │    │    │    └─ byte[] — 216 B (1 objects)
        │    │    ├─ java.lang.String — 56 B (2 objects)
        │    │    │    └─ byte[] — 32 B (1 objects)
        │    │    └─ java.lang.Class[] — 24 B (1 objects)
        │    ├─ java.lang.reflect.Method — 408 B (6 objects)
        │    │    ├─ java.lang.String — 240 B (2 objects)
        │    │    │    └─ byte[] — 216 B (1 objects)
        │    │    ├─ java.lang.String — 56 B (2 objects)
        │    │    │    └─ byte[] — 32 B (1 objects)
        │    │    └─ java.lang.Class[] — 24 B (1 objects)
        │    ├─ java.lang.reflect.Method — 408 B (6 objects)
        │    │    ├─ java.lang.String — 240 B (2 objects)
        │    │    │    └─ byte[] — 216 B (1 objects)
        │    │    ├─ java.lang.String — 56 B (2 objects)
        │    │    │    └─ byte[] — 32 B (1 objects)
        │    │    └─ java.lang.Class[] — 24 B (1 objects)
        │    ├─ java.lang.reflect.Method — 408 B (6 objects)
        │    │    ├─ java.lang.String — 240 B (2 objects)
        │    │    │    └─ byte[] — 216 B (1 objects)
        │    │    ├─ java.lang.String — 56 B (2 objects)
        │    │    │    └─ byte[] — 32 B (1 objects)
        │    │    └─ java.lang.Class[] — 24 B (1 objects)
        │    └─ java.lang.reflect.Method — 400 B (6 objects)
        │         ├─ java.lang.String — 232 B (2 objects)
        │         │    └─ byte[] — 208 B (1 objects)
        │         ├─ java.lang.String — 56 B (2 objects)
        │         │    └─ byte[] — 32 B (1 objects)
        │         └─ java.lang.Class[] — 24 B (1 objects)
        ├─ java.lang.reflect.Constructor[] — 696 B (17 objects)
        │    ├─ java.lang.reflect.Constructor — 176 B (4 objects)
        │    │    ├─ java.lang.String — 80 B (2 objects)
        │    │    │    └─ byte[] — 56 B (1 objects)
        │    │    └─ java.lang.Class[] — 24 B (1 objects)
        │    ├─ java.lang.reflect.Constructor — 168 B (4 objects)
        │    │    ├─ java.lang.String — 64 B (2 objects)
        │    │    │    └─ byte[] — 40 B (1 objects)
        │    │    └─ java.lang.Class[] — 32 B (1 objects)
        │    ├─ java.lang.reflect.Constructor — 160 B (4 objects)
        │    │    ├─ java.lang.String — 64 B (2 objects)
        │    │    │    └─ byte[] — 40 B (1 objects)
        │    │    └─ java.lang.Class[] — 24 B (1 objects)
        │    └─ java.lang.reflect.Constructor — 160 B (4 objects)
        │         ├─ java.lang.String — 64 B (2 objects)
        │         │    └─ byte[] — 40 B (1 objects)
        │         └─ java.lang.Class[] — 24 B (1 objects)
        ├─ java.lang.reflect.Field[] — 240 B (5 objects)
        │    └─ java.lang.reflect.Field — 200 B (4 objects)
        │         └─ jdk.internal.reflect.MethodHandleLongFieldAccessorImpl — 128 B (3 objects)
        │              └─ java.lang.invoke.DirectMethodHandle$StaticAccessor — 96 B (2 objects)
        └─ java.lang.Class[] — 24 B (1 objects)

8. **java.lang.ref.SoftReference** — 61.6 KB (946 objects)
   └─ java.lang.Class$ReflectionData — 61.5 KB (945 objects)
        ├─ java.lang.reflect.Method[] — 60.3 KB (917 objects)
        │    ├─ java.lang.reflect.Method — 496 B (4 objects)
        │    │    ├─ java.lang.String — 368 B (2 objects)
        │    │    │    └─ byte[] — 344 B (1 objects)
        │    │    └─ java.lang.Class[] — 40 B (1 objects)
        │    ├─ java.lang.reflect.Method — 472 B (4 objects)
        │    │    ├─ java.lang.String — 352 B (2 objects)
        │    │    │    └─ byte[] — 328 B (1 objects)
        │    │    └─ java.lang.Class[] — 32 B (1 objects)
        │    ├─ java.lang.reflect.Method — 432 B (4 objects)
        │    │    ├─ java.lang.String — 312 B (2 objects)
        │    │    │    └─ byte[] — 288 B (1 objects)
        │    │    └─ java.lang.Class[] — 32 B (1 objects)
        │    ├─ java.lang.reflect.Method — 424 B (4 objects)
        │    │    ├─ java.lang.String — 312 B (2 objects)
        │    │    │    └─ byte[] — 288 B (1 objects)
        │    │    └─ java.lang.Class[] — 24 B (1 objects)
        │    ├─ java.lang.reflect.Method — 424 B (4 objects)
        │    │    ├─ java.lang.String — 312 B (2 objects)
        │    │    │    └─ byte[] — 288 B (1 objects)
        │    │    └─ java.lang.Class[] — 24 B (1 objects)
        │    ├─ java.lang.reflect.Method — 392 B (4 objects)
        │    │    ├─ java.lang.String — 264 B (2 objects)
        │    │    │    └─ byte[] — 240 B (1 objects)
        │    │    └─ java.lang.Class[] — 40 B (1 objects)
        │    ├─ java.lang.reflect.Method — 392 B (4 objects)
        │    │    ├─ java.lang.String — 280 B (2 objects)
        │    │    │    └─ byte[] — 256 B (1 objects)
        │    │    └─ java.lang.Class[] — 24 B (1 objects)
        │    └─ java.lang.reflect.Method — 392 B (4 objects)
        │         ├─ java.lang.String — 280 B (2 objects)
        │         │    └─ byte[] — 256 B (1 objects)
        │         └─ java.lang.Class[] — 24 B (1 objects)
        ├─ java.lang.reflect.Constructor[] — 912 B (21 objects)
        │    ├─ java.lang.reflect.Constructor — 184 B (4 objects)
        │    │    ├─ java.lang.String — 80 B (2 objects)
        │    │    │    └─ byte[] — 56 B (1 objects)
        │    │    └─ java.lang.Class[] — 32 B (1 objects)
        │    ├─ java.lang.reflect.Constructor — 184 B (4 objects)
        │    │    ├─ java.lang.String — 72 B (2 objects)
        │    │    │    └─ byte[] — 48 B (1 objects)
        │    │    └─ java.lang.Class[] — 40 B (1 objects)
        │    ├─ java.lang.reflect.Constructor — 168 B (4 objects)
        │    │    ├─ java.lang.String — 64 B (2 objects)
        │    │    │    └─ byte[] — 40 B (1 objects)
        │    │    └─ java.lang.Class[] — 32 B (1 objects)
        │    ├─ java.lang.reflect.Constructor — 168 B (4 objects)
        │    │    ├─ java.lang.String — 64 B (2 objects)
        │    │    │    └─ byte[] — 40 B (1 objects)
        │    │    └─ java.lang.Class[] — 32 B (1 objects)
        │    └─ java.lang.reflect.Constructor — 168 B (4 objects)
        │         ├─ java.lang.String — 64 B (2 objects)
        │         │    └─ byte[] — 40 B (1 objects)
        │         └─ java.lang.Class[] — 32 B (1 objects)
        ├─ java.lang.reflect.Field[] — 248 B (5 objects)
        │    └─ java.lang.reflect.Field — 200 B (4 objects)
        │         └─ jdk.internal.reflect.MethodHandleLongFieldAccessorImpl — 128 B (3 objects)
        │              └─ java.lang.invoke.DirectMethodHandle$StaticAccessor — 96 B (2 objects)
        └─ java.lang.Class[] — 24 B (1 objects)

9. **java.lang.ref.SoftReference** — 28.5 KB (618 objects)
   └─ java.lang.Class$ReflectionData — 28.4 KB (617 objects)
        ├─ java.lang.reflect.Method[] — 12.5 KB (268 objects)
        │    ├─ java.lang.reflect.Method — 240 B (6 objects)
        │    │    ├─ java.lang.String — 80 B (2 objects)
        │    │    │    └─ byte[] — 56 B (1 objects)
        │    │    ├─ java.lang.Class[] — 24 B (1 objects)
        │    │    ├─ java.lang.Class[] — 24 B (1 objects)
        │    │    └─ byte[] — 24 B (1 objects)
        │    ├─ java.lang.reflect.Method — 216 B (5 objects)
        │    │    ├─ java.lang.String — 64 B (2 objects)
        │    │    │    └─ byte[] — 40 B (1 objects)
        │    │    ├─ byte[] — 40 B (1 objects)
        │    │    └─ java.lang.Class[] — 24 B (1 objects)
        │    ├─ java.lang.reflect.Method — 216 B (5 objects)
        │    │    ├─ java.lang.String — 64 B (2 objects)
        │    │    │    └─ byte[] — 40 B (1 objects)
        │    │    ├─ byte[] — 40 B (1 objects)
        │    │    └─ java.lang.Class[] — 24 B (1 objects)
        │    ├─ java.lang.reflect.Method — 200 B (5 objects)
        │    │    ├─ java.lang.String — 64 B (2 objects)
        │    │    │    └─ byte[] — 40 B (1 objects)
        │    │    ├─ java.lang.Class[] — 24 B (1 objects)
        │    │    └─ byte[] — 24 B (1 objects)
        │    ├─ java.lang.reflect.Method — 200 B (5 objects)
        │    │    ├─ java.lang.String — 64 B (2 objects)
        │    │    │    └─ byte[] — 40 B (1 objects)
        │    │    ├─ java.lang.Class[] — 24 B (1 objects)
        │    │    └─ byte[] — 24 B (1 objects)
        │    ├─ java.lang.reflect.Method — 152 B (3 objects)
        │    │    ├─ java.lang.Class[] — 40 B (1 objects)
        │    │    └─ byte[] — 24 B (1 objects)
        │    ├─ java.lang.reflect.Method — 144 B (3 objects)
        │    │    ├─ java.lang.Class[] — 32 B (1 objects)
        │    │    └─ byte[] — 24 B (1 objects)
        │    └─ java.lang.reflect.Method — 144 B (3 objects)
        │         ├─ java.lang.Class[] — 32 B (1 objects)
        │         └─ byte[] — 24 B (1 objects)
        ├─ java.lang.reflect.Method[] — 12.5 KB (268 objects)
        │    ├─ java.lang.reflect.Method — 240 B (6 objects)
        │    │    ├─ java.lang.String — 80 B (2 objects)
        │    │    │    └─ byte[] — 56 B (1 objects)
        │    │    ├─ java.lang.Class[] — 24 B (1 objects)
        │    │    ├─ java.lang.Class[] — 24 B (1 objects)
        │    │    └─ byte[] — 24 B (1 objects)
        │    ├─ java.lang.reflect.Method — 216 B (5 objects)
        │    │    ├─ java.lang.String — 64 B (2 objects)
        │    │    │    └─ byte[] — 40 B (1 objects)
        │    │    ├─ byte[] — 40 B (1 objects)
        │    │    └─ java.lang.Class[] — 24 B (1 objects)
        │    ├─ java.lang.reflect.Method — 216 B (5 objects)
        │    │    ├─ java.lang.String — 64 B (2 objects)
        │    │    │    └─ byte[] — 40 B (1 objects)
        │    │    ├─ byte[] — 40 B (1 objects)
        │    │    └─ java.lang.Class[] — 24 B (1 objects)
        │    ├─ java.lang.reflect.Method — 200 B (5 objects)
        │    │    ├─ java.lang.String — 64 B (2 objects)
        │    │    │    └─ byte[] — 40 B (1 objects)
        │    │    ├─ java.lang.Class[] — 24 B (1 objects)
        │    │    └─ byte[] — 24 B (1 objects)
        │    ├─ java.lang.reflect.Method — 200 B (5 objects)
        │    │    ├─ java.lang.String — 64 B (2 objects)
        │    │    │    └─ byte[] — 40 B (1 objects)
        │    │    ├─ java.lang.Class[] — 24 B (1 objects)
        │    │    └─ byte[] — 24 B (1 objects)
        │    ├─ java.lang.reflect.Method — 152 B (3 objects)
        │    │    ├─ java.lang.Class[] — 40 B (1 objects)
        │    │    └─ byte[] — 24 B (1 objects)
        │    ├─ java.lang.reflect.Method — 144 B (3 objects)
        │    │    ├─ java.lang.Class[] — 32 B (1 objects)
        │    │    └─ byte[] — 24 B (1 objects)
        │    └─ java.lang.reflect.Method — 144 B (3 objects)
        │         ├─ java.lang.Class[] — 32 B (1 objects)
        │         └─ byte[] — 24 B (1 objects)
        ├─ java.lang.reflect.Field[] — 3.1 KB (68 objects)
        │    ├─ java.lang.reflect.Field — 200 B (4 objects)
        │    │    └─ jdk.internal.reflect.MethodHandleObjectFieldAccessorImpl — 128 B (3 objects)
        │    │         └─ java.lang.invoke.DirectMethodHandle$StaticAccessor — 96 B (2 objects)
        │    ├─ java.lang.reflect.Field — 144 B (3 objects)
        │    │    └─ java.lang.String — 72 B (2 objects)
        │    │         └─ byte[] — 48 B (1 objects)
        │    ├─ java.lang.reflect.Field — 144 B (3 objects)
        │    │    └─ java.lang.String — 72 B (2 objects)
        │    │         └─ byte[] — 48 B (1 objects)
        │    ├─ java.lang.reflect.Field — 136 B (3 objects)
        │    │    └─ java.lang.String — 64 B (2 objects)
        │    │         └─ byte[] — 40 B (1 objects)
        │    ├─ java.lang.reflect.Field — 136 B (3 objects)
        │    │    └─ java.lang.String — 64 B (2 objects)
        │    │         └─ byte[] — 40 B (1 objects)
        │    ├─ java.lang.reflect.Field — 136 B (3 objects)
        │    │    └─ java.lang.String — 64 B (2 objects)
        │    │         └─ byte[] — 40 B (1 objects)
        │    ├─ java.lang.reflect.Field — 136 B (3 objects)
        │    │    └─ java.lang.String — 64 B (2 objects)
        │    │         └─ byte[] — 40 B (1 objects)
        │    └─ java.lang.reflect.Field — 136 B (3 objects)
        │         └─ java.lang.String — 64 B (2 objects)
        │              └─ byte[] — 40 B (1 objects)
        ├─ java.lang.String — 64 B (2 objects)
        │    └─ byte[] — 40 B (1 objects)
        ├─ java.lang.String — 64 B (2 objects)
        │    └─ byte[] — 40 B (1 objects)
        ├─ java.lang.String — 64 B (2 objects)
        │    └─ byte[] — 40 B (1 objects)
        ├─ java.lang.String — 56 B (2 objects)
        │    └─ byte[] — 32 B (1 objects)
        └─ java.lang.String — 56 B (2 objects)
             └─ byte[] — 32 B (1 objects)

10. **int[]** — 27.1 KB (1 objects)

## Allocation Sites

| Stack    | Objects | Shallow | Retained |
| -------- | ------: | ------: | -------: |
| serial 1 | 610,348 | 37.2 MB | 136.1 MB |

## Retention Concentration

_Share of the reachable heap retained by the few largest top-level dominators (a dominator's retained size is everything it keeps alive). Read it as a concentration curve: if **Top 1** is already high, one object is the leak and freeing it reclaims most of the heap; if the share only climbs as you widen to **Top 10** / **Top 100**, the leak is spread across many peers (e.g. a big cache or collection of similar objects) and no single free helps much._

| Scope             | Retained Share |
| ----------------- | -------------: |
| Top 1 object      |           8.1% |
| Top 10 objects    |          43.5% |
| Top 100 objects   |          74.9% |
| Objects each >=1% |             15 |

## Dominator-Depth Distribution

_How far each live object sits below a GC root, counted in dominator hops. Most objects clustering at shallow depths means memory is held close to the roots; a long tail means deep, chained structures (often a sign of nested collections or linked leaks)._

_Half of all live objects sit within 4 hops of a GC root; the deepest chain is 967 hops._

| Depth | Objects | % Objects | Cumulative % |
| ----: | ------: | --------: | -----------: |
|     1 |  39,316 |      7.0% |         7.0% |
|     2 |  49,546 |      8.8% |        15.8% |
|     3 | 180,629 |     32.1% |        47.9% |
|     4 |  64,415 |     11.5% |        59.4% |
|     5 |  68,837 |     12.2% |        71.6% |
|     6 |  71,300 |     12.7% |        84.3% |
|     7 |  32,783 |      5.8% |        90.1% |
|     8 |  22,702 |      4.0% |        94.2% |
|     9 |  11,196 |      2.0% |        96.1% |
|    10 |   5,278 |      0.9% |        97.1% |
|    11 |   3,544 |      0.6% |        97.7% |
|    12 |   3,006 |      0.5% |        98.3% |
|    13 |   2,187 |      0.4% |        98.6% |
|    14 |   1,774 |      0.3% |        99.0% |
|    15 |   1,227 |      0.2% |        99.2% |
|    16 |     706 |      0.1% |        99.3% |
|    17 |     502 |      0.1% |        99.4% |
|    18 |     403 |      0.1% |        99.5% |
|    19 |     288 |      0.1% |        99.5% |
|    20 |     175 |      0.0% |        99.5% |
|    21 |     142 |      0.0% |        99.6% |
|    22 |      80 |      0.0% |        99.6% |
|    23 |      61 |      0.0% |        99.6% |
|    24 |      43 |      0.0% |        99.6% |
|    25 |      29 |      0.0% |        99.6% |
|    26 |      23 |      0.0% |        99.6% |
|    27 |      19 |      0.0% |        99.6% |
|    28 |      18 |      0.0% |        99.6% |
|    29 |      15 |      0.0% |        99.6% |
|    30 |      11 |      0.0% |        99.6% |
|    31 |       9 |      0.0% |        99.6% |
|    32 |       8 |      0.0% |        99.6% |
|    33 |       8 |      0.0% |        99.6% |
|    34 |       8 |      0.0% |        99.6% |
|    35 |       7 |      0.0% |        99.6% |
|    36 |       7 |      0.0% |        99.6% |
|    37 |       6 |      0.0% |        99.6% |
|    38 |       5 |      0.0% |        99.6% |
|    39 |       5 |      0.0% |        99.6% |
|    40 |       5 |      0.0% |        99.6% |
|    41 |       5 |      0.0% |        99.6% |
|    42 |       5 |      0.0% |        99.6% |
|    43 |       5 |      0.0% |        99.6% |
|    44 |       5 |      0.0% |        99.6% |
|    45 |       5 |      0.0% |        99.6% |
|    46 |       5 |      0.0% |        99.6% |
|    47 |       5 |      0.0% |        99.6% |
|    48 |       5 |      0.0% |        99.6% |
|    49 |       5 |      0.0% |        99.6% |
|    50 |       5 |      0.0% |        99.6% |

_… (+917 deeper buckets in JSON)_

## Leak Indicators

_Scalar signals for common Java leak patterns. Non-zero values here are worth investigating._

| Indicator                         |    Value |
| --------------------------------- | -------: |
| Anonymous/generated classes       |    2,064 |
| `DirectByteBuffer` total capacity | 134.4 MB |

## Glossary

_Definitions for the terms used above._

- **Shallow size**: the memory an object occupies by itself, meaning its header
  plus its own fields (and, for an array, its elements). It does *not* include the
  objects it points to.
- **Retained heap (retained size)**: the total memory that would be freed if this
  object were garbage-collected, meaning its own shallow size plus everything
  reachable *only* through it. This is the number that answers "how much does
  freeing this actually reclaim?" and it is the basis for every percentage in this
  report. See [dominator (graph theory)](https://en.wikipedia.org/wiki/Dominator_(graph_theory)).
- **Reachable heap**: all objects the [garbage collector](https://en.wikipedia.org/wiki/Garbage_collection_(computer_science)) can still
  reach from a GC root. Anything unreachable is already collectible and is excluded
  from the totals here.
- **GC root**: an object the JVM keeps alive unconditionally, such as live thread
  stacks (local variables), static fields of loaded classes,
  [JNI](https://en.wikipedia.org/wiki/Java_Native_Interface) references, and
  similar. Every retained-size chain ends at a GC root.
- **Dominator**: object *A* dominates object *B* if every path from a GC root to
  *B* passes through *A*. In other words, if *A* were freed, *B* would become
  unreachable too. An object's retained heap is exactly the set of objects it
  dominates. See [dominator (graph theory)](https://en.wikipedia.org/wiki/Dominator_(graph_theory)).
- **Dominator tree**: the tree formed by linking each object to its immediate
  dominator. Retained sizes are computed by summing shallow sizes up this tree.
- **Top-level dominator**: an object whose immediate dominator is a GC root, so it
  sits at the top of the dominator tree. The "Biggest Objects" and "Retention
  Concentration" views rank these.
- **Dominator depth**: how many dominator-tree hops an object sits below a GC root.
  Shallow depth means most objects are held close to a root; deep depth means
  retention flows through long chains (nested collections, linked lists).
- **Accumulation point**: a single object (often a collection, cache, or map) that
  dominates a large number of instances of the *same* class, meaning where a
  [memory leak](https://en.wikipedia.org/wiki/Memory_leak) accumulates.
- **Class loader**: the JVM component that defined a class. The same class name
  loaded by two different [class loaders](https://en.wikipedia.org/wiki/Java_Classloader)
  is two distinct classes in the heap, so heap is attributed per (class, loader)
  pair.
- **Referent**: the object that a reference field points *to*. A
  [`WeakReference`](https://en.wikipedia.org/wiki/Weak_reference), for example, has
  a referent it does not keep alive.
- **Instance vs. class**: an *instance* is one object; a *class* row aggregates
  every instance of that type. "Largest" in the histogram is the shallow size of
  the single biggest instance of a class.
